

================================================================
== Vivado HLS Report for 'Loop_2_proc'
================================================================
* Date:           Thu Jul 11 17:09:27 2024

* Version:        2020.1 (Build 2897737 on Wed May 27 20:21:37 MDT 2020)
* Project:        myproject_prj
* Solution:       solution1
* Product family: zynq
* Target device:  xc7z020-clg400-1


================================================================
== Performance Estimates
================================================================
+ Timing: 
    * Summary: 
    +--------+----------+----------+------------+
    |  Clock |  Target  | Estimated| Uncertainty|
    +--------+----------+----------+------------+
    |ap_clk  | 10.00 ns | 8.552 ns |   1.25 ns  |
    +--------+----------+----------+------------+

+ Latency: 
    * Summary: 
    +---------+---------+----------+----------+-----+-----+---------+
    |  Latency (cycles) |  Latency (absolute) |  Interval | Pipeline|
    |   min   |   max   |    min   |    max   | min | max |   Type  |
    +---------+---------+----------+----------+-----+-----+---------+
    |       51|       51| 0.510 us | 0.510 us |   51|   51|   none  |
    +---------+---------+----------+----------+-----+-----+---------+

    + Detail: 
        * Instance: 
        N/A

        * Loop: 
        +----------+---------+---------+----------+-----------+-----------+------+----------+
        |          |  Latency (cycles) | Iteration|  Initiation Interval  | Trip |          |
        | Loop Name|   min   |   max   |  Latency |  achieved |   target  | Count| Pipelined|
        +----------+---------+---------+----------+-----------+-----------+------+----------+
        |- Loop 1  |       50|       50|         5|          -|          -|    10|    no    |
        +----------+---------+---------+----------+-----------+-----------+------+----------+



================================================================
== Utilization Estimates
================================================================
* Summary: 
+-----------------+---------+-------+--------+-------+-----+
|       Name      | BRAM_18K| DSP48E|   FF   |  LUT  | URAM|
+-----------------+---------+-------+--------+-------+-----+
|DSP              |        -|      -|       -|      -|    -|
|Expression       |        -|      -|      40|    880|    -|
|FIFO             |        -|      -|       -|      -|    -|
|Instance         |        -|      -|       0|     55|    -|
|Memory           |        -|      -|       -|      -|    -|
|Multiplexer      |        -|      -|       -|     65|    -|
|Register         |        -|      -|     170|      -|    -|
+-----------------+---------+-------+--------+-------+-----+
|Total            |        0|      0|     210|   1000|    0|
+-----------------+---------+-------+--------+-------+-----+
|Available        |      280|    220|  106400|  53200|    0|
+-----------------+---------+-------+--------+-------+-----+
|Utilization (%)  |        0|      0|   ~0   |      1|    0|
+-----------------+---------+-------+--------+-------+-----+

+ Detail: 
    * Instance: 
    +------------------------------------+------------------------------+---------+-------+---+----+-----+
    |              Instance              |            Module            | BRAM_18K| DSP48E| FF| LUT| URAM|
    +------------------------------------+------------------------------+---------+-------+---+----+-----+
    |myproject_axi_mux_104_14_1_1_U2944  |myproject_axi_mux_104_14_1_1  |        0|      0|  0|  55|    0|
    +------------------------------------+------------------------------+---------+-------+---+----+-----+
    |Total                               |                              |        0|      0|  0|  55|    0|
    +------------------------------------+------------------------------+---------+-------+---+----+-----+

    * DSP48E: 
    N/A

    * Memory: 
    N/A

    * FIFO: 
    N/A

    * Expression: 
    +------------------------+----------+-------+----+-----+------------+------------+
    |      Variable Name     | Operation| DSP48E| FF | LUT | Bitwidth P0| Bitwidth P1|
    +------------------------+----------+-------+----+-----+------------+------------+
    |add_ln949_fu_396_p2     |     +    |      0|   0|   19|           6|          14|
    |add_ln958_fu_441_p2     |     +    |      0|   0|   39|           6|          32|
    |add_ln964_fu_520_p2     |     +    |      0|   0|    8|           8|           8|
    |j_fu_213_p2             |     +    |      0|   0|   13|           4|           1|
    |lsb_index_fu_323_p2     |     +    |      0|   0|   39|           6|          32|
    |m_2_fu_481_p2           |     +    |      0|   0|   71|          64|          64|
    |sub_ln944_fu_314_p2     |     -    |      0|   0|   39|           4|          32|
    |sub_ln947_fu_349_p2     |     -    |      0|   0|   13|           3|           4|
    |sub_ln958_fu_456_p2     |     -    |      0|   0|   39|           5|          32|
    |sub_ln964_fu_515_p2     |     -    |      0|   0|    8|           3|           8|
    |tmp_V_fu_270_p2         |     -    |      0|   0|   19|           1|          14|
    |a_fu_376_p2             |    and   |      0|   0|    2|           1|           1|
    |and_ln949_fu_409_p2     |    and   |      0|   0|    2|           1|           1|
    |last_fu_225_p2          |    and   |      0|   0|    2|           1|           1|
    |p_Result_4_fu_365_p2    |    and   |      0|   0|   14|          14|          14|
    |l_fu_302_p3             |   cttz   |      0|  40|   36|          32|           0|
    |icmp_ln31_fu_207_p2     |   icmp   |      0|   0|    9|           4|           4|
    |icmp_ln32_fu_219_p2     |   icmp   |      0|   0|    9|           4|           4|
    |icmp_ln935_fu_256_p2    |   icmp   |      0|   0|   13|          14|           1|
    |icmp_ln947_1_fu_370_p2  |   icmp   |      0|   0|   13|          14|           1|
    |icmp_ln947_fu_339_p2    |   icmp   |      0|   0|   18|          31|           1|
    |icmp_ln958_fu_429_p2    |   icmp   |      0|   0|   18|          32|           1|
    |lshr_ln947_fu_359_p2    |   lshr   |      0|   0|   31|           2|          14|
    |lshr_ln958_fu_446_p2    |   lshr   |      0|   0|  101|          32|          32|
    |ap_block_state1         |    or    |      0|   0|    2|           1|           1|
    |or_ln949_fu_415_p2      |    or    |      0|   0|    2|           1|           1|
    |m_1_fu_471_p3           |  select  |      0|   0|   64|           1|          64|
    |out_r_TDATA_int         |  select  |      0|   0|   32|           1|           1|
    |select_ln964_fu_508_p3  |  select  |      0|   0|    7|           1|           7|
    |tmp_V_4_fu_276_p3       |  select  |      0|   0|   14|           1|          14|
    |shl_ln958_fu_465_p2     |    shl   |      0|   0|  182|          64|          64|
    |xor_ln949_fu_390_p2     |    xor   |      0|   0|    2|           1|           2|
    +------------------------+----------+-------+----+-----+------------+------------+
    |Total                   |          |      0|  40|  880|         363|         470|
    +------------------------+----------+-------+----+-----+------------+------------+

    * Multiplexer: 
    +-------------------+----+-----------+-----+-----------+
    |        Name       | LUT| Input Size| Bits| Total Bits|
    +-------------------+----+-----------+-----+-----------+
    |ap_NS_fsm          |  38|          7|    1|          7|
    |ap_done            |   9|          2|    1|          2|
    |j3_0_i_reg_196     |   9|          2|    4|          8|
    |out_r_TDATA_blk_n  |   9|          2|    1|          2|
    +-------------------+----+-----------+-----+-----------+
    |Total              |  65|         13|    7|         19|
    +-------------------+----+-----------+-----+-----------+

    * Register: 
    +---------------------+----+----+-----+-----------+
    |         Name        | FF | LUT| Bits| Const Bits|
    +---------------------+----+----+-----+-----------+
    |ap_CS_fsm            |   6|   0|    6|          0|
    |ap_done_reg          |   1|   0|    1|          0|
    |icmp_ln935_reg_579   |   1|   0|    1|          0|
    |icmp_ln958_reg_618   |   1|   0|    1|          0|
    |j3_0_i_reg_196       |   4|   0|    4|          0|
    |j_reg_569            |   4|   0|    4|          0|
    |l_reg_597            |  32|   0|   32|          0|
    |last_reg_574         |   1|   0|    1|          0|
    |m_5_reg_623          |  63|   0|   63|          0|
    |or_ln_i_reg_613      |   1|   0|   32|         31|
    |p_Result_6_reg_584   |   1|   0|    1|          0|
    |sub_ln944_reg_607    |  32|   0|   32|          0|
    |tmp_390_reg_628      |   1|   0|    1|          0|
    |tmp_V_4_reg_589      |  14|   0|   14|          0|
    |trunc_ln943_reg_602  |   8|   0|    8|          0|
    +---------------------+----+----+-----+-----------+
    |Total                | 170|   0|  201|         31|
    +---------------------+----+----+-----+-----------+



================================================================
== Interface
================================================================
* Summary: 
+--------------+-----+-----+------------+--------------+--------------+
|   RTL Ports  | Dir | Bits|  Protocol  | Source Object|    C Type    |
+--------------+-----+-----+------------+--------------+--------------+
|ap_clk        |  in |    1| ap_ctrl_hs |  Loop_2_proc | return value |
|ap_rst        |  in |    1| ap_ctrl_hs |  Loop_2_proc | return value |
|ap_start      |  in |    1| ap_ctrl_hs |  Loop_2_proc | return value |
|ap_done       | out |    1| ap_ctrl_hs |  Loop_2_proc | return value |
|ap_continue   |  in |    1| ap_ctrl_hs |  Loop_2_proc | return value |
|ap_idle       | out |    1| ap_ctrl_hs |  Loop_2_proc | return value |
|ap_ready      | out |    1| ap_ctrl_hs |  Loop_2_proc | return value |
|out_r_TDATA   | out |   32|    axis    |   out_data   |    pointer   |
|out_r_TVALID  | out |    1|    axis    |  out_last_V  |    pointer   |
|out_r_TREADY  |  in |    1|    axis    |  out_last_V  |    pointer   |
|out_r_TLAST   | out |    1|    axis    |  out_last_V  |    pointer   |
|p_read        |  in |    1|   ap_none  |    p_read    |    scalar    |
|tmp_data_V_0  |  in |   14|   ap_none  | tmp_data_V_0 |    pointer   |
|tmp_data_V_1  |  in |   14|   ap_none  | tmp_data_V_1 |    pointer   |
|tmp_data_V_2  |  in |   14|   ap_none  | tmp_data_V_2 |    pointer   |
|tmp_data_V_3  |  in |   14|   ap_none  | tmp_data_V_3 |    pointer   |
|tmp_data_V_4  |  in |   14|   ap_none  | tmp_data_V_4 |    pointer   |
|tmp_data_V_5  |  in |   14|   ap_none  | tmp_data_V_5 |    pointer   |
|tmp_data_V_6  |  in |   14|   ap_none  | tmp_data_V_6 |    pointer   |
|tmp_data_V_7  |  in |   14|   ap_none  | tmp_data_V_7 |    pointer   |
|tmp_data_V_8  |  in |   14|   ap_none  | tmp_data_V_8 |    pointer   |
|tmp_data_V_9  |  in |   14|   ap_none  | tmp_data_V_9 |    pointer   |
+--------------+-----+-----+------------+--------------+--------------+

