

================================================================
== Vivado HLS Report for 'myproject'
================================================================
* Date:           Thu Jul 11 17:09:18 2024

* Version:        2020.1 (Build 2897737 on Wed May 27 20:21:37 MDT 2020)
* Project:        myproject_prj
* Solution:       solution1
* Product family: zynq
* Target device:  xc7z020-clg400-1


================================================================
== Performance Estimates
================================================================
+ Timing: 
    * Summary: 
    +--------+----------+----------+------------+
    |  Clock |  Target  | Estimated| Uncertainty|
    +--------+----------+----------+------------+
    |ap_clk  | 10.00 ns | 7.751 ns |   1.25 ns  |
    +--------+----------+----------+------------+

+ Latency: 
    * Summary: 
    +---------+---------+----------+----------+-------+--------+----------+
    |  Latency (cycles) |  Latency (absolute) |    Interval    | Pipeline |
    |   min   |   max   |    min   |    max   |  min  |   max  |   Type   |
    +---------+---------+----------+----------+-------+--------+----------+
    |   979911|   979911| 9.799 ms | 9.799 ms |  41032|  958001| dataflow |
    +---------+---------+----------+----------+-------+--------+----------+

    + Detail: 
        * Instance: 
        +------------------------------------------------------------------------+-----------------------------------------------------------------------+---------+---------+----------+----------+-------+--------+----------+
        |                                                                        |                                                                       |  Latency (cycles) |  Latency (absolute) |    Interval    | Pipeline |
        |                                Instance                                |                                 Module                                |   min   |   max   |    min   |    max   |  min  |   max  |   Type   |
        +------------------------------------------------------------------------+-----------------------------------------------------------------------+---------+---------+----------+----------+-------+--------+----------+
        |dense_array_ap_fixed_32u_array_ap_fixed_14_8_5_3_0_10u_config12_U0      |dense_array_ap_fixed_32u_array_ap_fixed_14_8_5_3_0_10u_config12_s      |    41031|    41031| 0.410 ms | 0.410 ms |  41031|   41031|   none   |
        |conv_2d_cl_array_ap_fixed_32u_array_ap_fixed_14_8_5_3_0_32u_config5_U0  |conv_2d_cl_array_ap_fixed_32u_array_ap_fixed_14_8_5_3_0_32u_config5_s  |    36200|   958000| 0.362 ms | 9.580 ms |  36200|  958000|   none   |
        |conv_2d_cl_array_ap_fixed_32u_array_ap_fixed_14_8_5_3_0_32u_config8_U0  |conv_2d_cl_array_ap_fixed_32u_array_ap_fixed_14_8_5_3_0_32u_config8_s  |    36200|   958000| 0.362 ms | 9.580 ms |  36200|  958000|   none   |
        |relu_array_ap_fixed_32u_array_ap_fixed_8_4_0_0_0_32u_relu_config4_U0    |relu_array_ap_fixed_32u_array_ap_fixed_8_4_0_0_0_32u_relu_config4_s    |       67|       67| 0.670 us | 0.670 us |     67|      67|   none   |
        |relu_array_ap_fixed_32u_array_ap_fixed_8_4_0_0_0_32u_relu_config7_U0    |relu_array_ap_fixed_32u_array_ap_fixed_8_4_0_0_0_32u_relu_config7_s    |       67|       67| 0.670 us | 0.670 us |     67|      67|   none   |
        |relu_array_ap_fixed_32u_array_ap_fixed_8_4_0_0_0_32u_relu_config10_U0   |relu_array_ap_fixed_32u_array_ap_fixed_8_4_0_0_0_32u_relu_config10_s   |       67|       67| 0.670 us | 0.670 us |     67|      67|   none   |
        |conv_2d_cl_array_ap_ufixed_3u_array_ap_fixed_14_8_5_3_0_32u_config2_U0  |conv_2d_cl_array_ap_ufixed_3u_array_ap_fixed_14_8_5_3_0_32u_config2_s  |    28672|   915456| 0.287 ms | 9.155 ms |  28672|  915456|   none   |
        |zeropad2d_cl_array_array_ap_fixed_8_4_0_0_0_32u_config14_U0             |zeropad2d_cl_array_array_ap_fixed_8_4_0_0_0_32u_config14_s             |      103|      103| 1.030 us | 1.030 us |    103|     103|   none   |
        |zeropad2d_cl_array_array_ap_fixed_8_4_0_0_0_32u_config15_U0             |zeropad2d_cl_array_array_ap_fixed_8_4_0_0_0_32u_config15_s             |      103|      103| 1.030 us | 1.030 us |    103|     103|   none   |
        |linear_array_array_ap_fixed_14_6_5_3_0_10u_linear_config13_U0           |linear_array_array_ap_fixed_14_6_5_3_0_10u_linear_config13_s           |        0|        0|   0 ns   |   0 ns   |      1|       1| function |
        +------------------------------------------------------------------------+-----------------------------------------------------------------------+---------+---------+----------+----------+-------+--------+----------+

        * Loop: 
        N/A



================================================================
== Utilization Estimates
================================================================
* Summary: 
+-----------------+---------+-------+--------+-------+-----+
|       Name      | BRAM_18K| DSP48E|   FF   |  LUT  | URAM|
+-----------------+---------+-------+--------+-------+-----+
|DSP              |        -|      -|       -|      -|    -|
|Expression       |        -|      -|       0|      2|    -|
|FIFO             |      160|      -|    6354|  11940|    -|
|Instance         |      101|      0|   38466|  31167|    0|
|Memory           |        -|      -|       -|      -|    -|
|Multiplexer      |        -|      -|       -|      9|    -|
|Register         |        -|      -|       1|      -|    -|
+-----------------+---------+-------+--------+-------+-----+
|Total            |      261|      0|   44821|  43118|    0|
+-----------------+---------+-------+--------+-------+-----+
|Available        |      280|    220|  106400|  53200|    0|
+-----------------+---------+-------+--------+-------+-----+
|Utilization (%)  |       93|      0|      42|     81|    0|
+-----------------+---------+-------+--------+-------+-----+

+ Detail: 
    * Instance: 
    +------------------------------------------------------------------------+-----------------------------------------------------------------------+---------+-------+-------+------+-----+
    |                                Instance                                |                                 Module                                | BRAM_18K| DSP48E|   FF  |  LUT | URAM|
    +------------------------------------------------------------------------+-----------------------------------------------------------------------+---------+-------+-------+------+-----+
    |conv_2d_cl_array_ap_fixed_32u_array_ap_fixed_14_8_5_3_0_32u_config5_U0  |conv_2d_cl_array_ap_fixed_32u_array_ap_fixed_14_8_5_3_0_32u_config5_s  |       12|      0|   9312|  6724|    0|
    |conv_2d_cl_array_ap_fixed_32u_array_ap_fixed_14_8_5_3_0_32u_config8_U0  |conv_2d_cl_array_ap_fixed_32u_array_ap_fixed_14_8_5_3_0_32u_config8_s  |        9|      0|   9309|  6724|    0|
    |conv_2d_cl_array_ap_ufixed_3u_array_ap_fixed_14_8_5_3_0_32u_config2_U0  |conv_2d_cl_array_ap_ufixed_3u_array_ap_fixed_14_8_5_3_0_32u_config2_s  |        2|      0|   2066|  3181|    0|
    |dense_array_ap_fixed_32u_array_ap_fixed_14_8_5_3_0_10u_config12_U0      |dense_array_ap_fixed_32u_array_ap_fixed_14_8_5_3_0_10u_config12_s      |       78|      0|  17000|  1633|    0|
    |linear_array_array_ap_fixed_14_6_5_3_0_10u_linear_config13_U0           |linear_array_array_ap_fixed_14_6_5_3_0_10u_linear_config13_s           |        0|      0|      2|   195|    0|
    |relu_array_ap_fixed_32u_array_ap_fixed_8_4_0_0_0_32u_relu_config10_U0   |relu_array_ap_fixed_32u_array_ap_fixed_8_4_0_0_0_32u_relu_config10_s   |        0|      0|    241|  3404|    0|
    |relu_array_ap_fixed_32u_array_ap_fixed_8_4_0_0_0_32u_relu_config4_U0    |relu_array_ap_fixed_32u_array_ap_fixed_8_4_0_0_0_32u_relu_config4_s    |        0|      0|    241|  3404|    0|
    |relu_array_ap_fixed_32u_array_ap_fixed_8_4_0_0_0_32u_relu_config7_U0    |relu_array_ap_fixed_32u_array_ap_fixed_8_4_0_0_0_32u_relu_config7_s    |        0|      0|    241|  3404|    0|
    |zeropad2d_cl_array_array_ap_fixed_8_4_0_0_0_32u_config14_U0             |zeropad2d_cl_array_array_ap_fixed_8_4_0_0_0_32u_config14_s             |        0|      0|     27|  1249|    0|
    |zeropad2d_cl_array_array_ap_fixed_8_4_0_0_0_32u_config15_U0             |zeropad2d_cl_array_array_ap_fixed_8_4_0_0_0_32u_config15_s             |        0|      0|     27|  1249|    0|
    +------------------------------------------------------------------------+-----------------------------------------------------------------------+---------+-------+-------+------+-----+
    |Total                                                                   |                                                                       |      101|      0|  38466| 31167|    0|
    +------------------------------------------------------------------------+-----------------------------------------------------------------------+---------+-------+-------+------+-----+

    * DSP48E: 
    N/A

    * Memory: 
    N/A

    * FIFO: 
    +---------------------------+---------+----+----+-----+------+-----+---------+
    |            Name           | BRAM_18K| FF | LUT| URAM| Depth| Bits| Size:D*B|
    +---------------------------+---------+----+----+-----+------+-----+---------+
    |layer10_out_V_data_0_V_U   |        0|   9|   0|    -|    64|    8|      512|
    |layer10_out_V_data_10_V_U  |        0|   9|   0|    -|    64|    8|      512|
    |layer10_out_V_data_11_V_U  |        0|   9|   0|    -|    64|    8|      512|
    |layer10_out_V_data_12_V_U  |        0|   9|   0|    -|    64|    8|      512|
    |layer10_out_V_data_13_V_U  |        0|   9|   0|    -|    64|    8|      512|
    |layer10_out_V_data_14_V_U  |        0|   9|   0|    -|    64|    8|      512|
    |layer10_out_V_data_15_V_U  |        0|   9|   0|    -|    64|    8|      512|
    |layer10_out_V_data_16_V_U  |        0|   9|   0|    -|    64|    8|      512|
    |layer10_out_V_data_17_V_U  |        0|   9|   0|    -|    64|    8|      512|
    |layer10_out_V_data_18_V_U  |        0|   9|   0|    -|    64|    8|      512|
    |layer10_out_V_data_19_V_U  |        0|   9|   0|    -|    64|    8|      512|
    |layer10_out_V_data_1_V_U   |        0|   9|   0|    -|    64|    8|      512|
    |layer10_out_V_data_20_V_U  |        0|   9|   0|    -|    64|    8|      512|
    |layer10_out_V_data_21_V_U  |        0|   9|   0|    -|    64|    8|      512|
    |layer10_out_V_data_22_V_U  |        0|   9|   0|    -|    64|    8|      512|
    |layer10_out_V_data_23_V_U  |        0|   9|   0|    -|    64|    8|      512|
    |layer10_out_V_data_24_V_U  |        0|   9|   0|    -|    64|    8|      512|
    |layer10_out_V_data_25_V_U  |        0|   9|   0|    -|    64|    8|      512|
    |layer10_out_V_data_26_V_U  |        0|   9|   0|    -|    64|    8|      512|
    |layer10_out_V_data_27_V_U  |        0|   9|   0|    -|    64|    8|      512|
    |layer10_out_V_data_28_V_U  |        0|   9|   0|    -|    64|    8|      512|
    |layer10_out_V_data_29_V_U  |        0|   9|   0|    -|    64|    8|      512|
    |layer10_out_V_data_2_V_U   |        0|   9|   0|    -|    64|    8|      512|
    |layer10_out_V_data_30_V_U  |        0|   9|   0|    -|    64|    8|      512|
    |layer10_out_V_data_31_V_U  |        0|   9|   0|    -|    64|    8|      512|
    |layer10_out_V_data_3_V_U   |        0|   9|   0|    -|    64|    8|      512|
    |layer10_out_V_data_4_V_U   |        0|   9|   0|    -|    64|    8|      512|
    |layer10_out_V_data_5_V_U   |        0|   9|   0|    -|    64|    8|      512|
    |layer10_out_V_data_6_V_U   |        0|   9|   0|    -|    64|    8|      512|
    |layer10_out_V_data_7_V_U   |        0|   9|   0|    -|    64|    8|      512|
    |layer10_out_V_data_8_V_U   |        0|   9|   0|    -|    64|    8|      512|
    |layer10_out_V_data_9_V_U   |        0|   9|   0|    -|    64|    8|      512|
    |layer12_out_V_data_0_V_U   |        0|   5|   0|    -|     1|   14|       14|
    |layer12_out_V_data_1_V_U   |        0|   5|   0|    -|     1|   14|       14|
    |layer12_out_V_data_2_V_U   |        0|   5|   0|    -|     1|   14|       14|
    |layer12_out_V_data_3_V_U   |        0|   5|   0|    -|     1|   14|       14|
    |layer12_out_V_data_4_V_U   |        0|   5|   0|    -|     1|   14|       14|
    |layer12_out_V_data_5_V_U   |        0|   5|   0|    -|     1|   14|       14|
    |layer12_out_V_data_6_V_U   |        0|   5|   0|    -|     1|   14|       14|
    |layer12_out_V_data_7_V_U   |        0|   5|   0|    -|     1|   14|       14|
    |layer12_out_V_data_8_V_U   |        0|   5|   0|    -|     1|   14|       14|
    |layer12_out_V_data_9_V_U   |        0|   5|   0|    -|     1|   14|       14|
    |layer14_out_V_data_0_V_U   |        1|  31|   0|    -|   100|    8|      800|
    |layer14_out_V_data_10_V_U  |        1|  31|   0|    -|   100|    8|      800|
    |layer14_out_V_data_11_V_U  |        1|  31|   0|    -|   100|    8|      800|
    |layer14_out_V_data_12_V_U  |        1|  31|   0|    -|   100|    8|      800|
    |layer14_out_V_data_13_V_U  |        1|  31|   0|    -|   100|    8|      800|
    |layer14_out_V_data_14_V_U  |        1|  31|   0|    -|   100|    8|      800|
    |layer14_out_V_data_15_V_U  |        1|  31|   0|    -|   100|    8|      800|
    |layer14_out_V_data_16_V_U  |        1|  31|   0|    -|   100|    8|      800|
    |layer14_out_V_data_17_V_U  |        1|  31|   0|    -|   100|    8|      800|
    |layer14_out_V_data_18_V_U  |        1|  31|   0|    -|   100|    8|      800|
    |layer14_out_V_data_19_V_U  |        1|  31|   0|    -|   100|    8|      800|
    |layer14_out_V_data_1_V_U   |        1|  31|   0|    -|   100|    8|      800|
    |layer14_out_V_data_20_V_U  |        1|  31|   0|    -|   100|    8|      800|
    |layer14_out_V_data_21_V_U  |        1|  31|   0|    -|   100|    8|      800|
    |layer14_out_V_data_22_V_U  |        1|  31|   0|    -|   100|    8|      800|
    |layer14_out_V_data_23_V_U  |        1|  31|   0|    -|   100|    8|      800|
    |layer14_out_V_data_24_V_U  |        1|  31|   0|    -|   100|    8|      800|
    |layer14_out_V_data_25_V_U  |        1|  31|   0|    -|   100|    8|      800|
    |layer14_out_V_data_26_V_U  |        1|  31|   0|    -|   100|    8|      800|
    |layer14_out_V_data_27_V_U  |        1|  31|   0|    -|   100|    8|      800|
    |layer14_out_V_data_28_V_U  |        1|  31|   0|    -|   100|    8|      800|
    |layer14_out_V_data_29_V_U  |        1|  31|   0|    -|   100|    8|      800|
    |layer14_out_V_data_2_V_U   |        1|  31|   0|    -|   100|    8|      800|
    |layer14_out_V_data_30_V_U  |        1|  31|   0|    -|   100|    8|      800|
    |layer14_out_V_data_31_V_U  |        1|  31|   0|    -|   100|    8|      800|
    |layer14_out_V_data_3_V_U   |        1|  31|   0|    -|   100|    8|      800|
    |layer14_out_V_data_4_V_U   |        1|  31|   0|    -|   100|    8|      800|
    |layer14_out_V_data_5_V_U   |        1|  31|   0|    -|   100|    8|      800|
    |layer14_out_V_data_6_V_U   |        1|  31|   0|    -|   100|    8|      800|
    |layer14_out_V_data_7_V_U   |        1|  31|   0|    -|   100|    8|      800|
    |layer14_out_V_data_8_V_U   |        1|  31|   0|    -|   100|    8|      800|
    |layer14_out_V_data_9_V_U   |        1|  31|   0|    -|   100|    8|      800|
    |layer15_out_V_data_0_V_U   |        1|  31|   0|    -|   100|    8|      800|
    |layer15_out_V_data_10_V_U  |        1|  31|   0|    -|   100|    8|      800|
    |layer15_out_V_data_11_V_U  |        1|  31|   0|    -|   100|    8|      800|
    |layer15_out_V_data_12_V_U  |        1|  31|   0|    -|   100|    8|      800|
    |layer15_out_V_data_13_V_U  |        1|  31|   0|    -|   100|    8|      800|
    |layer15_out_V_data_14_V_U  |        1|  31|   0|    -|   100|    8|      800|
    |layer15_out_V_data_15_V_U  |        1|  31|   0|    -|   100|    8|      800|
    |layer15_out_V_data_16_V_U  |        1|  31|   0|    -|   100|    8|      800|
    |layer15_out_V_data_17_V_U  |        1|  31|   0|    -|   100|    8|      800|
    |layer15_out_V_data_18_V_U  |        1|  31|   0|    -|   100|    8|      800|
    |layer15_out_V_data_19_V_U  |        1|  31|   0|    -|   100|    8|      800|
    |layer15_out_V_data_1_V_U   |        1|  31|   0|    -|   100|    8|      800|
    |layer15_out_V_data_20_V_U  |        1|  31|   0|    -|   100|    8|      800|
    |layer15_out_V_data_21_V_U  |        1|  31|   0|    -|   100|    8|      800|
    |layer15_out_V_data_22_V_U  |        1|  31|   0|    -|   100|    8|      800|
    |layer15_out_V_data_23_V_U  |        1|  31|   0|    -|   100|    8|      800|
    |layer15_out_V_data_24_V_U  |        1|  31|   0|    -|   100|    8|      800|
    |layer15_out_V_data_25_V_U  |        1|  31|   0|    -|   100|    8|      800|
    |layer15_out_V_data_26_V_U  |        1|  31|   0|    -|   100|    8|      800|
    |layer15_out_V_data_27_V_U  |        1|  31|   0|    -|   100|    8|      800|
    |layer15_out_V_data_28_V_U  |        1|  31|   0|    -|   100|    8|      800|
    |layer15_out_V_data_29_V_U  |        1|  31|   0|    -|   100|    8|      800|
    |layer15_out_V_data_2_V_U   |        1|  31|   0|    -|   100|    8|      800|
    |layer15_out_V_data_30_V_U  |        1|  31|   0|    -|   100|    8|      800|
    |layer15_out_V_data_31_V_U  |        1|  31|   0|    -|   100|    8|      800|
    |layer15_out_V_data_3_V_U   |        1|  31|   0|    -|   100|    8|      800|
    |layer15_out_V_data_4_V_U   |        1|  31|   0|    -|   100|    8|      800|
    |layer15_out_V_data_5_V_U   |        1|  31|   0|    -|   100|    8|      800|
    |layer15_out_V_data_6_V_U   |        1|  31|   0|    -|   100|    8|      800|
    |layer15_out_V_data_7_V_U   |        1|  31|   0|    -|   100|    8|      800|
    |layer15_out_V_data_8_V_U   |        1|  31|   0|    -|   100|    8|      800|
    |layer15_out_V_data_9_V_U   |        1|  31|   0|    -|   100|    8|      800|
    |layer2_out_V_data_0_V_U    |        1|  36|   0|    -|    64|   14|      896|
    |layer2_out_V_data_10_V_U   |        1|  36|   0|    -|    64|   14|      896|
    |layer2_out_V_data_11_V_U   |        1|  36|   0|    -|    64|   14|      896|
    |layer2_out_V_data_12_V_U   |        1|  36|   0|    -|    64|   14|      896|
    |layer2_out_V_data_13_V_U   |        1|  36|   0|    -|    64|   14|      896|
    |layer2_out_V_data_14_V_U   |        1|  36|   0|    -|    64|   14|      896|
    |layer2_out_V_data_15_V_U   |        1|  36|   0|    -|    64|   14|      896|
    |layer2_out_V_data_16_V_U   |        1|  36|   0|    -|    64|   14|      896|
    |layer2_out_V_data_17_V_U   |        1|  36|   0|    -|    64|   14|      896|
    |layer2_out_V_data_18_V_U   |        1|  36|   0|    -|    64|   14|      896|
    |layer2_out_V_data_19_V_U   |        1|  36|   0|    -|    64|   14|      896|
    |layer2_out_V_data_1_V_U    |        1|  36|   0|    -|    64|   14|      896|
    |layer2_out_V_data_20_V_U   |        1|  36|   0|    -|    64|   14|      896|
    |layer2_out_V_data_21_V_U   |        1|  36|   0|    -|    64|   14|      896|
    |layer2_out_V_data_22_V_U   |        1|  36|   0|    -|    64|   14|      896|
    |layer2_out_V_data_23_V_U   |        1|  36|   0|    -|    64|   14|      896|
    |layer2_out_V_data_24_V_U   |        1|  36|   0|    -|    64|   14|      896|
    |layer2_out_V_data_25_V_U   |        1|  36|   0|    -|    64|   14|      896|
    |layer2_out_V_data_26_V_U   |        1|  36|   0|    -|    64|   14|      896|
    |layer2_out_V_data_27_V_U   |        1|  36|   0|    -|    64|   14|      896|
    |layer2_out_V_data_28_V_U   |        1|  36|   0|    -|    64|   14|      896|
    |layer2_out_V_data_29_V_U   |        1|  36|   0|    -|    64|   14|      896|
    |layer2_out_V_data_2_V_U    |        1|  36|   0|    -|    64|   14|      896|
    |layer2_out_V_data_30_V_U   |        1|  36|   0|    -|    64|   14|      896|
    |layer2_out_V_data_31_V_U   |        1|  36|   0|    -|    64|   14|      896|
    |layer2_out_V_data_3_V_U    |        1|  36|   0|    -|    64|   14|      896|
    |layer2_out_V_data_4_V_U    |        1|  36|   0|    -|    64|   14|      896|
    |layer2_out_V_data_5_V_U    |        1|  36|   0|    -|    64|   14|      896|
    |layer2_out_V_data_6_V_U    |        1|  36|   0|    -|    64|   14|      896|
    |layer2_out_V_data_7_V_U    |        1|  36|   0|    -|    64|   14|      896|
    |layer2_out_V_data_8_V_U    |        1|  36|   0|    -|    64|   14|      896|
    |layer2_out_V_data_9_V_U    |        1|  36|   0|    -|    64|   14|      896|
    |layer4_out_V_data_0_V_U    |        0|   9|   0|    -|    64|    8|      512|
    |layer4_out_V_data_10_V_U   |        0|   9|   0|    -|    64|    8|      512|
    |layer4_out_V_data_11_V_U   |        0|   9|   0|    -|    64|    8|      512|
    |layer4_out_V_data_12_V_U   |        0|   9|   0|    -|    64|    8|      512|
    |layer4_out_V_data_13_V_U   |        0|   9|   0|    -|    64|    8|      512|
    |layer4_out_V_data_14_V_U   |        0|   9|   0|    -|    64|    8|      512|
    |layer4_out_V_data_15_V_U   |        0|   9|   0|    -|    64|    8|      512|
    |layer4_out_V_data_16_V_U   |        0|   9|   0|    -|    64|    8|      512|
    |layer4_out_V_data_17_V_U   |        0|   9|   0|    -|    64|    8|      512|
    |layer4_out_V_data_18_V_U   |        0|   9|   0|    -|    64|    8|      512|
    |layer4_out_V_data_19_V_U   |        0|   9|   0|    -|    64|    8|      512|
    |layer4_out_V_data_1_V_U    |        0|   9|   0|    -|    64|    8|      512|
    |layer4_out_V_data_20_V_U   |        0|   9|   0|    -|    64|    8|      512|
    |layer4_out_V_data_21_V_U   |        0|   9|   0|    -|    64|    8|      512|
    |layer4_out_V_data_22_V_U   |        0|   9|   0|    -|    64|    8|      512|
    |layer4_out_V_data_23_V_U   |        0|   9|   0|    -|    64|    8|      512|
    |layer4_out_V_data_24_V_U   |        0|   9|   0|    -|    64|    8|      512|
    |layer4_out_V_data_25_V_U   |        0|   9|   0|    -|    64|    8|      512|
    |layer4_out_V_data_26_V_U   |        0|   9|   0|    -|    64|    8|      512|
    |layer4_out_V_data_27_V_U   |        0|   9|   0|    -|    64|    8|      512|
    |layer4_out_V_data_28_V_U   |        0|   9|   0|    -|    64|    8|      512|
    |layer4_out_V_data_29_V_U   |        0|   9|   0|    -|    64|    8|      512|
    |layer4_out_V_data_2_V_U    |        0|   9|   0|    -|    64|    8|      512|
    |layer4_out_V_data_30_V_U   |        0|   9|   0|    -|    64|    8|      512|
    |layer4_out_V_data_31_V_U   |        0|   9|   0|    -|    64|    8|      512|
    |layer4_out_V_data_3_V_U    |        0|   9|   0|    -|    64|    8|      512|
    |layer4_out_V_data_4_V_U    |        0|   9|   0|    -|    64|    8|      512|
    |layer4_out_V_data_5_V_U    |        0|   9|   0|    -|    64|    8|      512|
    |layer4_out_V_data_6_V_U    |        0|   9|   0|    -|    64|    8|      512|
    |layer4_out_V_data_7_V_U    |        0|   9|   0|    -|    64|    8|      512|
    |layer4_out_V_data_8_V_U    |        0|   9|   0|    -|    64|    8|      512|
    |layer4_out_V_data_9_V_U    |        0|   9|   0|    -|    64|    8|      512|
    |layer5_out_V_data_0_V_U    |        1|  36|   0|    -|    64|   14|      896|
    |layer5_out_V_data_10_V_U   |        1|  36|   0|    -|    64|   14|      896|
    |layer5_out_V_data_11_V_U   |        1|  36|   0|    -|    64|   14|      896|
    |layer5_out_V_data_12_V_U   |        1|  36|   0|    -|    64|   14|      896|
    |layer5_out_V_data_13_V_U   |        1|  36|   0|    -|    64|   14|      896|
    |layer5_out_V_data_14_V_U   |        1|  36|   0|    -|    64|   14|      896|
    |layer5_out_V_data_15_V_U   |        1|  36|   0|    -|    64|   14|      896|
    |layer5_out_V_data_16_V_U   |        1|  36|   0|    -|    64|   14|      896|
    |layer5_out_V_data_17_V_U   |        1|  36|   0|    -|    64|   14|      896|
    |layer5_out_V_data_18_V_U   |        1|  36|   0|    -|    64|   14|      896|
    |layer5_out_V_data_19_V_U   |        1|  36|   0|    -|    64|   14|      896|
    |layer5_out_V_data_1_V_U    |        1|  36|   0|    -|    64|   14|      896|
    |layer5_out_V_data_20_V_U   |        1|  36|   0|    -|    64|   14|      896|
    |layer5_out_V_data_21_V_U   |        1|  36|   0|    -|    64|   14|      896|
    |layer5_out_V_data_22_V_U   |        1|  36|   0|    -|    64|   14|      896|
    |layer5_out_V_data_23_V_U   |        1|  36|   0|    -|    64|   14|      896|
    |layer5_out_V_data_24_V_U   |        1|  36|   0|    -|    64|   14|      896|
    |layer5_out_V_data_25_V_U   |        1|  36|   0|    -|    64|   14|      896|
    |layer5_out_V_data_26_V_U   |        1|  36|   0|    -|    64|   14|      896|
    |layer5_out_V_data_27_V_U   |        1|  36|   0|    -|    64|   14|      896|
    |layer5_out_V_data_28_V_U   |        1|  36|   0|    -|    64|   14|      896|
    |layer5_out_V_data_29_V_U   |        1|  36|   0|    -|    64|   14|      896|
    |layer5_out_V_data_2_V_U    |        1|  36|   0|    -|    64|   14|      896|
    |layer5_out_V_data_30_V_U   |        1|  36|   0|    -|    64|   14|      896|
    |layer5_out_V_data_31_V_U   |        1|  36|   0|    -|    64|   14|      896|
    |layer5_out_V_data_3_V_U    |        1|  36|   0|    -|    64|   14|      896|
    |layer5_out_V_data_4_V_U    |        1|  36|   0|    -|    64|   14|      896|
    |layer5_out_V_data_5_V_U    |        1|  36|   0|    -|    64|   14|      896|
    |layer5_out_V_data_6_V_U    |        1|  36|   0|    -|    64|   14|      896|
    |layer5_out_V_data_7_V_U    |        1|  36|   0|    -|    64|   14|      896|
    |layer5_out_V_data_8_V_U    |        1|  36|   0|    -|    64|   14|      896|
    |layer5_out_V_data_9_V_U    |        1|  36|   0|    -|    64|   14|      896|
    |layer7_out_V_data_0_V_U    |        0|   9|   0|    -|    64|    8|      512|
    |layer7_out_V_data_10_V_U   |        0|   9|   0|    -|    64|    8|      512|
    |layer7_out_V_data_11_V_U   |        0|   9|   0|    -|    64|    8|      512|
    |layer7_out_V_data_12_V_U   |        0|   9|   0|    -|    64|    8|      512|
    |layer7_out_V_data_13_V_U   |        0|   9|   0|    -|    64|    8|      512|
    |layer7_out_V_data_14_V_U   |        0|   9|   0|    -|    64|    8|      512|
    |layer7_out_V_data_15_V_U   |        0|   9|   0|    -|    64|    8|      512|
    |layer7_out_V_data_16_V_U   |        0|   9|   0|    -|    64|    8|      512|
    |layer7_out_V_data_17_V_U   |        0|   9|   0|    -|    64|    8|      512|
    |layer7_out_V_data_18_V_U   |        0|   9|   0|    -|    64|    8|      512|
    |layer7_out_V_data_19_V_U   |        0|   9|   0|    -|    64|    8|      512|
    |layer7_out_V_data_1_V_U    |        0|   9|   0|    -|    64|    8|      512|
    |layer7_out_V_data_20_V_U   |        0|   9|   0|    -|    64|    8|      512|
    |layer7_out_V_data_21_V_U   |        0|   9|   0|    -|    64|    8|      512|
    |layer7_out_V_data_22_V_U   |        0|   9|   0|    -|    64|    8|      512|
    |layer7_out_V_data_23_V_U   |        0|   9|   0|    -|    64|    8|      512|
    |layer7_out_V_data_24_V_U   |        0|   9|   0|    -|    64|    8|      512|
    |layer7_out_V_data_25_V_U   |        0|   9|   0|    -|    64|    8|      512|
    |layer7_out_V_data_26_V_U   |        0|   9|   0|    -|    64|    8|      512|
    |layer7_out_V_data_27_V_U   |        0|   9|   0|    -|    64|    8|      512|
    |layer7_out_V_data_28_V_U   |        0|   9|   0|    -|    64|    8|      512|
    |layer7_out_V_data_29_V_U   |        0|   9|   0|    -|    64|    8|      512|
    |layer7_out_V_data_2_V_U    |        0|   9|   0|    -|    64|    8|      512|
    |layer7_out_V_data_30_V_U   |        0|   9|   0|    -|    64|    8|      512|
    |layer7_out_V_data_31_V_U   |        0|   9|   0|    -|    64|    8|      512|
    |layer7_out_V_data_3_V_U    |        0|   9|   0|    -|    64|    8|      512|
    |layer7_out_V_data_4_V_U    |        0|   9|   0|    -|    64|    8|      512|
    |layer7_out_V_data_5_V_U    |        0|   9|   0|    -|    64|    8|      512|
    |layer7_out_V_data_6_V_U    |        0|   9|   0|    -|    64|    8|      512|
    |layer7_out_V_data_7_V_U    |        0|   9|   0|    -|    64|    8|      512|
    |layer7_out_V_data_8_V_U    |        0|   9|   0|    -|    64|    8|      512|
    |layer7_out_V_data_9_V_U    |        0|   9|   0|    -|    64|    8|      512|
    |layer8_out_V_data_0_V_U    |        1|  36|   0|    -|    64|   14|      896|
    |layer8_out_V_data_10_V_U   |        1|  36|   0|    -|    64|   14|      896|
    |layer8_out_V_data_11_V_U   |        1|  36|   0|    -|    64|   14|      896|
    |layer8_out_V_data_12_V_U   |        1|  36|   0|    -|    64|   14|      896|
    |layer8_out_V_data_13_V_U   |        1|  36|   0|    -|    64|   14|      896|
    |layer8_out_V_data_14_V_U   |        1|  36|   0|    -|    64|   14|      896|
    |layer8_out_V_data_15_V_U   |        1|  36|   0|    -|    64|   14|      896|
    |layer8_out_V_data_16_V_U   |        1|  36|   0|    -|    64|   14|      896|
    |layer8_out_V_data_17_V_U   |        1|  36|   0|    -|    64|   14|      896|
    |layer8_out_V_data_18_V_U   |        1|  36|   0|    -|    64|   14|      896|
    |layer8_out_V_data_19_V_U   |        1|  36|   0|    -|    64|   14|      896|
    |layer8_out_V_data_1_V_U    |        1|  36|   0|    -|    64|   14|      896|
    |layer8_out_V_data_20_V_U   |        1|  36|   0|    -|    64|   14|      896|
    |layer8_out_V_data_21_V_U   |        1|  36|   0|    -|    64|   14|      896|
    |layer8_out_V_data_22_V_U   |        1|  36|   0|    -|    64|   14|      896|
    |layer8_out_V_data_23_V_U   |        1|  36|   0|    -|    64|   14|      896|
    |layer8_out_V_data_24_V_U   |        1|  36|   0|    -|    64|   14|      896|
    |layer8_out_V_data_25_V_U   |        1|  36|   0|    -|    64|   14|      896|
    |layer8_out_V_data_26_V_U   |        1|  36|   0|    -|    64|   14|      896|
    |layer8_out_V_data_27_V_U   |        1|  36|   0|    -|    64|   14|      896|
    |layer8_out_V_data_28_V_U   |        1|  36|   0|    -|    64|   14|      896|
    |layer8_out_V_data_29_V_U   |        1|  36|   0|    -|    64|   14|      896|
    |layer8_out_V_data_2_V_U    |        1|  36|   0|    -|    64|   14|      896|
    |layer8_out_V_data_30_V_U   |        1|  36|   0|    -|    64|   14|      896|
    |layer8_out_V_data_31_V_U   |        1|  36|   0|    -|    64|   14|      896|
    |layer8_out_V_data_3_V_U    |        1|  36|   0|    -|    64|   14|      896|
    |layer8_out_V_data_4_V_U    |        1|  36|   0|    -|    64|   14|      896|
    |layer8_out_V_data_5_V_U    |        1|  36|   0|    -|    64|   14|      896|
    |layer8_out_V_data_6_V_U    |        1|  36|   0|    -|    64|   14|      896|
    |layer8_out_V_data_7_V_U    |        1|  36|   0|    -|    64|   14|      896|
    |layer8_out_V_data_8_V_U    |        1|  36|   0|    -|    64|   14|      896|
    |layer8_out_V_data_9_V_U    |        1|  36|   0|    -|    64|   14|      896|
    +---------------------------+---------+----+----+-----+------+-----+---------+
    |Total                      |      160|6354|   0|    0| 18698| 2764|   186508|
    +---------------------------+---------+----+----+-----+------+-----+---------+

    * Expression: 
    +--------------+----------+-------+---+----+------------+------------+
    | Variable Name| Operation| DSP48E| FF| LUT| Bitwidth P0| Bitwidth P1|
    +--------------+----------+-------+---+----+------------+------------+
    |ap_idle       |    and   |      0|  0|   2|           1|           1|
    +--------------+----------+-------+---+----+------------+------------+
    |Total         |          |      0|  0|   2|           1|           1|
    +--------------+----------+-------+---+----+------------+------------+

    * Multiplexer: 
    +------------+----+-----------+-----+-----------+
    |    Name    | LUT| Input Size| Bits| Total Bits|
    +------------+----+-----------+-----+-----------+
    |real_start  |   9|          2|    1|          2|
    +------------+----+-----------+-----+-----------+
    |Total       |   9|          2|    1|          2|
    +------------+----+-----------+-----+-----------+

    * Register: 
    +----------------+---+----+-----+-----------+
    |      Name      | FF| LUT| Bits| Const Bits|
    +----------------+---+----+-----+-----------+
    |start_once_reg  |  1|   0|    1|          0|
    +----------------+---+----+-----+-----------+
    |Total           |  1|   0|    1|          0|
    +----------------+---+----+-----+-----------+



================================================================
== Interface
================================================================
* Summary: 
+-------------------------------+-----+-----+------------+------------------------+--------------+
|           RTL Ports           | Dir | Bits|  Protocol  |      Source Object     |    C Type    |
+-------------------------------+-----+-----+------------+------------------------+--------------+
|ap_start                       |  in |    1| ap_ctrl_hs |        myproject       | return value |
|start_full_n                   |  in |    1| ap_ctrl_hs |        myproject       | return value |
|start_out                      | out |    1| ap_ctrl_hs |        myproject       | return value |
|start_write                    | out |    1| ap_ctrl_hs |        myproject       | return value |
|ap_clk                         |  in |    1| ap_ctrl_hs |        myproject       | return value |
|ap_rst                         |  in |    1| ap_ctrl_hs |        myproject       | return value |
|ap_done                        | out |    1| ap_ctrl_hs |        myproject       | return value |
|ap_ready                       | out |    1| ap_ctrl_hs |        myproject       | return value |
|ap_idle                        | out |    1| ap_ctrl_hs |        myproject       | return value |
|ap_continue                    |  in |    1| ap_ctrl_hs |        myproject       | return value |
|input_1_V_data_0_V_dout        |  in |    8|   ap_fifo  |   input_1_V_data_0_V   |    pointer   |
|input_1_V_data_0_V_empty_n     |  in |    1|   ap_fifo  |   input_1_V_data_0_V   |    pointer   |
|input_1_V_data_0_V_read        | out |    1|   ap_fifo  |   input_1_V_data_0_V   |    pointer   |
|input_1_V_data_1_V_dout        |  in |    8|   ap_fifo  |   input_1_V_data_1_V   |    pointer   |
|input_1_V_data_1_V_empty_n     |  in |    1|   ap_fifo  |   input_1_V_data_1_V   |    pointer   |
|input_1_V_data_1_V_read        | out |    1|   ap_fifo  |   input_1_V_data_1_V   |    pointer   |
|input_1_V_data_2_V_dout        |  in |    8|   ap_fifo  |   input_1_V_data_2_V   |    pointer   |
|input_1_V_data_2_V_empty_n     |  in |    1|   ap_fifo  |   input_1_V_data_2_V   |    pointer   |
|input_1_V_data_2_V_read        | out |    1|   ap_fifo  |   input_1_V_data_2_V   |    pointer   |
|layer13_out_V_data_0_V_din     | out |   14|   ap_fifo  | layer13_out_V_data_0_V |    pointer   |
|layer13_out_V_data_0_V_full_n  |  in |    1|   ap_fifo  | layer13_out_V_data_0_V |    pointer   |
|layer13_out_V_data_0_V_write   | out |    1|   ap_fifo  | layer13_out_V_data_0_V |    pointer   |
|layer13_out_V_data_1_V_din     | out |   14|   ap_fifo  | layer13_out_V_data_1_V |    pointer   |
|layer13_out_V_data_1_V_full_n  |  in |    1|   ap_fifo  | layer13_out_V_data_1_V |    pointer   |
|layer13_out_V_data_1_V_write   | out |    1|   ap_fifo  | layer13_out_V_data_1_V |    pointer   |
|layer13_out_V_data_2_V_din     | out |   14|   ap_fifo  | layer13_out_V_data_2_V |    pointer   |
|layer13_out_V_data_2_V_full_n  |  in |    1|   ap_fifo  | layer13_out_V_data_2_V |    pointer   |
|layer13_out_V_data_2_V_write   | out |    1|   ap_fifo  | layer13_out_V_data_2_V |    pointer   |
|layer13_out_V_data_3_V_din     | out |   14|   ap_fifo  | layer13_out_V_data_3_V |    pointer   |
|layer13_out_V_data_3_V_full_n  |  in |    1|   ap_fifo  | layer13_out_V_data_3_V |    pointer   |
|layer13_out_V_data_3_V_write   | out |    1|   ap_fifo  | layer13_out_V_data_3_V |    pointer   |
|layer13_out_V_data_4_V_din     | out |   14|   ap_fifo  | layer13_out_V_data_4_V |    pointer   |
|layer13_out_V_data_4_V_full_n  |  in |    1|   ap_fifo  | layer13_out_V_data_4_V |    pointer   |
|layer13_out_V_data_4_V_write   | out |    1|   ap_fifo  | layer13_out_V_data_4_V |    pointer   |
|layer13_out_V_data_5_V_din     | out |   14|   ap_fifo  | layer13_out_V_data_5_V |    pointer   |
|layer13_out_V_data_5_V_full_n  |  in |    1|   ap_fifo  | layer13_out_V_data_5_V |    pointer   |
|layer13_out_V_data_5_V_write   | out |    1|   ap_fifo  | layer13_out_V_data_5_V |    pointer   |
|layer13_out_V_data_6_V_din     | out |   14|   ap_fifo  | layer13_out_V_data_6_V |    pointer   |
|layer13_out_V_data_6_V_full_n  |  in |    1|   ap_fifo  | layer13_out_V_data_6_V |    pointer   |
|layer13_out_V_data_6_V_write   | out |    1|   ap_fifo  | layer13_out_V_data_6_V |    pointer   |
|layer13_out_V_data_7_V_din     | out |   14|   ap_fifo  | layer13_out_V_data_7_V |    pointer   |
|layer13_out_V_data_7_V_full_n  |  in |    1|   ap_fifo  | layer13_out_V_data_7_V |    pointer   |
|layer13_out_V_data_7_V_write   | out |    1|   ap_fifo  | layer13_out_V_data_7_V |    pointer   |
|layer13_out_V_data_8_V_din     | out |   14|   ap_fifo  | layer13_out_V_data_8_V |    pointer   |
|layer13_out_V_data_8_V_full_n  |  in |    1|   ap_fifo  | layer13_out_V_data_8_V |    pointer   |
|layer13_out_V_data_8_V_write   | out |    1|   ap_fifo  | layer13_out_V_data_8_V |    pointer   |
|layer13_out_V_data_9_V_din     | out |   14|   ap_fifo  | layer13_out_V_data_9_V |    pointer   |
|layer13_out_V_data_9_V_full_n  |  in |    1|   ap_fifo  | layer13_out_V_data_9_V |    pointer   |
|layer13_out_V_data_9_V_write   | out |    1|   ap_fifo  | layer13_out_V_data_9_V |    pointer   |
+-------------------------------+-----+-----+------------+------------------------+--------------+

