

================================================================
== Vivado HLS Report for 'relu_array_ap_fixed_32u_array_ap_fixed_8_4_0_0_0_32u_relu_config10_s'
================================================================
* Date:           Thu Jul 11 17:08:27 2024

* Version:        2020.1 (Build 2897737 on Wed May 27 20:21:37 MDT 2020)
* Project:        myproject_prj
* Solution:       solution1
* Product family: zynq
* Target device:  xc7z020-clg400-1


================================================================
== Performance Estimates
================================================================
+ Timing: 
    * Summary: 
    +--------+----------+----------+------------+
    |  Clock |  Target  | Estimated| Uncertainty|
    +--------+----------+----------+------------+
    |ap_clk  | 10.00 ns | 7.535 ns |   1.25 ns  |
    +--------+----------+----------+------------+

+ Latency: 
    * Summary: 
    +---------+---------+----------+----------+-----+-----+---------+
    |  Latency (cycles) |  Latency (absolute) |  Interval | Pipeline|
    |   min   |   max   |    min   |    max   | min | max |   Type  |
    +---------+---------+----------+----------+-----+-----+---------+
    |       67|       67| 0.670 us | 0.670 us |   67|   67|   none  |
    +---------+---------+----------+----------+-----+-----+---------+

    + Detail: 
        * Instance: 
        N/A

        * Loop: 
        +---------------+---------+---------+----------+-----------+-----------+------+----------+
        |               |  Latency (cycles) | Iteration|  Initiation Interval  | Trip |          |
        |   Loop Name   |   min   |   max   |  Latency |  achieved |   target  | Count| Pipelined|
        +---------------+---------+---------+----------+-----------+-----------+------+----------+
        |- ReLUActLoop  |       65|       65|         3|          1|          1|    64|    yes   |
        +---------------+---------+---------+----------+-----------+-----------+------+----------+



================================================================
== Utilization Estimates
================================================================
* Summary: 
+-----------------+---------+-------+--------+-------+-----+
|       Name      | BRAM_18K| DSP48E|   FF   |  LUT  | URAM|
+-----------------+---------+-------+--------+-------+-----+
|DSP              |        -|      -|       -|      -|    -|
|Expression       |        -|      -|       0|   2762|    -|
|FIFO             |        -|      -|       -|      -|    -|
|Instance         |        -|      -|       -|      -|    -|
|Memory           |        -|      -|       -|      -|    -|
|Multiplexer      |        -|      -|       -|    642|    -|
|Register         |        -|      -|     241|      -|    -|
+-----------------+---------+-------+--------+-------+-----+
|Total            |        0|      0|     241|   3404|    0|
+-----------------+---------+-------+--------+-------+-----+
|Available        |      280|    220|  106400|  53200|    0|
+-----------------+---------+-------+--------+-------+-----+
|Utilization (%)  |        0|      0|   ~0   |      6|    0|
+-----------------+---------+-------+--------+-------+-----+

+ Detail: 
    * Instance: 
    N/A

    * DSP48E: 
    N/A

    * Memory: 
    N/A

    * FIFO: 
    N/A

    * Expression: 
    +----------------------------------+----------+-------+---+----+------------+------------+
    |           Variable Name          | Operation| DSP48E| FF| LUT| Bitwidth P0| Bitwidth P1|
    +----------------------------------+----------+-------+---+----+------------+------------+
    |add_ln415_63_fu_717_p2            |     +    |      0|  0|  15|           8|           8|
    |add_ln415_64_fu_865_p2            |     +    |      0|  0|  15|           8|           8|
    |add_ln415_65_fu_1013_p2           |     +    |      0|  0|  15|           8|           8|
    |add_ln415_66_fu_1161_p2           |     +    |      0|  0|  15|           8|           8|
    |add_ln415_67_fu_1309_p2           |     +    |      0|  0|  15|           8|           8|
    |add_ln415_68_fu_1457_p2           |     +    |      0|  0|  15|           8|           8|
    |add_ln415_69_fu_1605_p2           |     +    |      0|  0|  15|           8|           8|
    |add_ln415_70_fu_1753_p2           |     +    |      0|  0|  15|           8|           8|
    |add_ln415_71_fu_1901_p2           |     +    |      0|  0|  15|           8|           8|
    |add_ln415_72_fu_2049_p2           |     +    |      0|  0|  15|           8|           8|
    |add_ln415_73_fu_2197_p2           |     +    |      0|  0|  15|           8|           8|
    |add_ln415_74_fu_2345_p2           |     +    |      0|  0|  15|           8|           8|
    |add_ln415_75_fu_2493_p2           |     +    |      0|  0|  15|           8|           8|
    |add_ln415_76_fu_2641_p2           |     +    |      0|  0|  15|           8|           8|
    |add_ln415_77_fu_2789_p2           |     +    |      0|  0|  15|           8|           8|
    |add_ln415_78_fu_2937_p2           |     +    |      0|  0|  15|           8|           8|
    |add_ln415_79_fu_3085_p2           |     +    |      0|  0|  15|           8|           8|
    |add_ln415_80_fu_3233_p2           |     +    |      0|  0|  15|           8|           8|
    |add_ln415_81_fu_3381_p2           |     +    |      0|  0|  15|           8|           8|
    |add_ln415_82_fu_3529_p2           |     +    |      0|  0|  15|           8|           8|
    |add_ln415_83_fu_3677_p2           |     +    |      0|  0|  15|           8|           8|
    |add_ln415_84_fu_3825_p2           |     +    |      0|  0|  15|           8|           8|
    |add_ln415_85_fu_3973_p2           |     +    |      0|  0|  15|           8|           8|
    |add_ln415_86_fu_4121_p2           |     +    |      0|  0|  15|           8|           8|
    |add_ln415_87_fu_4269_p2           |     +    |      0|  0|  15|           8|           8|
    |add_ln415_88_fu_4417_p2           |     +    |      0|  0|  15|           8|           8|
    |add_ln415_89_fu_4565_p2           |     +    |      0|  0|  15|           8|           8|
    |add_ln415_90_fu_4713_p2           |     +    |      0|  0|  15|           8|           8|
    |add_ln415_91_fu_4861_p2           |     +    |      0|  0|  15|           8|           8|
    |add_ln415_92_fu_5009_p2           |     +    |      0|  0|  15|           8|           8|
    |add_ln415_93_fu_5157_p2           |     +    |      0|  0|  15|           8|           8|
    |add_ln415_fu_569_p2               |     +    |      0|  0|  15|           8|           8|
    |add_ln416_63_fu_723_p2            |     +    |      0|  0|  15|           7|           7|
    |add_ln416_64_fu_871_p2            |     +    |      0|  0|  15|           7|           7|
    |add_ln416_65_fu_1019_p2           |     +    |      0|  0|  15|           7|           7|
    |add_ln416_66_fu_1167_p2           |     +    |      0|  0|  15|           7|           7|
    |add_ln416_67_fu_1315_p2           |     +    |      0|  0|  15|           7|           7|
    |add_ln416_68_fu_1463_p2           |     +    |      0|  0|  15|           7|           7|
    |add_ln416_69_fu_1611_p2           |     +    |      0|  0|  15|           7|           7|
    |add_ln416_70_fu_1759_p2           |     +    |      0|  0|  15|           7|           7|
    |add_ln416_71_fu_1907_p2           |     +    |      0|  0|  15|           7|           7|
    |add_ln416_72_fu_2055_p2           |     +    |      0|  0|  15|           7|           7|
    |add_ln416_73_fu_2203_p2           |     +    |      0|  0|  15|           7|           7|
    |add_ln416_74_fu_2351_p2           |     +    |      0|  0|  15|           7|           7|
    |add_ln416_75_fu_2499_p2           |     +    |      0|  0|  15|           7|           7|
    |add_ln416_76_fu_2647_p2           |     +    |      0|  0|  15|           7|           7|
    |add_ln416_77_fu_2795_p2           |     +    |      0|  0|  15|           7|           7|
    |add_ln416_78_fu_2943_p2           |     +    |      0|  0|  15|           7|           7|
    |add_ln416_79_fu_3091_p2           |     +    |      0|  0|  15|           7|           7|
    |add_ln416_80_fu_3239_p2           |     +    |      0|  0|  15|           7|           7|
    |add_ln416_81_fu_3387_p2           |     +    |      0|  0|  15|           7|           7|
    |add_ln416_82_fu_3535_p2           |     +    |      0|  0|  15|           7|           7|
    |add_ln416_83_fu_3683_p2           |     +    |      0|  0|  15|           7|           7|
    |add_ln416_84_fu_3831_p2           |     +    |      0|  0|  15|           7|           7|
    |add_ln416_85_fu_3979_p2           |     +    |      0|  0|  15|           7|           7|
    |add_ln416_86_fu_4127_p2           |     +    |      0|  0|  15|           7|           7|
    |add_ln416_87_fu_4275_p2           |     +    |      0|  0|  15|           7|           7|
    |add_ln416_88_fu_4423_p2           |     +    |      0|  0|  15|           7|           7|
    |add_ln416_89_fu_4571_p2           |     +    |      0|  0|  15|           7|           7|
    |add_ln416_90_fu_4719_p2           |     +    |      0|  0|  15|           7|           7|
    |add_ln416_91_fu_4867_p2           |     +    |      0|  0|  15|           7|           7|
    |add_ln416_92_fu_5015_p2           |     +    |      0|  0|  15|           7|           7|
    |add_ln416_93_fu_5163_p2           |     +    |      0|  0|  15|           7|           7|
    |add_ln416_fu_575_p2               |     +    |      0|  0|  15|           7|           7|
    |i_fu_385_p2                       |     +    |      0|  0|  15|           7|           1|
    |and_ln416_63_fu_743_p2            |    and   |      0|  0|   2|           1|           1|
    |and_ln416_64_fu_891_p2            |    and   |      0|  0|   2|           1|           1|
    |and_ln416_65_fu_1039_p2           |    and   |      0|  0|   2|           1|           1|
    |and_ln416_66_fu_1187_p2           |    and   |      0|  0|   2|           1|           1|
    |and_ln416_67_fu_1335_p2           |    and   |      0|  0|   2|           1|           1|
    |and_ln416_68_fu_1483_p2           |    and   |      0|  0|   2|           1|           1|
    |and_ln416_69_fu_1631_p2           |    and   |      0|  0|   2|           1|           1|
    |and_ln416_70_fu_1779_p2           |    and   |      0|  0|   2|           1|           1|
    |and_ln416_71_fu_1927_p2           |    and   |      0|  0|   2|           1|           1|
    |and_ln416_72_fu_2075_p2           |    and   |      0|  0|   2|           1|           1|
    |and_ln416_73_fu_2223_p2           |    and   |      0|  0|   2|           1|           1|
    |and_ln416_74_fu_2371_p2           |    and   |      0|  0|   2|           1|           1|
    |and_ln416_75_fu_2519_p2           |    and   |      0|  0|   2|           1|           1|
    |and_ln416_76_fu_2667_p2           |    and   |      0|  0|   2|           1|           1|
    |and_ln416_77_fu_2815_p2           |    and   |      0|  0|   2|           1|           1|
    |and_ln416_78_fu_2963_p2           |    and   |      0|  0|   2|           1|           1|
    |and_ln416_79_fu_3111_p2           |    and   |      0|  0|   2|           1|           1|
    |and_ln416_80_fu_3259_p2           |    and   |      0|  0|   2|           1|           1|
    |and_ln416_81_fu_3407_p2           |    and   |      0|  0|   2|           1|           1|
    |and_ln416_82_fu_3555_p2           |    and   |      0|  0|   2|           1|           1|
    |and_ln416_83_fu_3703_p2           |    and   |      0|  0|   2|           1|           1|
    |and_ln416_84_fu_3851_p2           |    and   |      0|  0|   2|           1|           1|
    |and_ln416_85_fu_3999_p2           |    and   |      0|  0|   2|           1|           1|
    |and_ln416_86_fu_4147_p2           |    and   |      0|  0|   2|           1|           1|
    |and_ln416_87_fu_4295_p2           |    and   |      0|  0|   2|           1|           1|
    |and_ln416_88_fu_4443_p2           |    and   |      0|  0|   2|           1|           1|
    |and_ln416_89_fu_4591_p2           |    and   |      0|  0|   2|           1|           1|
    |and_ln416_90_fu_4739_p2           |    and   |      0|  0|   2|           1|           1|
    |and_ln416_91_fu_4887_p2           |    and   |      0|  0|   2|           1|           1|
    |and_ln416_92_fu_5035_p2           |    and   |      0|  0|   2|           1|           1|
    |and_ln416_93_fu_5183_p2           |    and   |      0|  0|   2|           1|           1|
    |and_ln416_fu_595_p2               |    and   |      0|  0|   2|           1|           1|
    |ap_block_state3_pp0_stage0_iter1  |    and   |      0|  0|   2|           1|           1|
    |ap_block_state4_pp0_stage0_iter2  |    and   |      0|  0|   2|           1|           1|
    |io_acc_block_signal_op76          |    and   |      0|  0|   2|           1|           1|
    |io_acc_block_signal_op816         |    and   |      0|  0|   2|           1|           1|
    |icmp_ln1494_10_fu_1999_p2         |   icmp   |      0|  0|  13|          14|           1|
    |icmp_ln1494_11_fu_2147_p2         |   icmp   |      0|  0|  13|          14|           1|
    |icmp_ln1494_12_fu_2295_p2         |   icmp   |      0|  0|  13|          14|           1|
    |icmp_ln1494_13_fu_2443_p2         |   icmp   |      0|  0|  13|          14|           1|
    |icmp_ln1494_14_fu_2591_p2         |   icmp   |      0|  0|  13|          14|           1|
    |icmp_ln1494_15_fu_2739_p2         |   icmp   |      0|  0|  13|          14|           1|
    |icmp_ln1494_16_fu_2887_p2         |   icmp   |      0|  0|  13|          14|           1|
    |icmp_ln1494_17_fu_3035_p2         |   icmp   |      0|  0|  13|          14|           1|
    |icmp_ln1494_18_fu_3183_p2         |   icmp   |      0|  0|  13|          14|           1|
    |icmp_ln1494_19_fu_3331_p2         |   icmp   |      0|  0|  13|          14|           1|
    |icmp_ln1494_1_fu_667_p2           |   icmp   |      0|  0|  13|          14|           1|
    |icmp_ln1494_20_fu_3479_p2         |   icmp   |      0|  0|  13|          14|           1|
    |icmp_ln1494_21_fu_3627_p2         |   icmp   |      0|  0|  13|          14|           1|
    |icmp_ln1494_22_fu_3775_p2         |   icmp   |      0|  0|  13|          14|           1|
    |icmp_ln1494_23_fu_3923_p2         |   icmp   |      0|  0|  13|          14|           1|
    |icmp_ln1494_24_fu_4071_p2         |   icmp   |      0|  0|  13|          14|           1|
    |icmp_ln1494_25_fu_4219_p2         |   icmp   |      0|  0|  13|          14|           1|
    |icmp_ln1494_26_fu_4367_p2         |   icmp   |      0|  0|  13|          14|           1|
    |icmp_ln1494_27_fu_4515_p2         |   icmp   |      0|  0|  13|          14|           1|
    |icmp_ln1494_28_fu_4663_p2         |   icmp   |      0|  0|  13|          14|           1|
    |icmp_ln1494_29_fu_4811_p2         |   icmp   |      0|  0|  13|          14|           1|
    |icmp_ln1494_2_fu_815_p2           |   icmp   |      0|  0|  13|          14|           1|
    |icmp_ln1494_30_fu_4959_p2         |   icmp   |      0|  0|  13|          14|           1|
    |icmp_ln1494_31_fu_5107_p2         |   icmp   |      0|  0|  13|          14|           1|
    |icmp_ln1494_3_fu_963_p2           |   icmp   |      0|  0|  13|          14|           1|
    |icmp_ln1494_4_fu_1111_p2          |   icmp   |      0|  0|  13|          14|           1|
    |icmp_ln1494_5_fu_1259_p2          |   icmp   |      0|  0|  13|          14|           1|
    |icmp_ln1494_6_fu_1407_p2          |   icmp   |      0|  0|  13|          14|           1|
    |icmp_ln1494_7_fu_1555_p2          |   icmp   |      0|  0|  13|          14|           1|
    |icmp_ln1494_8_fu_1703_p2          |   icmp   |      0|  0|  13|          14|           1|
    |icmp_ln1494_9_fu_1851_p2          |   icmp   |      0|  0|  13|          14|           1|
    |icmp_ln1494_fu_519_p2             |   icmp   |      0|  0|  13|          14|           1|
    |icmp_ln41_fu_379_p2               |   icmp   |      0|  0|  11|           7|           8|
    |icmp_ln768_63_fu_773_p2           |   icmp   |      0|  0|   9|           4|           1|
    |icmp_ln768_64_fu_921_p2           |   icmp   |      0|  0|   9|           4|           1|
    |icmp_ln768_65_fu_1069_p2          |   icmp   |      0|  0|   9|           4|           1|
    |icmp_ln768_66_fu_1217_p2          |   icmp   |      0|  0|   9|           4|           1|
    |icmp_ln768_67_fu_1365_p2          |   icmp   |      0|  0|   9|           4|           1|
    |icmp_ln768_68_fu_1513_p2          |   icmp   |      0|  0|   9|           4|           1|
    |icmp_ln768_69_fu_1661_p2          |   icmp   |      0|  0|   9|           4|           1|
    |icmp_ln768_70_fu_1809_p2          |   icmp   |      0|  0|   9|           4|           1|
    |icmp_ln768_71_fu_1957_p2          |   icmp   |      0|  0|   9|           4|           1|
    |icmp_ln768_72_fu_2105_p2          |   icmp   |      0|  0|   9|           4|           1|
    |icmp_ln768_73_fu_2253_p2          |   icmp   |      0|  0|   9|           4|           1|
    |icmp_ln768_74_fu_2401_p2          |   icmp   |      0|  0|   9|           4|           1|
    |icmp_ln768_75_fu_2549_p2          |   icmp   |      0|  0|   9|           4|           1|
    |icmp_ln768_76_fu_2697_p2          |   icmp   |      0|  0|   9|           4|           1|
    |icmp_ln768_77_fu_2845_p2          |   icmp   |      0|  0|   9|           4|           1|
    |icmp_ln768_78_fu_2993_p2          |   icmp   |      0|  0|   9|           4|           1|
    |icmp_ln768_79_fu_3141_p2          |   icmp   |      0|  0|   9|           4|           1|
    |icmp_ln768_80_fu_3289_p2          |   icmp   |      0|  0|   9|           4|           1|
    |icmp_ln768_81_fu_3437_p2          |   icmp   |      0|  0|   9|           4|           1|
    |icmp_ln768_82_fu_3585_p2          |   icmp   |      0|  0|   9|           4|           1|
    |icmp_ln768_83_fu_3733_p2          |   icmp   |      0|  0|   9|           4|           1|
    |icmp_ln768_84_fu_3881_p2          |   icmp   |      0|  0|   9|           4|           1|
    |icmp_ln768_85_fu_4029_p2          |   icmp   |      0|  0|   9|           4|           1|
    |icmp_ln768_86_fu_4177_p2          |   icmp   |      0|  0|   9|           4|           1|
    |icmp_ln768_87_fu_4325_p2          |   icmp   |      0|  0|   9|           4|           1|
    |icmp_ln768_88_fu_4473_p2          |   icmp   |      0|  0|   9|           4|           1|
    |icmp_ln768_89_fu_4621_p2          |   icmp   |      0|  0|   9|           4|           1|
    |icmp_ln768_90_fu_4769_p2          |   icmp   |      0|  0|   9|           4|           1|
    |icmp_ln768_91_fu_4917_p2          |   icmp   |      0|  0|   9|           4|           1|
    |icmp_ln768_92_fu_5065_p2          |   icmp   |      0|  0|   9|           4|           1|
    |icmp_ln768_93_fu_5213_p2          |   icmp   |      0|  0|   9|           4|           1|
    |icmp_ln768_fu_625_p2              |   icmp   |      0|  0|   9|           4|           1|
    |icmp_ln879_63_fu_767_p2           |   icmp   |      0|  0|   9|           4|           2|
    |icmp_ln879_64_fu_915_p2           |   icmp   |      0|  0|   9|           4|           2|
    |icmp_ln879_65_fu_1063_p2          |   icmp   |      0|  0|   9|           4|           2|
    |icmp_ln879_66_fu_1211_p2          |   icmp   |      0|  0|   9|           4|           2|
    |icmp_ln879_67_fu_1359_p2          |   icmp   |      0|  0|   9|           4|           2|
    |icmp_ln879_68_fu_1507_p2          |   icmp   |      0|  0|   9|           4|           2|
    |icmp_ln879_69_fu_1655_p2          |   icmp   |      0|  0|   9|           4|           2|
    |icmp_ln879_70_fu_1803_p2          |   icmp   |      0|  0|   9|           4|           2|
    |icmp_ln879_71_fu_1951_p2          |   icmp   |      0|  0|   9|           4|           2|
    |icmp_ln879_72_fu_2099_p2          |   icmp   |      0|  0|   9|           4|           2|
    |icmp_ln879_73_fu_2247_p2          |   icmp   |      0|  0|   9|           4|           2|
    |icmp_ln879_74_fu_2395_p2          |   icmp   |      0|  0|   9|           4|           2|
    |icmp_ln879_75_fu_2543_p2          |   icmp   |      0|  0|   9|           4|           2|
    |icmp_ln879_76_fu_2691_p2          |   icmp   |      0|  0|   9|           4|           2|
    |icmp_ln879_77_fu_2839_p2          |   icmp   |      0|  0|   9|           4|           2|
    |icmp_ln879_78_fu_2987_p2          |   icmp   |      0|  0|   9|           4|           2|
    |icmp_ln879_79_fu_3135_p2          |   icmp   |      0|  0|   9|           4|           2|
    |icmp_ln879_80_fu_3283_p2          |   icmp   |      0|  0|   9|           4|           2|
    |icmp_ln879_81_fu_3431_p2          |   icmp   |      0|  0|   9|           4|           2|
    |icmp_ln879_82_fu_3579_p2          |   icmp   |      0|  0|   9|           4|           2|
    |icmp_ln879_83_fu_3727_p2          |   icmp   |      0|  0|   9|           4|           2|
    |icmp_ln879_84_fu_3875_p2          |   icmp   |      0|  0|   9|           4|           2|
    |icmp_ln879_85_fu_4023_p2          |   icmp   |      0|  0|   9|           4|           2|
    |icmp_ln879_86_fu_4171_p2          |   icmp   |      0|  0|   9|           4|           2|
    |icmp_ln879_87_fu_4319_p2          |   icmp   |      0|  0|   9|           4|           2|
    |icmp_ln879_88_fu_4467_p2          |   icmp   |      0|  0|   9|           4|           2|
    |icmp_ln879_89_fu_4615_p2          |   icmp   |      0|  0|   9|           4|           2|
    |icmp_ln879_90_fu_4763_p2          |   icmp   |      0|  0|   9|           4|           2|
    |icmp_ln879_91_fu_4911_p2          |   icmp   |      0|  0|   9|           4|           2|
    |icmp_ln879_92_fu_5059_p2          |   icmp   |      0|  0|   9|           4|           2|
    |icmp_ln879_93_fu_5207_p2          |   icmp   |      0|  0|   9|           4|           2|
    |icmp_ln879_fu_619_p2              |   icmp   |      0|  0|   9|           4|           2|
    |ap_block_pp0_stage0_01001         |    or    |      0|  0|   2|           1|           1|
    |ap_block_state1                   |    or    |      0|  0|   2|           1|           1|
    |or_ln340_10_fu_2125_p2            |    or    |      0|  0|   2|           1|           1|
    |or_ln340_11_fu_2273_p2            |    or    |      0|  0|   2|           1|           1|
    |or_ln340_12_fu_2421_p2            |    or    |      0|  0|   2|           1|           1|
    |or_ln340_13_fu_2569_p2            |    or    |      0|  0|   2|           1|           1|
    |or_ln340_14_fu_2717_p2            |    or    |      0|  0|   2|           1|           1|
    |or_ln340_15_fu_2865_p2            |    or    |      0|  0|   2|           1|           1|
    |or_ln340_16_fu_3013_p2            |    or    |      0|  0|   2|           1|           1|
    |or_ln340_17_fu_3161_p2            |    or    |      0|  0|   2|           1|           1|
    |or_ln340_18_fu_3309_p2            |    or    |      0|  0|   2|           1|           1|
    |or_ln340_19_fu_3457_p2            |    or    |      0|  0|   2|           1|           1|
    |or_ln340_1_fu_793_p2              |    or    |      0|  0|   2|           1|           1|
    |or_ln340_20_fu_3605_p2            |    or    |      0|  0|   2|           1|           1|
    |or_ln340_21_fu_3753_p2            |    or    |      0|  0|   2|           1|           1|
    |or_ln340_22_fu_3901_p2            |    or    |      0|  0|   2|           1|           1|
    |or_ln340_23_fu_4049_p2            |    or    |      0|  0|   2|           1|           1|
    |or_ln340_24_fu_4197_p2            |    or    |      0|  0|   2|           1|           1|
    |or_ln340_25_fu_4345_p2            |    or    |      0|  0|   2|           1|           1|
    |or_ln340_26_fu_4493_p2            |    or    |      0|  0|   2|           1|           1|
    |or_ln340_27_fu_4641_p2            |    or    |      0|  0|   2|           1|           1|
    |or_ln340_28_fu_4789_p2            |    or    |      0|  0|   2|           1|           1|
    |or_ln340_29_fu_4937_p2            |    or    |      0|  0|   2|           1|           1|
    |or_ln340_2_fu_941_p2              |    or    |      0|  0|   2|           1|           1|
    |or_ln340_30_fu_5085_p2            |    or    |      0|  0|   2|           1|           1|
    |or_ln340_31_fu_5233_p2            |    or    |      0|  0|   2|           1|           1|
    |or_ln340_3_fu_1089_p2             |    or    |      0|  0|   2|           1|           1|
    |or_ln340_4_fu_1237_p2             |    or    |      0|  0|   2|           1|           1|
    |or_ln340_5_fu_1385_p2             |    or    |      0|  0|   2|           1|           1|
    |or_ln340_6_fu_1533_p2             |    or    |      0|  0|   2|           1|           1|
    |or_ln340_7_fu_1681_p2             |    or    |      0|  0|   2|           1|           1|
    |or_ln340_8_fu_1829_p2             |    or    |      0|  0|   2|           1|           1|
    |or_ln340_9_fu_1977_p2             |    or    |      0|  0|   2|           1|           1|
    |or_ln340_fu_645_p2                |    or    |      0|  0|   2|           1|           1|
    |select_ln340_10_fu_2131_p3        |  select  |      0|  0|   7|           1|           2|
    |select_ln340_11_fu_2279_p3        |  select  |      0|  0|   7|           1|           2|
    |select_ln340_12_fu_2427_p3        |  select  |      0|  0|   7|           1|           2|
    |select_ln340_13_fu_2575_p3        |  select  |      0|  0|   7|           1|           2|
    |select_ln340_14_fu_2723_p3        |  select  |      0|  0|   7|           1|           2|
    |select_ln340_15_fu_2871_p3        |  select  |      0|  0|   7|           1|           2|
    |select_ln340_16_fu_3019_p3        |  select  |      0|  0|   7|           1|           2|
    |select_ln340_17_fu_3167_p3        |  select  |      0|  0|   7|           1|           2|
    |select_ln340_18_fu_3315_p3        |  select  |      0|  0|   7|           1|           2|
    |select_ln340_19_fu_3463_p3        |  select  |      0|  0|   7|           1|           2|
    |select_ln340_1_fu_799_p3          |  select  |      0|  0|   7|           1|           2|
    |select_ln340_20_fu_3611_p3        |  select  |      0|  0|   7|           1|           2|
    |select_ln340_21_fu_3759_p3        |  select  |      0|  0|   7|           1|           2|
    |select_ln340_22_fu_3907_p3        |  select  |      0|  0|   7|           1|           2|
    |select_ln340_23_fu_4055_p3        |  select  |      0|  0|   7|           1|           2|
    |select_ln340_24_fu_4203_p3        |  select  |      0|  0|   7|           1|           2|
    |select_ln340_25_fu_4351_p3        |  select  |      0|  0|   7|           1|           2|
    |select_ln340_26_fu_4499_p3        |  select  |      0|  0|   7|           1|           2|
    |select_ln340_27_fu_4647_p3        |  select  |      0|  0|   7|           1|           2|
    |select_ln340_28_fu_4795_p3        |  select  |      0|  0|   7|           1|           2|
    |select_ln340_29_fu_4943_p3        |  select  |      0|  0|   7|           1|           2|
    |select_ln340_2_fu_947_p3          |  select  |      0|  0|   7|           1|           2|
    |select_ln340_30_fu_5091_p3        |  select  |      0|  0|   7|           1|           2|
    |select_ln340_31_fu_5239_p3        |  select  |      0|  0|   7|           1|           2|
    |select_ln340_3_fu_1095_p3         |  select  |      0|  0|   7|           1|           2|
    |select_ln340_4_fu_1243_p3         |  select  |      0|  0|   7|           1|           2|
    |select_ln340_5_fu_1391_p3         |  select  |      0|  0|   7|           1|           2|
    |select_ln340_6_fu_1539_p3         |  select  |      0|  0|   7|           1|           2|
    |select_ln340_7_fu_1687_p3         |  select  |      0|  0|   7|           1|           2|
    |select_ln340_8_fu_1835_p3         |  select  |      0|  0|   7|           1|           2|
    |select_ln340_9_fu_1983_p3         |  select  |      0|  0|   7|           1|           2|
    |select_ln340_fu_651_p3            |  select  |      0|  0|   7|           1|           2|
    |select_ln777_63_fu_779_p3         |  select  |      0|  0|   2|           1|           1|
    |select_ln777_64_fu_927_p3         |  select  |      0|  0|   2|           1|           1|
    |select_ln777_65_fu_1075_p3        |  select  |      0|  0|   2|           1|           1|
    |select_ln777_66_fu_1223_p3        |  select  |      0|  0|   2|           1|           1|
    |select_ln777_67_fu_1371_p3        |  select  |      0|  0|   2|           1|           1|
    |select_ln777_68_fu_1519_p3        |  select  |      0|  0|   2|           1|           1|
    |select_ln777_69_fu_1667_p3        |  select  |      0|  0|   2|           1|           1|
    |select_ln777_70_fu_1815_p3        |  select  |      0|  0|   2|           1|           1|
    |select_ln777_71_fu_1963_p3        |  select  |      0|  0|   2|           1|           1|
    |select_ln777_72_fu_2111_p3        |  select  |      0|  0|   2|           1|           1|
    |select_ln777_73_fu_2259_p3        |  select  |      0|  0|   2|           1|           1|
    |select_ln777_74_fu_2407_p3        |  select  |      0|  0|   2|           1|           1|
    |select_ln777_75_fu_2555_p3        |  select  |      0|  0|   2|           1|           1|
    |select_ln777_76_fu_2703_p3        |  select  |      0|  0|   2|           1|           1|
    |select_ln777_77_fu_2851_p3        |  select  |      0|  0|   2|           1|           1|
    |select_ln777_78_fu_2999_p3        |  select  |      0|  0|   2|           1|           1|
    |select_ln777_79_fu_3147_p3        |  select  |      0|  0|   2|           1|           1|
    |select_ln777_80_fu_3295_p3        |  select  |      0|  0|   2|           1|           1|
    |select_ln777_81_fu_3443_p3        |  select  |      0|  0|   2|           1|           1|
    |select_ln777_82_fu_3591_p3        |  select  |      0|  0|   2|           1|           1|
    |select_ln777_83_fu_3739_p3        |  select  |      0|  0|   2|           1|           1|
    |select_ln777_84_fu_3887_p3        |  select  |      0|  0|   2|           1|           1|
    |select_ln777_85_fu_4035_p3        |  select  |      0|  0|   2|           1|           1|
    |select_ln777_86_fu_4183_p3        |  select  |      0|  0|   2|           1|           1|
    |select_ln777_87_fu_4331_p3        |  select  |      0|  0|   2|           1|           1|
    |select_ln777_88_fu_4479_p3        |  select  |      0|  0|   2|           1|           1|
    |select_ln777_89_fu_4627_p3        |  select  |      0|  0|   2|           1|           1|
    |select_ln777_90_fu_4775_p3        |  select  |      0|  0|   2|           1|           1|
    |select_ln777_91_fu_4923_p3        |  select  |      0|  0|   2|           1|           1|
    |select_ln777_92_fu_5071_p3        |  select  |      0|  0|   2|           1|           1|
    |select_ln777_93_fu_5219_p3        |  select  |      0|  0|   2|           1|           1|
    |select_ln777_fu_631_p3            |  select  |      0|  0|   2|           1|           1|
    |tmp_data_0_V_fu_659_p3            |  select  |      0|  0|   7|           1|           7|
    |tmp_data_10_V_fu_2139_p3          |  select  |      0|  0|   7|           1|           7|
    |tmp_data_11_V_fu_2287_p3          |  select  |      0|  0|   7|           1|           7|
    |tmp_data_12_V_fu_2435_p3          |  select  |      0|  0|   7|           1|           7|
    |tmp_data_13_V_fu_2583_p3          |  select  |      0|  0|   7|           1|           7|
    |tmp_data_14_V_fu_2731_p3          |  select  |      0|  0|   7|           1|           7|
    |tmp_data_15_V_fu_2879_p3          |  select  |      0|  0|   7|           1|           7|
    |tmp_data_16_V_fu_3027_p3          |  select  |      0|  0|   7|           1|           7|
    |tmp_data_17_V_fu_3175_p3          |  select  |      0|  0|   7|           1|           7|
    |tmp_data_18_V_fu_3323_p3          |  select  |      0|  0|   7|           1|           7|
    |tmp_data_19_V_fu_3471_p3          |  select  |      0|  0|   7|           1|           7|
    |tmp_data_1_V_fu_807_p3            |  select  |      0|  0|   7|           1|           7|
    |tmp_data_20_V_fu_3619_p3          |  select  |      0|  0|   7|           1|           7|
    |tmp_data_21_V_fu_3767_p3          |  select  |      0|  0|   7|           1|           7|
    |tmp_data_22_V_fu_3915_p3          |  select  |      0|  0|   7|           1|           7|
    |tmp_data_23_V_fu_4063_p3          |  select  |      0|  0|   7|           1|           7|
    |tmp_data_24_V_fu_4211_p3          |  select  |      0|  0|   7|           1|           7|
    |tmp_data_25_V_fu_4359_p3          |  select  |      0|  0|   7|           1|           7|
    |tmp_data_26_V_fu_4507_p3          |  select  |      0|  0|   7|           1|           7|
    |tmp_data_27_V_fu_4655_p3          |  select  |      0|  0|   7|           1|           7|
    |tmp_data_28_V_fu_4803_p3          |  select  |      0|  0|   7|           1|           7|
    |tmp_data_29_V_fu_4951_p3          |  select  |      0|  0|   7|           1|           7|
    |tmp_data_2_V_fu_955_p3            |  select  |      0|  0|   7|           1|           7|
    |tmp_data_30_V_fu_5099_p3          |  select  |      0|  0|   7|           1|           7|
    |tmp_data_31_V_fu_5247_p3          |  select  |      0|  0|   7|           1|           7|
    |tmp_data_3_V_fu_1103_p3           |  select  |      0|  0|   7|           1|           7|
    |tmp_data_4_V_fu_1251_p3           |  select  |      0|  0|   7|           1|           7|
    |tmp_data_5_V_fu_1399_p3           |  select  |      0|  0|   7|           1|           7|
    |tmp_data_6_V_fu_1547_p3           |  select  |      0|  0|   7|           1|           7|
    |tmp_data_7_V_fu_1695_p3           |  select  |      0|  0|   7|           1|           7|
    |tmp_data_8_V_fu_1843_p3           |  select  |      0|  0|   7|           1|           7|
    |tmp_data_9_V_fu_1991_p3           |  select  |      0|  0|   7|           1|           7|
    |ap_enable_pp0                     |    xor   |      0|  0|   2|           1|           2|
    |ap_enable_reg_pp0_iter1           |    xor   |      0|  0|   2|           2|           1|
    |xor_ln416_63_fu_737_p2            |    xor   |      0|  0|   2|           1|           2|
    |xor_ln416_64_fu_885_p2            |    xor   |      0|  0|   2|           1|           2|
    |xor_ln416_65_fu_1033_p2           |    xor   |      0|  0|   2|           1|           2|
    |xor_ln416_66_fu_1181_p2           |    xor   |      0|  0|   2|           1|           2|
    |xor_ln416_67_fu_1329_p2           |    xor   |      0|  0|   2|           1|           2|
    |xor_ln416_68_fu_1477_p2           |    xor   |      0|  0|   2|           1|           2|
    |xor_ln416_69_fu_1625_p2           |    xor   |      0|  0|   2|           1|           2|
    |xor_ln416_70_fu_1773_p2           |    xor   |      0|  0|   2|           1|           2|
    |xor_ln416_71_fu_1921_p2           |    xor   |      0|  0|   2|           1|           2|
    |xor_ln416_72_fu_2069_p2           |    xor   |      0|  0|   2|           1|           2|
    |xor_ln416_73_fu_2217_p2           |    xor   |      0|  0|   2|           1|           2|
    |xor_ln416_74_fu_2365_p2           |    xor   |      0|  0|   2|           1|           2|
    |xor_ln416_75_fu_2513_p2           |    xor   |      0|  0|   2|           1|           2|
    |xor_ln416_76_fu_2661_p2           |    xor   |      0|  0|   2|           1|           2|
    |xor_ln416_77_fu_2809_p2           |    xor   |      0|  0|   2|           1|           2|
    |xor_ln416_78_fu_2957_p2           |    xor   |      0|  0|   2|           1|           2|
    |xor_ln416_79_fu_3105_p2           |    xor   |      0|  0|   2|           1|           2|
    |xor_ln416_80_fu_3253_p2           |    xor   |      0|  0|   2|           1|           2|
    |xor_ln416_81_fu_3401_p2           |    xor   |      0|  0|   2|           1|           2|
    |xor_ln416_82_fu_3549_p2           |    xor   |      0|  0|   2|           1|           2|
    |xor_ln416_83_fu_3697_p2           |    xor   |      0|  0|   2|           1|           2|
    |xor_ln416_84_fu_3845_p2           |    xor   |      0|  0|   2|           1|           2|
    |xor_ln416_85_fu_3993_p2           |    xor   |      0|  0|   2|           1|           2|
    |xor_ln416_86_fu_4141_p2           |    xor   |      0|  0|   2|           1|           2|
    |xor_ln416_87_fu_4289_p2           |    xor   |      0|  0|   2|           1|           2|
    |xor_ln416_88_fu_4437_p2           |    xor   |      0|  0|   2|           1|           2|
    |xor_ln416_89_fu_4585_p2           |    xor   |      0|  0|   2|           1|           2|
    |xor_ln416_90_fu_4733_p2           |    xor   |      0|  0|   2|           1|           2|
    |xor_ln416_91_fu_4881_p2           |    xor   |      0|  0|   2|           1|           2|
    |xor_ln416_92_fu_5029_p2           |    xor   |      0|  0|   2|           1|           2|
    |xor_ln416_93_fu_5177_p2           |    xor   |      0|  0|   2|           1|           2|
    |xor_ln416_fu_589_p2               |    xor   |      0|  0|   2|           1|           2|
    |xor_ln785_10_fu_2119_p2           |    xor   |      0|  0|   2|           1|           2|
    |xor_ln785_11_fu_2267_p2           |    xor   |      0|  0|   2|           1|           2|
    |xor_ln785_12_fu_2415_p2           |    xor   |      0|  0|   2|           1|           2|
    |xor_ln785_13_fu_2563_p2           |    xor   |      0|  0|   2|           1|           2|
    |xor_ln785_14_fu_2711_p2           |    xor   |      0|  0|   2|           1|           2|
    |xor_ln785_15_fu_2859_p2           |    xor   |      0|  0|   2|           1|           2|
    |xor_ln785_16_fu_3007_p2           |    xor   |      0|  0|   2|           1|           2|
    |xor_ln785_17_fu_3155_p2           |    xor   |      0|  0|   2|           1|           2|
    |xor_ln785_18_fu_3303_p2           |    xor   |      0|  0|   2|           1|           2|
    |xor_ln785_19_fu_3451_p2           |    xor   |      0|  0|   2|           1|           2|
    |xor_ln785_1_fu_787_p2             |    xor   |      0|  0|   2|           1|           2|
    |xor_ln785_20_fu_3599_p2           |    xor   |      0|  0|   2|           1|           2|
    |xor_ln785_21_fu_3747_p2           |    xor   |      0|  0|   2|           1|           2|
    |xor_ln785_22_fu_3895_p2           |    xor   |      0|  0|   2|           1|           2|
    |xor_ln785_23_fu_4043_p2           |    xor   |      0|  0|   2|           1|           2|
    |xor_ln785_24_fu_4191_p2           |    xor   |      0|  0|   2|           1|           2|
    |xor_ln785_25_fu_4339_p2           |    xor   |      0|  0|   2|           1|           2|
    |xor_ln785_26_fu_4487_p2           |    xor   |      0|  0|   2|           1|           2|
    |xor_ln785_27_fu_4635_p2           |    xor   |      0|  0|   2|           1|           2|
    |xor_ln785_28_fu_4783_p2           |    xor   |      0|  0|   2|           1|           2|
    |xor_ln785_29_fu_4931_p2           |    xor   |      0|  0|   2|           1|           2|
    |xor_ln785_2_fu_935_p2             |    xor   |      0|  0|   2|           1|           2|
    |xor_ln785_30_fu_5079_p2           |    xor   |      0|  0|   2|           1|           2|
    |xor_ln785_31_fu_5227_p2           |    xor   |      0|  0|   2|           1|           2|
    |xor_ln785_3_fu_1083_p2            |    xor   |      0|  0|   2|           1|           2|
    |xor_ln785_4_fu_1231_p2            |    xor   |      0|  0|   2|           1|           2|
    |xor_ln785_5_fu_1379_p2            |    xor   |      0|  0|   2|           1|           2|
    |xor_ln785_6_fu_1527_p2            |    xor   |      0|  0|   2|           1|           2|
    |xor_ln785_7_fu_1675_p2            |    xor   |      0|  0|   2|           1|           2|
    |xor_ln785_8_fu_1823_p2            |    xor   |      0|  0|   2|           1|           2|
    |xor_ln785_9_fu_1971_p2            |    xor   |      0|  0|   2|           1|           2|
    |xor_ln785_fu_639_p2               |    xor   |      0|  0|   2|           1|           2|
    +----------------------------------+----------+-------+---+----+------------+------------+
    |Total                             |          |      0|  0|2762|        1431|        1138|
    +----------------------------------+----------+-------+---+----+------------+------------+

    * Multiplexer: 
    +-------------------------+----+-----------+-----+-----------+
    |           Name          | LUT| Input Size| Bits| Total Bits|
    +-------------------------+----+-----------+-----+-----------+
    |ap_NS_fsm                |  21|          4|    1|          4|
    |ap_done                  |   9|          2|    1|          2|
    |ap_enable_reg_pp0_iter1  |   9|          2|    1|          2|
    |ap_enable_reg_pp0_iter2  |   9|          2|    1|          2|
    |data_V_data_0_V_blk_n    |   9|          2|    1|          2|
    |data_V_data_10_V_blk_n   |   9|          2|    1|          2|
    |data_V_data_11_V_blk_n   |   9|          2|    1|          2|
    |data_V_data_12_V_blk_n   |   9|          2|    1|          2|
    |data_V_data_13_V_blk_n   |   9|          2|    1|          2|
    |data_V_data_14_V_blk_n   |   9|          2|    1|          2|
    |data_V_data_15_V_blk_n   |   9|          2|    1|          2|
    |data_V_data_16_V_blk_n   |   9|          2|    1|          2|
    |data_V_data_17_V_blk_n   |   9|          2|    1|          2|
    |data_V_data_18_V_blk_n   |   9|          2|    1|          2|
    |data_V_data_19_V_blk_n   |   9|          2|    1|          2|
    |data_V_data_1_V_blk_n    |   9|          2|    1|          2|
    |data_V_data_20_V_blk_n   |   9|          2|    1|          2|
    |data_V_data_21_V_blk_n   |   9|          2|    1|          2|
    |data_V_data_22_V_blk_n   |   9|          2|    1|          2|
    |data_V_data_23_V_blk_n   |   9|          2|    1|          2|
    |data_V_data_24_V_blk_n   |   9|          2|    1|          2|
    |data_V_data_25_V_blk_n   |   9|          2|    1|          2|
    |data_V_data_26_V_blk_n   |   9|          2|    1|          2|
    |data_V_data_27_V_blk_n   |   9|          2|    1|          2|
    |data_V_data_28_V_blk_n   |   9|          2|    1|          2|
    |data_V_data_29_V_blk_n   |   9|          2|    1|          2|
    |data_V_data_2_V_blk_n    |   9|          2|    1|          2|
    |data_V_data_30_V_blk_n   |   9|          2|    1|          2|
    |data_V_data_31_V_blk_n   |   9|          2|    1|          2|
    |data_V_data_3_V_blk_n    |   9|          2|    1|          2|
    |data_V_data_4_V_blk_n    |   9|          2|    1|          2|
    |data_V_data_5_V_blk_n    |   9|          2|    1|          2|
    |data_V_data_6_V_blk_n    |   9|          2|    1|          2|
    |data_V_data_7_V_blk_n    |   9|          2|    1|          2|
    |data_V_data_8_V_blk_n    |   9|          2|    1|          2|
    |data_V_data_9_V_blk_n    |   9|          2|    1|          2|
    |i_0_reg_368              |   9|          2|    7|         14|
    |real_start               |   9|          2|    1|          2|
    |res_V_data_0_V_blk_n     |   9|          2|    1|          2|
    |res_V_data_10_V_blk_n    |   9|          2|    1|          2|
    |res_V_data_11_V_blk_n    |   9|          2|    1|          2|
    |res_V_data_12_V_blk_n    |   9|          2|    1|          2|
    |res_V_data_13_V_blk_n    |   9|          2|    1|          2|
    |res_V_data_14_V_blk_n    |   9|          2|    1|          2|
    |res_V_data_15_V_blk_n    |   9|          2|    1|          2|
    |res_V_data_16_V_blk_n    |   9|          2|    1|          2|
    |res_V_data_17_V_blk_n    |   9|          2|    1|          2|
    |res_V_data_18_V_blk_n    |   9|          2|    1|          2|
    |res_V_data_19_V_blk_n    |   9|          2|    1|          2|
    |res_V_data_1_V_blk_n     |   9|          2|    1|          2|
    |res_V_data_20_V_blk_n    |   9|          2|    1|          2|
    |res_V_data_21_V_blk_n    |   9|          2|    1|          2|
    |res_V_data_22_V_blk_n    |   9|          2|    1|          2|
    |res_V_data_23_V_blk_n    |   9|          2|    1|          2|
    |res_V_data_24_V_blk_n    |   9|          2|    1|          2|
    |res_V_data_25_V_blk_n    |   9|          2|    1|          2|
    |res_V_data_26_V_blk_n    |   9|          2|    1|          2|
    |res_V_data_27_V_blk_n    |   9|          2|    1|          2|
    |res_V_data_28_V_blk_n    |   9|          2|    1|          2|
    |res_V_data_29_V_blk_n    |   9|          2|    1|          2|
    |res_V_data_2_V_blk_n     |   9|          2|    1|          2|
    |res_V_data_30_V_blk_n    |   9|          2|    1|          2|
    |res_V_data_31_V_blk_n    |   9|          2|    1|          2|
    |res_V_data_3_V_blk_n     |   9|          2|    1|          2|
    |res_V_data_4_V_blk_n     |   9|          2|    1|          2|
    |res_V_data_5_V_blk_n     |   9|          2|    1|          2|
    |res_V_data_6_V_blk_n     |   9|          2|    1|          2|
    |res_V_data_7_V_blk_n     |   9|          2|    1|          2|
    |res_V_data_8_V_blk_n     |   9|          2|    1|          2|
    |res_V_data_9_V_blk_n     |   9|          2|    1|          2|
    +-------------------------+----+-----------+-----+-----------+
    |Total                    | 642|        142|   76|        154|
    +-------------------------+----+-----------+-----+-----------+

    * Register: 
    +----------------------------------+---+----+-----+-----------+
    |               Name               | FF| LUT| Bits| Const Bits|
    +----------------------------------+---+----+-----+-----------+
    |ap_CS_fsm                         |  3|   0|    3|          0|
    |ap_done_reg                       |  1|   0|    1|          0|
    |ap_enable_reg_pp0_iter0           |  1|   0|    1|          0|
    |ap_enable_reg_pp0_iter1           |  1|   0|    1|          0|
    |ap_enable_reg_pp0_iter2           |  1|   0|    1|          0|
    |i_0_reg_368                       |  7|   0|    7|          0|
    |icmp_ln41_reg_5383                |  1|   0|    1|          0|
    |icmp_ln41_reg_5383_pp0_iter1_reg  |  1|   0|    1|          0|
    |start_once_reg                    |  1|   0|    1|          0|
    |tmp_data_0_V_reg_5392             |  7|   0|    7|          0|
    |tmp_data_10_V_reg_5442            |  7|   0|    7|          0|
    |tmp_data_11_V_reg_5447            |  7|   0|    7|          0|
    |tmp_data_12_V_reg_5452            |  7|   0|    7|          0|
    |tmp_data_13_V_reg_5457            |  7|   0|    7|          0|
    |tmp_data_14_V_reg_5462            |  7|   0|    7|          0|
    |tmp_data_15_V_reg_5467            |  7|   0|    7|          0|
    |tmp_data_16_V_reg_5472            |  7|   0|    7|          0|
    |tmp_data_17_V_reg_5477            |  7|   0|    7|          0|
    |tmp_data_18_V_reg_5482            |  7|   0|    7|          0|
    |tmp_data_19_V_reg_5487            |  7|   0|    7|          0|
    |tmp_data_1_V_reg_5397             |  7|   0|    7|          0|
    |tmp_data_20_V_reg_5492            |  7|   0|    7|          0|
    |tmp_data_21_V_reg_5497            |  7|   0|    7|          0|
    |tmp_data_22_V_reg_5502            |  7|   0|    7|          0|
    |tmp_data_23_V_reg_5507            |  7|   0|    7|          0|
    |tmp_data_24_V_reg_5512            |  7|   0|    7|          0|
    |tmp_data_25_V_reg_5517            |  7|   0|    7|          0|
    |tmp_data_26_V_reg_5522            |  7|   0|    7|          0|
    |tmp_data_27_V_reg_5527            |  7|   0|    7|          0|
    |tmp_data_28_V_reg_5532            |  7|   0|    7|          0|
    |tmp_data_29_V_reg_5537            |  7|   0|    7|          0|
    |tmp_data_2_V_reg_5402             |  7|   0|    7|          0|
    |tmp_data_30_V_reg_5542            |  7|   0|    7|          0|
    |tmp_data_31_V_reg_5547            |  7|   0|    7|          0|
    |tmp_data_3_V_reg_5407             |  7|   0|    7|          0|
    |tmp_data_4_V_reg_5412             |  7|   0|    7|          0|
    |tmp_data_5_V_reg_5417             |  7|   0|    7|          0|
    |tmp_data_6_V_reg_5422             |  7|   0|    7|          0|
    |tmp_data_7_V_reg_5427             |  7|   0|    7|          0|
    |tmp_data_8_V_reg_5432             |  7|   0|    7|          0|
    |tmp_data_9_V_reg_5437             |  7|   0|    7|          0|
    +----------------------------------+---+----+-----+-----------+
    |Total                             |241|   0|  241|          0|
    +----------------------------------+---+----+-----+-----------+



================================================================
== Interface
================================================================
* Summary: 
+--------------------------+-----+-----+------------+------------------------------------------------------------------------+--------------+
|         RTL Ports        | Dir | Bits|  Protocol  |                              Source Object                             |    C Type    |
+--------------------------+-----+-----+------------+------------------------------------------------------------------------+--------------+
|ap_clk                    |  in |    1| ap_ctrl_hs | relu<array<ap_fixed,32u>,array<ap_fixed<8,4,0,0,0>,32u>,relu_config10> | return value |
|ap_rst                    |  in |    1| ap_ctrl_hs | relu<array<ap_fixed,32u>,array<ap_fixed<8,4,0,0,0>,32u>,relu_config10> | return value |
|ap_start                  |  in |    1| ap_ctrl_hs | relu<array<ap_fixed,32u>,array<ap_fixed<8,4,0,0,0>,32u>,relu_config10> | return value |
|start_full_n              |  in |    1| ap_ctrl_hs | relu<array<ap_fixed,32u>,array<ap_fixed<8,4,0,0,0>,32u>,relu_config10> | return value |
|ap_done                   | out |    1| ap_ctrl_hs | relu<array<ap_fixed,32u>,array<ap_fixed<8,4,0,0,0>,32u>,relu_config10> | return value |
|ap_continue               |  in |    1| ap_ctrl_hs | relu<array<ap_fixed,32u>,array<ap_fixed<8,4,0,0,0>,32u>,relu_config10> | return value |
|ap_idle                   | out |    1| ap_ctrl_hs | relu<array<ap_fixed,32u>,array<ap_fixed<8,4,0,0,0>,32u>,relu_config10> | return value |
|ap_ready                  | out |    1| ap_ctrl_hs | relu<array<ap_fixed,32u>,array<ap_fixed<8,4,0,0,0>,32u>,relu_config10> | return value |
|start_out                 | out |    1| ap_ctrl_hs | relu<array<ap_fixed,32u>,array<ap_fixed<8,4,0,0,0>,32u>,relu_config10> | return value |
|start_write               | out |    1| ap_ctrl_hs | relu<array<ap_fixed,32u>,array<ap_fixed<8,4,0,0,0>,32u>,relu_config10> | return value |
|data_V_data_0_V_dout      |  in |   14|   ap_fifo  |                             data_V_data_0_V                            |    pointer   |
|data_V_data_0_V_empty_n   |  in |    1|   ap_fifo  |                             data_V_data_0_V                            |    pointer   |
|data_V_data_0_V_read      | out |    1|   ap_fifo  |                             data_V_data_0_V                            |    pointer   |
|data_V_data_1_V_dout      |  in |   14|   ap_fifo  |                             data_V_data_1_V                            |    pointer   |
|data_V_data_1_V_empty_n   |  in |    1|   ap_fifo  |                             data_V_data_1_V                            |    pointer   |
|data_V_data_1_V_read      | out |    1|   ap_fifo  |                             data_V_data_1_V                            |    pointer   |
|data_V_data_2_V_dout      |  in |   14|   ap_fifo  |                             data_V_data_2_V                            |    pointer   |
|data_V_data_2_V_empty_n   |  in |    1|   ap_fifo  |                             data_V_data_2_V                            |    pointer   |
|data_V_data_2_V_read      | out |    1|   ap_fifo  |                             data_V_data_2_V                            |    pointer   |
|data_V_data_3_V_dout      |  in |   14|   ap_fifo  |                             data_V_data_3_V                            |    pointer   |
|data_V_data_3_V_empty_n   |  in |    1|   ap_fifo  |                             data_V_data_3_V                            |    pointer   |
|data_V_data_3_V_read      | out |    1|   ap_fifo  |                             data_V_data_3_V                            |    pointer   |
|data_V_data_4_V_dout      |  in |   14|   ap_fifo  |                             data_V_data_4_V                            |    pointer   |
|data_V_data_4_V_empty_n   |  in |    1|   ap_fifo  |                             data_V_data_4_V                            |    pointer   |
|data_V_data_4_V_read      | out |    1|   ap_fifo  |                             data_V_data_4_V                            |    pointer   |
|data_V_data_5_V_dout      |  in |   14|   ap_fifo  |                             data_V_data_5_V                            |    pointer   |
|data_V_data_5_V_empty_n   |  in |    1|   ap_fifo  |                             data_V_data_5_V                            |    pointer   |
|data_V_data_5_V_read      | out |    1|   ap_fifo  |                             data_V_data_5_V                            |    pointer   |
|data_V_data_6_V_dout      |  in |   14|   ap_fifo  |                             data_V_data_6_V                            |    pointer   |
|data_V_data_6_V_empty_n   |  in |    1|   ap_fifo  |                             data_V_data_6_V                            |    pointer   |
|data_V_data_6_V_read      | out |    1|   ap_fifo  |                             data_V_data_6_V                            |    pointer   |
|data_V_data_7_V_dout      |  in |   14|   ap_fifo  |                             data_V_data_7_V                            |    pointer   |
|data_V_data_7_V_empty_n   |  in |    1|   ap_fifo  |                             data_V_data_7_V                            |    pointer   |
|data_V_data_7_V_read      | out |    1|   ap_fifo  |                             data_V_data_7_V                            |    pointer   |
|data_V_data_8_V_dout      |  in |   14|   ap_fifo  |                             data_V_data_8_V                            |    pointer   |
|data_V_data_8_V_empty_n   |  in |    1|   ap_fifo  |                             data_V_data_8_V                            |    pointer   |
|data_V_data_8_V_read      | out |    1|   ap_fifo  |                             data_V_data_8_V                            |    pointer   |
|data_V_data_9_V_dout      |  in |   14|   ap_fifo  |                             data_V_data_9_V                            |    pointer   |
|data_V_data_9_V_empty_n   |  in |    1|   ap_fifo  |                             data_V_data_9_V                            |    pointer   |
|data_V_data_9_V_read      | out |    1|   ap_fifo  |                             data_V_data_9_V                            |    pointer   |
|data_V_data_10_V_dout     |  in |   14|   ap_fifo  |                            data_V_data_10_V                            |    pointer   |
|data_V_data_10_V_empty_n  |  in |    1|   ap_fifo  |                            data_V_data_10_V                            |    pointer   |
|data_V_data_10_V_read     | out |    1|   ap_fifo  |                            data_V_data_10_V                            |    pointer   |
|data_V_data_11_V_dout     |  in |   14|   ap_fifo  |                            data_V_data_11_V                            |    pointer   |
|data_V_data_11_V_empty_n  |  in |    1|   ap_fifo  |                            data_V_data_11_V                            |    pointer   |
|data_V_data_11_V_read     | out |    1|   ap_fifo  |                            data_V_data_11_V                            |    pointer   |
|data_V_data_12_V_dout     |  in |   14|   ap_fifo  |                            data_V_data_12_V                            |    pointer   |
|data_V_data_12_V_empty_n  |  in |    1|   ap_fifo  |                            data_V_data_12_V                            |    pointer   |
|data_V_data_12_V_read     | out |    1|   ap_fifo  |                            data_V_data_12_V                            |    pointer   |
|data_V_data_13_V_dout     |  in |   14|   ap_fifo  |                            data_V_data_13_V                            |    pointer   |
|data_V_data_13_V_empty_n  |  in |    1|   ap_fifo  |                            data_V_data_13_V                            |    pointer   |
|data_V_data_13_V_read     | out |    1|   ap_fifo  |                            data_V_data_13_V                            |    pointer   |
|data_V_data_14_V_dout     |  in |   14|   ap_fifo  |                            data_V_data_14_V                            |    pointer   |
|data_V_data_14_V_empty_n  |  in |    1|   ap_fifo  |                            data_V_data_14_V                            |    pointer   |
|data_V_data_14_V_read     | out |    1|   ap_fifo  |                            data_V_data_14_V                            |    pointer   |
|data_V_data_15_V_dout     |  in |   14|   ap_fifo  |                            data_V_data_15_V                            |    pointer   |
|data_V_data_15_V_empty_n  |  in |    1|   ap_fifo  |                            data_V_data_15_V                            |    pointer   |
|data_V_data_15_V_read     | out |    1|   ap_fifo  |                            data_V_data_15_V                            |    pointer   |
|data_V_data_16_V_dout     |  in |   14|   ap_fifo  |                            data_V_data_16_V                            |    pointer   |
|data_V_data_16_V_empty_n  |  in |    1|   ap_fifo  |                            data_V_data_16_V                            |    pointer   |
|data_V_data_16_V_read     | out |    1|   ap_fifo  |                            data_V_data_16_V                            |    pointer   |
|data_V_data_17_V_dout     |  in |   14|   ap_fifo  |                            data_V_data_17_V                            |    pointer   |
|data_V_data_17_V_empty_n  |  in |    1|   ap_fifo  |                            data_V_data_17_V                            |    pointer   |
|data_V_data_17_V_read     | out |    1|   ap_fifo  |                            data_V_data_17_V                            |    pointer   |
|data_V_data_18_V_dout     |  in |   14|   ap_fifo  |                            data_V_data_18_V                            |    pointer   |
|data_V_data_18_V_empty_n  |  in |    1|   ap_fifo  |                            data_V_data_18_V                            |    pointer   |
|data_V_data_18_V_read     | out |    1|   ap_fifo  |                            data_V_data_18_V                            |    pointer   |
|data_V_data_19_V_dout     |  in |   14|   ap_fifo  |                            data_V_data_19_V                            |    pointer   |
|data_V_data_19_V_empty_n  |  in |    1|   ap_fifo  |                            data_V_data_19_V                            |    pointer   |
|data_V_data_19_V_read     | out |    1|   ap_fifo  |                            data_V_data_19_V                            |    pointer   |
|data_V_data_20_V_dout     |  in |   14|   ap_fifo  |                            data_V_data_20_V                            |    pointer   |
|data_V_data_20_V_empty_n  |  in |    1|   ap_fifo  |                            data_V_data_20_V                            |    pointer   |
|data_V_data_20_V_read     | out |    1|   ap_fifo  |                            data_V_data_20_V                            |    pointer   |
|data_V_data_21_V_dout     |  in |   14|   ap_fifo  |                            data_V_data_21_V                            |    pointer   |
|data_V_data_21_V_empty_n  |  in |    1|   ap_fifo  |                            data_V_data_21_V                            |    pointer   |
|data_V_data_21_V_read     | out |    1|   ap_fifo  |                            data_V_data_21_V                            |    pointer   |
|data_V_data_22_V_dout     |  in |   14|   ap_fifo  |                            data_V_data_22_V                            |    pointer   |
|data_V_data_22_V_empty_n  |  in |    1|   ap_fifo  |                            data_V_data_22_V                            |    pointer   |
|data_V_data_22_V_read     | out |    1|   ap_fifo  |                            data_V_data_22_V                            |    pointer   |
|data_V_data_23_V_dout     |  in |   14|   ap_fifo  |                            data_V_data_23_V                            |    pointer   |
|data_V_data_23_V_empty_n  |  in |    1|   ap_fifo  |                            data_V_data_23_V                            |    pointer   |
|data_V_data_23_V_read     | out |    1|   ap_fifo  |                            data_V_data_23_V                            |    pointer   |
|data_V_data_24_V_dout     |  in |   14|   ap_fifo  |                            data_V_data_24_V                            |    pointer   |
|data_V_data_24_V_empty_n  |  in |    1|   ap_fifo  |                            data_V_data_24_V                            |    pointer   |
|data_V_data_24_V_read     | out |    1|   ap_fifo  |                            data_V_data_24_V                            |    pointer   |
|data_V_data_25_V_dout     |  in |   14|   ap_fifo  |                            data_V_data_25_V                            |    pointer   |
|data_V_data_25_V_empty_n  |  in |    1|   ap_fifo  |                            data_V_data_25_V                            |    pointer   |
|data_V_data_25_V_read     | out |    1|   ap_fifo  |                            data_V_data_25_V                            |    pointer   |
|data_V_data_26_V_dout     |  in |   14|   ap_fifo  |                            data_V_data_26_V                            |    pointer   |
|data_V_data_26_V_empty_n  |  in |    1|   ap_fifo  |                            data_V_data_26_V                            |    pointer   |
|data_V_data_26_V_read     | out |    1|   ap_fifo  |                            data_V_data_26_V                            |    pointer   |
|data_V_data_27_V_dout     |  in |   14|   ap_fifo  |                            data_V_data_27_V                            |    pointer   |
|data_V_data_27_V_empty_n  |  in |    1|   ap_fifo  |                            data_V_data_27_V                            |    pointer   |
|data_V_data_27_V_read     | out |    1|   ap_fifo  |                            data_V_data_27_V                            |    pointer   |
|data_V_data_28_V_dout     |  in |   14|   ap_fifo  |                            data_V_data_28_V                            |    pointer   |
|data_V_data_28_V_empty_n  |  in |    1|   ap_fifo  |                            data_V_data_28_V                            |    pointer   |
|data_V_data_28_V_read     | out |    1|   ap_fifo  |                            data_V_data_28_V                            |    pointer   |
|data_V_data_29_V_dout     |  in |   14|   ap_fifo  |                            data_V_data_29_V                            |    pointer   |
|data_V_data_29_V_empty_n  |  in |    1|   ap_fifo  |                            data_V_data_29_V                            |    pointer   |
|data_V_data_29_V_read     | out |    1|   ap_fifo  |                            data_V_data_29_V                            |    pointer   |
|data_V_data_30_V_dout     |  in |   14|   ap_fifo  |                            data_V_data_30_V                            |    pointer   |
|data_V_data_30_V_empty_n  |  in |    1|   ap_fifo  |                            data_V_data_30_V                            |    pointer   |
|data_V_data_30_V_read     | out |    1|   ap_fifo  |                            data_V_data_30_V                            |    pointer   |
|data_V_data_31_V_dout     |  in |   14|   ap_fifo  |                            data_V_data_31_V                            |    pointer   |
|data_V_data_31_V_empty_n  |  in |    1|   ap_fifo  |                            data_V_data_31_V                            |    pointer   |
|data_V_data_31_V_read     | out |    1|   ap_fifo  |                            data_V_data_31_V                            |    pointer   |
|res_V_data_0_V_din        | out |    8|   ap_fifo  |                             res_V_data_0_V                             |    pointer   |
|res_V_data_0_V_full_n     |  in |    1|   ap_fifo  |                             res_V_data_0_V                             |    pointer   |
|res_V_data_0_V_write      | out |    1|   ap_fifo  |                             res_V_data_0_V                             |    pointer   |
|res_V_data_1_V_din        | out |    8|   ap_fifo  |                             res_V_data_1_V                             |    pointer   |
|res_V_data_1_V_full_n     |  in |    1|   ap_fifo  |                             res_V_data_1_V                             |    pointer   |
|res_V_data_1_V_write      | out |    1|   ap_fifo  |                             res_V_data_1_V                             |    pointer   |
|res_V_data_2_V_din        | out |    8|   ap_fifo  |                             res_V_data_2_V                             |    pointer   |
|res_V_data_2_V_full_n     |  in |    1|   ap_fifo  |                             res_V_data_2_V                             |    pointer   |
|res_V_data_2_V_write      | out |    1|   ap_fifo  |                             res_V_data_2_V                             |    pointer   |
|res_V_data_3_V_din        | out |    8|   ap_fifo  |                             res_V_data_3_V                             |    pointer   |
|res_V_data_3_V_full_n     |  in |    1|   ap_fifo  |                             res_V_data_3_V                             |    pointer   |
|res_V_data_3_V_write      | out |    1|   ap_fifo  |                             res_V_data_3_V                             |    pointer   |
|res_V_data_4_V_din        | out |    8|   ap_fifo  |                             res_V_data_4_V                             |    pointer   |
|res_V_data_4_V_full_n     |  in |    1|   ap_fifo  |                             res_V_data_4_V                             |    pointer   |
|res_V_data_4_V_write      | out |    1|   ap_fifo  |                             res_V_data_4_V                             |    pointer   |
|res_V_data_5_V_din        | out |    8|   ap_fifo  |                             res_V_data_5_V                             |    pointer   |
|res_V_data_5_V_full_n     |  in |    1|   ap_fifo  |                             res_V_data_5_V                             |    pointer   |
|res_V_data_5_V_write      | out |    1|   ap_fifo  |                             res_V_data_5_V                             |    pointer   |
|res_V_data_6_V_din        | out |    8|   ap_fifo  |                             res_V_data_6_V                             |    pointer   |
|res_V_data_6_V_full_n     |  in |    1|   ap_fifo  |                             res_V_data_6_V                             |    pointer   |
|res_V_data_6_V_write      | out |    1|   ap_fifo  |                             res_V_data_6_V                             |    pointer   |
|res_V_data_7_V_din        | out |    8|   ap_fifo  |                             res_V_data_7_V                             |    pointer   |
|res_V_data_7_V_full_n     |  in |    1|   ap_fifo  |                             res_V_data_7_V                             |    pointer   |
|res_V_data_7_V_write      | out |    1|   ap_fifo  |                             res_V_data_7_V                             |    pointer   |
|res_V_data_8_V_din        | out |    8|   ap_fifo  |                             res_V_data_8_V                             |    pointer   |
|res_V_data_8_V_full_n     |  in |    1|   ap_fifo  |                             res_V_data_8_V                             |    pointer   |
|res_V_data_8_V_write      | out |    1|   ap_fifo  |                             res_V_data_8_V                             |    pointer   |
|res_V_data_9_V_din        | out |    8|   ap_fifo  |                             res_V_data_9_V                             |    pointer   |
|res_V_data_9_V_full_n     |  in |    1|   ap_fifo  |                             res_V_data_9_V                             |    pointer   |
|res_V_data_9_V_write      | out |    1|   ap_fifo  |                             res_V_data_9_V                             |    pointer   |
|res_V_data_10_V_din       | out |    8|   ap_fifo  |                             res_V_data_10_V                            |    pointer   |
|res_V_data_10_V_full_n    |  in |    1|   ap_fifo  |                             res_V_data_10_V                            |    pointer   |
|res_V_data_10_V_write     | out |    1|   ap_fifo  |                             res_V_data_10_V                            |    pointer   |
|res_V_data_11_V_din       | out |    8|   ap_fifo  |                             res_V_data_11_V                            |    pointer   |
|res_V_data_11_V_full_n    |  in |    1|   ap_fifo  |                             res_V_data_11_V                            |    pointer   |
|res_V_data_11_V_write     | out |    1|   ap_fifo  |                             res_V_data_11_V                            |    pointer   |
|res_V_data_12_V_din       | out |    8|   ap_fifo  |                             res_V_data_12_V                            |    pointer   |
|res_V_data_12_V_full_n    |  in |    1|   ap_fifo  |                             res_V_data_12_V                            |    pointer   |
|res_V_data_12_V_write     | out |    1|   ap_fifo  |                             res_V_data_12_V                            |    pointer   |
|res_V_data_13_V_din       | out |    8|   ap_fifo  |                             res_V_data_13_V                            |    pointer   |
|res_V_data_13_V_full_n    |  in |    1|   ap_fifo  |                             res_V_data_13_V                            |    pointer   |
|res_V_data_13_V_write     | out |    1|   ap_fifo  |                             res_V_data_13_V                            |    pointer   |
|res_V_data_14_V_din       | out |    8|   ap_fifo  |                             res_V_data_14_V                            |    pointer   |
|res_V_data_14_V_full_n    |  in |    1|   ap_fifo  |                             res_V_data_14_V                            |    pointer   |
|res_V_data_14_V_write     | out |    1|   ap_fifo  |                             res_V_data_14_V                            |    pointer   |
|res_V_data_15_V_din       | out |    8|   ap_fifo  |                             res_V_data_15_V                            |    pointer   |
|res_V_data_15_V_full_n    |  in |    1|   ap_fifo  |                             res_V_data_15_V                            |    pointer   |
|res_V_data_15_V_write     | out |    1|   ap_fifo  |                             res_V_data_15_V                            |    pointer   |
|res_V_data_16_V_din       | out |    8|   ap_fifo  |                             res_V_data_16_V                            |    pointer   |
|res_V_data_16_V_full_n    |  in |    1|   ap_fifo  |                             res_V_data_16_V                            |    pointer   |
|res_V_data_16_V_write     | out |    1|   ap_fifo  |                             res_V_data_16_V                            |    pointer   |
|res_V_data_17_V_din       | out |    8|   ap_fifo  |                             res_V_data_17_V                            |    pointer   |
|res_V_data_17_V_full_n    |  in |    1|   ap_fifo  |                             res_V_data_17_V                            |    pointer   |
|res_V_data_17_V_write     | out |    1|   ap_fifo  |                             res_V_data_17_V                            |    pointer   |
|res_V_data_18_V_din       | out |    8|   ap_fifo  |                             res_V_data_18_V                            |    pointer   |
|res_V_data_18_V_full_n    |  in |    1|   ap_fifo  |                             res_V_data_18_V                            |    pointer   |
|res_V_data_18_V_write     | out |    1|   ap_fifo  |                             res_V_data_18_V                            |    pointer   |
|res_V_data_19_V_din       | out |    8|   ap_fifo  |                             res_V_data_19_V                            |    pointer   |
|res_V_data_19_V_full_n    |  in |    1|   ap_fifo  |                             res_V_data_19_V                            |    pointer   |
|res_V_data_19_V_write     | out |    1|   ap_fifo  |                             res_V_data_19_V                            |    pointer   |
|res_V_data_20_V_din       | out |    8|   ap_fifo  |                             res_V_data_20_V                            |    pointer   |
|res_V_data_20_V_full_n    |  in |    1|   ap_fifo  |                             res_V_data_20_V                            |    pointer   |
|res_V_data_20_V_write     | out |    1|   ap_fifo  |                             res_V_data_20_V                            |    pointer   |
|res_V_data_21_V_din       | out |    8|   ap_fifo  |                             res_V_data_21_V                            |    pointer   |
|res_V_data_21_V_full_n    |  in |    1|   ap_fifo  |                             res_V_data_21_V                            |    pointer   |
|res_V_data_21_V_write     | out |    1|   ap_fifo  |                             res_V_data_21_V                            |    pointer   |
|res_V_data_22_V_din       | out |    8|   ap_fifo  |                             res_V_data_22_V                            |    pointer   |
|res_V_data_22_V_full_n    |  in |    1|   ap_fifo  |                             res_V_data_22_V                            |    pointer   |
|res_V_data_22_V_write     | out |    1|   ap_fifo  |                             res_V_data_22_V                            |    pointer   |
|res_V_data_23_V_din       | out |    8|   ap_fifo  |                             res_V_data_23_V                            |    pointer   |
|res_V_data_23_V_full_n    |  in |    1|   ap_fifo  |                             res_V_data_23_V                            |    pointer   |
|res_V_data_23_V_write     | out |    1|   ap_fifo  |                             res_V_data_23_V                            |    pointer   |
|res_V_data_24_V_din       | out |    8|   ap_fifo  |                             res_V_data_24_V                            |    pointer   |
|res_V_data_24_V_full_n    |  in |    1|   ap_fifo  |                             res_V_data_24_V                            |    pointer   |
|res_V_data_24_V_write     | out |    1|   ap_fifo  |                             res_V_data_24_V                            |    pointer   |
|res_V_data_25_V_din       | out |    8|   ap_fifo  |                             res_V_data_25_V                            |    pointer   |
|res_V_data_25_V_full_n    |  in |    1|   ap_fifo  |                             res_V_data_25_V                            |    pointer   |
|res_V_data_25_V_write     | out |    1|   ap_fifo  |                             res_V_data_25_V                            |    pointer   |
|res_V_data_26_V_din       | out |    8|   ap_fifo  |                             res_V_data_26_V                            |    pointer   |
|res_V_data_26_V_full_n    |  in |    1|   ap_fifo  |                             res_V_data_26_V                            |    pointer   |
|res_V_data_26_V_write     | out |    1|   ap_fifo  |                             res_V_data_26_V                            |    pointer   |
|res_V_data_27_V_din       | out |    8|   ap_fifo  |                             res_V_data_27_V                            |    pointer   |
|res_V_data_27_V_full_n    |  in |    1|   ap_fifo  |                             res_V_data_27_V                            |    pointer   |
|res_V_data_27_V_write     | out |    1|   ap_fifo  |                             res_V_data_27_V                            |    pointer   |
|res_V_data_28_V_din       | out |    8|   ap_fifo  |                             res_V_data_28_V                            |    pointer   |
|res_V_data_28_V_full_n    |  in |    1|   ap_fifo  |                             res_V_data_28_V                            |    pointer   |
|res_V_data_28_V_write     | out |    1|   ap_fifo  |                             res_V_data_28_V                            |    pointer   |
|res_V_data_29_V_din       | out |    8|   ap_fifo  |                             res_V_data_29_V                            |    pointer   |
|res_V_data_29_V_full_n    |  in |    1|   ap_fifo  |                             res_V_data_29_V                            |    pointer   |
|res_V_data_29_V_write     | out |    1|   ap_fifo  |                             res_V_data_29_V                            |    pointer   |
|res_V_data_30_V_din       | out |    8|   ap_fifo  |                             res_V_data_30_V                            |    pointer   |
|res_V_data_30_V_full_n    |  in |    1|   ap_fifo  |                             res_V_data_30_V                            |    pointer   |
|res_V_data_30_V_write     | out |    1|   ap_fifo  |                             res_V_data_30_V                            |    pointer   |
|res_V_data_31_V_din       | out |    8|   ap_fifo  |                             res_V_data_31_V                            |    pointer   |
|res_V_data_31_V_full_n    |  in |    1|   ap_fifo  |                             res_V_data_31_V                            |    pointer   |
|res_V_data_31_V_write     | out |    1|   ap_fifo  |                             res_V_data_31_V                            |    pointer   |
+--------------------------+-----+-----+------------+------------------------------------------------------------------------+--------------+

