

================================================================
== Vivado HLS Report for 'zeropad2d_cl_array_array_ap_fixed_32u_config16_s'
================================================================
* Date:           Tue Aug  9 17:18:04 2022

* Version:        2019.2.1 (Build 2724168 on Thu Dec 05 05:19:09 MST 2019)
* Project:        myproject_prj
* Solution:       solution1
* Product family: zynq
* Target device:  xc7z020-clg400-1


================================================================
== Performance Estimates
================================================================
+ Timing: 
    * Summary: 
    +--------+----------+----------+------------+
    |  Clock |  Target  | Estimated| Uncertainty|
    +--------+----------+----------+------------+
    |ap_clk  | 10.00 ns | 7.268 ns |   1.25 ns  |
    +--------+----------+----------+------------+

+ Latency: 
    * Summary: 
    +---------+---------+----------+----------+-----+-----+---------+
    |  Latency (cycles) |  Latency (absolute) |  Interval | Pipeline|
    |   min   |   max   |    min   |    max   | min | max |   Type  |
    +---------+---------+----------+----------+-----+-----+---------+
    |      103|      103| 1.030 us | 1.030 us |  103|  103|   none  |
    +---------+---------+----------+----------+-----+-----+---------+

    + Detail: 
        * Instance: 
        N/A

        * Loop: 
        +------------------+---------+---------+----------+-----------+-----------+------+----------+
        |                  |  Latency (cycles) | Iteration|  Initiation Interval  | Trip |          |
        |     Loop Name    |   min   |   max   |  Latency |  achieved |   target  | Count| Pipelined|
        +------------------+---------+---------+----------+-----------+-----------+------+----------+
        |- PadTopWidth     |       10|       10|         1|          -|          -|    10|    no    |
        |- PadMain         |       80|       80|        10|          -|          -|     8|    no    |
        | + CopyMain       |        8|        8|         1|          -|          -|     8|    no    |
        |- PadBottomWidth  |       10|       10|         1|          -|          -|    10|    no    |
        +------------------+---------+---------+----------+-----------+-----------+------+----------+



================================================================
== Utilization Estimates
================================================================
* Summary: 
+-----------------+---------+-------+--------+-------+-----+
|       Name      | BRAM_18K| DSP48E|   FF   |  LUT  | URAM|
+-----------------+---------+-------+--------+-------+-----+
|DSP              |        -|      -|       -|      -|    -|
|Expression       |        -|      -|       0|    106|    -|
|FIFO             |        -|      -|       -|      -|    -|
|Instance         |        -|      -|       -|      -|    -|
|Memory           |        -|      -|       -|      -|    -|
|Multiplexer      |        -|      -|       -|   1143|    -|
|Register         |        -|      -|      27|      -|    -|
+-----------------+---------+-------+--------+-------+-----+
|Total            |        0|      0|      27|   1249|    0|
+-----------------+---------+-------+--------+-------+-----+
|Available        |      280|    220|  106400|  53200|    0|
+-----------------+---------+-------+--------+-------+-----+
|Utilization (%)  |        0|      0|   ~0   |      2|    0|
+-----------------+---------+-------+--------+-------+-----+

+ Detail: 
    * Instance: 
    N/A

    * DSP48E: 
    N/A

    * Memory: 
    N/A

    * FIFO: 
    N/A

    * Expression: 
    +---------------------------+----------+-------+---+----+------------+------------+
    |       Variable Name       | Operation| DSP48E| FF| LUT| Bitwidth P0| Bitwidth P1|
    +---------------------------+----------+-------+---+----+------------+------------+
    |i_fu_444_p2                |     +    |      0|  0|  13|           4|           1|
    |j_1_fu_628_p2              |     +    |      0|  0|  13|           4|           1|
    |j_2_fu_456_p2              |     +    |      0|  0|  13|           4|           1|
    |j_fu_432_p2                |     +    |      0|  0|  13|           4|           1|
    |ap_block_state2            |    and   |      0|  0|   2|           1|           1|
    |ap_block_state3            |    and   |      0|  0|   2|           1|           1|
    |ap_block_state5            |    and   |      0|  0|   2|           1|           1|
    |io_acc_block_signal_op102  |    and   |      0|  0|   2|           1|           1|
    |io_acc_block_signal_op135  |    and   |      0|  0|   2|           1|           1|
    |icmp_ln56_fu_426_p2        |   icmp   |      0|  0|   9|           4|           4|
    |icmp_ln61_fu_438_p2        |   icmp   |      0|  0|  11|           4|           5|
    |icmp_ln65_fu_450_p2        |   icmp   |      0|  0|  11|           4|           5|
    |icmp_ln74_fu_622_p2        |   icmp   |      0|  0|   9|           4|           4|
    |ap_block_state1            |    or    |      0|  0|   2|           1|           1|
    |ap_block_state4            |    or    |      0|  0|   2|           1|           1|
    +---------------------------+----------+-------+---+----+------------+------------+
    |Total                      |          |      0|  0| 106|          39|          29|
    +---------------------------+----------+-------+---+----+------------+------------+

    * Multiplexer: 
    +------------------------+----+-----------+-----+-----------+
    |          Name          | LUT| Input Size| Bits| Total Bits|
    +------------------------+----+-----------+-----+-----------+
    |ap_NS_fsm               |  33|          6|    1|          6|
    |ap_done                 |   9|          2|    1|          2|
    |data_V_data_0_V_blk_n   |   9|          2|    1|          2|
    |data_V_data_10_V_blk_n  |   9|          2|    1|          2|
    |data_V_data_11_V_blk_n  |   9|          2|    1|          2|
    |data_V_data_12_V_blk_n  |   9|          2|    1|          2|
    |data_V_data_13_V_blk_n  |   9|          2|    1|          2|
    |data_V_data_14_V_blk_n  |   9|          2|    1|          2|
    |data_V_data_15_V_blk_n  |   9|          2|    1|          2|
    |data_V_data_16_V_blk_n  |   9|          2|    1|          2|
    |data_V_data_17_V_blk_n  |   9|          2|    1|          2|
    |data_V_data_18_V_blk_n  |   9|          2|    1|          2|
    |data_V_data_19_V_blk_n  |   9|          2|    1|          2|
    |data_V_data_1_V_blk_n   |   9|          2|    1|          2|
    |data_V_data_20_V_blk_n  |   9|          2|    1|          2|
    |data_V_data_21_V_blk_n  |   9|          2|    1|          2|
    |data_V_data_22_V_blk_n  |   9|          2|    1|          2|
    |data_V_data_23_V_blk_n  |   9|          2|    1|          2|
    |data_V_data_24_V_blk_n  |   9|          2|    1|          2|
    |data_V_data_25_V_blk_n  |   9|          2|    1|          2|
    |data_V_data_26_V_blk_n  |   9|          2|    1|          2|
    |data_V_data_27_V_blk_n  |   9|          2|    1|          2|
    |data_V_data_28_V_blk_n  |   9|          2|    1|          2|
    |data_V_data_29_V_blk_n  |   9|          2|    1|          2|
    |data_V_data_2_V_blk_n   |   9|          2|    1|          2|
    |data_V_data_30_V_blk_n  |   9|          2|    1|          2|
    |data_V_data_31_V_blk_n  |   9|          2|    1|          2|
    |data_V_data_3_V_blk_n   |   9|          2|    1|          2|
    |data_V_data_4_V_blk_n   |   9|          2|    1|          2|
    |data_V_data_5_V_blk_n   |   9|          2|    1|          2|
    |data_V_data_6_V_blk_n   |   9|          2|    1|          2|
    |data_V_data_7_V_blk_n   |   9|          2|    1|          2|
    |data_V_data_8_V_blk_n   |   9|          2|    1|          2|
    |data_V_data_9_V_blk_n   |   9|          2|    1|          2|
    |i1_0_reg_393            |   9|          2|    4|          8|
    |j3_0_reg_404            |   9|          2|    4|          8|
    |j6_0_reg_415            |   9|          2|    4|          8|
    |j_0_reg_382             |   9|          2|    4|          8|
    |real_start              |   9|          2|    1|          2|
    |res_V_data_0_V_blk_n    |   9|          2|    1|          2|
    |res_V_data_0_V_din      |  15|          3|    8|         24|
    |res_V_data_10_V_blk_n   |   9|          2|    1|          2|
    |res_V_data_10_V_din     |  15|          3|    8|         24|
    |res_V_data_11_V_blk_n   |   9|          2|    1|          2|
    |res_V_data_11_V_din     |  15|          3|    8|         24|
    |res_V_data_12_V_blk_n   |   9|          2|    1|          2|
    |res_V_data_12_V_din     |  15|          3|    8|         24|
    |res_V_data_13_V_blk_n   |   9|          2|    1|          2|
    |res_V_data_13_V_din     |  15|          3|    8|         24|
    |res_V_data_14_V_blk_n   |   9|          2|    1|          2|
    |res_V_data_14_V_din     |  15|          3|    8|         24|
    |res_V_data_15_V_blk_n   |   9|          2|    1|          2|
    |res_V_data_15_V_din     |  15|          3|    8|         24|
    |res_V_data_16_V_blk_n   |   9|          2|    1|          2|
    |res_V_data_16_V_din     |  15|          3|    8|         24|
    |res_V_data_17_V_blk_n   |   9|          2|    1|          2|
    |res_V_data_17_V_din     |  15|          3|    8|         24|
    |res_V_data_18_V_blk_n   |   9|          2|    1|          2|
    |res_V_data_18_V_din     |  15|          3|    8|         24|
    |res_V_data_19_V_blk_n   |   9|          2|    1|          2|
    |res_V_data_19_V_din     |  15|          3|    8|         24|
    |res_V_data_1_V_blk_n    |   9|          2|    1|          2|
    |res_V_data_1_V_din      |  15|          3|    8|         24|
    |res_V_data_20_V_blk_n   |   9|          2|    1|          2|
    |res_V_data_20_V_din     |  15|          3|    8|         24|
    |res_V_data_21_V_blk_n   |   9|          2|    1|          2|
    |res_V_data_21_V_din     |  15|          3|    8|         24|
    |res_V_data_22_V_blk_n   |   9|          2|    1|          2|
    |res_V_data_22_V_din     |  15|          3|    8|         24|
    |res_V_data_23_V_blk_n   |   9|          2|    1|          2|
    |res_V_data_23_V_din     |  15|          3|    8|         24|
    |res_V_data_24_V_blk_n   |   9|          2|    1|          2|
    |res_V_data_24_V_din     |  15|          3|    8|         24|
    |res_V_data_25_V_blk_n   |   9|          2|    1|          2|
    |res_V_data_25_V_din     |  15|          3|    8|         24|
    |res_V_data_26_V_blk_n   |   9|          2|    1|          2|
    |res_V_data_26_V_din     |  15|          3|    8|         24|
    |res_V_data_27_V_blk_n   |   9|          2|    1|          2|
    |res_V_data_27_V_din     |  15|          3|    8|         24|
    |res_V_data_28_V_blk_n   |   9|          2|    1|          2|
    |res_V_data_28_V_din     |  15|          3|    8|         24|
    |res_V_data_29_V_blk_n   |   9|          2|    1|          2|
    |res_V_data_29_V_din     |  15|          3|    8|         24|
    |res_V_data_2_V_blk_n    |   9|          2|    1|          2|
    |res_V_data_2_V_din      |  15|          3|    8|         24|
    |res_V_data_30_V_blk_n   |   9|          2|    1|          2|
    |res_V_data_30_V_din     |  15|          3|    8|         24|
    |res_V_data_31_V_blk_n   |   9|          2|    1|          2|
    |res_V_data_31_V_din     |  15|          3|    8|         24|
    |res_V_data_3_V_blk_n    |   9|          2|    1|          2|
    |res_V_data_3_V_din      |  15|          3|    8|         24|
    |res_V_data_4_V_blk_n    |   9|          2|    1|          2|
    |res_V_data_4_V_din      |  15|          3|    8|         24|
    |res_V_data_5_V_blk_n    |   9|          2|    1|          2|
    |res_V_data_5_V_din      |  15|          3|    8|         24|
    |res_V_data_6_V_blk_n    |   9|          2|    1|          2|
    |res_V_data_6_V_din      |  15|          3|    8|         24|
    |res_V_data_7_V_blk_n    |   9|          2|    1|          2|
    |res_V_data_7_V_din      |  15|          3|    8|         24|
    |res_V_data_8_V_blk_n    |   9|          2|    1|          2|
    |res_V_data_8_V_din      |  15|          3|    8|         24|
    |res_V_data_9_V_blk_n    |   9|          2|    1|          2|
    |res_V_data_9_V_din      |  15|          3|    8|         24|
    +------------------------+----+-----------+-----+-----------+
    |Total                   |1143|        242|  339|        938|
    +------------------------+----+-----------+-----+-----------+

    * Register: 
    +----------------+---+----+-----+-----------+
    |      Name      | FF| LUT| Bits| Const Bits|
    +----------------+---+----+-----+-----------+
    |ap_CS_fsm       |  5|   0|    5|          0|
    |ap_done_reg     |  1|   0|    1|          0|
    |i1_0_reg_393    |  4|   0|    4|          0|
    |i_reg_645       |  4|   0|    4|          0|
    |j3_0_reg_404    |  4|   0|    4|          0|
    |j6_0_reg_415    |  4|   0|    4|          0|
    |j_0_reg_382     |  4|   0|    4|          0|
    |start_once_reg  |  1|   0|    1|          0|
    +----------------+---+----+-----+-----------+
    |Total           | 27|   0|   27|          0|
    +----------------+---+----+-----+-----------+



================================================================
== Interface
================================================================
* Summary: 
+--------------------------+-----+-----+------------+--------------------------------------------------+--------------+
|         RTL Ports        | Dir | Bits|  Protocol  |                   Source Object                  |    C Type    |
+--------------------------+-----+-----+------------+--------------------------------------------------+--------------+
|ap_clk                    |  in |    1| ap_ctrl_hs | zeropad2d_cl<array,array<ap_fixed,32u>,config16> | return value |
|ap_rst                    |  in |    1| ap_ctrl_hs | zeropad2d_cl<array,array<ap_fixed,32u>,config16> | return value |
|ap_start                  |  in |    1| ap_ctrl_hs | zeropad2d_cl<array,array<ap_fixed,32u>,config16> | return value |
|start_full_n              |  in |    1| ap_ctrl_hs | zeropad2d_cl<array,array<ap_fixed,32u>,config16> | return value |
|ap_done                   | out |    1| ap_ctrl_hs | zeropad2d_cl<array,array<ap_fixed,32u>,config16> | return value |
|ap_continue               |  in |    1| ap_ctrl_hs | zeropad2d_cl<array,array<ap_fixed,32u>,config16> | return value |
|ap_idle                   | out |    1| ap_ctrl_hs | zeropad2d_cl<array,array<ap_fixed,32u>,config16> | return value |
|ap_ready                  | out |    1| ap_ctrl_hs | zeropad2d_cl<array,array<ap_fixed,32u>,config16> | return value |
|start_out                 | out |    1| ap_ctrl_hs | zeropad2d_cl<array,array<ap_fixed,32u>,config16> | return value |
|start_write               | out |    1| ap_ctrl_hs | zeropad2d_cl<array,array<ap_fixed,32u>,config16> | return value |
|data_V_data_0_V_dout      |  in |    8|   ap_fifo  |                  data_V_data_0_V                 |    pointer   |
|data_V_data_0_V_empty_n   |  in |    1|   ap_fifo  |                  data_V_data_0_V                 |    pointer   |
|data_V_data_0_V_read      | out |    1|   ap_fifo  |                  data_V_data_0_V                 |    pointer   |
|data_V_data_1_V_dout      |  in |    8|   ap_fifo  |                  data_V_data_1_V                 |    pointer   |
|data_V_data_1_V_empty_n   |  in |    1|   ap_fifo  |                  data_V_data_1_V                 |    pointer   |
|data_V_data_1_V_read      | out |    1|   ap_fifo  |                  data_V_data_1_V                 |    pointer   |
|data_V_data_2_V_dout      |  in |    8|   ap_fifo  |                  data_V_data_2_V                 |    pointer   |
|data_V_data_2_V_empty_n   |  in |    1|   ap_fifo  |                  data_V_data_2_V                 |    pointer   |
|data_V_data_2_V_read      | out |    1|   ap_fifo  |                  data_V_data_2_V                 |    pointer   |
|data_V_data_3_V_dout      |  in |    8|   ap_fifo  |                  data_V_data_3_V                 |    pointer   |
|data_V_data_3_V_empty_n   |  in |    1|   ap_fifo  |                  data_V_data_3_V                 |    pointer   |
|data_V_data_3_V_read      | out |    1|   ap_fifo  |                  data_V_data_3_V                 |    pointer   |
|data_V_data_4_V_dout      |  in |    8|   ap_fifo  |                  data_V_data_4_V                 |    pointer   |
|data_V_data_4_V_empty_n   |  in |    1|   ap_fifo  |                  data_V_data_4_V                 |    pointer   |
|data_V_data_4_V_read      | out |    1|   ap_fifo  |                  data_V_data_4_V                 |    pointer   |
|data_V_data_5_V_dout      |  in |    8|   ap_fifo  |                  data_V_data_5_V                 |    pointer   |
|data_V_data_5_V_empty_n   |  in |    1|   ap_fifo  |                  data_V_data_5_V                 |    pointer   |
|data_V_data_5_V_read      | out |    1|   ap_fifo  |                  data_V_data_5_V                 |    pointer   |
|data_V_data_6_V_dout      |  in |    8|   ap_fifo  |                  data_V_data_6_V                 |    pointer   |
|data_V_data_6_V_empty_n   |  in |    1|   ap_fifo  |                  data_V_data_6_V                 |    pointer   |
|data_V_data_6_V_read      | out |    1|   ap_fifo  |                  data_V_data_6_V                 |    pointer   |
|data_V_data_7_V_dout      |  in |    8|   ap_fifo  |                  data_V_data_7_V                 |    pointer   |
|data_V_data_7_V_empty_n   |  in |    1|   ap_fifo  |                  data_V_data_7_V                 |    pointer   |
|data_V_data_7_V_read      | out |    1|   ap_fifo  |                  data_V_data_7_V                 |    pointer   |
|data_V_data_8_V_dout      |  in |    8|   ap_fifo  |                  data_V_data_8_V                 |    pointer   |
|data_V_data_8_V_empty_n   |  in |    1|   ap_fifo  |                  data_V_data_8_V                 |    pointer   |
|data_V_data_8_V_read      | out |    1|   ap_fifo  |                  data_V_data_8_V                 |    pointer   |
|data_V_data_9_V_dout      |  in |    8|   ap_fifo  |                  data_V_data_9_V                 |    pointer   |
|data_V_data_9_V_empty_n   |  in |    1|   ap_fifo  |                  data_V_data_9_V                 |    pointer   |
|data_V_data_9_V_read      | out |    1|   ap_fifo  |                  data_V_data_9_V                 |    pointer   |
|data_V_data_10_V_dout     |  in |    8|   ap_fifo  |                 data_V_data_10_V                 |    pointer   |
|data_V_data_10_V_empty_n  |  in |    1|   ap_fifo  |                 data_V_data_10_V                 |    pointer   |
|data_V_data_10_V_read     | out |    1|   ap_fifo  |                 data_V_data_10_V                 |    pointer   |
|data_V_data_11_V_dout     |  in |    8|   ap_fifo  |                 data_V_data_11_V                 |    pointer   |
|data_V_data_11_V_empty_n  |  in |    1|   ap_fifo  |                 data_V_data_11_V                 |    pointer   |
|data_V_data_11_V_read     | out |    1|   ap_fifo  |                 data_V_data_11_V                 |    pointer   |
|data_V_data_12_V_dout     |  in |    8|   ap_fifo  |                 data_V_data_12_V                 |    pointer   |
|data_V_data_12_V_empty_n  |  in |    1|   ap_fifo  |                 data_V_data_12_V                 |    pointer   |
|data_V_data_12_V_read     | out |    1|   ap_fifo  |                 data_V_data_12_V                 |    pointer   |
|data_V_data_13_V_dout     |  in |    8|   ap_fifo  |                 data_V_data_13_V                 |    pointer   |
|data_V_data_13_V_empty_n  |  in |    1|   ap_fifo  |                 data_V_data_13_V                 |    pointer   |
|data_V_data_13_V_read     | out |    1|   ap_fifo  |                 data_V_data_13_V                 |    pointer   |
|data_V_data_14_V_dout     |  in |    8|   ap_fifo  |                 data_V_data_14_V                 |    pointer   |
|data_V_data_14_V_empty_n  |  in |    1|   ap_fifo  |                 data_V_data_14_V                 |    pointer   |
|data_V_data_14_V_read     | out |    1|   ap_fifo  |                 data_V_data_14_V                 |    pointer   |
|data_V_data_15_V_dout     |  in |    8|   ap_fifo  |                 data_V_data_15_V                 |    pointer   |
|data_V_data_15_V_empty_n  |  in |    1|   ap_fifo  |                 data_V_data_15_V                 |    pointer   |
|data_V_data_15_V_read     | out |    1|   ap_fifo  |                 data_V_data_15_V                 |    pointer   |
|data_V_data_16_V_dout     |  in |    8|   ap_fifo  |                 data_V_data_16_V                 |    pointer   |
|data_V_data_16_V_empty_n  |  in |    1|   ap_fifo  |                 data_V_data_16_V                 |    pointer   |
|data_V_data_16_V_read     | out |    1|   ap_fifo  |                 data_V_data_16_V                 |    pointer   |
|data_V_data_17_V_dout     |  in |    8|   ap_fifo  |                 data_V_data_17_V                 |    pointer   |
|data_V_data_17_V_empty_n  |  in |    1|   ap_fifo  |                 data_V_data_17_V                 |    pointer   |
|data_V_data_17_V_read     | out |    1|   ap_fifo  |                 data_V_data_17_V                 |    pointer   |
|data_V_data_18_V_dout     |  in |    8|   ap_fifo  |                 data_V_data_18_V                 |    pointer   |
|data_V_data_18_V_empty_n  |  in |    1|   ap_fifo  |                 data_V_data_18_V                 |    pointer   |
|data_V_data_18_V_read     | out |    1|   ap_fifo  |                 data_V_data_18_V                 |    pointer   |
|data_V_data_19_V_dout     |  in |    8|   ap_fifo  |                 data_V_data_19_V                 |    pointer   |
|data_V_data_19_V_empty_n  |  in |    1|   ap_fifo  |                 data_V_data_19_V                 |    pointer   |
|data_V_data_19_V_read     | out |    1|   ap_fifo  |                 data_V_data_19_V                 |    pointer   |
|data_V_data_20_V_dout     |  in |    8|   ap_fifo  |                 data_V_data_20_V                 |    pointer   |
|data_V_data_20_V_empty_n  |  in |    1|   ap_fifo  |                 data_V_data_20_V                 |    pointer   |
|data_V_data_20_V_read     | out |    1|   ap_fifo  |                 data_V_data_20_V                 |    pointer   |
|data_V_data_21_V_dout     |  in |    8|   ap_fifo  |                 data_V_data_21_V                 |    pointer   |
|data_V_data_21_V_empty_n  |  in |    1|   ap_fifo  |                 data_V_data_21_V                 |    pointer   |
|data_V_data_21_V_read     | out |    1|   ap_fifo  |                 data_V_data_21_V                 |    pointer   |
|data_V_data_22_V_dout     |  in |    8|   ap_fifo  |                 data_V_data_22_V                 |    pointer   |
|data_V_data_22_V_empty_n  |  in |    1|   ap_fifo  |                 data_V_data_22_V                 |    pointer   |
|data_V_data_22_V_read     | out |    1|   ap_fifo  |                 data_V_data_22_V                 |    pointer   |
|data_V_data_23_V_dout     |  in |    8|   ap_fifo  |                 data_V_data_23_V                 |    pointer   |
|data_V_data_23_V_empty_n  |  in |    1|   ap_fifo  |                 data_V_data_23_V                 |    pointer   |
|data_V_data_23_V_read     | out |    1|   ap_fifo  |                 data_V_data_23_V                 |    pointer   |
|data_V_data_24_V_dout     |  in |    8|   ap_fifo  |                 data_V_data_24_V                 |    pointer   |
|data_V_data_24_V_empty_n  |  in |    1|   ap_fifo  |                 data_V_data_24_V                 |    pointer   |
|data_V_data_24_V_read     | out |    1|   ap_fifo  |                 data_V_data_24_V                 |    pointer   |
|data_V_data_25_V_dout     |  in |    8|   ap_fifo  |                 data_V_data_25_V                 |    pointer   |
|data_V_data_25_V_empty_n  |  in |    1|   ap_fifo  |                 data_V_data_25_V                 |    pointer   |
|data_V_data_25_V_read     | out |    1|   ap_fifo  |                 data_V_data_25_V                 |    pointer   |
|data_V_data_26_V_dout     |  in |    8|   ap_fifo  |                 data_V_data_26_V                 |    pointer   |
|data_V_data_26_V_empty_n  |  in |    1|   ap_fifo  |                 data_V_data_26_V                 |    pointer   |
|data_V_data_26_V_read     | out |    1|   ap_fifo  |                 data_V_data_26_V                 |    pointer   |
|data_V_data_27_V_dout     |  in |    8|   ap_fifo  |                 data_V_data_27_V                 |    pointer   |
|data_V_data_27_V_empty_n  |  in |    1|   ap_fifo  |                 data_V_data_27_V                 |    pointer   |
|data_V_data_27_V_read     | out |    1|   ap_fifo  |                 data_V_data_27_V                 |    pointer   |
|data_V_data_28_V_dout     |  in |    8|   ap_fifo  |                 data_V_data_28_V                 |    pointer   |
|data_V_data_28_V_empty_n  |  in |    1|   ap_fifo  |                 data_V_data_28_V                 |    pointer   |
|data_V_data_28_V_read     | out |    1|   ap_fifo  |                 data_V_data_28_V                 |    pointer   |
|data_V_data_29_V_dout     |  in |    8|   ap_fifo  |                 data_V_data_29_V                 |    pointer   |
|data_V_data_29_V_empty_n  |  in |    1|   ap_fifo  |                 data_V_data_29_V                 |    pointer   |
|data_V_data_29_V_read     | out |    1|   ap_fifo  |                 data_V_data_29_V                 |    pointer   |
|data_V_data_30_V_dout     |  in |    8|   ap_fifo  |                 data_V_data_30_V                 |    pointer   |
|data_V_data_30_V_empty_n  |  in |    1|   ap_fifo  |                 data_V_data_30_V                 |    pointer   |
|data_V_data_30_V_read     | out |    1|   ap_fifo  |                 data_V_data_30_V                 |    pointer   |
|data_V_data_31_V_dout     |  in |    8|   ap_fifo  |                 data_V_data_31_V                 |    pointer   |
|data_V_data_31_V_empty_n  |  in |    1|   ap_fifo  |                 data_V_data_31_V                 |    pointer   |
|data_V_data_31_V_read     | out |    1|   ap_fifo  |                 data_V_data_31_V                 |    pointer   |
|res_V_data_0_V_din        | out |    8|   ap_fifo  |                  res_V_data_0_V                  |    pointer   |
|res_V_data_0_V_full_n     |  in |    1|   ap_fifo  |                  res_V_data_0_V                  |    pointer   |
|res_V_data_0_V_write      | out |    1|   ap_fifo  |                  res_V_data_0_V                  |    pointer   |
|res_V_data_1_V_din        | out |    8|   ap_fifo  |                  res_V_data_1_V                  |    pointer   |
|res_V_data_1_V_full_n     |  in |    1|   ap_fifo  |                  res_V_data_1_V                  |    pointer   |
|res_V_data_1_V_write      | out |    1|   ap_fifo  |                  res_V_data_1_V                  |    pointer   |
|res_V_data_2_V_din        | out |    8|   ap_fifo  |                  res_V_data_2_V                  |    pointer   |
|res_V_data_2_V_full_n     |  in |    1|   ap_fifo  |                  res_V_data_2_V                  |    pointer   |
|res_V_data_2_V_write      | out |    1|   ap_fifo  |                  res_V_data_2_V                  |    pointer   |
|res_V_data_3_V_din        | out |    8|   ap_fifo  |                  res_V_data_3_V                  |    pointer   |
|res_V_data_3_V_full_n     |  in |    1|   ap_fifo  |                  res_V_data_3_V                  |    pointer   |
|res_V_data_3_V_write      | out |    1|   ap_fifo  |                  res_V_data_3_V                  |    pointer   |
|res_V_data_4_V_din        | out |    8|   ap_fifo  |                  res_V_data_4_V                  |    pointer   |
|res_V_data_4_V_full_n     |  in |    1|   ap_fifo  |                  res_V_data_4_V                  |    pointer   |
|res_V_data_4_V_write      | out |    1|   ap_fifo  |                  res_V_data_4_V                  |    pointer   |
|res_V_data_5_V_din        | out |    8|   ap_fifo  |                  res_V_data_5_V                  |    pointer   |
|res_V_data_5_V_full_n     |  in |    1|   ap_fifo  |                  res_V_data_5_V                  |    pointer   |
|res_V_data_5_V_write      | out |    1|   ap_fifo  |                  res_V_data_5_V                  |    pointer   |
|res_V_data_6_V_din        | out |    8|   ap_fifo  |                  res_V_data_6_V                  |    pointer   |
|res_V_data_6_V_full_n     |  in |    1|   ap_fifo  |                  res_V_data_6_V                  |    pointer   |
|res_V_data_6_V_write      | out |    1|   ap_fifo  |                  res_V_data_6_V                  |    pointer   |
|res_V_data_7_V_din        | out |    8|   ap_fifo  |                  res_V_data_7_V                  |    pointer   |
|res_V_data_7_V_full_n     |  in |    1|   ap_fifo  |                  res_V_data_7_V                  |    pointer   |
|res_V_data_7_V_write      | out |    1|   ap_fifo  |                  res_V_data_7_V                  |    pointer   |
|res_V_data_8_V_din        | out |    8|   ap_fifo  |                  res_V_data_8_V                  |    pointer   |
|res_V_data_8_V_full_n     |  in |    1|   ap_fifo  |                  res_V_data_8_V                  |    pointer   |
|res_V_data_8_V_write      | out |    1|   ap_fifo  |                  res_V_data_8_V                  |    pointer   |
|res_V_data_9_V_din        | out |    8|   ap_fifo  |                  res_V_data_9_V                  |    pointer   |
|res_V_data_9_V_full_n     |  in |    1|   ap_fifo  |                  res_V_data_9_V                  |    pointer   |
|res_V_data_9_V_write      | out |    1|   ap_fifo  |                  res_V_data_9_V                  |    pointer   |
|res_V_data_10_V_din       | out |    8|   ap_fifo  |                  res_V_data_10_V                 |    pointer   |
|res_V_data_10_V_full_n    |  in |    1|   ap_fifo  |                  res_V_data_10_V                 |    pointer   |
|res_V_data_10_V_write     | out |    1|   ap_fifo  |                  res_V_data_10_V                 |    pointer   |
|res_V_data_11_V_din       | out |    8|   ap_fifo  |                  res_V_data_11_V                 |    pointer   |
|res_V_data_11_V_full_n    |  in |    1|   ap_fifo  |                  res_V_data_11_V                 |    pointer   |
|res_V_data_11_V_write     | out |    1|   ap_fifo  |                  res_V_data_11_V                 |    pointer   |
|res_V_data_12_V_din       | out |    8|   ap_fifo  |                  res_V_data_12_V                 |    pointer   |
|res_V_data_12_V_full_n    |  in |    1|   ap_fifo  |                  res_V_data_12_V                 |    pointer   |
|res_V_data_12_V_write     | out |    1|   ap_fifo  |                  res_V_data_12_V                 |    pointer   |
|res_V_data_13_V_din       | out |    8|   ap_fifo  |                  res_V_data_13_V                 |    pointer   |
|res_V_data_13_V_full_n    |  in |    1|   ap_fifo  |                  res_V_data_13_V                 |    pointer   |
|res_V_data_13_V_write     | out |    1|   ap_fifo  |                  res_V_data_13_V                 |    pointer   |
|res_V_data_14_V_din       | out |    8|   ap_fifo  |                  res_V_data_14_V                 |    pointer   |
|res_V_data_14_V_full_n    |  in |    1|   ap_fifo  |                  res_V_data_14_V                 |    pointer   |
|res_V_data_14_V_write     | out |    1|   ap_fifo  |                  res_V_data_14_V                 |    pointer   |
|res_V_data_15_V_din       | out |    8|   ap_fifo  |                  res_V_data_15_V                 |    pointer   |
|res_V_data_15_V_full_n    |  in |    1|   ap_fifo  |                  res_V_data_15_V                 |    pointer   |
|res_V_data_15_V_write     | out |    1|   ap_fifo  |                  res_V_data_15_V                 |    pointer   |
|res_V_data_16_V_din       | out |    8|   ap_fifo  |                  res_V_data_16_V                 |    pointer   |
|res_V_data_16_V_full_n    |  in |    1|   ap_fifo  |                  res_V_data_16_V                 |    pointer   |
|res_V_data_16_V_write     | out |    1|   ap_fifo  |                  res_V_data_16_V                 |    pointer   |
|res_V_data_17_V_din       | out |    8|   ap_fifo  |                  res_V_data_17_V                 |    pointer   |
|res_V_data_17_V_full_n    |  in |    1|   ap_fifo  |                  res_V_data_17_V                 |    pointer   |
|res_V_data_17_V_write     | out |    1|   ap_fifo  |                  res_V_data_17_V                 |    pointer   |
|res_V_data_18_V_din       | out |    8|   ap_fifo  |                  res_V_data_18_V                 |    pointer   |
|res_V_data_18_V_full_n    |  in |    1|   ap_fifo  |                  res_V_data_18_V                 |    pointer   |
|res_V_data_18_V_write     | out |    1|   ap_fifo  |                  res_V_data_18_V                 |    pointer   |
|res_V_data_19_V_din       | out |    8|   ap_fifo  |                  res_V_data_19_V                 |    pointer   |
|res_V_data_19_V_full_n    |  in |    1|   ap_fifo  |                  res_V_data_19_V                 |    pointer   |
|res_V_data_19_V_write     | out |    1|   ap_fifo  |                  res_V_data_19_V                 |    pointer   |
|res_V_data_20_V_din       | out |    8|   ap_fifo  |                  res_V_data_20_V                 |    pointer   |
|res_V_data_20_V_full_n    |  in |    1|   ap_fifo  |                  res_V_data_20_V                 |    pointer   |
|res_V_data_20_V_write     | out |    1|   ap_fifo  |                  res_V_data_20_V                 |    pointer   |
|res_V_data_21_V_din       | out |    8|   ap_fifo  |                  res_V_data_21_V                 |    pointer   |
|res_V_data_21_V_full_n    |  in |    1|   ap_fifo  |                  res_V_data_21_V                 |    pointer   |
|res_V_data_21_V_write     | out |    1|   ap_fifo  |                  res_V_data_21_V                 |    pointer   |
|res_V_data_22_V_din       | out |    8|   ap_fifo  |                  res_V_data_22_V                 |    pointer   |
|res_V_data_22_V_full_n    |  in |    1|   ap_fifo  |                  res_V_data_22_V                 |    pointer   |
|res_V_data_22_V_write     | out |    1|   ap_fifo  |                  res_V_data_22_V                 |    pointer   |
|res_V_data_23_V_din       | out |    8|   ap_fifo  |                  res_V_data_23_V                 |    pointer   |
|res_V_data_23_V_full_n    |  in |    1|   ap_fifo  |                  res_V_data_23_V                 |    pointer   |
|res_V_data_23_V_write     | out |    1|   ap_fifo  |                  res_V_data_23_V                 |    pointer   |
|res_V_data_24_V_din       | out |    8|   ap_fifo  |                  res_V_data_24_V                 |    pointer   |
|res_V_data_24_V_full_n    |  in |    1|   ap_fifo  |                  res_V_data_24_V                 |    pointer   |
|res_V_data_24_V_write     | out |    1|   ap_fifo  |                  res_V_data_24_V                 |    pointer   |
|res_V_data_25_V_din       | out |    8|   ap_fifo  |                  res_V_data_25_V                 |    pointer   |
|res_V_data_25_V_full_n    |  in |    1|   ap_fifo  |                  res_V_data_25_V                 |    pointer   |
|res_V_data_25_V_write     | out |    1|   ap_fifo  |                  res_V_data_25_V                 |    pointer   |
|res_V_data_26_V_din       | out |    8|   ap_fifo  |                  res_V_data_26_V                 |    pointer   |
|res_V_data_26_V_full_n    |  in |    1|   ap_fifo  |                  res_V_data_26_V                 |    pointer   |
|res_V_data_26_V_write     | out |    1|   ap_fifo  |                  res_V_data_26_V                 |    pointer   |
|res_V_data_27_V_din       | out |    8|   ap_fifo  |                  res_V_data_27_V                 |    pointer   |
|res_V_data_27_V_full_n    |  in |    1|   ap_fifo  |                  res_V_data_27_V                 |    pointer   |
|res_V_data_27_V_write     | out |    1|   ap_fifo  |                  res_V_data_27_V                 |    pointer   |
|res_V_data_28_V_din       | out |    8|   ap_fifo  |                  res_V_data_28_V                 |    pointer   |
|res_V_data_28_V_full_n    |  in |    1|   ap_fifo  |                  res_V_data_28_V                 |    pointer   |
|res_V_data_28_V_write     | out |    1|   ap_fifo  |                  res_V_data_28_V                 |    pointer   |
|res_V_data_29_V_din       | out |    8|   ap_fifo  |                  res_V_data_29_V                 |    pointer   |
|res_V_data_29_V_full_n    |  in |    1|   ap_fifo  |                  res_V_data_29_V                 |    pointer   |
|res_V_data_29_V_write     | out |    1|   ap_fifo  |                  res_V_data_29_V                 |    pointer   |
|res_V_data_30_V_din       | out |    8|   ap_fifo  |                  res_V_data_30_V                 |    pointer   |
|res_V_data_30_V_full_n    |  in |    1|   ap_fifo  |                  res_V_data_30_V                 |    pointer   |
|res_V_data_30_V_write     | out |    1|   ap_fifo  |                  res_V_data_30_V                 |    pointer   |
|res_V_data_31_V_din       | out |    8|   ap_fifo  |                  res_V_data_31_V                 |    pointer   |
|res_V_data_31_V_full_n    |  in |    1|   ap_fifo  |                  res_V_data_31_V                 |    pointer   |
|res_V_data_31_V_write     | out |    1|   ap_fifo  |                  res_V_data_31_V                 |    pointer   |
+--------------------------+-----+-----+------------+--------------------------------------------------+--------------+

