

================================================================
== Vivado HLS Report for 'Block_myproject_axi_exit50_proc'
================================================================
* Date:           Thu Jul 11 17:09:26 2024

* Version:        2020.1 (Build 2897737 on Wed May 27 20:21:37 MDT 2020)
* Project:        myproject_prj
* Solution:       solution1
* Product family: zynq
* Target device:  xc7z020-clg400-1


================================================================
== Performance Estimates
================================================================
+ Timing: 
    * Summary: 
    +--------+----------+----------+------------+
    |  Clock |  Target  | Estimated| Uncertainty|
    +--------+----------+----------+------------+
    |ap_clk  | 10.00 ns | 3.634 ns |   1.25 ns  |
    +--------+----------+----------+------------+

+ Latency: 
    * Summary: 
    +---------+---------+----------+----------+-----+-----+---------+
    |  Latency (cycles) |  Latency (absolute) |  Interval | Pipeline|
    |   min   |   max   |    min   |    max   | min | max |   Type  |
    +---------+---------+----------+----------+-----+-----+---------+
    |        0|        0|   0 ns   |   0 ns   |    0|    0|   none  |
    +---------+---------+----------+----------+-----+-----+---------+

    + Detail: 
        * Instance: 
        N/A

        * Loop: 
        N/A



================================================================
== Utilization Estimates
================================================================
* Summary: 
+-----------------+---------+-------+--------+-------+-----+
|       Name      | BRAM_18K| DSP48E|   FF   |  LUT  | URAM|
+-----------------+---------+-------+--------+-------+-----+
|DSP              |        -|      -|       -|      -|    -|
|Expression       |        -|      -|       0|      4|    -|
|FIFO             |        -|      -|       -|      -|    -|
|Instance         |        -|      -|       -|      -|    -|
|Memory           |        -|      -|       -|      -|    -|
|Multiplexer      |        -|      -|       -|    189|    -|
|Register         |        -|      -|     142|      -|    -|
+-----------------+---------+-------+--------+-------+-----+
|Total            |        0|      0|     142|    193|    0|
+-----------------+---------+-------+--------+-------+-----+
|Available        |      280|    220|  106400|  53200|    0|
+-----------------+---------+-------+--------+-------+-----+
|Utilization (%)  |        0|      0|   ~0   |   ~0  |    0|
+-----------------+---------+-------+--------+-------+-----+

+ Detail: 
    * Instance: 
    N/A

    * DSP48E: 
    N/A

    * Memory: 
    N/A

    * FIFO: 
    N/A

    * Expression: 
    +--------------------------+----------+-------+---+----+------------+------------+
    |       Variable Name      | Operation| DSP48E| FF| LUT| Bitwidth P0| Bitwidth P1|
    +--------------------------+----------+-------+---+----+------------+------------+
    |io_acc_block_signal_op12  |    and   |      0|  0|   2|           1|           1|
    |ap_block_state1           |    or    |      0|  0|   2|           1|           1|
    +--------------------------+----------+-------+---+----+------------+------------+
    |Total                     |          |      0|  0|   4|           2|           2|
    +--------------------------+----------+-------+---+----+------------+------------+

    * Multiplexer: 
    +----------------------------+----+-----------+-----+-----------+
    |            Name            | LUT| Input Size| Bits| Total Bits|
    +----------------------------+----+-----------+-----+-----------+
    |ap_done                     |   9|          2|    1|          2|
    |out_local_V_data_0_V_blk_n  |   9|          2|    1|          2|
    |out_local_V_data_1_V_blk_n  |   9|          2|    1|          2|
    |out_local_V_data_2_V_blk_n  |   9|          2|    1|          2|
    |out_local_V_data_3_V_blk_n  |   9|          2|    1|          2|
    |out_local_V_data_4_V_blk_n  |   9|          2|    1|          2|
    |out_local_V_data_5_V_blk_n  |   9|          2|    1|          2|
    |out_local_V_data_6_V_blk_n  |   9|          2|    1|          2|
    |out_local_V_data_7_V_blk_n  |   9|          2|    1|          2|
    |out_local_V_data_8_V_blk_n  |   9|          2|    1|          2|
    |out_local_V_data_9_V_blk_n  |   9|          2|    1|          2|
    |tmp_data_V_0                |   9|          2|   14|         28|
    |tmp_data_V_1                |   9|          2|   14|         28|
    |tmp_data_V_2                |   9|          2|   14|         28|
    |tmp_data_V_3                |   9|          2|   14|         28|
    |tmp_data_V_4                |   9|          2|   14|         28|
    |tmp_data_V_5                |   9|          2|   14|         28|
    |tmp_data_V_6                |   9|          2|   14|         28|
    |tmp_data_V_7                |   9|          2|   14|         28|
    |tmp_data_V_8                |   9|          2|   14|         28|
    |tmp_data_V_9                |   9|          2|   14|         28|
    +----------------------------+----+-----------+-----+-----------+
    |Total                       | 189|         42|  151|        302|
    +----------------------------+----+-----------+-----+-----------+

    * Register: 
    +-------------------+----+----+-----+-----------+
    |        Name       | FF | LUT| Bits| Const Bits|
    +-------------------+----+----+-----+-----------+
    |ap_CS_fsm          |   1|   0|    1|          0|
    |ap_done_reg        |   1|   0|    1|          0|
    |tmp_data_V_0_preg  |  14|   0|   14|          0|
    |tmp_data_V_1_preg  |  14|   0|   14|          0|
    |tmp_data_V_2_preg  |  14|   0|   14|          0|
    |tmp_data_V_3_preg  |  14|   0|   14|          0|
    |tmp_data_V_4_preg  |  14|   0|   14|          0|
    |tmp_data_V_5_preg  |  14|   0|   14|          0|
    |tmp_data_V_6_preg  |  14|   0|   14|          0|
    |tmp_data_V_7_preg  |  14|   0|   14|          0|
    |tmp_data_V_8_preg  |  14|   0|   14|          0|
    |tmp_data_V_9_preg  |  14|   0|   14|          0|
    +-------------------+----+----+-----+-----------+
    |Total              | 142|   0|  142|          0|
    +-------------------+----+----+-----+-----------+



================================================================
== Interface
================================================================
* Summary: 
+------------------------------+-----+-----+------------+----------------------------------+--------------+
|           RTL Ports          | Dir | Bits|  Protocol  |           Source Object          |    C Type    |
+------------------------------+-----+-----+------------+----------------------------------+--------------+
|ap_clk                        |  in |    1| ap_ctrl_hs | Block_myproject_axi_.exit50_proc | return value |
|ap_rst                        |  in |    1| ap_ctrl_hs | Block_myproject_axi_.exit50_proc | return value |
|ap_start                      |  in |    1| ap_ctrl_hs | Block_myproject_axi_.exit50_proc | return value |
|ap_done                       | out |    1| ap_ctrl_hs | Block_myproject_axi_.exit50_proc | return value |
|ap_continue                   |  in |    1| ap_ctrl_hs | Block_myproject_axi_.exit50_proc | return value |
|ap_idle                       | out |    1| ap_ctrl_hs | Block_myproject_axi_.exit50_proc | return value |
|ap_ready                      | out |    1| ap_ctrl_hs | Block_myproject_axi_.exit50_proc | return value |
|out_local_V_data_0_V_dout     |  in |   14|   ap_fifo  |       out_local_V_data_0_V       |    pointer   |
|out_local_V_data_0_V_empty_n  |  in |    1|   ap_fifo  |       out_local_V_data_0_V       |    pointer   |
|out_local_V_data_0_V_read     | out |    1|   ap_fifo  |       out_local_V_data_0_V       |    pointer   |
|out_local_V_data_1_V_dout     |  in |   14|   ap_fifo  |       out_local_V_data_1_V       |    pointer   |
|out_local_V_data_1_V_empty_n  |  in |    1|   ap_fifo  |       out_local_V_data_1_V       |    pointer   |
|out_local_V_data_1_V_read     | out |    1|   ap_fifo  |       out_local_V_data_1_V       |    pointer   |
|out_local_V_data_2_V_dout     |  in |   14|   ap_fifo  |       out_local_V_data_2_V       |    pointer   |
|out_local_V_data_2_V_empty_n  |  in |    1|   ap_fifo  |       out_local_V_data_2_V       |    pointer   |
|out_local_V_data_2_V_read     | out |    1|   ap_fifo  |       out_local_V_data_2_V       |    pointer   |
|out_local_V_data_3_V_dout     |  in |   14|   ap_fifo  |       out_local_V_data_3_V       |    pointer   |
|out_local_V_data_3_V_empty_n  |  in |    1|   ap_fifo  |       out_local_V_data_3_V       |    pointer   |
|out_local_V_data_3_V_read     | out |    1|   ap_fifo  |       out_local_V_data_3_V       |    pointer   |
|out_local_V_data_4_V_dout     |  in |   14|   ap_fifo  |       out_local_V_data_4_V       |    pointer   |
|out_local_V_data_4_V_empty_n  |  in |    1|   ap_fifo  |       out_local_V_data_4_V       |    pointer   |
|out_local_V_data_4_V_read     | out |    1|   ap_fifo  |       out_local_V_data_4_V       |    pointer   |
|out_local_V_data_5_V_dout     |  in |   14|   ap_fifo  |       out_local_V_data_5_V       |    pointer   |
|out_local_V_data_5_V_empty_n  |  in |    1|   ap_fifo  |       out_local_V_data_5_V       |    pointer   |
|out_local_V_data_5_V_read     | out |    1|   ap_fifo  |       out_local_V_data_5_V       |    pointer   |
|out_local_V_data_6_V_dout     |  in |   14|   ap_fifo  |       out_local_V_data_6_V       |    pointer   |
|out_local_V_data_6_V_empty_n  |  in |    1|   ap_fifo  |       out_local_V_data_6_V       |    pointer   |
|out_local_V_data_6_V_read     | out |    1|   ap_fifo  |       out_local_V_data_6_V       |    pointer   |
|out_local_V_data_7_V_dout     |  in |   14|   ap_fifo  |       out_local_V_data_7_V       |    pointer   |
|out_local_V_data_7_V_empty_n  |  in |    1|   ap_fifo  |       out_local_V_data_7_V       |    pointer   |
|out_local_V_data_7_V_read     | out |    1|   ap_fifo  |       out_local_V_data_7_V       |    pointer   |
|out_local_V_data_8_V_dout     |  in |   14|   ap_fifo  |       out_local_V_data_8_V       |    pointer   |
|out_local_V_data_8_V_empty_n  |  in |    1|   ap_fifo  |       out_local_V_data_8_V       |    pointer   |
|out_local_V_data_8_V_read     | out |    1|   ap_fifo  |       out_local_V_data_8_V       |    pointer   |
|out_local_V_data_9_V_dout     |  in |   14|   ap_fifo  |       out_local_V_data_9_V       |    pointer   |
|out_local_V_data_9_V_empty_n  |  in |    1|   ap_fifo  |       out_local_V_data_9_V       |    pointer   |
|out_local_V_data_9_V_read     | out |    1|   ap_fifo  |       out_local_V_data_9_V       |    pointer   |
|tmp_data_V_0                  | out |   14|   ap_vld   |           tmp_data_V_0           |    pointer   |
|tmp_data_V_0_ap_vld           | out |    1|   ap_vld   |           tmp_data_V_0           |    pointer   |
|tmp_data_V_1                  | out |   14|   ap_vld   |           tmp_data_V_1           |    pointer   |
|tmp_data_V_1_ap_vld           | out |    1|   ap_vld   |           tmp_data_V_1           |    pointer   |
|tmp_data_V_2                  | out |   14|   ap_vld   |           tmp_data_V_2           |    pointer   |
|tmp_data_V_2_ap_vld           | out |    1|   ap_vld   |           tmp_data_V_2           |    pointer   |
|tmp_data_V_3                  | out |   14|   ap_vld   |           tmp_data_V_3           |    pointer   |
|tmp_data_V_3_ap_vld           | out |    1|   ap_vld   |           tmp_data_V_3           |    pointer   |
|tmp_data_V_4                  | out |   14|   ap_vld   |           tmp_data_V_4           |    pointer   |
|tmp_data_V_4_ap_vld           | out |    1|   ap_vld   |           tmp_data_V_4           |    pointer   |
|tmp_data_V_5                  | out |   14|   ap_vld   |           tmp_data_V_5           |    pointer   |
|tmp_data_V_5_ap_vld           | out |    1|   ap_vld   |           tmp_data_V_5           |    pointer   |
|tmp_data_V_6                  | out |   14|   ap_vld   |           tmp_data_V_6           |    pointer   |
|tmp_data_V_6_ap_vld           | out |    1|   ap_vld   |           tmp_data_V_6           |    pointer   |
|tmp_data_V_7                  | out |   14|   ap_vld   |           tmp_data_V_7           |    pointer   |
|tmp_data_V_7_ap_vld           | out |    1|   ap_vld   |           tmp_data_V_7           |    pointer   |
|tmp_data_V_8                  | out |   14|   ap_vld   |           tmp_data_V_8           |    pointer   |
|tmp_data_V_8_ap_vld           | out |    1|   ap_vld   |           tmp_data_V_8           |    pointer   |
|tmp_data_V_9                  | out |   14|   ap_vld   |           tmp_data_V_9           |    pointer   |
|tmp_data_V_9_ap_vld           | out |    1|   ap_vld   |           tmp_data_V_9           |    pointer   |
+------------------------------+-----+-----+------------+----------------------------------+--------------+

============================================================
+ Verbose Summary: Synthesis Manager
============================================================
InlineROM: 1
ExposeGlobal: 0
============================================================
+ Verbose Summary: CDFG Model
============================================================
IsTopModel: 0
ResetActiveHigh: 1
IsCombinational: 2
IsDatapathOnly: 0
HasWiredReturn: 1
HasMFsm: 0
HasVarLatency: 0
IsPipeline: 0
IsRtlPipelined: 0
IsInstanceOverlapped: 0
IsDontTouch: 0
HasImplIP: 0
IsGatedGlobalClock: 0


============================================================
+ Verbose Summary: Schedule
============================================================
* Number of FSM states : 1
* Pipeline : 0
* Dataflow Pipeline: 0

* FSM state transitions: 
1 --> 

* FSM state operations: 

State 1 <SV = 0> <Delay = 3.63>
ST_1 : Operation 2 [1/1] (0.00ns)   --->   "call void (...)* @_ssdm_op_SpecInterface(i14* %out_local_V_data_9_V, [8 x i8]* @ap_fifo_str, i32 0, i32 0, [1 x i8]* @p_str, i32 0, i32 0, [1 x i8]* @p_str, [1 x i8]* @p_str, [1 x i8]* @p_str, i32 2, i32 2, i32 16, i32 16, [1 x i8]* @p_str, [1 x i8]* @p_str)"   --->   Operation 2 'specinterface' <Predicate = true> <Delay = 0.00>
ST_1 : Operation 3 [1/1] (0.00ns)   --->   "call void (...)* @_ssdm_op_SpecInterface(i14* %out_local_V_data_8_V, [8 x i8]* @ap_fifo_str, i32 0, i32 0, [1 x i8]* @p_str, i32 0, i32 0, [1 x i8]* @p_str, [1 x i8]* @p_str, [1 x i8]* @p_str, i32 2, i32 2, i32 16, i32 16, [1 x i8]* @p_str, [1 x i8]* @p_str)"   --->   Operation 3 'specinterface' <Predicate = true> <Delay = 0.00>
ST_1 : Operation 4 [1/1] (0.00ns)   --->   "call void (...)* @_ssdm_op_SpecInterface(i14* %out_local_V_data_7_V, [8 x i8]* @ap_fifo_str, i32 0, i32 0, [1 x i8]* @p_str, i32 0, i32 0, [1 x i8]* @p_str, [1 x i8]* @p_str, [1 x i8]* @p_str, i32 2, i32 2, i32 16, i32 16, [1 x i8]* @p_str, [1 x i8]* @p_str)"   --->   Operation 4 'specinterface' <Predicate = true> <Delay = 0.00>
ST_1 : Operation 5 [1/1] (0.00ns)   --->   "call void (...)* @_ssdm_op_SpecInterface(i14* %out_local_V_data_6_V, [8 x i8]* @ap_fifo_str, i32 0, i32 0, [1 x i8]* @p_str, i32 0, i32 0, [1 x i8]* @p_str, [1 x i8]* @p_str, [1 x i8]* @p_str, i32 2, i32 2, i32 16, i32 16, [1 x i8]* @p_str, [1 x i8]* @p_str)"   --->   Operation 5 'specinterface' <Predicate = true> <Delay = 0.00>
ST_1 : Operation 6 [1/1] (0.00ns)   --->   "call void (...)* @_ssdm_op_SpecInterface(i14* %out_local_V_data_5_V, [8 x i8]* @ap_fifo_str, i32 0, i32 0, [1 x i8]* @p_str, i32 0, i32 0, [1 x i8]* @p_str, [1 x i8]* @p_str, [1 x i8]* @p_str, i32 2, i32 2, i32 16, i32 16, [1 x i8]* @p_str, [1 x i8]* @p_str)"   --->   Operation 6 'specinterface' <Predicate = true> <Delay = 0.00>
ST_1 : Operation 7 [1/1] (0.00ns)   --->   "call void (...)* @_ssdm_op_SpecInterface(i14* %out_local_V_data_4_V, [8 x i8]* @ap_fifo_str, i32 0, i32 0, [1 x i8]* @p_str, i32 0, i32 0, [1 x i8]* @p_str, [1 x i8]* @p_str, [1 x i8]* @p_str, i32 2, i32 2, i32 16, i32 16, [1 x i8]* @p_str, [1 x i8]* @p_str)"   --->   Operation 7 'specinterface' <Predicate = true> <Delay = 0.00>
ST_1 : Operation 8 [1/1] (0.00ns)   --->   "call void (...)* @_ssdm_op_SpecInterface(i14* %out_local_V_data_3_V, [8 x i8]* @ap_fifo_str, i32 0, i32 0, [1 x i8]* @p_str, i32 0, i32 0, [1 x i8]* @p_str, [1 x i8]* @p_str, [1 x i8]* @p_str, i32 2, i32 2, i32 16, i32 16, [1 x i8]* @p_str, [1 x i8]* @p_str)"   --->   Operation 8 'specinterface' <Predicate = true> <Delay = 0.00>
ST_1 : Operation 9 [1/1] (0.00ns)   --->   "call void (...)* @_ssdm_op_SpecInterface(i14* %out_local_V_data_2_V, [8 x i8]* @ap_fifo_str, i32 0, i32 0, [1 x i8]* @p_str, i32 0, i32 0, [1 x i8]* @p_str, [1 x i8]* @p_str, [1 x i8]* @p_str, i32 2, i32 2, i32 16, i32 16, [1 x i8]* @p_str, [1 x i8]* @p_str)"   --->   Operation 9 'specinterface' <Predicate = true> <Delay = 0.00>
ST_1 : Operation 10 [1/1] (0.00ns)   --->   "call void (...)* @_ssdm_op_SpecInterface(i14* %out_local_V_data_1_V, [8 x i8]* @ap_fifo_str, i32 0, i32 0, [1 x i8]* @p_str, i32 0, i32 0, [1 x i8]* @p_str, [1 x i8]* @p_str, [1 x i8]* @p_str, i32 2, i32 2, i32 16, i32 16, [1 x i8]* @p_str, [1 x i8]* @p_str)"   --->   Operation 10 'specinterface' <Predicate = true> <Delay = 0.00>
ST_1 : Operation 11 [1/1] (0.00ns)   --->   "call void (...)* @_ssdm_op_SpecInterface(i14* %out_local_V_data_0_V, [8 x i8]* @ap_fifo_str, i32 0, i32 0, [1 x i8]* @p_str, i32 0, i32 0, [1 x i8]* @p_str, [1 x i8]* @p_str, [1 x i8]* @p_str, i32 2, i32 2, i32 16, i32 16, [1 x i8]* @p_str, [1 x i8]* @p_str)"   --->   Operation 11 'specinterface' <Predicate = true> <Delay = 0.00>
ST_1 : Operation 12 [1/1] (3.63ns)   --->   "%empty = call { i14, i14, i14, i14, i14, i14, i14, i14, i14, i14 } @_ssdm_op_Read.ap_fifo.volatile.i14P.i14P.i14P.i14P.i14P.i14P.i14P.i14P.i14P.i14P(i14* %out_local_V_data_0_V, i14* %out_local_V_data_1_V, i14* %out_local_V_data_2_V, i14* %out_local_V_data_3_V, i14* %out_local_V_data_4_V, i14* %out_local_V_data_5_V, i14* %out_local_V_data_6_V, i14* %out_local_V_data_7_V, i14* %out_local_V_data_8_V, i14* %out_local_V_data_9_V)" [firmware/myproject_axi.cpp:30]   --->   Operation 12 'read' 'empty' <Predicate = true> <Delay = 3.63> <Core = "FIFO">   --->   Core 32 'FIFO' <Latency = 0> <II = 1> <Delay = 3.63> <Storage> <Opcode : 'read' 'write' 'nbread' 'nbwrite'> <Ports = 0> <Width = 14> <Depth = 1> <FIFO>
ST_1 : Operation 13 [1/1] (0.00ns)   --->   "%out_local_V_data_0_V_val = extractvalue { i14, i14, i14, i14, i14, i14, i14, i14, i14, i14 } %empty, 0" [firmware/myproject_axi.cpp:30]   --->   Operation 13 'extractvalue' 'out_local_V_data_0_V_val' <Predicate = true> <Delay = 0.00>
ST_1 : Operation 14 [1/1] (0.00ns)   --->   "%out_local_V_data_1_V_val = extractvalue { i14, i14, i14, i14, i14, i14, i14, i14, i14, i14 } %empty, 1" [firmware/myproject_axi.cpp:30]   --->   Operation 14 'extractvalue' 'out_local_V_data_1_V_val' <Predicate = true> <Delay = 0.00>
ST_1 : Operation 15 [1/1] (0.00ns)   --->   "%out_local_V_data_2_V_val = extractvalue { i14, i14, i14, i14, i14, i14, i14, i14, i14, i14 } %empty, 2" [firmware/myproject_axi.cpp:30]   --->   Operation 15 'extractvalue' 'out_local_V_data_2_V_val' <Predicate = true> <Delay = 0.00>
ST_1 : Operation 16 [1/1] (0.00ns)   --->   "%out_local_V_data_3_V_val = extractvalue { i14, i14, i14, i14, i14, i14, i14, i14, i14, i14 } %empty, 3" [firmware/myproject_axi.cpp:30]   --->   Operation 16 'extractvalue' 'out_local_V_data_3_V_val' <Predicate = true> <Delay = 0.00>
ST_1 : Operation 17 [1/1] (0.00ns)   --->   "%out_local_V_data_4_V_val = extractvalue { i14, i14, i14, i14, i14, i14, i14, i14, i14, i14 } %empty, 4" [firmware/myproject_axi.cpp:30]   --->   Operation 17 'extractvalue' 'out_local_V_data_4_V_val' <Predicate = true> <Delay = 0.00>
ST_1 : Operation 18 [1/1] (0.00ns)   --->   "%out_local_V_data_5_V_val = extractvalue { i14, i14, i14, i14, i14, i14, i14, i14, i14, i14 } %empty, 5" [firmware/myproject_axi.cpp:30]   --->   Operation 18 'extractvalue' 'out_local_V_data_5_V_val' <Predicate = true> <Delay = 0.00>
ST_1 : Operation 19 [1/1] (0.00ns)   --->   "%out_local_V_data_6_V_val = extractvalue { i14, i14, i14, i14, i14, i14, i14, i14, i14, i14 } %empty, 6" [firmware/myproject_axi.cpp:30]   --->   Operation 19 'extractvalue' 'out_local_V_data_6_V_val' <Predicate = true> <Delay = 0.00>
ST_1 : Operation 20 [1/1] (0.00ns)   --->   "%out_local_V_data_7_V_val = extractvalue { i14, i14, i14, i14, i14, i14, i14, i14, i14, i14 } %empty, 7" [firmware/myproject_axi.cpp:30]   --->   Operation 20 'extractvalue' 'out_local_V_data_7_V_val' <Predicate = true> <Delay = 0.00>
ST_1 : Operation 21 [1/1] (0.00ns)   --->   "%out_local_V_data_8_V_val = extractvalue { i14, i14, i14, i14, i14, i14, i14, i14, i14, i14 } %empty, 8" [firmware/myproject_axi.cpp:30]   --->   Operation 21 'extractvalue' 'out_local_V_data_8_V_val' <Predicate = true> <Delay = 0.00>
ST_1 : Operation 22 [1/1] (0.00ns)   --->   "%out_local_V_data_9_V_val = extractvalue { i14, i14, i14, i14, i14, i14, i14, i14, i14, i14 } %empty, 9" [firmware/myproject_axi.cpp:30]   --->   Operation 22 'extractvalue' 'out_local_V_data_9_V_val' <Predicate = true> <Delay = 0.00>
ST_1 : Operation 23 [1/1] (0.00ns)   --->   "store i14 %out_local_V_data_0_V_val, i14* %tmp_data_V_0, align 2" [firmware/myproject_axi.cpp:30]   --->   Operation 23 'store' <Predicate = true> <Delay = 0.00>
ST_1 : Operation 24 [1/1] (0.00ns)   --->   "store i14 %out_local_V_data_1_V_val, i14* %tmp_data_V_1, align 2" [firmware/myproject_axi.cpp:30]   --->   Operation 24 'store' <Predicate = true> <Delay = 0.00>
ST_1 : Operation 25 [1/1] (0.00ns)   --->   "store i14 %out_local_V_data_2_V_val, i14* %tmp_data_V_2, align 2" [firmware/myproject_axi.cpp:30]   --->   Operation 25 'store' <Predicate = true> <Delay = 0.00>
ST_1 : Operation 26 [1/1] (0.00ns)   --->   "store i14 %out_local_V_data_3_V_val, i14* %tmp_data_V_3, align 2" [firmware/myproject_axi.cpp:30]   --->   Operation 26 'store' <Predicate = true> <Delay = 0.00>
ST_1 : Operation 27 [1/1] (0.00ns)   --->   "store i14 %out_local_V_data_4_V_val, i14* %tmp_data_V_4, align 2" [firmware/myproject_axi.cpp:30]   --->   Operation 27 'store' <Predicate = true> <Delay = 0.00>
ST_1 : Operation 28 [1/1] (0.00ns)   --->   "store i14 %out_local_V_data_5_V_val, i14* %tmp_data_V_5, align 2" [firmware/myproject_axi.cpp:30]   --->   Operation 28 'store' <Predicate = true> <Delay = 0.00>
ST_1 : Operation 29 [1/1] (0.00ns)   --->   "store i14 %out_local_V_data_6_V_val, i14* %tmp_data_V_6, align 2" [firmware/myproject_axi.cpp:30]   --->   Operation 29 'store' <Predicate = true> <Delay = 0.00>
ST_1 : Operation 30 [1/1] (0.00ns)   --->   "store i14 %out_local_V_data_7_V_val, i14* %tmp_data_V_7, align 2" [firmware/myproject_axi.cpp:30]   --->   Operation 30 'store' <Predicate = true> <Delay = 0.00>
ST_1 : Operation 31 [1/1] (0.00ns)   --->   "store i14 %out_local_V_data_8_V_val, i14* %tmp_data_V_8, align 2" [firmware/myproject_axi.cpp:30]   --->   Operation 31 'store' <Predicate = true> <Delay = 0.00>
ST_1 : Operation 32 [1/1] (0.00ns)   --->   "store i14 %out_local_V_data_9_V_val, i14* %tmp_data_V_9, align 2" [firmware/myproject_axi.cpp:30]   --->   Operation 32 'store' <Predicate = true> <Delay = 0.00>
ST_1 : Operation 33 [1/1] (0.00ns)   --->   "ret void"   --->   Operation 33 'ret' <Predicate = true> <Delay = 0.00>


============================================================
+ Verbose Summary: Binding
============================================================
STG Binding: 
---------------- STG Properties BEGIN ----------------
- Is combinational: 0
- Is one-state seq: 1
- Is datapath-only: 0
- Is pipelined: 0
- Is top level: 0
Port [ Return ] is wired: 1; IO mode=ap_ctrl_hs:ce=0
Port [ out_local_V_data_0_V]:  wired=1; compound=1; hidden=0; nouse=0; global=0; static=0; extern=0; dir=0; type=3; pingpong=0; private_global=0; IO mode=ap_fifo:ce=0
Port [ out_local_V_data_1_V]:  wired=1; compound=1; hidden=0; nouse=0; global=0; static=0; extern=0; dir=0; type=3; pingpong=0; private_global=0; IO mode=ap_fifo:ce=0
Port [ out_local_V_data_2_V]:  wired=1; compound=1; hidden=0; nouse=0; global=0; static=0; extern=0; dir=0; type=3; pingpong=0; private_global=0; IO mode=ap_fifo:ce=0
Port [ out_local_V_data_3_V]:  wired=1; compound=1; hidden=0; nouse=0; global=0; static=0; extern=0; dir=0; type=3; pingpong=0; private_global=0; IO mode=ap_fifo:ce=0
Port [ out_local_V_data_4_V]:  wired=1; compound=1; hidden=0; nouse=0; global=0; static=0; extern=0; dir=0; type=3; pingpong=0; private_global=0; IO mode=ap_fifo:ce=0
Port [ out_local_V_data_5_V]:  wired=1; compound=1; hidden=0; nouse=0; global=0; static=0; extern=0; dir=0; type=3; pingpong=0; private_global=0; IO mode=ap_fifo:ce=0
Port [ out_local_V_data_6_V]:  wired=1; compound=1; hidden=0; nouse=0; global=0; static=0; extern=0; dir=0; type=3; pingpong=0; private_global=0; IO mode=ap_fifo:ce=0
Port [ out_local_V_data_7_V]:  wired=1; compound=1; hidden=0; nouse=0; global=0; static=0; extern=0; dir=0; type=3; pingpong=0; private_global=0; IO mode=ap_fifo:ce=0
Port [ out_local_V_data_8_V]:  wired=1; compound=1; hidden=0; nouse=0; global=0; static=0; extern=0; dir=0; type=3; pingpong=0; private_global=0; IO mode=ap_fifo:ce=0
Port [ out_local_V_data_9_V]:  wired=1; compound=1; hidden=0; nouse=0; global=0; static=0; extern=0; dir=0; type=3; pingpong=0; private_global=0; IO mode=ap_fifo:ce=0
Port [ tmp_data_V_0]:  wired=1; compound=0; hidden=0; nouse=0; global=0; static=0; extern=0; dir=1; type=0; pingpong=0; private_global=0; IO mode=ap_vld:ce=0
Port [ tmp_data_V_1]:  wired=1; compound=0; hidden=0; nouse=0; global=0; static=0; extern=0; dir=1; type=0; pingpong=0; private_global=0; IO mode=ap_vld:ce=0
Port [ tmp_data_V_2]:  wired=1; compound=0; hidden=0; nouse=0; global=0; static=0; extern=0; dir=1; type=0; pingpong=0; private_global=0; IO mode=ap_vld:ce=0
Port [ tmp_data_V_3]:  wired=1; compound=0; hidden=0; nouse=0; global=0; static=0; extern=0; dir=1; type=0; pingpong=0; private_global=0; IO mode=ap_vld:ce=0
Port [ tmp_data_V_4]:  wired=1; compound=0; hidden=0; nouse=0; global=0; static=0; extern=0; dir=1; type=0; pingpong=0; private_global=0; IO mode=ap_vld:ce=0
Port [ tmp_data_V_5]:  wired=1; compound=0; hidden=0; nouse=0; global=0; static=0; extern=0; dir=1; type=0; pingpong=0; private_global=0; IO mode=ap_vld:ce=0
Port [ tmp_data_V_6]:  wired=1; compound=0; hidden=0; nouse=0; global=0; static=0; extern=0; dir=1; type=0; pingpong=0; private_global=0; IO mode=ap_vld:ce=0
Port [ tmp_data_V_7]:  wired=1; compound=0; hidden=0; nouse=0; global=0; static=0; extern=0; dir=1; type=0; pingpong=0; private_global=0; IO mode=ap_vld:ce=0
Port [ tmp_data_V_8]:  wired=1; compound=0; hidden=0; nouse=0; global=0; static=0; extern=0; dir=1; type=0; pingpong=0; private_global=0; IO mode=ap_vld:ce=0
Port [ tmp_data_V_9]:  wired=1; compound=0; hidden=0; nouse=0; global=0; static=0; extern=0; dir=1; type=0; pingpong=0; private_global=0; IO mode=ap_vld:ce=0
---------------- STG Properties END ------------------

---------------- Datapath Model BEGIN ----------------

<LifeTime>
<method=bitvector/>
specinterface_ln0        (specinterface) [ 00]
specinterface_ln0        (specinterface) [ 00]
specinterface_ln0        (specinterface) [ 00]
specinterface_ln0        (specinterface) [ 00]
specinterface_ln0        (specinterface) [ 00]
specinterface_ln0        (specinterface) [ 00]
specinterface_ln0        (specinterface) [ 00]
specinterface_ln0        (specinterface) [ 00]
specinterface_ln0        (specinterface) [ 00]
specinterface_ln0        (specinterface) [ 00]
empty                    (read         ) [ 00]
out_local_V_data_0_V_val (extractvalue ) [ 00]
out_local_V_data_1_V_val (extractvalue ) [ 00]
out_local_V_data_2_V_val (extractvalue ) [ 00]
out_local_V_data_3_V_val (extractvalue ) [ 00]
out_local_V_data_4_V_val (extractvalue ) [ 00]
out_local_V_data_5_V_val (extractvalue ) [ 00]
out_local_V_data_6_V_val (extractvalue ) [ 00]
out_local_V_data_7_V_val (extractvalue ) [ 00]
out_local_V_data_8_V_val (extractvalue ) [ 00]
out_local_V_data_9_V_val (extractvalue ) [ 00]
store_ln30               (store        ) [ 00]
store_ln30               (store        ) [ 00]
store_ln30               (store        ) [ 00]
store_ln30               (store        ) [ 00]
store_ln30               (store        ) [ 00]
store_ln30               (store        ) [ 00]
store_ln30               (store        ) [ 00]
store_ln30               (store        ) [ 00]
store_ln30               (store        ) [ 00]
store_ln30               (store        ) [ 00]
ret_ln0                  (ret          ) [ 00]
</LifeTime>

<model>

<comp_list>
<comp id="0" class="1000" name="out_local_V_data_0_V">
<pin_list>
<pin id="1" dir="1" index="0" bw="1" slack="0"/>
</pin_list>
<bind>
<StgValue><ssdm name="out_local_V_data_0_V"/></StgValue>
</bind>
</comp>

<comp id="2" class="1000" name="out_local_V_data_1_V">
<pin_list>
<pin id="3" dir="1" index="0" bw="1" slack="0"/>
</pin_list>
<bind>
<StgValue><ssdm name="out_local_V_data_1_V"/></StgValue>
</bind>
</comp>

<comp id="4" class="1000" name="out_local_V_data_2_V">
<pin_list>
<pin id="5" dir="1" index="0" bw="1" slack="0"/>
</pin_list>
<bind>
<StgValue><ssdm name="out_local_V_data_2_V"/></StgValue>
</bind>
</comp>

<comp id="6" class="1000" name="out_local_V_data_3_V">
<pin_list>
<pin id="7" dir="1" index="0" bw="1" slack="0"/>
</pin_list>
<bind>
<StgValue><ssdm name="out_local_V_data_3_V"/></StgValue>
</bind>
</comp>

<comp id="8" class="1000" name="out_local_V_data_4_V">
<pin_list>
<pin id="9" dir="1" index="0" bw="1" slack="0"/>
</pin_list>
<bind>
<StgValue><ssdm name="out_local_V_data_4_V"/></StgValue>
</bind>
</comp>

<comp id="10" class="1000" name="out_local_V_data_5_V">
<pin_list>
<pin id="11" dir="1" index="0" bw="1" slack="0"/>
</pin_list>
<bind>
<StgValue><ssdm name="out_local_V_data_5_V"/></StgValue>
</bind>
</comp>

<comp id="12" class="1000" name="out_local_V_data_6_V">
<pin_list>
<pin id="13" dir="1" index="0" bw="1" slack="0"/>
</pin_list>
<bind>
<StgValue><ssdm name="out_local_V_data_6_V"/></StgValue>
</bind>
</comp>

<comp id="14" class="1000" name="out_local_V_data_7_V">
<pin_list>
<pin id="15" dir="1" index="0" bw="1" slack="0"/>
</pin_list>
<bind>
<StgValue><ssdm name="out_local_V_data_7_V"/></StgValue>
</bind>
</comp>

<comp id="16" class="1000" name="out_local_V_data_8_V">
<pin_list>
<pin id="17" dir="1" index="0" bw="1" slack="0"/>
</pin_list>
<bind>
<StgValue><ssdm name="out_local_V_data_8_V"/></StgValue>
</bind>
</comp>

<comp id="18" class="1000" name="out_local_V_data_9_V">
<pin_list>
<pin id="19" dir="1" index="0" bw="1" slack="0"/>
</pin_list>
<bind>
<StgValue><ssdm name="out_local_V_data_9_V"/></StgValue>
</bind>
</comp>

<comp id="20" class="1000" name="tmp_data_V_0">
<pin_list>
<pin id="21" dir="1" index="0" bw="1" slack="0"/>
</pin_list>
<bind>
<StgValue><ssdm name="tmp_data_V_0"/></StgValue>
</bind>
</comp>

<comp id="22" class="1000" name="tmp_data_V_1">
<pin_list>
<pin id="23" dir="1" index="0" bw="1" slack="0"/>
</pin_list>
<bind>
<StgValue><ssdm name="tmp_data_V_1"/></StgValue>
</bind>
</comp>

<comp id="24" class="1000" name="tmp_data_V_2">
<pin_list>
<pin id="25" dir="1" index="0" bw="1" slack="0"/>
</pin_list>
<bind>
<StgValue><ssdm name="tmp_data_V_2"/></StgValue>
</bind>
</comp>

<comp id="26" class="1000" name="tmp_data_V_3">
<pin_list>
<pin id="27" dir="1" index="0" bw="1" slack="0"/>
</pin_list>
<bind>
<StgValue><ssdm name="tmp_data_V_3"/></StgValue>
</bind>
</comp>

<comp id="28" class="1000" name="tmp_data_V_4">
<pin_list>
<pin id="29" dir="1" index="0" bw="1" slack="0"/>
</pin_list>
<bind>
<StgValue><ssdm name="tmp_data_V_4"/></StgValue>
</bind>
</comp>

<comp id="30" class="1000" name="tmp_data_V_5">
<pin_list>
<pin id="31" dir="1" index="0" bw="1" slack="0"/>
</pin_list>
<bind>
<StgValue><ssdm name="tmp_data_V_5"/></StgValue>
</bind>
</comp>

<comp id="32" class="1000" name="tmp_data_V_6">
<pin_list>
<pin id="33" dir="1" index="0" bw="1" slack="0"/>
</pin_list>
<bind>
<StgValue><ssdm name="tmp_data_V_6"/></StgValue>
</bind>
</comp>

<comp id="34" class="1000" name="tmp_data_V_7">
<pin_list>
<pin id="35" dir="1" index="0" bw="1" slack="0"/>
</pin_list>
<bind>
<StgValue><ssdm name="tmp_data_V_7"/></StgValue>
</bind>
</comp>

<comp id="36" class="1000" name="tmp_data_V_8">
<pin_list>
<pin id="37" dir="1" index="0" bw="1" slack="0"/>
</pin_list>
<bind>
<StgValue><ssdm name="tmp_data_V_8"/></StgValue>
</bind>
</comp>

<comp id="38" class="1000" name="tmp_data_V_9">
<pin_list>
<pin id="39" dir="1" index="0" bw="1" slack="0"/>
</pin_list>
<bind>
<StgValue><ssdm name="tmp_data_V_9"/></StgValue>
</bind>
</comp>

<comp id="40" class="1001" name="const_40">
<pin_list>
<pin id="41" dir="1" index="0" bw="1" slack="2147483647"/>
</pin_list>
<bind>
<StgValue><ssdm name="_ssdm_op_SpecInterface"/></StgValue>
</bind>
</comp>

<comp id="42" class="1001" name="const_42">
<pin_list>
<pin id="43" dir="1" index="0" bw="1" slack="2147483647"/>
</pin_list>
<bind>
<StgValue><ssdm name="ap_fifo_str"/></StgValue>
</bind>
</comp>

<comp id="44" class="1001" name="const_44">
<pin_list>
<pin id="45" dir="1" index="0" bw="1" slack="2147483647"/>
</pin_list>
<bind>
<StgValue><ssdm name=""/></StgValue>
</bind>
</comp>

<comp id="46" class="1001" name="const_46">
<pin_list>
<pin id="47" dir="1" index="0" bw="1" slack="2147483647"/>
</pin_list>
<bind>
<StgValue><ssdm name="p_str"/></StgValue>
</bind>
</comp>

<comp id="48" class="1001" name="const_48">
<pin_list>
<pin id="49" dir="1" index="0" bw="1" slack="2147483647"/>
</pin_list>
<bind>
<StgValue><ssdm name=""/></StgValue>
</bind>
</comp>

<comp id="50" class="1001" name="const_50">
<pin_list>
<pin id="51" dir="1" index="0" bw="1" slack="2147483647"/>
</pin_list>
<bind>
<StgValue><ssdm name=""/></StgValue>
</bind>
</comp>

<comp id="52" class="1001" name="const_52">
<pin_list>
<pin id="53" dir="1" index="0" bw="1" slack="0"/>
</pin_list>
<bind>
<StgValue><ssdm name="_ssdm_op_Read.ap_fifo.volatile.i14P.i14P.i14P.i14P.i14P.i14P.i14P.i14P.i14P.i14P"/></StgValue>
</bind>
</comp>

<comp id="54" class="1004" name="empty_read_fu_54">
<pin_list>
<pin id="55" dir="0" index="0" bw="140" slack="0"/>
<pin id="56" dir="0" index="1" bw="14" slack="0"/>
<pin id="57" dir="0" index="2" bw="14" slack="0"/>
<pin id="58" dir="0" index="3" bw="14" slack="0"/>
<pin id="59" dir="0" index="4" bw="14" slack="0"/>
<pin id="60" dir="0" index="5" bw="14" slack="0"/>
<pin id="61" dir="0" index="6" bw="14" slack="0"/>
<pin id="62" dir="0" index="7" bw="14" slack="0"/>
<pin id="63" dir="0" index="8" bw="14" slack="0"/>
<pin id="64" dir="0" index="9" bw="14" slack="0"/>
<pin id="65" dir="0" index="10" bw="14" slack="0"/>
<pin id="66" dir="1" index="11" bw="140" slack="0"/>
</pin_list>
<bind>
<opcode="read(1150) " fcode="read"/>
<opset="empty/1 "/>
</bind>
</comp>

<comp id="78" class="1004" name="out_local_V_data_0_V_val_fu_78">
<pin_list>
<pin id="79" dir="0" index="0" bw="140" slack="0"/>
<pin id="80" dir="1" index="1" bw="14" slack="0"/>
</pin_list>
<bind>
<opcode="extractvalue(56) " fcode="extractvalue"/>
<opset="out_local_V_data_0_V_val/1 "/>
</bind>
</comp>

<comp id="82" class="1004" name="out_local_V_data_1_V_val_fu_82">
<pin_list>
<pin id="83" dir="0" index="0" bw="140" slack="0"/>
<pin id="84" dir="1" index="1" bw="14" slack="0"/>
</pin_list>
<bind>
<opcode="extractvalue(56) " fcode="extractvalue"/>
<opset="out_local_V_data_1_V_val/1 "/>
</bind>
</comp>

<comp id="86" class="1004" name="out_local_V_data_2_V_val_fu_86">
<pin_list>
<pin id="87" dir="0" index="0" bw="140" slack="0"/>
<pin id="88" dir="1" index="1" bw="14" slack="0"/>
</pin_list>
<bind>
<opcode="extractvalue(56) " fcode="extractvalue"/>
<opset="out_local_V_data_2_V_val/1 "/>
</bind>
</comp>

<comp id="90" class="1004" name="out_local_V_data_3_V_val_fu_90">
<pin_list>
<pin id="91" dir="0" index="0" bw="140" slack="0"/>
<pin id="92" dir="1" index="1" bw="14" slack="0"/>
</pin_list>
<bind>
<opcode="extractvalue(56) " fcode="extractvalue"/>
<opset="out_local_V_data_3_V_val/1 "/>
</bind>
</comp>

<comp id="94" class="1004" name="out_local_V_data_4_V_val_fu_94">
<pin_list>
<pin id="95" dir="0" index="0" bw="140" slack="0"/>
<pin id="96" dir="1" index="1" bw="14" slack="0"/>
</pin_list>
<bind>
<opcode="extractvalue(56) " fcode="extractvalue"/>
<opset="out_local_V_data_4_V_val/1 "/>
</bind>
</comp>

<comp id="98" class="1004" name="out_local_V_data_5_V_val_fu_98">
<pin_list>
<pin id="99" dir="0" index="0" bw="140" slack="0"/>
<pin id="100" dir="1" index="1" bw="14" slack="0"/>
</pin_list>
<bind>
<opcode="extractvalue(56) " fcode="extractvalue"/>
<opset="out_local_V_data_5_V_val/1 "/>
</bind>
</comp>

<comp id="102" class="1004" name="out_local_V_data_6_V_val_fu_102">
<pin_list>
<pin id="103" dir="0" index="0" bw="140" slack="0"/>
<pin id="104" dir="1" index="1" bw="14" slack="0"/>
</pin_list>
<bind>
<opcode="extractvalue(56) " fcode="extractvalue"/>
<opset="out_local_V_data_6_V_val/1 "/>
</bind>
</comp>

<comp id="106" class="1004" name="out_local_V_data_7_V_val_fu_106">
<pin_list>
<pin id="107" dir="0" index="0" bw="140" slack="0"/>
<pin id="108" dir="1" index="1" bw="14" slack="0"/>
</pin_list>
<bind>
<opcode="extractvalue(56) " fcode="extractvalue"/>
<opset="out_local_V_data_7_V_val/1 "/>
</bind>
</comp>

<comp id="110" class="1004" name="out_local_V_data_8_V_val_fu_110">
<pin_list>
<pin id="111" dir="0" index="0" bw="140" slack="0"/>
<pin id="112" dir="1" index="1" bw="14" slack="0"/>
</pin_list>
<bind>
<opcode="extractvalue(56) " fcode="extractvalue"/>
<opset="out_local_V_data_8_V_val/1 "/>
</bind>
</comp>

<comp id="114" class="1004" name="out_local_V_data_9_V_val_fu_114">
<pin_list>
<pin id="115" dir="0" index="0" bw="140" slack="0"/>
<pin id="116" dir="1" index="1" bw="14" slack="0"/>
</pin_list>
<bind>
<opcode="extractvalue(56) " fcode="extractvalue"/>
<opset="out_local_V_data_9_V_val/1 "/>
</bind>
</comp>

<comp id="118" class="1004" name="store_ln30_store_fu_118">
<pin_list>
<pin id="119" dir="0" index="0" bw="14" slack="0"/>
<pin id="120" dir="0" index="1" bw="14" slack="0"/>
<pin id="121" dir="1" index="2" bw="0" slack="2147483647"/>
</pin_list>
<bind>
<opcode="store(28) " fcode="store"/>
<opset="store_ln30/1 "/>
</bind>
</comp>

<comp id="124" class="1004" name="store_ln30_store_fu_124">
<pin_list>
<pin id="125" dir="0" index="0" bw="14" slack="0"/>
<pin id="126" dir="0" index="1" bw="14" slack="0"/>
<pin id="127" dir="1" index="2" bw="0" slack="2147483647"/>
</pin_list>
<bind>
<opcode="store(28) " fcode="store"/>
<opset="store_ln30/1 "/>
</bind>
</comp>

<comp id="130" class="1004" name="store_ln30_store_fu_130">
<pin_list>
<pin id="131" dir="0" index="0" bw="14" slack="0"/>
<pin id="132" dir="0" index="1" bw="14" slack="0"/>
<pin id="133" dir="1" index="2" bw="0" slack="2147483647"/>
</pin_list>
<bind>
<opcode="store(28) " fcode="store"/>
<opset="store_ln30/1 "/>
</bind>
</comp>

<comp id="136" class="1004" name="store_ln30_store_fu_136">
<pin_list>
<pin id="137" dir="0" index="0" bw="14" slack="0"/>
<pin id="138" dir="0" index="1" bw="14" slack="0"/>
<pin id="139" dir="1" index="2" bw="0" slack="2147483647"/>
</pin_list>
<bind>
<opcode="store(28) " fcode="store"/>
<opset="store_ln30/1 "/>
</bind>
</comp>

<comp id="142" class="1004" name="store_ln30_store_fu_142">
<pin_list>
<pin id="143" dir="0" index="0" bw="14" slack="0"/>
<pin id="144" dir="0" index="1" bw="14" slack="0"/>
<pin id="145" dir="1" index="2" bw="0" slack="2147483647"/>
</pin_list>
<bind>
<opcode="store(28) " fcode="store"/>
<opset="store_ln30/1 "/>
</bind>
</comp>

<comp id="148" class="1004" name="store_ln30_store_fu_148">
<pin_list>
<pin id="149" dir="0" index="0" bw="14" slack="0"/>
<pin id="150" dir="0" index="1" bw="14" slack="0"/>
<pin id="151" dir="1" index="2" bw="0" slack="2147483647"/>
</pin_list>
<bind>
<opcode="store(28) " fcode="store"/>
<opset="store_ln30/1 "/>
</bind>
</comp>

<comp id="154" class="1004" name="store_ln30_store_fu_154">
<pin_list>
<pin id="155" dir="0" index="0" bw="14" slack="0"/>
<pin id="156" dir="0" index="1" bw="14" slack="0"/>
<pin id="157" dir="1" index="2" bw="0" slack="2147483647"/>
</pin_list>
<bind>
<opcode="store(28) " fcode="store"/>
<opset="store_ln30/1 "/>
</bind>
</comp>

<comp id="160" class="1004" name="store_ln30_store_fu_160">
<pin_list>
<pin id="161" dir="0" index="0" bw="14" slack="0"/>
<pin id="162" dir="0" index="1" bw="14" slack="0"/>
<pin id="163" dir="1" index="2" bw="0" slack="2147483647"/>
</pin_list>
<bind>
<opcode="store(28) " fcode="store"/>
<opset="store_ln30/1 "/>
</bind>
</comp>

<comp id="166" class="1004" name="store_ln30_store_fu_166">
<pin_list>
<pin id="167" dir="0" index="0" bw="14" slack="0"/>
<pin id="168" dir="0" index="1" bw="14" slack="0"/>
<pin id="169" dir="1" index="2" bw="0" slack="2147483647"/>
</pin_list>
<bind>
<opcode="store(28) " fcode="store"/>
<opset="store_ln30/1 "/>
</bind>
</comp>

<comp id="172" class="1004" name="store_ln30_store_fu_172">
<pin_list>
<pin id="173" dir="0" index="0" bw="14" slack="0"/>
<pin id="174" dir="0" index="1" bw="14" slack="0"/>
<pin id="175" dir="1" index="2" bw="0" slack="2147483647"/>
</pin_list>
<bind>
<opcode="store(28) " fcode="store"/>
<opset="store_ln30/1 "/>
</bind>
</comp>

</comp_list>

<net_list>
<net id="67"><net_src comp="52" pin="0"/><net_sink comp="54" pin=0"/></net>

<net id="68"><net_src comp="0" pin="0"/><net_sink comp="54" pin=1"/></net>

<net id="69"><net_src comp="2" pin="0"/><net_sink comp="54" pin=2"/></net>

<net id="70"><net_src comp="4" pin="0"/><net_sink comp="54" pin=3"/></net>

<net id="71"><net_src comp="6" pin="0"/><net_sink comp="54" pin=4"/></net>

<net id="72"><net_src comp="8" pin="0"/><net_sink comp="54" pin=5"/></net>

<net id="73"><net_src comp="10" pin="0"/><net_sink comp="54" pin=6"/></net>

<net id="74"><net_src comp="12" pin="0"/><net_sink comp="54" pin=7"/></net>

<net id="75"><net_src comp="14" pin="0"/><net_sink comp="54" pin=8"/></net>

<net id="76"><net_src comp="16" pin="0"/><net_sink comp="54" pin=9"/></net>

<net id="77"><net_src comp="18" pin="0"/><net_sink comp="54" pin=10"/></net>

<net id="81"><net_src comp="54" pin="11"/><net_sink comp="78" pin=0"/></net>

<net id="85"><net_src comp="54" pin="11"/><net_sink comp="82" pin=0"/></net>

<net id="89"><net_src comp="54" pin="11"/><net_sink comp="86" pin=0"/></net>

<net id="93"><net_src comp="54" pin="11"/><net_sink comp="90" pin=0"/></net>

<net id="97"><net_src comp="54" pin="11"/><net_sink comp="94" pin=0"/></net>

<net id="101"><net_src comp="54" pin="11"/><net_sink comp="98" pin=0"/></net>

<net id="105"><net_src comp="54" pin="11"/><net_sink comp="102" pin=0"/></net>

<net id="109"><net_src comp="54" pin="11"/><net_sink comp="106" pin=0"/></net>

<net id="113"><net_src comp="54" pin="11"/><net_sink comp="110" pin=0"/></net>

<net id="117"><net_src comp="54" pin="11"/><net_sink comp="114" pin=0"/></net>

<net id="122"><net_src comp="78" pin="1"/><net_sink comp="118" pin=0"/></net>

<net id="123"><net_src comp="20" pin="0"/><net_sink comp="118" pin=1"/></net>

<net id="128"><net_src comp="82" pin="1"/><net_sink comp="124" pin=0"/></net>

<net id="129"><net_src comp="22" pin="0"/><net_sink comp="124" pin=1"/></net>

<net id="134"><net_src comp="86" pin="1"/><net_sink comp="130" pin=0"/></net>

<net id="135"><net_src comp="24" pin="0"/><net_sink comp="130" pin=1"/></net>

<net id="140"><net_src comp="90" pin="1"/><net_sink comp="136" pin=0"/></net>

<net id="141"><net_src comp="26" pin="0"/><net_sink comp="136" pin=1"/></net>

<net id="146"><net_src comp="94" pin="1"/><net_sink comp="142" pin=0"/></net>

<net id="147"><net_src comp="28" pin="0"/><net_sink comp="142" pin=1"/></net>

<net id="152"><net_src comp="98" pin="1"/><net_sink comp="148" pin=0"/></net>

<net id="153"><net_src comp="30" pin="0"/><net_sink comp="148" pin=1"/></net>

<net id="158"><net_src comp="102" pin="1"/><net_sink comp="154" pin=0"/></net>

<net id="159"><net_src comp="32" pin="0"/><net_sink comp="154" pin=1"/></net>

<net id="164"><net_src comp="106" pin="1"/><net_sink comp="160" pin=0"/></net>

<net id="165"><net_src comp="34" pin="0"/><net_sink comp="160" pin=1"/></net>

<net id="170"><net_src comp="110" pin="1"/><net_sink comp="166" pin=0"/></net>

<net id="171"><net_src comp="36" pin="0"/><net_sink comp="166" pin=1"/></net>

<net id="176"><net_src comp="114" pin="1"/><net_sink comp="172" pin=0"/></net>

<net id="177"><net_src comp="38" pin="0"/><net_sink comp="172" pin=1"/></net>

</net_list>

</model> 
---------------- Datapath Model END ------------------

* FSMD analyzer results:
  - Output states:
	Port: tmp_data_V_0 | {1 }
	Port: tmp_data_V_1 | {1 }
	Port: tmp_data_V_2 | {1 }
	Port: tmp_data_V_3 | {1 }
	Port: tmp_data_V_4 | {1 }
	Port: tmp_data_V_5 | {1 }
	Port: tmp_data_V_6 | {1 }
	Port: tmp_data_V_7 | {1 }
	Port: tmp_data_V_8 | {1 }
	Port: tmp_data_V_9 | {1 }
 - Input state : 
	Port: Block_myproject_axi_.exit50_proc : out_local_V_data_0_V | {1 }
	Port: Block_myproject_axi_.exit50_proc : out_local_V_data_1_V | {1 }
	Port: Block_myproject_axi_.exit50_proc : out_local_V_data_2_V | {1 }
	Port: Block_myproject_axi_.exit50_proc : out_local_V_data_3_V | {1 }
	Port: Block_myproject_axi_.exit50_proc : out_local_V_data_4_V | {1 }
	Port: Block_myproject_axi_.exit50_proc : out_local_V_data_5_V | {1 }
	Port: Block_myproject_axi_.exit50_proc : out_local_V_data_6_V | {1 }
	Port: Block_myproject_axi_.exit50_proc : out_local_V_data_7_V | {1 }
	Port: Block_myproject_axi_.exit50_proc : out_local_V_data_8_V | {1 }
	Port: Block_myproject_axi_.exit50_proc : out_local_V_data_9_V | {1 }
	Port: Block_myproject_axi_.exit50_proc : tmp_data_V_0 | {}
	Port: Block_myproject_axi_.exit50_proc : tmp_data_V_1 | {}
	Port: Block_myproject_axi_.exit50_proc : tmp_data_V_2 | {}
	Port: Block_myproject_axi_.exit50_proc : tmp_data_V_3 | {}
	Port: Block_myproject_axi_.exit50_proc : tmp_data_V_4 | {}
	Port: Block_myproject_axi_.exit50_proc : tmp_data_V_5 | {}
	Port: Block_myproject_axi_.exit50_proc : tmp_data_V_6 | {}
	Port: Block_myproject_axi_.exit50_proc : tmp_data_V_7 | {}
	Port: Block_myproject_axi_.exit50_proc : tmp_data_V_8 | {}
	Port: Block_myproject_axi_.exit50_proc : tmp_data_V_9 | {}
  - Chain level:
	State 1
		store_ln30 : 1
		store_ln30 : 1
		store_ln30 : 1
		store_ln30 : 1
		store_ln30 : 1
		store_ln30 : 1
		store_ln30 : 1
		store_ln30 : 1
		store_ln30 : 1
		store_ln30 : 1


============================================================
+ Verbose Summary: Datapath Resource usage 
============================================================

* Functional unit list:
|----------|---------------------------------|
| Operation|         Functional Unit         |
|----------|---------------------------------|
|   read   |         empty_read_fu_54        |
|----------|---------------------------------|
|          |  out_local_V_data_0_V_val_fu_78 |
|          |  out_local_V_data_1_V_val_fu_82 |
|          |  out_local_V_data_2_V_val_fu_86 |
|          |  out_local_V_data_3_V_val_fu_90 |
|extractvalue|  out_local_V_data_4_V_val_fu_94 |
|          |  out_local_V_data_5_V_val_fu_98 |
|          | out_local_V_data_6_V_val_fu_102 |
|          | out_local_V_data_7_V_val_fu_106 |
|          | out_local_V_data_8_V_val_fu_110 |
|          | out_local_V_data_9_V_val_fu_114 |
|----------|---------------------------------|
|   Total  |                                 |
|----------|---------------------------------|

Memories:
N/A

* Register list:
N/A

* Multiplexer (MUX) list: 
|--------|------|------|------|--------|
|  Comp  |  Pin | Size |  BW  | S x BW |
|--------|------|------|------|--------|
|  Total |      |      |      |    0   |
|--------|------|------|------|--------|



* Summary:
+-----------+
|           |
+-----------+
|  Function |
|   Memory  |
|Multiplexer|
|  Register |
+-----------+
|   Total   |
+-----------+
