

================================================================
== Vivado HLS Report for 'linear_array_array_ap_fixed_14_6_5_3_0_32u_linear_config6_s'
================================================================
* Date:           Thu Jul 11 01:22:12 2024

* Version:        2020.1 (Build 2897737 on Wed May 27 20:21:37 MDT 2020)
* Project:        myproject_prj
* Solution:       solution1
* Product family: zynq
* Target device:  xc7z020-clg400-1


================================================================
== Performance Estimates
================================================================
+ Timing: 
    * Summary: 
    +--------+----------+----------+------------+
    |  Clock |  Target  | Estimated| Uncertainty|
    +--------+----------+----------+------------+
    |ap_clk  | 10.00 ns | 7.268 ns |   1.25 ns  |
    +--------+----------+----------+------------+

+ Latency: 
    * Summary: 
    +---------+---------+----------+----------+-----+-----+---------+
    |  Latency (cycles) |  Latency (absolute) |  Interval | Pipeline|
    |   min   |   max   |    min   |    max   | min | max |   Type  |
    +---------+---------+----------+----------+-----+-----+---------+
    |       66|       66| 0.660 us | 0.660 us |   66|   66|   none  |
    +---------+---------+----------+----------+-----+-----+---------+

    + Detail: 
        * Instance: 
        N/A

        * Loop: 
        +-----------------+---------+---------+----------+-----------+-----------+------+----------+
        |                 |  Latency (cycles) | Iteration|  Initiation Interval  | Trip |          |
        |    Loop Name    |   min   |   max   |  Latency |  achieved |   target  | Count| Pipelined|
        +-----------------+---------+---------+----------+-----------+-----------+------+----------+
        |- LinearActLoop  |       64|       64|         2|          1|          1|    64|    yes   |
        +-----------------+---------+---------+----------+-----------+-----------+------+----------+

============================================================
+ Verbose Summary: Synthesis Manager
============================================================
InlineROM: 1
ExposeGlobal: 0
============================================================
+ Verbose Summary: CDFG Model
============================================================
IsTopModel: 0
ResetActiveHigh: 1
IsCombinational: 2
IsDatapathOnly: 0
HasWiredReturn: 1
HasMFsm: 0
HasVarLatency: 1
IsPipeline: 0
IsRtlPipelined: 0
IsInstanceOverlapped: 0
IsDontTouch: 0
HasImplIP: 0
IsGatedGlobalClock: 0

+ Individual pipeline summary: 
  * Pipeline-0: initiation interval (II) = 1, depth = 2


============================================================
+ Verbose Summary: Schedule
============================================================
* Number of FSM states : 4
* Pipeline : 1
  Pipeline-0 : II = 1, D = 2, States = { 2 3 }
* Dataflow Pipeline: 0

* FSM state transitions: 
1 --> 2 
2 --> 4 3 
3 --> 2 
4 --> 

* FSM state operations: 

State 1 <SV = 0> <Delay = 1.76>
ST_1 : Operation 5 [1/1] (0.00ns)   --->   "call void (...)* @_ssdm_op_SpecInterface(i14* %res_V_data_31_V, [8 x i8]* @ap_fifo_str, i32 0, i32 0, [1 x i8]* @p_str, i32 0, i32 0, [1 x i8]* @p_str, [1 x i8]* @p_str, [1 x i8]* @p_str, i32 2, i32 2, i32 16, i32 16, [1 x i8]* @p_str, [1 x i8]* @p_str)"   --->   Operation 5 'specinterface' <Predicate = true> <Delay = 0.00>
ST_1 : Operation 6 [1/1] (0.00ns)   --->   "call void (...)* @_ssdm_op_SpecInterface(i14* %res_V_data_30_V, [8 x i8]* @ap_fifo_str, i32 0, i32 0, [1 x i8]* @p_str, i32 0, i32 0, [1 x i8]* @p_str, [1 x i8]* @p_str, [1 x i8]* @p_str, i32 2, i32 2, i32 16, i32 16, [1 x i8]* @p_str, [1 x i8]* @p_str)"   --->   Operation 6 'specinterface' <Predicate = true> <Delay = 0.00>
ST_1 : Operation 7 [1/1] (0.00ns)   --->   "call void (...)* @_ssdm_op_SpecInterface(i14* %res_V_data_29_V, [8 x i8]* @ap_fifo_str, i32 0, i32 0, [1 x i8]* @p_str, i32 0, i32 0, [1 x i8]* @p_str, [1 x i8]* @p_str, [1 x i8]* @p_str, i32 2, i32 2, i32 16, i32 16, [1 x i8]* @p_str, [1 x i8]* @p_str)"   --->   Operation 7 'specinterface' <Predicate = true> <Delay = 0.00>
ST_1 : Operation 8 [1/1] (0.00ns)   --->   "call void (...)* @_ssdm_op_SpecInterface(i14* %res_V_data_28_V, [8 x i8]* @ap_fifo_str, i32 0, i32 0, [1 x i8]* @p_str, i32 0, i32 0, [1 x i8]* @p_str, [1 x i8]* @p_str, [1 x i8]* @p_str, i32 2, i32 2, i32 16, i32 16, [1 x i8]* @p_str, [1 x i8]* @p_str)"   --->   Operation 8 'specinterface' <Predicate = true> <Delay = 0.00>
ST_1 : Operation 9 [1/1] (0.00ns)   --->   "call void (...)* @_ssdm_op_SpecInterface(i14* %res_V_data_27_V, [8 x i8]* @ap_fifo_str, i32 0, i32 0, [1 x i8]* @p_str, i32 0, i32 0, [1 x i8]* @p_str, [1 x i8]* @p_str, [1 x i8]* @p_str, i32 2, i32 2, i32 16, i32 16, [1 x i8]* @p_str, [1 x i8]* @p_str)"   --->   Operation 9 'specinterface' <Predicate = true> <Delay = 0.00>
ST_1 : Operation 10 [1/1] (0.00ns)   --->   "call void (...)* @_ssdm_op_SpecInterface(i14* %res_V_data_26_V, [8 x i8]* @ap_fifo_str, i32 0, i32 0, [1 x i8]* @p_str, i32 0, i32 0, [1 x i8]* @p_str, [1 x i8]* @p_str, [1 x i8]* @p_str, i32 2, i32 2, i32 16, i32 16, [1 x i8]* @p_str, [1 x i8]* @p_str)"   --->   Operation 10 'specinterface' <Predicate = true> <Delay = 0.00>
ST_1 : Operation 11 [1/1] (0.00ns)   --->   "call void (...)* @_ssdm_op_SpecInterface(i14* %res_V_data_25_V, [8 x i8]* @ap_fifo_str, i32 0, i32 0, [1 x i8]* @p_str, i32 0, i32 0, [1 x i8]* @p_str, [1 x i8]* @p_str, [1 x i8]* @p_str, i32 2, i32 2, i32 16, i32 16, [1 x i8]* @p_str, [1 x i8]* @p_str)"   --->   Operation 11 'specinterface' <Predicate = true> <Delay = 0.00>
ST_1 : Operation 12 [1/1] (0.00ns)   --->   "call void (...)* @_ssdm_op_SpecInterface(i14* %res_V_data_24_V, [8 x i8]* @ap_fifo_str, i32 0, i32 0, [1 x i8]* @p_str, i32 0, i32 0, [1 x i8]* @p_str, [1 x i8]* @p_str, [1 x i8]* @p_str, i32 2, i32 2, i32 16, i32 16, [1 x i8]* @p_str, [1 x i8]* @p_str)"   --->   Operation 12 'specinterface' <Predicate = true> <Delay = 0.00>
ST_1 : Operation 13 [1/1] (0.00ns)   --->   "call void (...)* @_ssdm_op_SpecInterface(i14* %res_V_data_23_V, [8 x i8]* @ap_fifo_str, i32 0, i32 0, [1 x i8]* @p_str, i32 0, i32 0, [1 x i8]* @p_str, [1 x i8]* @p_str, [1 x i8]* @p_str, i32 2, i32 2, i32 16, i32 16, [1 x i8]* @p_str, [1 x i8]* @p_str)"   --->   Operation 13 'specinterface' <Predicate = true> <Delay = 0.00>
ST_1 : Operation 14 [1/1] (0.00ns)   --->   "call void (...)* @_ssdm_op_SpecInterface(i14* %res_V_data_22_V, [8 x i8]* @ap_fifo_str, i32 0, i32 0, [1 x i8]* @p_str, i32 0, i32 0, [1 x i8]* @p_str, [1 x i8]* @p_str, [1 x i8]* @p_str, i32 2, i32 2, i32 16, i32 16, [1 x i8]* @p_str, [1 x i8]* @p_str)"   --->   Operation 14 'specinterface' <Predicate = true> <Delay = 0.00>
ST_1 : Operation 15 [1/1] (0.00ns)   --->   "call void (...)* @_ssdm_op_SpecInterface(i14* %res_V_data_21_V, [8 x i8]* @ap_fifo_str, i32 0, i32 0, [1 x i8]* @p_str, i32 0, i32 0, [1 x i8]* @p_str, [1 x i8]* @p_str, [1 x i8]* @p_str, i32 2, i32 2, i32 16, i32 16, [1 x i8]* @p_str, [1 x i8]* @p_str)"   --->   Operation 15 'specinterface' <Predicate = true> <Delay = 0.00>
ST_1 : Operation 16 [1/1] (0.00ns)   --->   "call void (...)* @_ssdm_op_SpecInterface(i14* %res_V_data_20_V, [8 x i8]* @ap_fifo_str, i32 0, i32 0, [1 x i8]* @p_str, i32 0, i32 0, [1 x i8]* @p_str, [1 x i8]* @p_str, [1 x i8]* @p_str, i32 2, i32 2, i32 16, i32 16, [1 x i8]* @p_str, [1 x i8]* @p_str)"   --->   Operation 16 'specinterface' <Predicate = true> <Delay = 0.00>
ST_1 : Operation 17 [1/1] (0.00ns)   --->   "call void (...)* @_ssdm_op_SpecInterface(i14* %res_V_data_19_V, [8 x i8]* @ap_fifo_str, i32 0, i32 0, [1 x i8]* @p_str, i32 0, i32 0, [1 x i8]* @p_str, [1 x i8]* @p_str, [1 x i8]* @p_str, i32 2, i32 2, i32 16, i32 16, [1 x i8]* @p_str, [1 x i8]* @p_str)"   --->   Operation 17 'specinterface' <Predicate = true> <Delay = 0.00>
ST_1 : Operation 18 [1/1] (0.00ns)   --->   "call void (...)* @_ssdm_op_SpecInterface(i14* %res_V_data_18_V, [8 x i8]* @ap_fifo_str, i32 0, i32 0, [1 x i8]* @p_str, i32 0, i32 0, [1 x i8]* @p_str, [1 x i8]* @p_str, [1 x i8]* @p_str, i32 2, i32 2, i32 16, i32 16, [1 x i8]* @p_str, [1 x i8]* @p_str)"   --->   Operation 18 'specinterface' <Predicate = true> <Delay = 0.00>
ST_1 : Operation 19 [1/1] (0.00ns)   --->   "call void (...)* @_ssdm_op_SpecInterface(i14* %res_V_data_17_V, [8 x i8]* @ap_fifo_str, i32 0, i32 0, [1 x i8]* @p_str, i32 0, i32 0, [1 x i8]* @p_str, [1 x i8]* @p_str, [1 x i8]* @p_str, i32 2, i32 2, i32 16, i32 16, [1 x i8]* @p_str, [1 x i8]* @p_str)"   --->   Operation 19 'specinterface' <Predicate = true> <Delay = 0.00>
ST_1 : Operation 20 [1/1] (0.00ns)   --->   "call void (...)* @_ssdm_op_SpecInterface(i14* %res_V_data_16_V, [8 x i8]* @ap_fifo_str, i32 0, i32 0, [1 x i8]* @p_str, i32 0, i32 0, [1 x i8]* @p_str, [1 x i8]* @p_str, [1 x i8]* @p_str, i32 2, i32 2, i32 16, i32 16, [1 x i8]* @p_str, [1 x i8]* @p_str)"   --->   Operation 20 'specinterface' <Predicate = true> <Delay = 0.00>
ST_1 : Operation 21 [1/1] (0.00ns)   --->   "call void (...)* @_ssdm_op_SpecInterface(i14* %res_V_data_15_V, [8 x i8]* @ap_fifo_str, i32 0, i32 0, [1 x i8]* @p_str, i32 0, i32 0, [1 x i8]* @p_str, [1 x i8]* @p_str, [1 x i8]* @p_str, i32 2, i32 2, i32 16, i32 16, [1 x i8]* @p_str, [1 x i8]* @p_str)"   --->   Operation 21 'specinterface' <Predicate = true> <Delay = 0.00>
ST_1 : Operation 22 [1/1] (0.00ns)   --->   "call void (...)* @_ssdm_op_SpecInterface(i14* %res_V_data_14_V, [8 x i8]* @ap_fifo_str, i32 0, i32 0, [1 x i8]* @p_str, i32 0, i32 0, [1 x i8]* @p_str, [1 x i8]* @p_str, [1 x i8]* @p_str, i32 2, i32 2, i32 16, i32 16, [1 x i8]* @p_str, [1 x i8]* @p_str)"   --->   Operation 22 'specinterface' <Predicate = true> <Delay = 0.00>
ST_1 : Operation 23 [1/1] (0.00ns)   --->   "call void (...)* @_ssdm_op_SpecInterface(i14* %res_V_data_13_V, [8 x i8]* @ap_fifo_str, i32 0, i32 0, [1 x i8]* @p_str, i32 0, i32 0, [1 x i8]* @p_str, [1 x i8]* @p_str, [1 x i8]* @p_str, i32 2, i32 2, i32 16, i32 16, [1 x i8]* @p_str, [1 x i8]* @p_str)"   --->   Operation 23 'specinterface' <Predicate = true> <Delay = 0.00>
ST_1 : Operation 24 [1/1] (0.00ns)   --->   "call void (...)* @_ssdm_op_SpecInterface(i14* %res_V_data_12_V, [8 x i8]* @ap_fifo_str, i32 0, i32 0, [1 x i8]* @p_str, i32 0, i32 0, [1 x i8]* @p_str, [1 x i8]* @p_str, [1 x i8]* @p_str, i32 2, i32 2, i32 16, i32 16, [1 x i8]* @p_str, [1 x i8]* @p_str)"   --->   Operation 24 'specinterface' <Predicate = true> <Delay = 0.00>
ST_1 : Operation 25 [1/1] (0.00ns)   --->   "call void (...)* @_ssdm_op_SpecInterface(i14* %res_V_data_11_V, [8 x i8]* @ap_fifo_str, i32 0, i32 0, [1 x i8]* @p_str, i32 0, i32 0, [1 x i8]* @p_str, [1 x i8]* @p_str, [1 x i8]* @p_str, i32 2, i32 2, i32 16, i32 16, [1 x i8]* @p_str, [1 x i8]* @p_str)"   --->   Operation 25 'specinterface' <Predicate = true> <Delay = 0.00>
ST_1 : Operation 26 [1/1] (0.00ns)   --->   "call void (...)* @_ssdm_op_SpecInterface(i14* %res_V_data_10_V, [8 x i8]* @ap_fifo_str, i32 0, i32 0, [1 x i8]* @p_str, i32 0, i32 0, [1 x i8]* @p_str, [1 x i8]* @p_str, [1 x i8]* @p_str, i32 2, i32 2, i32 16, i32 16, [1 x i8]* @p_str, [1 x i8]* @p_str)"   --->   Operation 26 'specinterface' <Predicate = true> <Delay = 0.00>
ST_1 : Operation 27 [1/1] (0.00ns)   --->   "call void (...)* @_ssdm_op_SpecInterface(i14* %res_V_data_9_V, [8 x i8]* @ap_fifo_str, i32 0, i32 0, [1 x i8]* @p_str, i32 0, i32 0, [1 x i8]* @p_str, [1 x i8]* @p_str, [1 x i8]* @p_str, i32 2, i32 2, i32 16, i32 16, [1 x i8]* @p_str, [1 x i8]* @p_str)"   --->   Operation 27 'specinterface' <Predicate = true> <Delay = 0.00>
ST_1 : Operation 28 [1/1] (0.00ns)   --->   "call void (...)* @_ssdm_op_SpecInterface(i14* %res_V_data_8_V, [8 x i8]* @ap_fifo_str, i32 0, i32 0, [1 x i8]* @p_str, i32 0, i32 0, [1 x i8]* @p_str, [1 x i8]* @p_str, [1 x i8]* @p_str, i32 2, i32 2, i32 16, i32 16, [1 x i8]* @p_str, [1 x i8]* @p_str)"   --->   Operation 28 'specinterface' <Predicate = true> <Delay = 0.00>
ST_1 : Operation 29 [1/1] (0.00ns)   --->   "call void (...)* @_ssdm_op_SpecInterface(i14* %res_V_data_7_V, [8 x i8]* @ap_fifo_str, i32 0, i32 0, [1 x i8]* @p_str, i32 0, i32 0, [1 x i8]* @p_str, [1 x i8]* @p_str, [1 x i8]* @p_str, i32 2, i32 2, i32 16, i32 16, [1 x i8]* @p_str, [1 x i8]* @p_str)"   --->   Operation 29 'specinterface' <Predicate = true> <Delay = 0.00>
ST_1 : Operation 30 [1/1] (0.00ns)   --->   "call void (...)* @_ssdm_op_SpecInterface(i14* %res_V_data_6_V, [8 x i8]* @ap_fifo_str, i32 0, i32 0, [1 x i8]* @p_str, i32 0, i32 0, [1 x i8]* @p_str, [1 x i8]* @p_str, [1 x i8]* @p_str, i32 2, i32 2, i32 16, i32 16, [1 x i8]* @p_str, [1 x i8]* @p_str)"   --->   Operation 30 'specinterface' <Predicate = true> <Delay = 0.00>
ST_1 : Operation 31 [1/1] (0.00ns)   --->   "call void (...)* @_ssdm_op_SpecInterface(i14* %res_V_data_5_V, [8 x i8]* @ap_fifo_str, i32 0, i32 0, [1 x i8]* @p_str, i32 0, i32 0, [1 x i8]* @p_str, [1 x i8]* @p_str, [1 x i8]* @p_str, i32 2, i32 2, i32 16, i32 16, [1 x i8]* @p_str, [1 x i8]* @p_str)"   --->   Operation 31 'specinterface' <Predicate = true> <Delay = 0.00>
ST_1 : Operation 32 [1/1] (0.00ns)   --->   "call void (...)* @_ssdm_op_SpecInterface(i14* %res_V_data_4_V, [8 x i8]* @ap_fifo_str, i32 0, i32 0, [1 x i8]* @p_str, i32 0, i32 0, [1 x i8]* @p_str, [1 x i8]* @p_str, [1 x i8]* @p_str, i32 2, i32 2, i32 16, i32 16, [1 x i8]* @p_str, [1 x i8]* @p_str)"   --->   Operation 32 'specinterface' <Predicate = true> <Delay = 0.00>
ST_1 : Operation 33 [1/1] (0.00ns)   --->   "call void (...)* @_ssdm_op_SpecInterface(i14* %res_V_data_3_V, [8 x i8]* @ap_fifo_str, i32 0, i32 0, [1 x i8]* @p_str, i32 0, i32 0, [1 x i8]* @p_str, [1 x i8]* @p_str, [1 x i8]* @p_str, i32 2, i32 2, i32 16, i32 16, [1 x i8]* @p_str, [1 x i8]* @p_str)"   --->   Operation 33 'specinterface' <Predicate = true> <Delay = 0.00>
ST_1 : Operation 34 [1/1] (0.00ns)   --->   "call void (...)* @_ssdm_op_SpecInterface(i14* %res_V_data_2_V, [8 x i8]* @ap_fifo_str, i32 0, i32 0, [1 x i8]* @p_str, i32 0, i32 0, [1 x i8]* @p_str, [1 x i8]* @p_str, [1 x i8]* @p_str, i32 2, i32 2, i32 16, i32 16, [1 x i8]* @p_str, [1 x i8]* @p_str)"   --->   Operation 34 'specinterface' <Predicate = true> <Delay = 0.00>
ST_1 : Operation 35 [1/1] (0.00ns)   --->   "call void (...)* @_ssdm_op_SpecInterface(i14* %res_V_data_1_V, [8 x i8]* @ap_fifo_str, i32 0, i32 0, [1 x i8]* @p_str, i32 0, i32 0, [1 x i8]* @p_str, [1 x i8]* @p_str, [1 x i8]* @p_str, i32 2, i32 2, i32 16, i32 16, [1 x i8]* @p_str, [1 x i8]* @p_str)"   --->   Operation 35 'specinterface' <Predicate = true> <Delay = 0.00>
ST_1 : Operation 36 [1/1] (0.00ns)   --->   "call void (...)* @_ssdm_op_SpecInterface(i14* %res_V_data_0_V, [8 x i8]* @ap_fifo_str, i32 0, i32 0, [1 x i8]* @p_str, i32 0, i32 0, [1 x i8]* @p_str, [1 x i8]* @p_str, [1 x i8]* @p_str, i32 2, i32 2, i32 16, i32 16, [1 x i8]* @p_str, [1 x i8]* @p_str)"   --->   Operation 36 'specinterface' <Predicate = true> <Delay = 0.00>
ST_1 : Operation 37 [1/1] (0.00ns)   --->   "call void (...)* @_ssdm_op_SpecInterface(i14* %data_V_data_31_V, [8 x i8]* @ap_fifo_str, i32 0, i32 0, [1 x i8]* @p_str, i32 0, i32 0, [1 x i8]* @p_str, [1 x i8]* @p_str, [1 x i8]* @p_str, i32 2, i32 2, i32 16, i32 16, [1 x i8]* @p_str, [1 x i8]* @p_str)"   --->   Operation 37 'specinterface' <Predicate = true> <Delay = 0.00>
ST_1 : Operation 38 [1/1] (0.00ns)   --->   "call void (...)* @_ssdm_op_SpecInterface(i14* %data_V_data_30_V, [8 x i8]* @ap_fifo_str, i32 0, i32 0, [1 x i8]* @p_str, i32 0, i32 0, [1 x i8]* @p_str, [1 x i8]* @p_str, [1 x i8]* @p_str, i32 2, i32 2, i32 16, i32 16, [1 x i8]* @p_str, [1 x i8]* @p_str)"   --->   Operation 38 'specinterface' <Predicate = true> <Delay = 0.00>
ST_1 : Operation 39 [1/1] (0.00ns)   --->   "call void (...)* @_ssdm_op_SpecInterface(i14* %data_V_data_29_V, [8 x i8]* @ap_fifo_str, i32 0, i32 0, [1 x i8]* @p_str, i32 0, i32 0, [1 x i8]* @p_str, [1 x i8]* @p_str, [1 x i8]* @p_str, i32 2, i32 2, i32 16, i32 16, [1 x i8]* @p_str, [1 x i8]* @p_str)"   --->   Operation 39 'specinterface' <Predicate = true> <Delay = 0.00>
ST_1 : Operation 40 [1/1] (0.00ns)   --->   "call void (...)* @_ssdm_op_SpecInterface(i14* %data_V_data_28_V, [8 x i8]* @ap_fifo_str, i32 0, i32 0, [1 x i8]* @p_str, i32 0, i32 0, [1 x i8]* @p_str, [1 x i8]* @p_str, [1 x i8]* @p_str, i32 2, i32 2, i32 16, i32 16, [1 x i8]* @p_str, [1 x i8]* @p_str)"   --->   Operation 40 'specinterface' <Predicate = true> <Delay = 0.00>
ST_1 : Operation 41 [1/1] (0.00ns)   --->   "call void (...)* @_ssdm_op_SpecInterface(i14* %data_V_data_27_V, [8 x i8]* @ap_fifo_str, i32 0, i32 0, [1 x i8]* @p_str, i32 0, i32 0, [1 x i8]* @p_str, [1 x i8]* @p_str, [1 x i8]* @p_str, i32 2, i32 2, i32 16, i32 16, [1 x i8]* @p_str, [1 x i8]* @p_str)"   --->   Operation 41 'specinterface' <Predicate = true> <Delay = 0.00>
ST_1 : Operation 42 [1/1] (0.00ns)   --->   "call void (...)* @_ssdm_op_SpecInterface(i14* %data_V_data_26_V, [8 x i8]* @ap_fifo_str, i32 0, i32 0, [1 x i8]* @p_str, i32 0, i32 0, [1 x i8]* @p_str, [1 x i8]* @p_str, [1 x i8]* @p_str, i32 2, i32 2, i32 16, i32 16, [1 x i8]* @p_str, [1 x i8]* @p_str)"   --->   Operation 42 'specinterface' <Predicate = true> <Delay = 0.00>
ST_1 : Operation 43 [1/1] (0.00ns)   --->   "call void (...)* @_ssdm_op_SpecInterface(i14* %data_V_data_25_V, [8 x i8]* @ap_fifo_str, i32 0, i32 0, [1 x i8]* @p_str, i32 0, i32 0, [1 x i8]* @p_str, [1 x i8]* @p_str, [1 x i8]* @p_str, i32 2, i32 2, i32 16, i32 16, [1 x i8]* @p_str, [1 x i8]* @p_str)"   --->   Operation 43 'specinterface' <Predicate = true> <Delay = 0.00>
ST_1 : Operation 44 [1/1] (0.00ns)   --->   "call void (...)* @_ssdm_op_SpecInterface(i14* %data_V_data_24_V, [8 x i8]* @ap_fifo_str, i32 0, i32 0, [1 x i8]* @p_str, i32 0, i32 0, [1 x i8]* @p_str, [1 x i8]* @p_str, [1 x i8]* @p_str, i32 2, i32 2, i32 16, i32 16, [1 x i8]* @p_str, [1 x i8]* @p_str)"   --->   Operation 44 'specinterface' <Predicate = true> <Delay = 0.00>
ST_1 : Operation 45 [1/1] (0.00ns)   --->   "call void (...)* @_ssdm_op_SpecInterface(i14* %data_V_data_23_V, [8 x i8]* @ap_fifo_str, i32 0, i32 0, [1 x i8]* @p_str, i32 0, i32 0, [1 x i8]* @p_str, [1 x i8]* @p_str, [1 x i8]* @p_str, i32 2, i32 2, i32 16, i32 16, [1 x i8]* @p_str, [1 x i8]* @p_str)"   --->   Operation 45 'specinterface' <Predicate = true> <Delay = 0.00>
ST_1 : Operation 46 [1/1] (0.00ns)   --->   "call void (...)* @_ssdm_op_SpecInterface(i14* %data_V_data_22_V, [8 x i8]* @ap_fifo_str, i32 0, i32 0, [1 x i8]* @p_str, i32 0, i32 0, [1 x i8]* @p_str, [1 x i8]* @p_str, [1 x i8]* @p_str, i32 2, i32 2, i32 16, i32 16, [1 x i8]* @p_str, [1 x i8]* @p_str)"   --->   Operation 46 'specinterface' <Predicate = true> <Delay = 0.00>
ST_1 : Operation 47 [1/1] (0.00ns)   --->   "call void (...)* @_ssdm_op_SpecInterface(i14* %data_V_data_21_V, [8 x i8]* @ap_fifo_str, i32 0, i32 0, [1 x i8]* @p_str, i32 0, i32 0, [1 x i8]* @p_str, [1 x i8]* @p_str, [1 x i8]* @p_str, i32 2, i32 2, i32 16, i32 16, [1 x i8]* @p_str, [1 x i8]* @p_str)"   --->   Operation 47 'specinterface' <Predicate = true> <Delay = 0.00>
ST_1 : Operation 48 [1/1] (0.00ns)   --->   "call void (...)* @_ssdm_op_SpecInterface(i14* %data_V_data_20_V, [8 x i8]* @ap_fifo_str, i32 0, i32 0, [1 x i8]* @p_str, i32 0, i32 0, [1 x i8]* @p_str, [1 x i8]* @p_str, [1 x i8]* @p_str, i32 2, i32 2, i32 16, i32 16, [1 x i8]* @p_str, [1 x i8]* @p_str)"   --->   Operation 48 'specinterface' <Predicate = true> <Delay = 0.00>
ST_1 : Operation 49 [1/1] (0.00ns)   --->   "call void (...)* @_ssdm_op_SpecInterface(i14* %data_V_data_19_V, [8 x i8]* @ap_fifo_str, i32 0, i32 0, [1 x i8]* @p_str, i32 0, i32 0, [1 x i8]* @p_str, [1 x i8]* @p_str, [1 x i8]* @p_str, i32 2, i32 2, i32 16, i32 16, [1 x i8]* @p_str, [1 x i8]* @p_str)"   --->   Operation 49 'specinterface' <Predicate = true> <Delay = 0.00>
ST_1 : Operation 50 [1/1] (0.00ns)   --->   "call void (...)* @_ssdm_op_SpecInterface(i14* %data_V_data_18_V, [8 x i8]* @ap_fifo_str, i32 0, i32 0, [1 x i8]* @p_str, i32 0, i32 0, [1 x i8]* @p_str, [1 x i8]* @p_str, [1 x i8]* @p_str, i32 2, i32 2, i32 16, i32 16, [1 x i8]* @p_str, [1 x i8]* @p_str)"   --->   Operation 50 'specinterface' <Predicate = true> <Delay = 0.00>
ST_1 : Operation 51 [1/1] (0.00ns)   --->   "call void (...)* @_ssdm_op_SpecInterface(i14* %data_V_data_17_V, [8 x i8]* @ap_fifo_str, i32 0, i32 0, [1 x i8]* @p_str, i32 0, i32 0, [1 x i8]* @p_str, [1 x i8]* @p_str, [1 x i8]* @p_str, i32 2, i32 2, i32 16, i32 16, [1 x i8]* @p_str, [1 x i8]* @p_str)"   --->   Operation 51 'specinterface' <Predicate = true> <Delay = 0.00>
ST_1 : Operation 52 [1/1] (0.00ns)   --->   "call void (...)* @_ssdm_op_SpecInterface(i14* %data_V_data_16_V, [8 x i8]* @ap_fifo_str, i32 0, i32 0, [1 x i8]* @p_str, i32 0, i32 0, [1 x i8]* @p_str, [1 x i8]* @p_str, [1 x i8]* @p_str, i32 2, i32 2, i32 16, i32 16, [1 x i8]* @p_str, [1 x i8]* @p_str)"   --->   Operation 52 'specinterface' <Predicate = true> <Delay = 0.00>
ST_1 : Operation 53 [1/1] (0.00ns)   --->   "call void (...)* @_ssdm_op_SpecInterface(i14* %data_V_data_15_V, [8 x i8]* @ap_fifo_str, i32 0, i32 0, [1 x i8]* @p_str, i32 0, i32 0, [1 x i8]* @p_str, [1 x i8]* @p_str, [1 x i8]* @p_str, i32 2, i32 2, i32 16, i32 16, [1 x i8]* @p_str, [1 x i8]* @p_str)"   --->   Operation 53 'specinterface' <Predicate = true> <Delay = 0.00>
ST_1 : Operation 54 [1/1] (0.00ns)   --->   "call void (...)* @_ssdm_op_SpecInterface(i14* %data_V_data_14_V, [8 x i8]* @ap_fifo_str, i32 0, i32 0, [1 x i8]* @p_str, i32 0, i32 0, [1 x i8]* @p_str, [1 x i8]* @p_str, [1 x i8]* @p_str, i32 2, i32 2, i32 16, i32 16, [1 x i8]* @p_str, [1 x i8]* @p_str)"   --->   Operation 54 'specinterface' <Predicate = true> <Delay = 0.00>
ST_1 : Operation 55 [1/1] (0.00ns)   --->   "call void (...)* @_ssdm_op_SpecInterface(i14* %data_V_data_13_V, [8 x i8]* @ap_fifo_str, i32 0, i32 0, [1 x i8]* @p_str, i32 0, i32 0, [1 x i8]* @p_str, [1 x i8]* @p_str, [1 x i8]* @p_str, i32 2, i32 2, i32 16, i32 16, [1 x i8]* @p_str, [1 x i8]* @p_str)"   --->   Operation 55 'specinterface' <Predicate = true> <Delay = 0.00>
ST_1 : Operation 56 [1/1] (0.00ns)   --->   "call void (...)* @_ssdm_op_SpecInterface(i14* %data_V_data_12_V, [8 x i8]* @ap_fifo_str, i32 0, i32 0, [1 x i8]* @p_str, i32 0, i32 0, [1 x i8]* @p_str, [1 x i8]* @p_str, [1 x i8]* @p_str, i32 2, i32 2, i32 16, i32 16, [1 x i8]* @p_str, [1 x i8]* @p_str)"   --->   Operation 56 'specinterface' <Predicate = true> <Delay = 0.00>
ST_1 : Operation 57 [1/1] (0.00ns)   --->   "call void (...)* @_ssdm_op_SpecInterface(i14* %data_V_data_11_V, [8 x i8]* @ap_fifo_str, i32 0, i32 0, [1 x i8]* @p_str, i32 0, i32 0, [1 x i8]* @p_str, [1 x i8]* @p_str, [1 x i8]* @p_str, i32 2, i32 2, i32 16, i32 16, [1 x i8]* @p_str, [1 x i8]* @p_str)"   --->   Operation 57 'specinterface' <Predicate = true> <Delay = 0.00>
ST_1 : Operation 58 [1/1] (0.00ns)   --->   "call void (...)* @_ssdm_op_SpecInterface(i14* %data_V_data_10_V, [8 x i8]* @ap_fifo_str, i32 0, i32 0, [1 x i8]* @p_str, i32 0, i32 0, [1 x i8]* @p_str, [1 x i8]* @p_str, [1 x i8]* @p_str, i32 2, i32 2, i32 16, i32 16, [1 x i8]* @p_str, [1 x i8]* @p_str)"   --->   Operation 58 'specinterface' <Predicate = true> <Delay = 0.00>
ST_1 : Operation 59 [1/1] (0.00ns)   --->   "call void (...)* @_ssdm_op_SpecInterface(i14* %data_V_data_9_V, [8 x i8]* @ap_fifo_str, i32 0, i32 0, [1 x i8]* @p_str, i32 0, i32 0, [1 x i8]* @p_str, [1 x i8]* @p_str, [1 x i8]* @p_str, i32 2, i32 2, i32 16, i32 16, [1 x i8]* @p_str, [1 x i8]* @p_str)"   --->   Operation 59 'specinterface' <Predicate = true> <Delay = 0.00>
ST_1 : Operation 60 [1/1] (0.00ns)   --->   "call void (...)* @_ssdm_op_SpecInterface(i14* %data_V_data_8_V, [8 x i8]* @ap_fifo_str, i32 0, i32 0, [1 x i8]* @p_str, i32 0, i32 0, [1 x i8]* @p_str, [1 x i8]* @p_str, [1 x i8]* @p_str, i32 2, i32 2, i32 16, i32 16, [1 x i8]* @p_str, [1 x i8]* @p_str)"   --->   Operation 60 'specinterface' <Predicate = true> <Delay = 0.00>
ST_1 : Operation 61 [1/1] (0.00ns)   --->   "call void (...)* @_ssdm_op_SpecInterface(i14* %data_V_data_7_V, [8 x i8]* @ap_fifo_str, i32 0, i32 0, [1 x i8]* @p_str, i32 0, i32 0, [1 x i8]* @p_str, [1 x i8]* @p_str, [1 x i8]* @p_str, i32 2, i32 2, i32 16, i32 16, [1 x i8]* @p_str, [1 x i8]* @p_str)"   --->   Operation 61 'specinterface' <Predicate = true> <Delay = 0.00>
ST_1 : Operation 62 [1/1] (0.00ns)   --->   "call void (...)* @_ssdm_op_SpecInterface(i14* %data_V_data_6_V, [8 x i8]* @ap_fifo_str, i32 0, i32 0, [1 x i8]* @p_str, i32 0, i32 0, [1 x i8]* @p_str, [1 x i8]* @p_str, [1 x i8]* @p_str, i32 2, i32 2, i32 16, i32 16, [1 x i8]* @p_str, [1 x i8]* @p_str)"   --->   Operation 62 'specinterface' <Predicate = true> <Delay = 0.00>
ST_1 : Operation 63 [1/1] (0.00ns)   --->   "call void (...)* @_ssdm_op_SpecInterface(i14* %data_V_data_5_V, [8 x i8]* @ap_fifo_str, i32 0, i32 0, [1 x i8]* @p_str, i32 0, i32 0, [1 x i8]* @p_str, [1 x i8]* @p_str, [1 x i8]* @p_str, i32 2, i32 2, i32 16, i32 16, [1 x i8]* @p_str, [1 x i8]* @p_str)"   --->   Operation 63 'specinterface' <Predicate = true> <Delay = 0.00>
ST_1 : Operation 64 [1/1] (0.00ns)   --->   "call void (...)* @_ssdm_op_SpecInterface(i14* %data_V_data_4_V, [8 x i8]* @ap_fifo_str, i32 0, i32 0, [1 x i8]* @p_str, i32 0, i32 0, [1 x i8]* @p_str, [1 x i8]* @p_str, [1 x i8]* @p_str, i32 2, i32 2, i32 16, i32 16, [1 x i8]* @p_str, [1 x i8]* @p_str)"   --->   Operation 64 'specinterface' <Predicate = true> <Delay = 0.00>
ST_1 : Operation 65 [1/1] (0.00ns)   --->   "call void (...)* @_ssdm_op_SpecInterface(i14* %data_V_data_3_V, [8 x i8]* @ap_fifo_str, i32 0, i32 0, [1 x i8]* @p_str, i32 0, i32 0, [1 x i8]* @p_str, [1 x i8]* @p_str, [1 x i8]* @p_str, i32 2, i32 2, i32 16, i32 16, [1 x i8]* @p_str, [1 x i8]* @p_str)"   --->   Operation 65 'specinterface' <Predicate = true> <Delay = 0.00>
ST_1 : Operation 66 [1/1] (0.00ns)   --->   "call void (...)* @_ssdm_op_SpecInterface(i14* %data_V_data_2_V, [8 x i8]* @ap_fifo_str, i32 0, i32 0, [1 x i8]* @p_str, i32 0, i32 0, [1 x i8]* @p_str, [1 x i8]* @p_str, [1 x i8]* @p_str, i32 2, i32 2, i32 16, i32 16, [1 x i8]* @p_str, [1 x i8]* @p_str)"   --->   Operation 66 'specinterface' <Predicate = true> <Delay = 0.00>
ST_1 : Operation 67 [1/1] (0.00ns)   --->   "call void (...)* @_ssdm_op_SpecInterface(i14* %data_V_data_1_V, [8 x i8]* @ap_fifo_str, i32 0, i32 0, [1 x i8]* @p_str, i32 0, i32 0, [1 x i8]* @p_str, [1 x i8]* @p_str, [1 x i8]* @p_str, i32 2, i32 2, i32 16, i32 16, [1 x i8]* @p_str, [1 x i8]* @p_str)"   --->   Operation 67 'specinterface' <Predicate = true> <Delay = 0.00>
ST_1 : Operation 68 [1/1] (0.00ns)   --->   "call void (...)* @_ssdm_op_SpecInterface(i14* %data_V_data_0_V, [8 x i8]* @ap_fifo_str, i32 0, i32 0, [1 x i8]* @p_str, i32 0, i32 0, [1 x i8]* @p_str, [1 x i8]* @p_str, [1 x i8]* @p_str, i32 2, i32 2, i32 16, i32 16, [1 x i8]* @p_str, [1 x i8]* @p_str)"   --->   Operation 68 'specinterface' <Predicate = true> <Delay = 0.00>
ST_1 : Operation 69 [1/1] (1.76ns)   --->   "br label %1" [firmware/nnet_utils/nnet_activation_stream.h:19]   --->   Operation 69 'br' <Predicate = true> <Delay = 1.76>

State 2 <SV = 1> <Delay = 1.87>
ST_2 : Operation 70 [1/1] (0.00ns)   --->   "%i_0 = phi i7 [ 0, %0 ], [ %i, %LinearActLoop ]"   --->   Operation 70 'phi' 'i_0' <Predicate = true> <Delay = 0.00>
ST_2 : Operation 71 [1/1] (1.48ns)   --->   "%icmp_ln19 = icmp eq i7 %i_0, -64" [firmware/nnet_utils/nnet_activation_stream.h:19]   --->   Operation 71 'icmp' 'icmp_ln19' <Predicate = true> <Delay = 1.48> <Core = "Cmp">   --->   Core 25 'Cmp' <Latency = 0> <II = 1> <Delay = 1.48> <FuncUnit> <Opcode : 'icmp'> <InPorts = 2> <OutPorts = 1>
ST_2 : Operation 72 [1/1] (0.00ns)   --->   "%empty = call i32 (...)* @_ssdm_op_SpecLoopTripCount(i64 64, i64 64, i64 64)"   --->   Operation 72 'speclooptripcount' 'empty' <Predicate = true> <Delay = 0.00>
ST_2 : Operation 73 [1/1] (1.87ns)   --->   "%i = add i7 %i_0, 1" [firmware/nnet_utils/nnet_activation_stream.h:19]   --->   Operation 73 'add' 'i' <Predicate = true> <Delay = 1.87> <Core = "AddSub">   --->   Core 14 'AddSub' <Latency = 0> <II = 1> <Delay = 1.87> <FuncUnit> <Opcode : 'add' 'sub'> <InPorts = 2> <OutPorts = 1>
ST_2 : Operation 74 [1/1] (0.00ns)   --->   "br i1 %icmp_ln19, label %2, label %LinearActLoop" [firmware/nnet_utils/nnet_activation_stream.h:19]   --->   Operation 74 'br' <Predicate = true> <Delay = 0.00>

State 3 <SV = 2> <Delay = 7.26>
ST_3 : Operation 75 [1/1] (0.00ns)   --->   "call void (...)* @_ssdm_op_SpecLoopName([14 x i8]* @p_str24) nounwind" [firmware/nnet_utils/nnet_activation_stream.h:19]   --->   Operation 75 'specloopname' <Predicate = (!icmp_ln19)> <Delay = 0.00>
ST_3 : Operation 76 [1/1] (0.00ns)   --->   "%tmp = call i32 (...)* @_ssdm_op_SpecRegionBegin([14 x i8]* @p_str24)" [firmware/nnet_utils/nnet_activation_stream.h:19]   --->   Operation 76 'specregionbegin' 'tmp' <Predicate = (!icmp_ln19)> <Delay = 0.00>
ST_3 : Operation 77 [1/1] (0.00ns)   --->   "call void (...)* @_ssdm_op_SpecPipeline(i32 -1, i32 1, i32 1, i32 0, [1 x i8]* @p_str13) nounwind" [firmware/nnet_utils/nnet_activation_stream.h:20]   --->   Operation 77 'specpipeline' <Predicate = (!icmp_ln19)> <Delay = 0.00>
ST_3 : Operation 78 [1/1] (3.63ns)   --->   "%empty_353 = call { i14, i14, i14, i14, i14, i14, i14, i14, i14, i14, i14, i14, i14, i14, i14, i14, i14, i14, i14, i14, i14, i14, i14, i14, i14, i14, i14, i14, i14, i14, i14, i14 } @_ssdm_op_Read.ap_fifo.volatile.i14P.i14P.i14P.i14P.i14P.i14P.i14P.i14P.i14P.i14P.i14P.i14P.i14P.i14P.i14P.i14P.i14P.i14P.i14P.i14P.i14P.i14P.i14P.i14P.i14P.i14P.i14P.i14P.i14P.i14P.i14P.i14P(i14* %data_V_data_0_V, i14* %data_V_data_1_V, i14* %data_V_data_2_V, i14* %data_V_data_3_V, i14* %data_V_data_4_V, i14* %data_V_data_5_V, i14* %data_V_data_6_V, i14* %data_V_data_7_V, i14* %data_V_data_8_V, i14* %data_V_data_9_V, i14* %data_V_data_10_V, i14* %data_V_data_11_V, i14* %data_V_data_12_V, i14* %data_V_data_13_V, i14* %data_V_data_14_V, i14* %data_V_data_15_V, i14* %data_V_data_16_V, i14* %data_V_data_17_V, i14* %data_V_data_18_V, i14* %data_V_data_19_V, i14* %data_V_data_20_V, i14* %data_V_data_21_V, i14* %data_V_data_22_V, i14* %data_V_data_23_V, i14* %data_V_data_24_V, i14* %data_V_data_25_V, i14* %data_V_data_26_V, i14* %data_V_data_27_V, i14* %data_V_data_28_V, i14* %data_V_data_29_V, i14* %data_V_data_30_V, i14* %data_V_data_31_V)" [firmware/nnet_utils/nnet_activation_stream.h:22]   --->   Operation 78 'read' 'empty_353' <Predicate = (!icmp_ln19)> <Delay = 3.63> <Core = "FIFO">   --->   Core 32 'FIFO' <Latency = 0> <II = 1> <Delay = 3.63> <Storage> <Opcode : 'read' 'write' 'nbread' 'nbwrite'> <Ports = 0> <Width = 14> <Depth = 1> <FIFO>
ST_3 : Operation 79 [1/1] (0.00ns)   --->   "%tmp_data_V_0 = extractvalue { i14, i14, i14, i14, i14, i14, i14, i14, i14, i14, i14, i14, i14, i14, i14, i14, i14, i14, i14, i14, i14, i14, i14, i14, i14, i14, i14, i14, i14, i14, i14, i14 } %empty_353, 0" [firmware/nnet_utils/nnet_activation_stream.h:22]   --->   Operation 79 'extractvalue' 'tmp_data_V_0' <Predicate = (!icmp_ln19)> <Delay = 0.00>
ST_3 : Operation 80 [1/1] (0.00ns)   --->   "%tmp_data_V_1 = extractvalue { i14, i14, i14, i14, i14, i14, i14, i14, i14, i14, i14, i14, i14, i14, i14, i14, i14, i14, i14, i14, i14, i14, i14, i14, i14, i14, i14, i14, i14, i14, i14, i14 } %empty_353, 1" [firmware/nnet_utils/nnet_activation_stream.h:22]   --->   Operation 80 'extractvalue' 'tmp_data_V_1' <Predicate = (!icmp_ln19)> <Delay = 0.00>
ST_3 : Operation 81 [1/1] (0.00ns)   --->   "%tmp_data_V_2 = extractvalue { i14, i14, i14, i14, i14, i14, i14, i14, i14, i14, i14, i14, i14, i14, i14, i14, i14, i14, i14, i14, i14, i14, i14, i14, i14, i14, i14, i14, i14, i14, i14, i14 } %empty_353, 2" [firmware/nnet_utils/nnet_activation_stream.h:22]   --->   Operation 81 'extractvalue' 'tmp_data_V_2' <Predicate = (!icmp_ln19)> <Delay = 0.00>
ST_3 : Operation 82 [1/1] (0.00ns)   --->   "%tmp_data_V_3 = extractvalue { i14, i14, i14, i14, i14, i14, i14, i14, i14, i14, i14, i14, i14, i14, i14, i14, i14, i14, i14, i14, i14, i14, i14, i14, i14, i14, i14, i14, i14, i14, i14, i14 } %empty_353, 3" [firmware/nnet_utils/nnet_activation_stream.h:22]   --->   Operation 82 'extractvalue' 'tmp_data_V_3' <Predicate = (!icmp_ln19)> <Delay = 0.00>
ST_3 : Operation 83 [1/1] (0.00ns)   --->   "%tmp_data_V_4 = extractvalue { i14, i14, i14, i14, i14, i14, i14, i14, i14, i14, i14, i14, i14, i14, i14, i14, i14, i14, i14, i14, i14, i14, i14, i14, i14, i14, i14, i14, i14, i14, i14, i14 } %empty_353, 4" [firmware/nnet_utils/nnet_activation_stream.h:22]   --->   Operation 83 'extractvalue' 'tmp_data_V_4' <Predicate = (!icmp_ln19)> <Delay = 0.00>
ST_3 : Operation 84 [1/1] (0.00ns)   --->   "%tmp_data_V_5 = extractvalue { i14, i14, i14, i14, i14, i14, i14, i14, i14, i14, i14, i14, i14, i14, i14, i14, i14, i14, i14, i14, i14, i14, i14, i14, i14, i14, i14, i14, i14, i14, i14, i14 } %empty_353, 5" [firmware/nnet_utils/nnet_activation_stream.h:22]   --->   Operation 84 'extractvalue' 'tmp_data_V_5' <Predicate = (!icmp_ln19)> <Delay = 0.00>
ST_3 : Operation 85 [1/1] (0.00ns)   --->   "%tmp_data_V_6 = extractvalue { i14, i14, i14, i14, i14, i14, i14, i14, i14, i14, i14, i14, i14, i14, i14, i14, i14, i14, i14, i14, i14, i14, i14, i14, i14, i14, i14, i14, i14, i14, i14, i14 } %empty_353, 6" [firmware/nnet_utils/nnet_activation_stream.h:22]   --->   Operation 85 'extractvalue' 'tmp_data_V_6' <Predicate = (!icmp_ln19)> <Delay = 0.00>
ST_3 : Operation 86 [1/1] (0.00ns)   --->   "%tmp_data_V_7 = extractvalue { i14, i14, i14, i14, i14, i14, i14, i14, i14, i14, i14, i14, i14, i14, i14, i14, i14, i14, i14, i14, i14, i14, i14, i14, i14, i14, i14, i14, i14, i14, i14, i14 } %empty_353, 7" [firmware/nnet_utils/nnet_activation_stream.h:22]   --->   Operation 86 'extractvalue' 'tmp_data_V_7' <Predicate = (!icmp_ln19)> <Delay = 0.00>
ST_3 : Operation 87 [1/1] (0.00ns)   --->   "%tmp_data_V_8 = extractvalue { i14, i14, i14, i14, i14, i14, i14, i14, i14, i14, i14, i14, i14, i14, i14, i14, i14, i14, i14, i14, i14, i14, i14, i14, i14, i14, i14, i14, i14, i14, i14, i14 } %empty_353, 8" [firmware/nnet_utils/nnet_activation_stream.h:22]   --->   Operation 87 'extractvalue' 'tmp_data_V_8' <Predicate = (!icmp_ln19)> <Delay = 0.00>
ST_3 : Operation 88 [1/1] (0.00ns)   --->   "%tmp_data_V_9 = extractvalue { i14, i14, i14, i14, i14, i14, i14, i14, i14, i14, i14, i14, i14, i14, i14, i14, i14, i14, i14, i14, i14, i14, i14, i14, i14, i14, i14, i14, i14, i14, i14, i14 } %empty_353, 9" [firmware/nnet_utils/nnet_activation_stream.h:22]   --->   Operation 88 'extractvalue' 'tmp_data_V_9' <Predicate = (!icmp_ln19)> <Delay = 0.00>
ST_3 : Operation 89 [1/1] (0.00ns)   --->   "%tmp_data_V_10 = extractvalue { i14, i14, i14, i14, i14, i14, i14, i14, i14, i14, i14, i14, i14, i14, i14, i14, i14, i14, i14, i14, i14, i14, i14, i14, i14, i14, i14, i14, i14, i14, i14, i14 } %empty_353, 10" [firmware/nnet_utils/nnet_activation_stream.h:22]   --->   Operation 89 'extractvalue' 'tmp_data_V_10' <Predicate = (!icmp_ln19)> <Delay = 0.00>
ST_3 : Operation 90 [1/1] (0.00ns)   --->   "%tmp_data_V_11 = extractvalue { i14, i14, i14, i14, i14, i14, i14, i14, i14, i14, i14, i14, i14, i14, i14, i14, i14, i14, i14, i14, i14, i14, i14, i14, i14, i14, i14, i14, i14, i14, i14, i14 } %empty_353, 11" [firmware/nnet_utils/nnet_activation_stream.h:22]   --->   Operation 90 'extractvalue' 'tmp_data_V_11' <Predicate = (!icmp_ln19)> <Delay = 0.00>
ST_3 : Operation 91 [1/1] (0.00ns)   --->   "%tmp_data_V_12 = extractvalue { i14, i14, i14, i14, i14, i14, i14, i14, i14, i14, i14, i14, i14, i14, i14, i14, i14, i14, i14, i14, i14, i14, i14, i14, i14, i14, i14, i14, i14, i14, i14, i14 } %empty_353, 12" [firmware/nnet_utils/nnet_activation_stream.h:22]   --->   Operation 91 'extractvalue' 'tmp_data_V_12' <Predicate = (!icmp_ln19)> <Delay = 0.00>
ST_3 : Operation 92 [1/1] (0.00ns)   --->   "%tmp_data_V_13 = extractvalue { i14, i14, i14, i14, i14, i14, i14, i14, i14, i14, i14, i14, i14, i14, i14, i14, i14, i14, i14, i14, i14, i14, i14, i14, i14, i14, i14, i14, i14, i14, i14, i14 } %empty_353, 13" [firmware/nnet_utils/nnet_activation_stream.h:22]   --->   Operation 92 'extractvalue' 'tmp_data_V_13' <Predicate = (!icmp_ln19)> <Delay = 0.00>
ST_3 : Operation 93 [1/1] (0.00ns)   --->   "%tmp_data_V_1437 = extractvalue { i14, i14, i14, i14, i14, i14, i14, i14, i14, i14, i14, i14, i14, i14, i14, i14, i14, i14, i14, i14, i14, i14, i14, i14, i14, i14, i14, i14, i14, i14, i14, i14 } %empty_353, 14" [firmware/nnet_utils/nnet_activation_stream.h:22]   --->   Operation 93 'extractvalue' 'tmp_data_V_1437' <Predicate = (!icmp_ln19)> <Delay = 0.00>
ST_3 : Operation 94 [1/1] (0.00ns)   --->   "%tmp_data_V_15 = extractvalue { i14, i14, i14, i14, i14, i14, i14, i14, i14, i14, i14, i14, i14, i14, i14, i14, i14, i14, i14, i14, i14, i14, i14, i14, i14, i14, i14, i14, i14, i14, i14, i14 } %empty_353, 15" [firmware/nnet_utils/nnet_activation_stream.h:22]   --->   Operation 94 'extractvalue' 'tmp_data_V_15' <Predicate = (!icmp_ln19)> <Delay = 0.00>
ST_3 : Operation 95 [1/1] (0.00ns)   --->   "%tmp_data_V_16 = extractvalue { i14, i14, i14, i14, i14, i14, i14, i14, i14, i14, i14, i14, i14, i14, i14, i14, i14, i14, i14, i14, i14, i14, i14, i14, i14, i14, i14, i14, i14, i14, i14, i14 } %empty_353, 16" [firmware/nnet_utils/nnet_activation_stream.h:22]   --->   Operation 95 'extractvalue' 'tmp_data_V_16' <Predicate = (!icmp_ln19)> <Delay = 0.00>
ST_3 : Operation 96 [1/1] (0.00ns)   --->   "%tmp_data_V_17 = extractvalue { i14, i14, i14, i14, i14, i14, i14, i14, i14, i14, i14, i14, i14, i14, i14, i14, i14, i14, i14, i14, i14, i14, i14, i14, i14, i14, i14, i14, i14, i14, i14, i14 } %empty_353, 17" [firmware/nnet_utils/nnet_activation_stream.h:22]   --->   Operation 96 'extractvalue' 'tmp_data_V_17' <Predicate = (!icmp_ln19)> <Delay = 0.00>
ST_3 : Operation 97 [1/1] (0.00ns)   --->   "%tmp_data_V_18 = extractvalue { i14, i14, i14, i14, i14, i14, i14, i14, i14, i14, i14, i14, i14, i14, i14, i14, i14, i14, i14, i14, i14, i14, i14, i14, i14, i14, i14, i14, i14, i14, i14, i14 } %empty_353, 18" [firmware/nnet_utils/nnet_activation_stream.h:22]   --->   Operation 97 'extractvalue' 'tmp_data_V_18' <Predicate = (!icmp_ln19)> <Delay = 0.00>
ST_3 : Operation 98 [1/1] (0.00ns)   --->   "%tmp_data_V_19 = extractvalue { i14, i14, i14, i14, i14, i14, i14, i14, i14, i14, i14, i14, i14, i14, i14, i14, i14, i14, i14, i14, i14, i14, i14, i14, i14, i14, i14, i14, i14, i14, i14, i14 } %empty_353, 19" [firmware/nnet_utils/nnet_activation_stream.h:22]   --->   Operation 98 'extractvalue' 'tmp_data_V_19' <Predicate = (!icmp_ln19)> <Delay = 0.00>
ST_3 : Operation 99 [1/1] (0.00ns)   --->   "%tmp_data_V_20 = extractvalue { i14, i14, i14, i14, i14, i14, i14, i14, i14, i14, i14, i14, i14, i14, i14, i14, i14, i14, i14, i14, i14, i14, i14, i14, i14, i14, i14, i14, i14, i14, i14, i14 } %empty_353, 20" [firmware/nnet_utils/nnet_activation_stream.h:22]   --->   Operation 99 'extractvalue' 'tmp_data_V_20' <Predicate = (!icmp_ln19)> <Delay = 0.00>
ST_3 : Operation 100 [1/1] (0.00ns)   --->   "%tmp_data_V_21 = extractvalue { i14, i14, i14, i14, i14, i14, i14, i14, i14, i14, i14, i14, i14, i14, i14, i14, i14, i14, i14, i14, i14, i14, i14, i14, i14, i14, i14, i14, i14, i14, i14, i14 } %empty_353, 21" [firmware/nnet_utils/nnet_activation_stream.h:22]   --->   Operation 100 'extractvalue' 'tmp_data_V_21' <Predicate = (!icmp_ln19)> <Delay = 0.00>
ST_3 : Operation 101 [1/1] (0.00ns)   --->   "%tmp_data_V_22 = extractvalue { i14, i14, i14, i14, i14, i14, i14, i14, i14, i14, i14, i14, i14, i14, i14, i14, i14, i14, i14, i14, i14, i14, i14, i14, i14, i14, i14, i14, i14, i14, i14, i14 } %empty_353, 22" [firmware/nnet_utils/nnet_activation_stream.h:22]   --->   Operation 101 'extractvalue' 'tmp_data_V_22' <Predicate = (!icmp_ln19)> <Delay = 0.00>
ST_3 : Operation 102 [1/1] (0.00ns)   --->   "%tmp_data_V_23 = extractvalue { i14, i14, i14, i14, i14, i14, i14, i14, i14, i14, i14, i14, i14, i14, i14, i14, i14, i14, i14, i14, i14, i14, i14, i14, i14, i14, i14, i14, i14, i14, i14, i14 } %empty_353, 23" [firmware/nnet_utils/nnet_activation_stream.h:22]   --->   Operation 102 'extractvalue' 'tmp_data_V_23' <Predicate = (!icmp_ln19)> <Delay = 0.00>
ST_3 : Operation 103 [1/1] (0.00ns)   --->   "%tmp_data_V_24 = extractvalue { i14, i14, i14, i14, i14, i14, i14, i14, i14, i14, i14, i14, i14, i14, i14, i14, i14, i14, i14, i14, i14, i14, i14, i14, i14, i14, i14, i14, i14, i14, i14, i14 } %empty_353, 24" [firmware/nnet_utils/nnet_activation_stream.h:22]   --->   Operation 103 'extractvalue' 'tmp_data_V_24' <Predicate = (!icmp_ln19)> <Delay = 0.00>
ST_3 : Operation 104 [1/1] (0.00ns)   --->   "%tmp_data_V_25 = extractvalue { i14, i14, i14, i14, i14, i14, i14, i14, i14, i14, i14, i14, i14, i14, i14, i14, i14, i14, i14, i14, i14, i14, i14, i14, i14, i14, i14, i14, i14, i14, i14, i14 } %empty_353, 25" [firmware/nnet_utils/nnet_activation_stream.h:22]   --->   Operation 104 'extractvalue' 'tmp_data_V_25' <Predicate = (!icmp_ln19)> <Delay = 0.00>
ST_3 : Operation 105 [1/1] (0.00ns)   --->   "%tmp_data_V_26 = extractvalue { i14, i14, i14, i14, i14, i14, i14, i14, i14, i14, i14, i14, i14, i14, i14, i14, i14, i14, i14, i14, i14, i14, i14, i14, i14, i14, i14, i14, i14, i14, i14, i14 } %empty_353, 26" [firmware/nnet_utils/nnet_activation_stream.h:22]   --->   Operation 105 'extractvalue' 'tmp_data_V_26' <Predicate = (!icmp_ln19)> <Delay = 0.00>
ST_3 : Operation 106 [1/1] (0.00ns)   --->   "%tmp_data_V_27 = extractvalue { i14, i14, i14, i14, i14, i14, i14, i14, i14, i14, i14, i14, i14, i14, i14, i14, i14, i14, i14, i14, i14, i14, i14, i14, i14, i14, i14, i14, i14, i14, i14, i14 } %empty_353, 27" [firmware/nnet_utils/nnet_activation_stream.h:22]   --->   Operation 106 'extractvalue' 'tmp_data_V_27' <Predicate = (!icmp_ln19)> <Delay = 0.00>
ST_3 : Operation 107 [1/1] (0.00ns)   --->   "%tmp_data_V_28 = extractvalue { i14, i14, i14, i14, i14, i14, i14, i14, i14, i14, i14, i14, i14, i14, i14, i14, i14, i14, i14, i14, i14, i14, i14, i14, i14, i14, i14, i14, i14, i14, i14, i14 } %empty_353, 28" [firmware/nnet_utils/nnet_activation_stream.h:22]   --->   Operation 107 'extractvalue' 'tmp_data_V_28' <Predicate = (!icmp_ln19)> <Delay = 0.00>
ST_3 : Operation 108 [1/1] (0.00ns)   --->   "%tmp_data_V_29 = extractvalue { i14, i14, i14, i14, i14, i14, i14, i14, i14, i14, i14, i14, i14, i14, i14, i14, i14, i14, i14, i14, i14, i14, i14, i14, i14, i14, i14, i14, i14, i14, i14, i14 } %empty_353, 29" [firmware/nnet_utils/nnet_activation_stream.h:22]   --->   Operation 108 'extractvalue' 'tmp_data_V_29' <Predicate = (!icmp_ln19)> <Delay = 0.00>
ST_3 : Operation 109 [1/1] (0.00ns)   --->   "%tmp_data_V_30 = extractvalue { i14, i14, i14, i14, i14, i14, i14, i14, i14, i14, i14, i14, i14, i14, i14, i14, i14, i14, i14, i14, i14, i14, i14, i14, i14, i14, i14, i14, i14, i14, i14, i14 } %empty_353, 30" [firmware/nnet_utils/nnet_activation_stream.h:22]   --->   Operation 109 'extractvalue' 'tmp_data_V_30' <Predicate = (!icmp_ln19)> <Delay = 0.00>
ST_3 : Operation 110 [1/1] (0.00ns)   --->   "%tmp_data_V_31 = extractvalue { i14, i14, i14, i14, i14, i14, i14, i14, i14, i14, i14, i14, i14, i14, i14, i14, i14, i14, i14, i14, i14, i14, i14, i14, i14, i14, i14, i14, i14, i14, i14, i14 } %empty_353, 31" [firmware/nnet_utils/nnet_activation_stream.h:22]   --->   Operation 110 'extractvalue' 'tmp_data_V_31' <Predicate = (!icmp_ln19)> <Delay = 0.00>
ST_3 : Operation 111 [1/1] (0.00ns)   --->   "%tmp_data_0_V = shl i14 %tmp_data_V_0, 2" [firmware/nnet_utils/nnet_activation_stream.h:29]   --->   Operation 111 'shl' 'tmp_data_0_V' <Predicate = (!icmp_ln19)> <Delay = 0.00>
ST_3 : Operation 112 [1/1] (0.00ns)   --->   "%tmp_data_1_V = shl i14 %tmp_data_V_1, 2" [firmware/nnet_utils/nnet_activation_stream.h:29]   --->   Operation 112 'shl' 'tmp_data_1_V' <Predicate = (!icmp_ln19)> <Delay = 0.00>
ST_3 : Operation 113 [1/1] (0.00ns)   --->   "%tmp_data_2_V = shl i14 %tmp_data_V_2, 2" [firmware/nnet_utils/nnet_activation_stream.h:29]   --->   Operation 113 'shl' 'tmp_data_2_V' <Predicate = (!icmp_ln19)> <Delay = 0.00>
ST_3 : Operation 114 [1/1] (0.00ns)   --->   "%tmp_data_3_V = shl i14 %tmp_data_V_3, 2" [firmware/nnet_utils/nnet_activation_stream.h:29]   --->   Operation 114 'shl' 'tmp_data_3_V' <Predicate = (!icmp_ln19)> <Delay = 0.00>
ST_3 : Operation 115 [1/1] (0.00ns)   --->   "%tmp_data_4_V = shl i14 %tmp_data_V_4, 2" [firmware/nnet_utils/nnet_activation_stream.h:29]   --->   Operation 115 'shl' 'tmp_data_4_V' <Predicate = (!icmp_ln19)> <Delay = 0.00>
ST_3 : Operation 116 [1/1] (0.00ns)   --->   "%tmp_data_5_V = shl i14 %tmp_data_V_5, 2" [firmware/nnet_utils/nnet_activation_stream.h:29]   --->   Operation 116 'shl' 'tmp_data_5_V' <Predicate = (!icmp_ln19)> <Delay = 0.00>
ST_3 : Operation 117 [1/1] (0.00ns)   --->   "%tmp_data_6_V = shl i14 %tmp_data_V_6, 2" [firmware/nnet_utils/nnet_activation_stream.h:29]   --->   Operation 117 'shl' 'tmp_data_6_V' <Predicate = (!icmp_ln19)> <Delay = 0.00>
ST_3 : Operation 118 [1/1] (0.00ns)   --->   "%tmp_data_7_V = shl i14 %tmp_data_V_7, 2" [firmware/nnet_utils/nnet_activation_stream.h:29]   --->   Operation 118 'shl' 'tmp_data_7_V' <Predicate = (!icmp_ln19)> <Delay = 0.00>
ST_3 : Operation 119 [1/1] (0.00ns)   --->   "%tmp_data_8_V = shl i14 %tmp_data_V_8, 2" [firmware/nnet_utils/nnet_activation_stream.h:29]   --->   Operation 119 'shl' 'tmp_data_8_V' <Predicate = (!icmp_ln19)> <Delay = 0.00>
ST_3 : Operation 120 [1/1] (0.00ns)   --->   "%tmp_data_9_V = shl i14 %tmp_data_V_9, 2" [firmware/nnet_utils/nnet_activation_stream.h:29]   --->   Operation 120 'shl' 'tmp_data_9_V' <Predicate = (!icmp_ln19)> <Delay = 0.00>
ST_3 : Operation 121 [1/1] (0.00ns)   --->   "%tmp_data_10_V = shl i14 %tmp_data_V_10, 2" [firmware/nnet_utils/nnet_activation_stream.h:29]   --->   Operation 121 'shl' 'tmp_data_10_V' <Predicate = (!icmp_ln19)> <Delay = 0.00>
ST_3 : Operation 122 [1/1] (0.00ns)   --->   "%tmp_data_11_V = shl i14 %tmp_data_V_11, 2" [firmware/nnet_utils/nnet_activation_stream.h:29]   --->   Operation 122 'shl' 'tmp_data_11_V' <Predicate = (!icmp_ln19)> <Delay = 0.00>
ST_3 : Operation 123 [1/1] (0.00ns)   --->   "%tmp_data_12_V = shl i14 %tmp_data_V_12, 2" [firmware/nnet_utils/nnet_activation_stream.h:29]   --->   Operation 123 'shl' 'tmp_data_12_V' <Predicate = (!icmp_ln19)> <Delay = 0.00>
ST_3 : Operation 124 [1/1] (0.00ns)   --->   "%tmp_data_13_V = shl i14 %tmp_data_V_13, 2" [firmware/nnet_utils/nnet_activation_stream.h:29]   --->   Operation 124 'shl' 'tmp_data_13_V' <Predicate = (!icmp_ln19)> <Delay = 0.00>
ST_3 : Operation 125 [1/1] (0.00ns)   --->   "%tmp_data_14_V = shl i14 %tmp_data_V_1437, 2" [firmware/nnet_utils/nnet_activation_stream.h:29]   --->   Operation 125 'shl' 'tmp_data_14_V' <Predicate = (!icmp_ln19)> <Delay = 0.00>
ST_3 : Operation 126 [1/1] (0.00ns)   --->   "%tmp_data_15_V = shl i14 %tmp_data_V_15, 2" [firmware/nnet_utils/nnet_activation_stream.h:29]   --->   Operation 126 'shl' 'tmp_data_15_V' <Predicate = (!icmp_ln19)> <Delay = 0.00>
ST_3 : Operation 127 [1/1] (0.00ns)   --->   "%tmp_data_16_V = shl i14 %tmp_data_V_16, 2" [firmware/nnet_utils/nnet_activation_stream.h:29]   --->   Operation 127 'shl' 'tmp_data_16_V' <Predicate = (!icmp_ln19)> <Delay = 0.00>
ST_3 : Operation 128 [1/1] (0.00ns)   --->   "%tmp_data_17_V = shl i14 %tmp_data_V_17, 2" [firmware/nnet_utils/nnet_activation_stream.h:29]   --->   Operation 128 'shl' 'tmp_data_17_V' <Predicate = (!icmp_ln19)> <Delay = 0.00>
ST_3 : Operation 129 [1/1] (0.00ns)   --->   "%tmp_data_18_V = shl i14 %tmp_data_V_18, 2" [firmware/nnet_utils/nnet_activation_stream.h:29]   --->   Operation 129 'shl' 'tmp_data_18_V' <Predicate = (!icmp_ln19)> <Delay = 0.00>
ST_3 : Operation 130 [1/1] (0.00ns)   --->   "%tmp_data_19_V = shl i14 %tmp_data_V_19, 2" [firmware/nnet_utils/nnet_activation_stream.h:29]   --->   Operation 130 'shl' 'tmp_data_19_V' <Predicate = (!icmp_ln19)> <Delay = 0.00>
ST_3 : Operation 131 [1/1] (0.00ns)   --->   "%tmp_data_20_V = shl i14 %tmp_data_V_20, 2" [firmware/nnet_utils/nnet_activation_stream.h:29]   --->   Operation 131 'shl' 'tmp_data_20_V' <Predicate = (!icmp_ln19)> <Delay = 0.00>
ST_3 : Operation 132 [1/1] (0.00ns)   --->   "%tmp_data_21_V = shl i14 %tmp_data_V_21, 2" [firmware/nnet_utils/nnet_activation_stream.h:29]   --->   Operation 132 'shl' 'tmp_data_21_V' <Predicate = (!icmp_ln19)> <Delay = 0.00>
ST_3 : Operation 133 [1/1] (0.00ns)   --->   "%tmp_data_22_V = shl i14 %tmp_data_V_22, 2" [firmware/nnet_utils/nnet_activation_stream.h:29]   --->   Operation 133 'shl' 'tmp_data_22_V' <Predicate = (!icmp_ln19)> <Delay = 0.00>
ST_3 : Operation 134 [1/1] (0.00ns)   --->   "%tmp_data_23_V = shl i14 %tmp_data_V_23, 2" [firmware/nnet_utils/nnet_activation_stream.h:29]   --->   Operation 134 'shl' 'tmp_data_23_V' <Predicate = (!icmp_ln19)> <Delay = 0.00>
ST_3 : Operation 135 [1/1] (0.00ns)   --->   "%tmp_data_24_V = shl i14 %tmp_data_V_24, 2" [firmware/nnet_utils/nnet_activation_stream.h:29]   --->   Operation 135 'shl' 'tmp_data_24_V' <Predicate = (!icmp_ln19)> <Delay = 0.00>
ST_3 : Operation 136 [1/1] (0.00ns)   --->   "%tmp_data_25_V = shl i14 %tmp_data_V_25, 2" [firmware/nnet_utils/nnet_activation_stream.h:29]   --->   Operation 136 'shl' 'tmp_data_25_V' <Predicate = (!icmp_ln19)> <Delay = 0.00>
ST_3 : Operation 137 [1/1] (0.00ns)   --->   "%tmp_data_26_V = shl i14 %tmp_data_V_26, 2" [firmware/nnet_utils/nnet_activation_stream.h:29]   --->   Operation 137 'shl' 'tmp_data_26_V' <Predicate = (!icmp_ln19)> <Delay = 0.00>
ST_3 : Operation 138 [1/1] (0.00ns)   --->   "%tmp_data_27_V = shl i14 %tmp_data_V_27, 2" [firmware/nnet_utils/nnet_activation_stream.h:29]   --->   Operation 138 'shl' 'tmp_data_27_V' <Predicate = (!icmp_ln19)> <Delay = 0.00>
ST_3 : Operation 139 [1/1] (0.00ns)   --->   "%tmp_data_28_V = shl i14 %tmp_data_V_28, 2" [firmware/nnet_utils/nnet_activation_stream.h:29]   --->   Operation 139 'shl' 'tmp_data_28_V' <Predicate = (!icmp_ln19)> <Delay = 0.00>
ST_3 : Operation 140 [1/1] (0.00ns)   --->   "%tmp_data_29_V = shl i14 %tmp_data_V_29, 2" [firmware/nnet_utils/nnet_activation_stream.h:29]   --->   Operation 140 'shl' 'tmp_data_29_V' <Predicate = (!icmp_ln19)> <Delay = 0.00>
ST_3 : Operation 141 [1/1] (0.00ns)   --->   "%tmp_data_30_V = shl i14 %tmp_data_V_30, 2" [firmware/nnet_utils/nnet_activation_stream.h:29]   --->   Operation 141 'shl' 'tmp_data_30_V' <Predicate = (!icmp_ln19)> <Delay = 0.00>
ST_3 : Operation 142 [1/1] (0.00ns)   --->   "%tmp_data_31_V = shl i14 %tmp_data_V_31, 2" [firmware/nnet_utils/nnet_activation_stream.h:29]   --->   Operation 142 'shl' 'tmp_data_31_V' <Predicate = (!icmp_ln19)> <Delay = 0.00>
ST_3 : Operation 143 [1/1] (3.63ns)   --->   "call void @_ssdm_op_Write.ap_fifo.volatile.i14P.i14P.i14P.i14P.i14P.i14P.i14P.i14P.i14P.i14P.i14P.i14P.i14P.i14P.i14P.i14P.i14P.i14P.i14P.i14P.i14P.i14P.i14P.i14P.i14P.i14P.i14P.i14P.i14P.i14P.i14P.i14P(i14* %res_V_data_0_V, i14* %res_V_data_1_V, i14* %res_V_data_2_V, i14* %res_V_data_3_V, i14* %res_V_data_4_V, i14* %res_V_data_5_V, i14* %res_V_data_6_V, i14* %res_V_data_7_V, i14* %res_V_data_8_V, i14* %res_V_data_9_V, i14* %res_V_data_10_V, i14* %res_V_data_11_V, i14* %res_V_data_12_V, i14* %res_V_data_13_V, i14* %res_V_data_14_V, i14* %res_V_data_15_V, i14* %res_V_data_16_V, i14* %res_V_data_17_V, i14* %res_V_data_18_V, i14* %res_V_data_19_V, i14* %res_V_data_20_V, i14* %res_V_data_21_V, i14* %res_V_data_22_V, i14* %res_V_data_23_V, i14* %res_V_data_24_V, i14* %res_V_data_25_V, i14* %res_V_data_26_V, i14* %res_V_data_27_V, i14* %res_V_data_28_V, i14* %res_V_data_29_V, i14* %res_V_data_30_V, i14* %res_V_data_31_V, i14 %tmp_data_0_V, i14 %tmp_data_1_V, i14 %tmp_data_2_V, i14 %tmp_data_3_V, i14 %tmp_data_4_V, i14 %tmp_data_5_V, i14 %tmp_data_6_V, i14 %tmp_data_7_V, i14 %tmp_data_8_V, i14 %tmp_data_9_V, i14 %tmp_data_10_V, i14 %tmp_data_11_V, i14 %tmp_data_12_V, i14 %tmp_data_13_V, i14 %tmp_data_14_V, i14 %tmp_data_15_V, i14 %tmp_data_16_V, i14 %tmp_data_17_V, i14 %tmp_data_18_V, i14 %tmp_data_19_V, i14 %tmp_data_20_V, i14 %tmp_data_21_V, i14 %tmp_data_22_V, i14 %tmp_data_23_V, i14 %tmp_data_24_V, i14 %tmp_data_25_V, i14 %tmp_data_26_V, i14 %tmp_data_27_V, i14 %tmp_data_28_V, i14 %tmp_data_29_V, i14 %tmp_data_30_V, i14 %tmp_data_31_V)" [firmware/nnet_utils/nnet_activation_stream.h:32]   --->   Operation 143 'write' <Predicate = (!icmp_ln19)> <Delay = 3.63> <Core = "FIFO">   --->   Core 32 'FIFO' <Latency = 0> <II = 1> <Delay = 3.63> <Storage> <Opcode : 'read' 'write' 'nbread' 'nbwrite'> <Ports = 0> <Width = 14> <Depth = 1> <FIFO>
ST_3 : Operation 144 [1/1] (0.00ns)   --->   "%empty_354 = call i32 (...)* @_ssdm_op_SpecRegionEnd([14 x i8]* @p_str24, i32 %tmp)" [firmware/nnet_utils/nnet_activation_stream.h:33]   --->   Operation 144 'specregionend' 'empty_354' <Predicate = (!icmp_ln19)> <Delay = 0.00>
ST_3 : Operation 145 [1/1] (0.00ns)   --->   "br label %1" [firmware/nnet_utils/nnet_activation_stream.h:19]   --->   Operation 145 'br' <Predicate = (!icmp_ln19)> <Delay = 0.00>

State 4 <SV = 2> <Delay = 0.00>
ST_4 : Operation 146 [1/1] (0.00ns)   --->   "ret void" [firmware/nnet_utils/nnet_activation_stream.h:34]   --->   Operation 146 'ret' <Predicate = true> <Delay = 0.00>


============================================================
+ Verbose Summary: Timing violations
============================================================
Target clock period: 10ns, clock uncertainty: 1.25ns.

 <State 1>: 1.77ns
The critical path consists of the following:
	multiplexor before 'phi' operation ('i') with incoming values : ('i', firmware/nnet_utils/nnet_activation_stream.h:19) [131]  (1.77 ns)

 <State 2>: 1.87ns
The critical path consists of the following:
	'phi' operation ('i') with incoming values : ('i', firmware/nnet_utils/nnet_activation_stream.h:19) [131]  (0 ns)
	'add' operation ('i', firmware/nnet_utils/nnet_activation_stream.h:19) [134]  (1.87 ns)

 <State 3>: 7.27ns
The critical path consists of the following:
	fifo read on port 'data_V_data_0_V' (firmware/nnet_utils/nnet_activation_stream.h:22) [140]  (3.63 ns)
	'shl' operation ('tmp.data[0].V', firmware/nnet_utils/nnet_activation_stream.h:29) [173]  (0 ns)
	fifo write on port 'res_V_data_0_V' (firmware/nnet_utils/nnet_activation_stream.h:32) [205]  (3.63 ns)

 <State 4>: 0ns
The critical path consists of the following:


============================================================
+ Verbose Summary: Binding
============================================================
N/A
* FSMD analyzer results:
  - Output states:
 - Input state : 
  - Chain level:
	State 1
	State 2
	State 3
	State 4


============================================================
+ Verbose Summary: Datapath Resource usage 
============================================================
N/A
