

================================================================
== Vivado HLS Report for 'linear_array_array_ap_fixed_14_6_5_3_0_10u_linear_config13_s'
================================================================
* Date:           Thu Jul 11 17:09:16 2024

* Version:        2020.1 (Build 2897737 on Wed May 27 20:21:37 MDT 2020)
* Project:        myproject_prj
* Solution:       solution1
* Product family: zynq
* Target device:  xc7z020-clg400-1


================================================================
== Performance Estimates
================================================================
+ Timing: 
    * Summary: 
    +--------+----------+----------+------------+
    |  Clock |  Target  | Estimated| Uncertainty|
    +--------+----------+----------+------------+
    |ap_clk  | 10.00 ns | 7.268 ns |   1.25 ns  |
    +--------+----------+----------+------------+

+ Latency: 
    * Summary: 
    +---------+---------+----------+----------+-----+-----+----------+
    |  Latency (cycles) |  Latency (absolute) |  Interval | Pipeline |
    |   min   |   max   |    min   |    max   | min | max |   Type   |
    +---------+---------+----------+----------+-----+-----+----------+
    |        0|        0|   0 ns   |   0 ns   |    1|    1| function |
    +---------+---------+----------+----------+-----+-----+----------+

    + Detail: 
        * Instance: 
        N/A

        * Loop: 
        N/A



================================================================
== Utilization Estimates
================================================================
* Summary: 
+-----------------+---------+-------+--------+-------+-----+
|       Name      | BRAM_18K| DSP48E|   FF   |  LUT  | URAM|
+-----------------+---------+-------+--------+-------+-----+
|DSP              |        -|      -|       -|      -|    -|
|Expression       |        -|      -|       0|      6|    -|
|FIFO             |        -|      -|       -|      -|    -|
|Instance         |        -|      -|       -|      -|    -|
|Memory           |        -|      -|       -|      -|    -|
|Multiplexer      |        -|      -|       -|    189|    -|
|Register         |        -|      -|       2|      -|    -|
+-----------------+---------+-------+--------+-------+-----+
|Total            |        0|      0|       2|    195|    0|
+-----------------+---------+-------+--------+-------+-----+
|Available        |      280|    220|  106400|  53200|    0|
+-----------------+---------+-------+--------+-------+-----+
|Utilization (%)  |        0|      0|   ~0   |   ~0  |    0|
+-----------------+---------+-------+--------+-------+-----+

+ Detail: 
    * Instance: 
    N/A

    * DSP48E: 
    N/A

    * Memory: 
    N/A

    * FIFO: 
    N/A

    * Expression: 
    +--------------------------+----------+-------+---+----+------------+------------+
    |       Variable Name      | Operation| DSP48E| FF| LUT| Bitwidth P0| Bitwidth P1|
    +--------------------------+----------+-------+---+----+------------+------------+
    |io_acc_block_signal_op25  |    and   |      0|  0|   2|           1|           1|
    |io_acc_block_signal_op46  |    and   |      0|  0|   2|           1|           1|
    |ap_block_state1           |    or    |      0|  0|   2|           1|           1|
    +--------------------------+----------+-------+---+----+------------+------------+
    |Total                     |          |      0|  0|   6|           3|           3|
    +--------------------------+----------+-------+---+----+------------+------------+

    * Multiplexer: 
    +-----------------------+----+-----------+-----+-----------+
    |          Name         | LUT| Input Size| Bits| Total Bits|
    +-----------------------+----+-----------+-----+-----------+
    |ap_done                |   9|          2|    1|          2|
    |data_V_data_0_V_blk_n  |   9|          2|    1|          2|
    |data_V_data_1_V_blk_n  |   9|          2|    1|          2|
    |data_V_data_2_V_blk_n  |   9|          2|    1|          2|
    |data_V_data_3_V_blk_n  |   9|          2|    1|          2|
    |data_V_data_4_V_blk_n  |   9|          2|    1|          2|
    |data_V_data_5_V_blk_n  |   9|          2|    1|          2|
    |data_V_data_6_V_blk_n  |   9|          2|    1|          2|
    |data_V_data_7_V_blk_n  |   9|          2|    1|          2|
    |data_V_data_8_V_blk_n  |   9|          2|    1|          2|
    |data_V_data_9_V_blk_n  |   9|          2|    1|          2|
    |res_V_data_0_V_blk_n   |   9|          2|    1|          2|
    |res_V_data_1_V_blk_n   |   9|          2|    1|          2|
    |res_V_data_2_V_blk_n   |   9|          2|    1|          2|
    |res_V_data_3_V_blk_n   |   9|          2|    1|          2|
    |res_V_data_4_V_blk_n   |   9|          2|    1|          2|
    |res_V_data_5_V_blk_n   |   9|          2|    1|          2|
    |res_V_data_6_V_blk_n   |   9|          2|    1|          2|
    |res_V_data_7_V_blk_n   |   9|          2|    1|          2|
    |res_V_data_8_V_blk_n   |   9|          2|    1|          2|
    |res_V_data_9_V_blk_n   |   9|          2|    1|          2|
    +-----------------------+----+-----------+-----+-----------+
    |Total                  | 189|         42|   21|         42|
    +-----------------------+----+-----------+-----+-----------+

    * Register: 
    +-------------+---+----+-----+-----------+
    |     Name    | FF| LUT| Bits| Const Bits|
    +-------------+---+----+-----+-----------+
    |ap_CS_fsm    |  1|   0|    1|          0|
    |ap_done_reg  |  1|   0|    1|          0|
    +-------------+---+----+-----+-----------+
    |Total        |  2|   0|    2|          0|
    +-------------+---+----+-----+-----------+



================================================================
== Interface
================================================================
* Summary: 
+-------------------------+-----+-----+------------+---------------------------------------------------------------+--------------+
|        RTL Ports        | Dir | Bits|  Protocol  |                         Source Object                         |    C Type    |
+-------------------------+-----+-----+------------+---------------------------------------------------------------+--------------+
|ap_clk                   |  in |    1| ap_ctrl_hs | linear<array,array<ap_fixed<14,6,5,3,0>,10u>,linear_config13> | return value |
|ap_rst                   |  in |    1| ap_ctrl_hs | linear<array,array<ap_fixed<14,6,5,3,0>,10u>,linear_config13> | return value |
|ap_start                 |  in |    1| ap_ctrl_hs | linear<array,array<ap_fixed<14,6,5,3,0>,10u>,linear_config13> | return value |
|ap_done                  | out |    1| ap_ctrl_hs | linear<array,array<ap_fixed<14,6,5,3,0>,10u>,linear_config13> | return value |
|ap_continue              |  in |    1| ap_ctrl_hs | linear<array,array<ap_fixed<14,6,5,3,0>,10u>,linear_config13> | return value |
|ap_idle                  | out |    1| ap_ctrl_hs | linear<array,array<ap_fixed<14,6,5,3,0>,10u>,linear_config13> | return value |
|ap_ready                 | out |    1| ap_ctrl_hs | linear<array,array<ap_fixed<14,6,5,3,0>,10u>,linear_config13> | return value |
|data_V_data_0_V_dout     |  in |   14|   ap_fifo  |                        data_V_data_0_V                        |    pointer   |
|data_V_data_0_V_empty_n  |  in |    1|   ap_fifo  |                        data_V_data_0_V                        |    pointer   |
|data_V_data_0_V_read     | out |    1|   ap_fifo  |                        data_V_data_0_V                        |    pointer   |
|data_V_data_1_V_dout     |  in |   14|   ap_fifo  |                        data_V_data_1_V                        |    pointer   |
|data_V_data_1_V_empty_n  |  in |    1|   ap_fifo  |                        data_V_data_1_V                        |    pointer   |
|data_V_data_1_V_read     | out |    1|   ap_fifo  |                        data_V_data_1_V                        |    pointer   |
|data_V_data_2_V_dout     |  in |   14|   ap_fifo  |                        data_V_data_2_V                        |    pointer   |
|data_V_data_2_V_empty_n  |  in |    1|   ap_fifo  |                        data_V_data_2_V                        |    pointer   |
|data_V_data_2_V_read     | out |    1|   ap_fifo  |                        data_V_data_2_V                        |    pointer   |
|data_V_data_3_V_dout     |  in |   14|   ap_fifo  |                        data_V_data_3_V                        |    pointer   |
|data_V_data_3_V_empty_n  |  in |    1|   ap_fifo  |                        data_V_data_3_V                        |    pointer   |
|data_V_data_3_V_read     | out |    1|   ap_fifo  |                        data_V_data_3_V                        |    pointer   |
|data_V_data_4_V_dout     |  in |   14|   ap_fifo  |                        data_V_data_4_V                        |    pointer   |
|data_V_data_4_V_empty_n  |  in |    1|   ap_fifo  |                        data_V_data_4_V                        |    pointer   |
|data_V_data_4_V_read     | out |    1|   ap_fifo  |                        data_V_data_4_V                        |    pointer   |
|data_V_data_5_V_dout     |  in |   14|   ap_fifo  |                        data_V_data_5_V                        |    pointer   |
|data_V_data_5_V_empty_n  |  in |    1|   ap_fifo  |                        data_V_data_5_V                        |    pointer   |
|data_V_data_5_V_read     | out |    1|   ap_fifo  |                        data_V_data_5_V                        |    pointer   |
|data_V_data_6_V_dout     |  in |   14|   ap_fifo  |                        data_V_data_6_V                        |    pointer   |
|data_V_data_6_V_empty_n  |  in |    1|   ap_fifo  |                        data_V_data_6_V                        |    pointer   |
|data_V_data_6_V_read     | out |    1|   ap_fifo  |                        data_V_data_6_V                        |    pointer   |
|data_V_data_7_V_dout     |  in |   14|   ap_fifo  |                        data_V_data_7_V                        |    pointer   |
|data_V_data_7_V_empty_n  |  in |    1|   ap_fifo  |                        data_V_data_7_V                        |    pointer   |
|data_V_data_7_V_read     | out |    1|   ap_fifo  |                        data_V_data_7_V                        |    pointer   |
|data_V_data_8_V_dout     |  in |   14|   ap_fifo  |                        data_V_data_8_V                        |    pointer   |
|data_V_data_8_V_empty_n  |  in |    1|   ap_fifo  |                        data_V_data_8_V                        |    pointer   |
|data_V_data_8_V_read     | out |    1|   ap_fifo  |                        data_V_data_8_V                        |    pointer   |
|data_V_data_9_V_dout     |  in |   14|   ap_fifo  |                        data_V_data_9_V                        |    pointer   |
|data_V_data_9_V_empty_n  |  in |    1|   ap_fifo  |                        data_V_data_9_V                        |    pointer   |
|data_V_data_9_V_read     | out |    1|   ap_fifo  |                        data_V_data_9_V                        |    pointer   |
|res_V_data_0_V_din       | out |   14|   ap_fifo  |                         res_V_data_0_V                        |    pointer   |
|res_V_data_0_V_full_n    |  in |    1|   ap_fifo  |                         res_V_data_0_V                        |    pointer   |
|res_V_data_0_V_write     | out |    1|   ap_fifo  |                         res_V_data_0_V                        |    pointer   |
|res_V_data_1_V_din       | out |   14|   ap_fifo  |                         res_V_data_1_V                        |    pointer   |
|res_V_data_1_V_full_n    |  in |    1|   ap_fifo  |                         res_V_data_1_V                        |    pointer   |
|res_V_data_1_V_write     | out |    1|   ap_fifo  |                         res_V_data_1_V                        |    pointer   |
|res_V_data_2_V_din       | out |   14|   ap_fifo  |                         res_V_data_2_V                        |    pointer   |
|res_V_data_2_V_full_n    |  in |    1|   ap_fifo  |                         res_V_data_2_V                        |    pointer   |
|res_V_data_2_V_write     | out |    1|   ap_fifo  |                         res_V_data_2_V                        |    pointer   |
|res_V_data_3_V_din       | out |   14|   ap_fifo  |                         res_V_data_3_V                        |    pointer   |
|res_V_data_3_V_full_n    |  in |    1|   ap_fifo  |                         res_V_data_3_V                        |    pointer   |
|res_V_data_3_V_write     | out |    1|   ap_fifo  |                         res_V_data_3_V                        |    pointer   |
|res_V_data_4_V_din       | out |   14|   ap_fifo  |                         res_V_data_4_V                        |    pointer   |
|res_V_data_4_V_full_n    |  in |    1|   ap_fifo  |                         res_V_data_4_V                        |    pointer   |
|res_V_data_4_V_write     | out |    1|   ap_fifo  |                         res_V_data_4_V                        |    pointer   |
|res_V_data_5_V_din       | out |   14|   ap_fifo  |                         res_V_data_5_V                        |    pointer   |
|res_V_data_5_V_full_n    |  in |    1|   ap_fifo  |                         res_V_data_5_V                        |    pointer   |
|res_V_data_5_V_write     | out |    1|   ap_fifo  |                         res_V_data_5_V                        |    pointer   |
|res_V_data_6_V_din       | out |   14|   ap_fifo  |                         res_V_data_6_V                        |    pointer   |
|res_V_data_6_V_full_n    |  in |    1|   ap_fifo  |                         res_V_data_6_V                        |    pointer   |
|res_V_data_6_V_write     | out |    1|   ap_fifo  |                         res_V_data_6_V                        |    pointer   |
|res_V_data_7_V_din       | out |   14|   ap_fifo  |                         res_V_data_7_V                        |    pointer   |
|res_V_data_7_V_full_n    |  in |    1|   ap_fifo  |                         res_V_data_7_V                        |    pointer   |
|res_V_data_7_V_write     | out |    1|   ap_fifo  |                         res_V_data_7_V                        |    pointer   |
|res_V_data_8_V_din       | out |   14|   ap_fifo  |                         res_V_data_8_V                        |    pointer   |
|res_V_data_8_V_full_n    |  in |    1|   ap_fifo  |                         res_V_data_8_V                        |    pointer   |
|res_V_data_8_V_write     | out |    1|   ap_fifo  |                         res_V_data_8_V                        |    pointer   |
|res_V_data_9_V_din       | out |   14|   ap_fifo  |                         res_V_data_9_V                        |    pointer   |
|res_V_data_9_V_full_n    |  in |    1|   ap_fifo  |                         res_V_data_9_V                        |    pointer   |
|res_V_data_9_V_write     | out |    1|   ap_fifo  |                         res_V_data_9_V                        |    pointer   |
+-------------------------+-----+-----+------------+---------------------------------------------------------------+--------------+

============================================================
+ Verbose Summary: Synthesis Manager
============================================================
InlineROM: 1
ExposeGlobal: 0
============================================================
+ Verbose Summary: CDFG Model
============================================================
IsTopModel: 0
ResetActiveHigh: 1
IsCombinational: 2
IsDatapathOnly: 0
HasWiredReturn: 1
HasMFsm: 2
HasVarLatency: 0
IsPipeline: 1
IsRtlPipelined: 0
IsInstanceOverlapped: 0
IsDontTouch: 0
HasImplIP: 0
IsGatedGlobalClock: 0

+ Individual pipeline summary: 
  * Pipeline-0: initiation interval (II) = 1, depth = 1


============================================================
+ Verbose Summary: Schedule
============================================================
* Number of FSM states : 1
* Pipeline : 1
  Pipeline-0 : II = 1, D = 1, States = { 1 }
* Dataflow Pipeline: 0

* FSM state transitions: 
1 --> 

* FSM state operations: 

State 1 <SV = 0> <Delay = 7.26>
ST_1 : Operation 2 [1/1] (0.00ns)   --->   "call void (...)* @_ssdm_op_SpecInterface(i14* %data_V_data_9_V, [8 x i8]* @ap_fifo_str, i32 0, i32 0, [1 x i8]* @p_str, i32 0, i32 0, [1 x i8]* @p_str, [1 x i8]* @p_str, [1 x i8]* @p_str, i32 2, i32 2, i32 16, i32 16, [1 x i8]* @p_str, [1 x i8]* @p_str)"   --->   Operation 2 'specinterface' <Predicate = true> <Delay = 0.00>
ST_1 : Operation 3 [1/1] (0.00ns)   --->   "call void (...)* @_ssdm_op_SpecInterface(i14* %data_V_data_8_V, [8 x i8]* @ap_fifo_str, i32 0, i32 0, [1 x i8]* @p_str, i32 0, i32 0, [1 x i8]* @p_str, [1 x i8]* @p_str, [1 x i8]* @p_str, i32 2, i32 2, i32 16, i32 16, [1 x i8]* @p_str, [1 x i8]* @p_str)"   --->   Operation 3 'specinterface' <Predicate = true> <Delay = 0.00>
ST_1 : Operation 4 [1/1] (0.00ns)   --->   "call void (...)* @_ssdm_op_SpecInterface(i14* %data_V_data_7_V, [8 x i8]* @ap_fifo_str, i32 0, i32 0, [1 x i8]* @p_str, i32 0, i32 0, [1 x i8]* @p_str, [1 x i8]* @p_str, [1 x i8]* @p_str, i32 2, i32 2, i32 16, i32 16, [1 x i8]* @p_str, [1 x i8]* @p_str)"   --->   Operation 4 'specinterface' <Predicate = true> <Delay = 0.00>
ST_1 : Operation 5 [1/1] (0.00ns)   --->   "call void (...)* @_ssdm_op_SpecInterface(i14* %data_V_data_6_V, [8 x i8]* @ap_fifo_str, i32 0, i32 0, [1 x i8]* @p_str, i32 0, i32 0, [1 x i8]* @p_str, [1 x i8]* @p_str, [1 x i8]* @p_str, i32 2, i32 2, i32 16, i32 16, [1 x i8]* @p_str, [1 x i8]* @p_str)"   --->   Operation 5 'specinterface' <Predicate = true> <Delay = 0.00>
ST_1 : Operation 6 [1/1] (0.00ns)   --->   "call void (...)* @_ssdm_op_SpecInterface(i14* %data_V_data_5_V, [8 x i8]* @ap_fifo_str, i32 0, i32 0, [1 x i8]* @p_str, i32 0, i32 0, [1 x i8]* @p_str, [1 x i8]* @p_str, [1 x i8]* @p_str, i32 2, i32 2, i32 16, i32 16, [1 x i8]* @p_str, [1 x i8]* @p_str)"   --->   Operation 6 'specinterface' <Predicate = true> <Delay = 0.00>
ST_1 : Operation 7 [1/1] (0.00ns)   --->   "call void (...)* @_ssdm_op_SpecInterface(i14* %data_V_data_4_V, [8 x i8]* @ap_fifo_str, i32 0, i32 0, [1 x i8]* @p_str, i32 0, i32 0, [1 x i8]* @p_str, [1 x i8]* @p_str, [1 x i8]* @p_str, i32 2, i32 2, i32 16, i32 16, [1 x i8]* @p_str, [1 x i8]* @p_str)"   --->   Operation 7 'specinterface' <Predicate = true> <Delay = 0.00>
ST_1 : Operation 8 [1/1] (0.00ns)   --->   "call void (...)* @_ssdm_op_SpecInterface(i14* %data_V_data_3_V, [8 x i8]* @ap_fifo_str, i32 0, i32 0, [1 x i8]* @p_str, i32 0, i32 0, [1 x i8]* @p_str, [1 x i8]* @p_str, [1 x i8]* @p_str, i32 2, i32 2, i32 16, i32 16, [1 x i8]* @p_str, [1 x i8]* @p_str)"   --->   Operation 8 'specinterface' <Predicate = true> <Delay = 0.00>
ST_1 : Operation 9 [1/1] (0.00ns)   --->   "call void (...)* @_ssdm_op_SpecInterface(i14* %data_V_data_2_V, [8 x i8]* @ap_fifo_str, i32 0, i32 0, [1 x i8]* @p_str, i32 0, i32 0, [1 x i8]* @p_str, [1 x i8]* @p_str, [1 x i8]* @p_str, i32 2, i32 2, i32 16, i32 16, [1 x i8]* @p_str, [1 x i8]* @p_str)"   --->   Operation 9 'specinterface' <Predicate = true> <Delay = 0.00>
ST_1 : Operation 10 [1/1] (0.00ns)   --->   "call void (...)* @_ssdm_op_SpecInterface(i14* %data_V_data_1_V, [8 x i8]* @ap_fifo_str, i32 0, i32 0, [1 x i8]* @p_str, i32 0, i32 0, [1 x i8]* @p_str, [1 x i8]* @p_str, [1 x i8]* @p_str, i32 2, i32 2, i32 16, i32 16, [1 x i8]* @p_str, [1 x i8]* @p_str)"   --->   Operation 10 'specinterface' <Predicate = true> <Delay = 0.00>
ST_1 : Operation 11 [1/1] (0.00ns)   --->   "call void (...)* @_ssdm_op_SpecInterface(i14* %data_V_data_0_V, [8 x i8]* @ap_fifo_str, i32 0, i32 0, [1 x i8]* @p_str, i32 0, i32 0, [1 x i8]* @p_str, [1 x i8]* @p_str, [1 x i8]* @p_str, i32 2, i32 2, i32 16, i32 16, [1 x i8]* @p_str, [1 x i8]* @p_str)"   --->   Operation 11 'specinterface' <Predicate = true> <Delay = 0.00>
ST_1 : Operation 12 [1/1] (0.00ns)   --->   "call void (...)* @_ssdm_op_SpecInterface(i14* %res_V_data_0_V, [8 x i8]* @ap_fifo_str, i32 0, i32 0, [1 x i8]* @p_str, i32 0, i32 0, [1 x i8]* @p_str, [1 x i8]* @p_str, [1 x i8]* @p_str, i32 2, i32 2, i32 16, i32 16, [1 x i8]* @p_str, [1 x i8]* @p_str)"   --->   Operation 12 'specinterface' <Predicate = true> <Delay = 0.00>
ST_1 : Operation 13 [1/1] (0.00ns)   --->   "call void (...)* @_ssdm_op_SpecInterface(i14* %res_V_data_1_V, [8 x i8]* @ap_fifo_str, i32 0, i32 0, [1 x i8]* @p_str, i32 0, i32 0, [1 x i8]* @p_str, [1 x i8]* @p_str, [1 x i8]* @p_str, i32 2, i32 2, i32 16, i32 16, [1 x i8]* @p_str, [1 x i8]* @p_str)"   --->   Operation 13 'specinterface' <Predicate = true> <Delay = 0.00>
ST_1 : Operation 14 [1/1] (0.00ns)   --->   "call void (...)* @_ssdm_op_SpecInterface(i14* %res_V_data_2_V, [8 x i8]* @ap_fifo_str, i32 0, i32 0, [1 x i8]* @p_str, i32 0, i32 0, [1 x i8]* @p_str, [1 x i8]* @p_str, [1 x i8]* @p_str, i32 2, i32 2, i32 16, i32 16, [1 x i8]* @p_str, [1 x i8]* @p_str)"   --->   Operation 14 'specinterface' <Predicate = true> <Delay = 0.00>
ST_1 : Operation 15 [1/1] (0.00ns)   --->   "call void (...)* @_ssdm_op_SpecInterface(i14* %res_V_data_3_V, [8 x i8]* @ap_fifo_str, i32 0, i32 0, [1 x i8]* @p_str, i32 0, i32 0, [1 x i8]* @p_str, [1 x i8]* @p_str, [1 x i8]* @p_str, i32 2, i32 2, i32 16, i32 16, [1 x i8]* @p_str, [1 x i8]* @p_str)"   --->   Operation 15 'specinterface' <Predicate = true> <Delay = 0.00>
ST_1 : Operation 16 [1/1] (0.00ns)   --->   "call void (...)* @_ssdm_op_SpecInterface(i14* %res_V_data_4_V, [8 x i8]* @ap_fifo_str, i32 0, i32 0, [1 x i8]* @p_str, i32 0, i32 0, [1 x i8]* @p_str, [1 x i8]* @p_str, [1 x i8]* @p_str, i32 2, i32 2, i32 16, i32 16, [1 x i8]* @p_str, [1 x i8]* @p_str)"   --->   Operation 16 'specinterface' <Predicate = true> <Delay = 0.00>
ST_1 : Operation 17 [1/1] (0.00ns)   --->   "call void (...)* @_ssdm_op_SpecInterface(i14* %res_V_data_5_V, [8 x i8]* @ap_fifo_str, i32 0, i32 0, [1 x i8]* @p_str, i32 0, i32 0, [1 x i8]* @p_str, [1 x i8]* @p_str, [1 x i8]* @p_str, i32 2, i32 2, i32 16, i32 16, [1 x i8]* @p_str, [1 x i8]* @p_str)"   --->   Operation 17 'specinterface' <Predicate = true> <Delay = 0.00>
ST_1 : Operation 18 [1/1] (0.00ns)   --->   "call void (...)* @_ssdm_op_SpecInterface(i14* %res_V_data_6_V, [8 x i8]* @ap_fifo_str, i32 0, i32 0, [1 x i8]* @p_str, i32 0, i32 0, [1 x i8]* @p_str, [1 x i8]* @p_str, [1 x i8]* @p_str, i32 2, i32 2, i32 16, i32 16, [1 x i8]* @p_str, [1 x i8]* @p_str)"   --->   Operation 18 'specinterface' <Predicate = true> <Delay = 0.00>
ST_1 : Operation 19 [1/1] (0.00ns)   --->   "call void (...)* @_ssdm_op_SpecInterface(i14* %res_V_data_7_V, [8 x i8]* @ap_fifo_str, i32 0, i32 0, [1 x i8]* @p_str, i32 0, i32 0, [1 x i8]* @p_str, [1 x i8]* @p_str, [1 x i8]* @p_str, i32 2, i32 2, i32 16, i32 16, [1 x i8]* @p_str, [1 x i8]* @p_str)"   --->   Operation 19 'specinterface' <Predicate = true> <Delay = 0.00>
ST_1 : Operation 20 [1/1] (0.00ns)   --->   "call void (...)* @_ssdm_op_SpecInterface(i14* %res_V_data_8_V, [8 x i8]* @ap_fifo_str, i32 0, i32 0, [1 x i8]* @p_str, i32 0, i32 0, [1 x i8]* @p_str, [1 x i8]* @p_str, [1 x i8]* @p_str, i32 2, i32 2, i32 16, i32 16, [1 x i8]* @p_str, [1 x i8]* @p_str)"   --->   Operation 20 'specinterface' <Predicate = true> <Delay = 0.00>
ST_1 : Operation 21 [1/1] (0.00ns)   --->   "call void (...)* @_ssdm_op_SpecInterface(i14* %res_V_data_9_V, [8 x i8]* @ap_fifo_str, i32 0, i32 0, [1 x i8]* @p_str, i32 0, i32 0, [1 x i8]* @p_str, [1 x i8]* @p_str, [1 x i8]* @p_str, i32 2, i32 2, i32 16, i32 16, [1 x i8]* @p_str, [1 x i8]* @p_str)"   --->   Operation 21 'specinterface' <Predicate = true> <Delay = 0.00>
ST_1 : Operation 22 [1/1] (0.00ns)   --->   "call void (...)* @_ssdm_op_SpecLoopName([14 x i8]* @p_str23) nounwind" [firmware/nnet_utils/nnet_activation_stream.h:19]   --->   Operation 22 'specloopname' <Predicate = true> <Delay = 0.00>
ST_1 : Operation 23 [1/1] (0.00ns)   --->   "%tmp = call i32 (...)* @_ssdm_op_SpecRegionBegin([14 x i8]* @p_str23)" [firmware/nnet_utils/nnet_activation_stream.h:19]   --->   Operation 23 'specregionbegin' 'tmp' <Predicate = true> <Delay = 0.00>
ST_1 : Operation 24 [1/1] (0.00ns)   --->   "call void (...)* @_ssdm_op_SpecPipeline(i32 -1, i32 1, i32 1, i32 0, [1 x i8]* @p_str13) nounwind" [firmware/nnet_utils/nnet_activation_stream.h:20]   --->   Operation 24 'specpipeline' <Predicate = true> <Delay = 0.00>
ST_1 : Operation 25 [1/1] (3.63ns)   --->   "%empty = call { i14, i14, i14, i14, i14, i14, i14, i14, i14, i14 } @_ssdm_op_Read.ap_fifo.volatile.i14P.i14P.i14P.i14P.i14P.i14P.i14P.i14P.i14P.i14P(i14* %data_V_data_0_V, i14* %data_V_data_1_V, i14* %data_V_data_2_V, i14* %data_V_data_3_V, i14* %data_V_data_4_V, i14* %data_V_data_5_V, i14* %data_V_data_6_V, i14* %data_V_data_7_V, i14* %data_V_data_8_V, i14* %data_V_data_9_V)" [firmware/nnet_utils/nnet_activation_stream.h:22]   --->   Operation 25 'read' 'empty' <Predicate = true> <Delay = 3.63> <Core = "FIFO">   --->   Core 32 'FIFO' <Latency = 0> <II = 1> <Delay = 3.63> <Storage> <Opcode : 'read' 'write' 'nbread' 'nbwrite'> <Ports = 0> <Width = 14> <Depth = 1> <FIFO>
ST_1 : Operation 26 [1/1] (0.00ns)   --->   "%tmp_data_V_0 = extractvalue { i14, i14, i14, i14, i14, i14, i14, i14, i14, i14 } %empty, 0" [firmware/nnet_utils/nnet_activation_stream.h:22]   --->   Operation 26 'extractvalue' 'tmp_data_V_0' <Predicate = true> <Delay = 0.00>
ST_1 : Operation 27 [1/1] (0.00ns)   --->   "%tmp_data_V_1 = extractvalue { i14, i14, i14, i14, i14, i14, i14, i14, i14, i14 } %empty, 1" [firmware/nnet_utils/nnet_activation_stream.h:22]   --->   Operation 27 'extractvalue' 'tmp_data_V_1' <Predicate = true> <Delay = 0.00>
ST_1 : Operation 28 [1/1] (0.00ns)   --->   "%tmp_data_V_2 = extractvalue { i14, i14, i14, i14, i14, i14, i14, i14, i14, i14 } %empty, 2" [firmware/nnet_utils/nnet_activation_stream.h:22]   --->   Operation 28 'extractvalue' 'tmp_data_V_2' <Predicate = true> <Delay = 0.00>
ST_1 : Operation 29 [1/1] (0.00ns)   --->   "%tmp_data_V_3 = extractvalue { i14, i14, i14, i14, i14, i14, i14, i14, i14, i14 } %empty, 3" [firmware/nnet_utils/nnet_activation_stream.h:22]   --->   Operation 29 'extractvalue' 'tmp_data_V_3' <Predicate = true> <Delay = 0.00>
ST_1 : Operation 30 [1/1] (0.00ns)   --->   "%tmp_data_V_4 = extractvalue { i14, i14, i14, i14, i14, i14, i14, i14, i14, i14 } %empty, 4" [firmware/nnet_utils/nnet_activation_stream.h:22]   --->   Operation 30 'extractvalue' 'tmp_data_V_4' <Predicate = true> <Delay = 0.00>
ST_1 : Operation 31 [1/1] (0.00ns)   --->   "%tmp_data_V_5 = extractvalue { i14, i14, i14, i14, i14, i14, i14, i14, i14, i14 } %empty, 5" [firmware/nnet_utils/nnet_activation_stream.h:22]   --->   Operation 31 'extractvalue' 'tmp_data_V_5' <Predicate = true> <Delay = 0.00>
ST_1 : Operation 32 [1/1] (0.00ns)   --->   "%tmp_data_V_6 = extractvalue { i14, i14, i14, i14, i14, i14, i14, i14, i14, i14 } %empty, 6" [firmware/nnet_utils/nnet_activation_stream.h:22]   --->   Operation 32 'extractvalue' 'tmp_data_V_6' <Predicate = true> <Delay = 0.00>
ST_1 : Operation 33 [1/1] (0.00ns)   --->   "%tmp_data_V_7 = extractvalue { i14, i14, i14, i14, i14, i14, i14, i14, i14, i14 } %empty, 7" [firmware/nnet_utils/nnet_activation_stream.h:22]   --->   Operation 33 'extractvalue' 'tmp_data_V_7' <Predicate = true> <Delay = 0.00>
ST_1 : Operation 34 [1/1] (0.00ns)   --->   "%tmp_data_V_8 = extractvalue { i14, i14, i14, i14, i14, i14, i14, i14, i14, i14 } %empty, 8" [firmware/nnet_utils/nnet_activation_stream.h:22]   --->   Operation 34 'extractvalue' 'tmp_data_V_8' <Predicate = true> <Delay = 0.00>
ST_1 : Operation 35 [1/1] (0.00ns)   --->   "%tmp_data_V_9 = extractvalue { i14, i14, i14, i14, i14, i14, i14, i14, i14, i14 } %empty, 9" [firmware/nnet_utils/nnet_activation_stream.h:22]   --->   Operation 35 'extractvalue' 'tmp_data_V_9' <Predicate = true> <Delay = 0.00>
ST_1 : Operation 36 [1/1] (0.00ns)   --->   "%tmp_data_0_V = shl i14 %tmp_data_V_0, 2" [firmware/nnet_utils/nnet_activation_stream.h:29]   --->   Operation 36 'shl' 'tmp_data_0_V' <Predicate = true> <Delay = 0.00>
ST_1 : Operation 37 [1/1] (0.00ns)   --->   "%tmp_data_1_V = shl i14 %tmp_data_V_1, 2" [firmware/nnet_utils/nnet_activation_stream.h:29]   --->   Operation 37 'shl' 'tmp_data_1_V' <Predicate = true> <Delay = 0.00>
ST_1 : Operation 38 [1/1] (0.00ns)   --->   "%tmp_data_2_V = shl i14 %tmp_data_V_2, 2" [firmware/nnet_utils/nnet_activation_stream.h:29]   --->   Operation 38 'shl' 'tmp_data_2_V' <Predicate = true> <Delay = 0.00>
ST_1 : Operation 39 [1/1] (0.00ns)   --->   "%tmp_data_3_V = shl i14 %tmp_data_V_3, 2" [firmware/nnet_utils/nnet_activation_stream.h:29]   --->   Operation 39 'shl' 'tmp_data_3_V' <Predicate = true> <Delay = 0.00>
ST_1 : Operation 40 [1/1] (0.00ns)   --->   "%tmp_data_4_V = shl i14 %tmp_data_V_4, 2" [firmware/nnet_utils/nnet_activation_stream.h:29]   --->   Operation 40 'shl' 'tmp_data_4_V' <Predicate = true> <Delay = 0.00>
ST_1 : Operation 41 [1/1] (0.00ns)   --->   "%tmp_data_5_V = shl i14 %tmp_data_V_5, 2" [firmware/nnet_utils/nnet_activation_stream.h:29]   --->   Operation 41 'shl' 'tmp_data_5_V' <Predicate = true> <Delay = 0.00>
ST_1 : Operation 42 [1/1] (0.00ns)   --->   "%tmp_data_6_V = shl i14 %tmp_data_V_6, 2" [firmware/nnet_utils/nnet_activation_stream.h:29]   --->   Operation 42 'shl' 'tmp_data_6_V' <Predicate = true> <Delay = 0.00>
ST_1 : Operation 43 [1/1] (0.00ns)   --->   "%tmp_data_7_V = shl i14 %tmp_data_V_7, 2" [firmware/nnet_utils/nnet_activation_stream.h:29]   --->   Operation 43 'shl' 'tmp_data_7_V' <Predicate = true> <Delay = 0.00>
ST_1 : Operation 44 [1/1] (0.00ns)   --->   "%tmp_data_8_V = shl i14 %tmp_data_V_8, 2" [firmware/nnet_utils/nnet_activation_stream.h:29]   --->   Operation 44 'shl' 'tmp_data_8_V' <Predicate = true> <Delay = 0.00>
ST_1 : Operation 45 [1/1] (0.00ns)   --->   "%tmp_data_9_V = shl i14 %tmp_data_V_9, 2" [firmware/nnet_utils/nnet_activation_stream.h:29]   --->   Operation 45 'shl' 'tmp_data_9_V' <Predicate = true> <Delay = 0.00>
ST_1 : Operation 46 [1/1] (3.63ns)   --->   "call void @_ssdm_op_Write.ap_fifo.volatile.i14P.i14P.i14P.i14P.i14P.i14P.i14P.i14P.i14P.i14P(i14* %res_V_data_0_V, i14* %res_V_data_1_V, i14* %res_V_data_2_V, i14* %res_V_data_3_V, i14* %res_V_data_4_V, i14* %res_V_data_5_V, i14* %res_V_data_6_V, i14* %res_V_data_7_V, i14* %res_V_data_8_V, i14* %res_V_data_9_V, i14 %tmp_data_0_V, i14 %tmp_data_1_V, i14 %tmp_data_2_V, i14 %tmp_data_3_V, i14 %tmp_data_4_V, i14 %tmp_data_5_V, i14 %tmp_data_6_V, i14 %tmp_data_7_V, i14 %tmp_data_8_V, i14 %tmp_data_9_V)" [firmware/nnet_utils/nnet_activation_stream.h:32]   --->   Operation 46 'write' <Predicate = true> <Delay = 3.63> <Core = "FIFO">   --->   Core 32 'FIFO' <Latency = 0> <II = 1> <Delay = 3.63> <Storage> <Opcode : 'read' 'write' 'nbread' 'nbwrite'> <Ports = 0> <Width = 14> <Depth = 1> <FIFO>
ST_1 : Operation 47 [1/1] (0.00ns)   --->   "%empty_320 = call i32 (...)* @_ssdm_op_SpecRegionEnd([14 x i8]* @p_str23, i32 %tmp)" [firmware/nnet_utils/nnet_activation_stream.h:33]   --->   Operation 47 'specregionend' 'empty_320' <Predicate = true> <Delay = 0.00>
ST_1 : Operation 48 [1/1] (0.00ns)   --->   "ret void" [firmware/nnet_utils/nnet_activation_stream.h:34]   --->   Operation 48 'ret' <Predicate = true> <Delay = 0.00>


============================================================
+ Verbose Summary: Binding
============================================================
STG Binding: 
---------------- STG Properties BEGIN ----------------
- Is combinational: 0
- Is one-state seq: 1
- Is datapath-only: 0
- Is pipelined: 1
- Is top level: 0
Port [ Return ] is wired: 1; IO mode=ap_ctrl_hs:ce=0
Port [ data_V_data_0_V]:  wired=1; compound=1; hidden=0; nouse=0; global=0; static=0; extern=0; dir=0; type=3; pingpong=0; private_global=0; IO mode=ap_fifo:ce=0
Port [ data_V_data_1_V]:  wired=1; compound=1; hidden=0; nouse=0; global=0; static=0; extern=0; dir=0; type=3; pingpong=0; private_global=0; IO mode=ap_fifo:ce=0
Port [ data_V_data_2_V]:  wired=1; compound=1; hidden=0; nouse=0; global=0; static=0; extern=0; dir=0; type=3; pingpong=0; private_global=0; IO mode=ap_fifo:ce=0
Port [ data_V_data_3_V]:  wired=1; compound=1; hidden=0; nouse=0; global=0; static=0; extern=0; dir=0; type=3; pingpong=0; private_global=0; IO mode=ap_fifo:ce=0
Port [ data_V_data_4_V]:  wired=1; compound=1; hidden=0; nouse=0; global=0; static=0; extern=0; dir=0; type=3; pingpong=0; private_global=0; IO mode=ap_fifo:ce=0
Port [ data_V_data_5_V]:  wired=1; compound=1; hidden=0; nouse=0; global=0; static=0; extern=0; dir=0; type=3; pingpong=0; private_global=0; IO mode=ap_fifo:ce=0
Port [ data_V_data_6_V]:  wired=1; compound=1; hidden=0; nouse=0; global=0; static=0; extern=0; dir=0; type=3; pingpong=0; private_global=0; IO mode=ap_fifo:ce=0
Port [ data_V_data_7_V]:  wired=1; compound=1; hidden=0; nouse=0; global=0; static=0; extern=0; dir=0; type=3; pingpong=0; private_global=0; IO mode=ap_fifo:ce=0
Port [ data_V_data_8_V]:  wired=1; compound=1; hidden=0; nouse=0; global=0; static=0; extern=0; dir=0; type=3; pingpong=0; private_global=0; IO mode=ap_fifo:ce=0
Port [ data_V_data_9_V]:  wired=1; compound=1; hidden=0; nouse=0; global=0; static=0; extern=0; dir=0; type=3; pingpong=0; private_global=0; IO mode=ap_fifo:ce=0
Port [ res_V_data_0_V]:  wired=1; compound=1; hidden=0; nouse=0; global=0; static=0; extern=0; dir=1; type=3; pingpong=0; private_global=0; IO mode=ap_fifo:ce=0
Port [ res_V_data_1_V]:  wired=1; compound=1; hidden=0; nouse=0; global=0; static=0; extern=0; dir=1; type=3; pingpong=0; private_global=0; IO mode=ap_fifo:ce=0
Port [ res_V_data_2_V]:  wired=1; compound=1; hidden=0; nouse=0; global=0; static=0; extern=0; dir=1; type=3; pingpong=0; private_global=0; IO mode=ap_fifo:ce=0
Port [ res_V_data_3_V]:  wired=1; compound=1; hidden=0; nouse=0; global=0; static=0; extern=0; dir=1; type=3; pingpong=0; private_global=0; IO mode=ap_fifo:ce=0
Port [ res_V_data_4_V]:  wired=1; compound=1; hidden=0; nouse=0; global=0; static=0; extern=0; dir=1; type=3; pingpong=0; private_global=0; IO mode=ap_fifo:ce=0
Port [ res_V_data_5_V]:  wired=1; compound=1; hidden=0; nouse=0; global=0; static=0; extern=0; dir=1; type=3; pingpong=0; private_global=0; IO mode=ap_fifo:ce=0
Port [ res_V_data_6_V]:  wired=1; compound=1; hidden=0; nouse=0; global=0; static=0; extern=0; dir=1; type=3; pingpong=0; private_global=0; IO mode=ap_fifo:ce=0
Port [ res_V_data_7_V]:  wired=1; compound=1; hidden=0; nouse=0; global=0; static=0; extern=0; dir=1; type=3; pingpong=0; private_global=0; IO mode=ap_fifo:ce=0
Port [ res_V_data_8_V]:  wired=1; compound=1; hidden=0; nouse=0; global=0; static=0; extern=0; dir=1; type=3; pingpong=0; private_global=0; IO mode=ap_fifo:ce=0
Port [ res_V_data_9_V]:  wired=1; compound=1; hidden=0; nouse=0; global=0; static=0; extern=0; dir=1; type=3; pingpong=0; private_global=0; IO mode=ap_fifo:ce=0
---------------- STG Properties END ------------------

---------------- Datapath Model BEGIN ----------------

<LifeTime>
<method=bitvector/>
specinterface_ln0 (specinterface  ) [ 00]
specinterface_ln0 (specinterface  ) [ 00]
specinterface_ln0 (specinterface  ) [ 00]
specinterface_ln0 (specinterface  ) [ 00]
specinterface_ln0 (specinterface  ) [ 00]
specinterface_ln0 (specinterface  ) [ 00]
specinterface_ln0 (specinterface  ) [ 00]
specinterface_ln0 (specinterface  ) [ 00]
specinterface_ln0 (specinterface  ) [ 00]
specinterface_ln0 (specinterface  ) [ 00]
specinterface_ln0 (specinterface  ) [ 00]
specinterface_ln0 (specinterface  ) [ 00]
specinterface_ln0 (specinterface  ) [ 00]
specinterface_ln0 (specinterface  ) [ 00]
specinterface_ln0 (specinterface  ) [ 00]
specinterface_ln0 (specinterface  ) [ 00]
specinterface_ln0 (specinterface  ) [ 00]
specinterface_ln0 (specinterface  ) [ 00]
specinterface_ln0 (specinterface  ) [ 00]
specinterface_ln0 (specinterface  ) [ 00]
specloopname_ln19 (specloopname   ) [ 00]
tmp               (specregionbegin) [ 00]
specpipeline_ln20 (specpipeline   ) [ 00]
empty             (read           ) [ 00]
tmp_data_V_0      (extractvalue   ) [ 00]
tmp_data_V_1      (extractvalue   ) [ 00]
tmp_data_V_2      (extractvalue   ) [ 00]
tmp_data_V_3      (extractvalue   ) [ 00]
tmp_data_V_4      (extractvalue   ) [ 00]
tmp_data_V_5      (extractvalue   ) [ 00]
tmp_data_V_6      (extractvalue   ) [ 00]
tmp_data_V_7      (extractvalue   ) [ 00]
tmp_data_V_8      (extractvalue   ) [ 00]
tmp_data_V_9      (extractvalue   ) [ 00]
tmp_data_0_V      (shl            ) [ 00]
tmp_data_1_V      (shl            ) [ 00]
tmp_data_2_V      (shl            ) [ 00]
tmp_data_3_V      (shl            ) [ 00]
tmp_data_4_V      (shl            ) [ 00]
tmp_data_5_V      (shl            ) [ 00]
tmp_data_6_V      (shl            ) [ 00]
tmp_data_7_V      (shl            ) [ 00]
tmp_data_8_V      (shl            ) [ 00]
tmp_data_9_V      (shl            ) [ 00]
write_ln32        (write          ) [ 00]
empty_320         (specregionend  ) [ 00]
ret_ln34          (ret            ) [ 00]
</LifeTime>

<model>

<comp_list>
<comp id="0" class="1000" name="data_V_data_0_V">
<pin_list>
<pin id="1" dir="1" index="0" bw="1" slack="0"/>
</pin_list>
<bind>
<StgValue><ssdm name="data_V_data_0_V"/></StgValue>
</bind>
</comp>

<comp id="2" class="1000" name="data_V_data_1_V">
<pin_list>
<pin id="3" dir="1" index="0" bw="1" slack="0"/>
</pin_list>
<bind>
<StgValue><ssdm name="data_V_data_1_V"/></StgValue>
</bind>
</comp>

<comp id="4" class="1000" name="data_V_data_2_V">
<pin_list>
<pin id="5" dir="1" index="0" bw="1" slack="0"/>
</pin_list>
<bind>
<StgValue><ssdm name="data_V_data_2_V"/></StgValue>
</bind>
</comp>

<comp id="6" class="1000" name="data_V_data_3_V">
<pin_list>
<pin id="7" dir="1" index="0" bw="1" slack="0"/>
</pin_list>
<bind>
<StgValue><ssdm name="data_V_data_3_V"/></StgValue>
</bind>
</comp>

<comp id="8" class="1000" name="data_V_data_4_V">
<pin_list>
<pin id="9" dir="1" index="0" bw="1" slack="0"/>
</pin_list>
<bind>
<StgValue><ssdm name="data_V_data_4_V"/></StgValue>
</bind>
</comp>

<comp id="10" class="1000" name="data_V_data_5_V">
<pin_list>
<pin id="11" dir="1" index="0" bw="1" slack="0"/>
</pin_list>
<bind>
<StgValue><ssdm name="data_V_data_5_V"/></StgValue>
</bind>
</comp>

<comp id="12" class="1000" name="data_V_data_6_V">
<pin_list>
<pin id="13" dir="1" index="0" bw="1" slack="0"/>
</pin_list>
<bind>
<StgValue><ssdm name="data_V_data_6_V"/></StgValue>
</bind>
</comp>

<comp id="14" class="1000" name="data_V_data_7_V">
<pin_list>
<pin id="15" dir="1" index="0" bw="1" slack="0"/>
</pin_list>
<bind>
<StgValue><ssdm name="data_V_data_7_V"/></StgValue>
</bind>
</comp>

<comp id="16" class="1000" name="data_V_data_8_V">
<pin_list>
<pin id="17" dir="1" index="0" bw="1" slack="0"/>
</pin_list>
<bind>
<StgValue><ssdm name="data_V_data_8_V"/></StgValue>
</bind>
</comp>

<comp id="18" class="1000" name="data_V_data_9_V">
<pin_list>
<pin id="19" dir="1" index="0" bw="1" slack="0"/>
</pin_list>
<bind>
<StgValue><ssdm name="data_V_data_9_V"/></StgValue>
</bind>
</comp>

<comp id="20" class="1000" name="res_V_data_0_V">
<pin_list>
<pin id="21" dir="1" index="0" bw="1" slack="0"/>
</pin_list>
<bind>
<StgValue><ssdm name="res_V_data_0_V"/></StgValue>
</bind>
</comp>

<comp id="22" class="1000" name="res_V_data_1_V">
<pin_list>
<pin id="23" dir="1" index="0" bw="1" slack="0"/>
</pin_list>
<bind>
<StgValue><ssdm name="res_V_data_1_V"/></StgValue>
</bind>
</comp>

<comp id="24" class="1000" name="res_V_data_2_V">
<pin_list>
<pin id="25" dir="1" index="0" bw="1" slack="0"/>
</pin_list>
<bind>
<StgValue><ssdm name="res_V_data_2_V"/></StgValue>
</bind>
</comp>

<comp id="26" class="1000" name="res_V_data_3_V">
<pin_list>
<pin id="27" dir="1" index="0" bw="1" slack="0"/>
</pin_list>
<bind>
<StgValue><ssdm name="res_V_data_3_V"/></StgValue>
</bind>
</comp>

<comp id="28" class="1000" name="res_V_data_4_V">
<pin_list>
<pin id="29" dir="1" index="0" bw="1" slack="0"/>
</pin_list>
<bind>
<StgValue><ssdm name="res_V_data_4_V"/></StgValue>
</bind>
</comp>

<comp id="30" class="1000" name="res_V_data_5_V">
<pin_list>
<pin id="31" dir="1" index="0" bw="1" slack="0"/>
</pin_list>
<bind>
<StgValue><ssdm name="res_V_data_5_V"/></StgValue>
</bind>
</comp>

<comp id="32" class="1000" name="res_V_data_6_V">
<pin_list>
<pin id="33" dir="1" index="0" bw="1" slack="0"/>
</pin_list>
<bind>
<StgValue><ssdm name="res_V_data_6_V"/></StgValue>
</bind>
</comp>

<comp id="34" class="1000" name="res_V_data_7_V">
<pin_list>
<pin id="35" dir="1" index="0" bw="1" slack="0"/>
</pin_list>
<bind>
<StgValue><ssdm name="res_V_data_7_V"/></StgValue>
</bind>
</comp>

<comp id="36" class="1000" name="res_V_data_8_V">
<pin_list>
<pin id="37" dir="1" index="0" bw="1" slack="0"/>
</pin_list>
<bind>
<StgValue><ssdm name="res_V_data_8_V"/></StgValue>
</bind>
</comp>

<comp id="38" class="1000" name="res_V_data_9_V">
<pin_list>
<pin id="39" dir="1" index="0" bw="1" slack="0"/>
</pin_list>
<bind>
<StgValue><ssdm name="res_V_data_9_V"/></StgValue>
</bind>
</comp>

<comp id="40" class="1001" name="const_40">
<pin_list>
<pin id="41" dir="1" index="0" bw="1" slack="2147483647"/>
</pin_list>
<bind>
<StgValue><ssdm name="_ssdm_op_SpecInterface"/></StgValue>
</bind>
</comp>

<comp id="42" class="1001" name="const_42">
<pin_list>
<pin id="43" dir="1" index="0" bw="1" slack="2147483647"/>
</pin_list>
<bind>
<StgValue><ssdm name="ap_fifo_str"/></StgValue>
</bind>
</comp>

<comp id="44" class="1001" name="const_44">
<pin_list>
<pin id="45" dir="1" index="0" bw="1" slack="2147483647"/>
</pin_list>
<bind>
<StgValue><ssdm name=""/></StgValue>
</bind>
</comp>

<comp id="46" class="1001" name="const_46">
<pin_list>
<pin id="47" dir="1" index="0" bw="1" slack="2147483647"/>
</pin_list>
<bind>
<StgValue><ssdm name="p_str"/></StgValue>
</bind>
</comp>

<comp id="48" class="1001" name="const_48">
<pin_list>
<pin id="49" dir="1" index="0" bw="1" slack="2147483647"/>
</pin_list>
<bind>
<StgValue><ssdm name=""/></StgValue>
</bind>
</comp>

<comp id="50" class="1001" name="const_50">
<pin_list>
<pin id="51" dir="1" index="0" bw="1" slack="2147483647"/>
</pin_list>
<bind>
<StgValue><ssdm name=""/></StgValue>
</bind>
</comp>

<comp id="52" class="1001" name="const_52">
<pin_list>
<pin id="53" dir="1" index="0" bw="1" slack="2147483647"/>
</pin_list>
<bind>
<StgValue><ssdm name="_ssdm_op_SpecLoopName"/></StgValue>
</bind>
</comp>

<comp id="54" class="1001" name="const_54">
<pin_list>
<pin id="55" dir="1" index="0" bw="1" slack="2147483647"/>
</pin_list>
<bind>
<StgValue><ssdm name="p_str23"/></StgValue>
</bind>
</comp>

<comp id="56" class="1001" name="const_56">
<pin_list>
<pin id="57" dir="1" index="0" bw="1" slack="2147483647"/>
</pin_list>
<bind>
<StgValue><ssdm name="_ssdm_op_SpecRegionBegin"/></StgValue>
</bind>
</comp>

<comp id="58" class="1001" name="const_58">
<pin_list>
<pin id="59" dir="1" index="0" bw="1" slack="2147483647"/>
</pin_list>
<bind>
<StgValue><ssdm name="_ssdm_op_SpecPipeline"/></StgValue>
</bind>
</comp>

<comp id="60" class="1001" name="const_60">
<pin_list>
<pin id="61" dir="1" index="0" bw="1" slack="2147483647"/>
</pin_list>
<bind>
<StgValue><ssdm name=""/></StgValue>
</bind>
</comp>

<comp id="62" class="1001" name="const_62">
<pin_list>
<pin id="63" dir="1" index="0" bw="1" slack="2147483647"/>
</pin_list>
<bind>
<StgValue><ssdm name=""/></StgValue>
</bind>
</comp>

<comp id="64" class="1001" name="const_64">
<pin_list>
<pin id="65" dir="1" index="0" bw="1" slack="2147483647"/>
</pin_list>
<bind>
<StgValue><ssdm name="p_str13"/></StgValue>
</bind>
</comp>

<comp id="66" class="1001" name="const_66">
<pin_list>
<pin id="67" dir="1" index="0" bw="1" slack="0"/>
</pin_list>
<bind>
<StgValue><ssdm name="_ssdm_op_Read.ap_fifo.volatile.i14P.i14P.i14P.i14P.i14P.i14P.i14P.i14P.i14P.i14P"/></StgValue>
</bind>
</comp>

<comp id="68" class="1001" name="const_68">
<pin_list>
<pin id="69" dir="1" index="0" bw="1" slack="0"/>
</pin_list>
<bind>
<StgValue><ssdm name=""/></StgValue>
</bind>
</comp>

<comp id="70" class="1001" name="const_70">
<pin_list>
<pin id="71" dir="1" index="0" bw="1" slack="0"/>
</pin_list>
<bind>
<StgValue><ssdm name="_ssdm_op_Write.ap_fifo.volatile.i14P.i14P.i14P.i14P.i14P.i14P.i14P.i14P.i14P.i14P"/></StgValue>
</bind>
</comp>

<comp id="72" class="1001" name="const_72">
<pin_list>
<pin id="73" dir="1" index="0" bw="1" slack="2147483647"/>
</pin_list>
<bind>
<StgValue><ssdm name="_ssdm_op_SpecRegionEnd"/></StgValue>
</bind>
</comp>

<comp id="74" class="1004" name="empty_read_fu_74">
<pin_list>
<pin id="75" dir="0" index="0" bw="140" slack="0"/>
<pin id="76" dir="0" index="1" bw="14" slack="0"/>
<pin id="77" dir="0" index="2" bw="14" slack="0"/>
<pin id="78" dir="0" index="3" bw="14" slack="0"/>
<pin id="79" dir="0" index="4" bw="14" slack="0"/>
<pin id="80" dir="0" index="5" bw="14" slack="0"/>
<pin id="81" dir="0" index="6" bw="14" slack="0"/>
<pin id="82" dir="0" index="7" bw="14" slack="0"/>
<pin id="83" dir="0" index="8" bw="14" slack="0"/>
<pin id="84" dir="0" index="9" bw="14" slack="0"/>
<pin id="85" dir="0" index="10" bw="14" slack="0"/>
<pin id="86" dir="1" index="11" bw="140" slack="0"/>
</pin_list>
<bind>
<opcode="read(1150) " fcode="read"/>
<opset="empty/1 "/>
</bind>
</comp>

<comp id="98" class="1004" name="write_ln32_write_fu_98">
<pin_list>
<pin id="99" dir="0" index="0" bw="0" slack="0"/>
<pin id="100" dir="0" index="1" bw="14" slack="0"/>
<pin id="101" dir="0" index="2" bw="14" slack="0"/>
<pin id="102" dir="0" index="3" bw="14" slack="0"/>
<pin id="103" dir="0" index="4" bw="14" slack="0"/>
<pin id="104" dir="0" index="5" bw="14" slack="0"/>
<pin id="105" dir="0" index="6" bw="14" slack="0"/>
<pin id="106" dir="0" index="7" bw="14" slack="0"/>
<pin id="107" dir="0" index="8" bw="14" slack="0"/>
<pin id="108" dir="0" index="9" bw="14" slack="0"/>
<pin id="109" dir="0" index="10" bw="14" slack="0"/>
<pin id="110" dir="0" index="11" bw="14" slack="0"/>
<pin id="111" dir="0" index="12" bw="14" slack="0"/>
<pin id="112" dir="0" index="13" bw="14" slack="0"/>
<pin id="113" dir="0" index="14" bw="14" slack="0"/>
<pin id="114" dir="0" index="15" bw="14" slack="0"/>
<pin id="115" dir="0" index="16" bw="14" slack="0"/>
<pin id="116" dir="0" index="17" bw="14" slack="0"/>
<pin id="117" dir="0" index="18" bw="14" slack="0"/>
<pin id="118" dir="0" index="19" bw="14" slack="0"/>
<pin id="119" dir="0" index="20" bw="14" slack="0"/>
<pin id="120" dir="1" index="21" bw="0" slack="2147483647"/>
</pin_list>
<bind>
<opcode="write(1151) " fcode="write"/>
<opset="write_ln32/1 "/>
</bind>
</comp>

<comp id="132" class="1004" name="tmp_data_V_0_fu_132">
<pin_list>
<pin id="133" dir="0" index="0" bw="140" slack="0"/>
<pin id="134" dir="1" index="1" bw="14" slack="0"/>
</pin_list>
<bind>
<opcode="extractvalue(56) " fcode="extractvalue"/>
<opset="tmp_data_V_0/1 "/>
</bind>
</comp>

<comp id="136" class="1004" name="tmp_data_V_1_fu_136">
<pin_list>
<pin id="137" dir="0" index="0" bw="140" slack="0"/>
<pin id="138" dir="1" index="1" bw="14" slack="0"/>
</pin_list>
<bind>
<opcode="extractvalue(56) " fcode="extractvalue"/>
<opset="tmp_data_V_1/1 "/>
</bind>
</comp>

<comp id="140" class="1004" name="tmp_data_V_2_fu_140">
<pin_list>
<pin id="141" dir="0" index="0" bw="140" slack="0"/>
<pin id="142" dir="1" index="1" bw="14" slack="0"/>
</pin_list>
<bind>
<opcode="extractvalue(56) " fcode="extractvalue"/>
<opset="tmp_data_V_2/1 "/>
</bind>
</comp>

<comp id="144" class="1004" name="tmp_data_V_3_fu_144">
<pin_list>
<pin id="145" dir="0" index="0" bw="140" slack="0"/>
<pin id="146" dir="1" index="1" bw="14" slack="0"/>
</pin_list>
<bind>
<opcode="extractvalue(56) " fcode="extractvalue"/>
<opset="tmp_data_V_3/1 "/>
</bind>
</comp>

<comp id="148" class="1004" name="tmp_data_V_4_fu_148">
<pin_list>
<pin id="149" dir="0" index="0" bw="140" slack="0"/>
<pin id="150" dir="1" index="1" bw="14" slack="0"/>
</pin_list>
<bind>
<opcode="extractvalue(56) " fcode="extractvalue"/>
<opset="tmp_data_V_4/1 "/>
</bind>
</comp>

<comp id="152" class="1004" name="tmp_data_V_5_fu_152">
<pin_list>
<pin id="153" dir="0" index="0" bw="140" slack="0"/>
<pin id="154" dir="1" index="1" bw="14" slack="0"/>
</pin_list>
<bind>
<opcode="extractvalue(56) " fcode="extractvalue"/>
<opset="tmp_data_V_5/1 "/>
</bind>
</comp>

<comp id="156" class="1004" name="tmp_data_V_6_fu_156">
<pin_list>
<pin id="157" dir="0" index="0" bw="140" slack="0"/>
<pin id="158" dir="1" index="1" bw="14" slack="0"/>
</pin_list>
<bind>
<opcode="extractvalue(56) " fcode="extractvalue"/>
<opset="tmp_data_V_6/1 "/>
</bind>
</comp>

<comp id="160" class="1004" name="tmp_data_V_7_fu_160">
<pin_list>
<pin id="161" dir="0" index="0" bw="140" slack="0"/>
<pin id="162" dir="1" index="1" bw="14" slack="0"/>
</pin_list>
<bind>
<opcode="extractvalue(56) " fcode="extractvalue"/>
<opset="tmp_data_V_7/1 "/>
</bind>
</comp>

<comp id="164" class="1004" name="tmp_data_V_8_fu_164">
<pin_list>
<pin id="165" dir="0" index="0" bw="140" slack="0"/>
<pin id="166" dir="1" index="1" bw="14" slack="0"/>
</pin_list>
<bind>
<opcode="extractvalue(56) " fcode="extractvalue"/>
<opset="tmp_data_V_8/1 "/>
</bind>
</comp>

<comp id="168" class="1004" name="tmp_data_V_9_fu_168">
<pin_list>
<pin id="169" dir="0" index="0" bw="140" slack="0"/>
<pin id="170" dir="1" index="1" bw="14" slack="0"/>
</pin_list>
<bind>
<opcode="extractvalue(56) " fcode="extractvalue"/>
<opset="tmp_data_V_9/1 "/>
</bind>
</comp>

<comp id="172" class="1004" name="tmp_data_0_V_fu_172">
<pin_list>
<pin id="173" dir="0" index="0" bw="14" slack="0"/>
<pin id="174" dir="0" index="1" bw="3" slack="0"/>
<pin id="175" dir="1" index="2" bw="14" slack="0"/>
</pin_list>
<bind>
<opcode="shl(20) " fcode="shl"/>
<opset="tmp_data_0_V/1 "/>
</bind>
</comp>

<comp id="179" class="1004" name="tmp_data_1_V_fu_179">
<pin_list>
<pin id="180" dir="0" index="0" bw="14" slack="0"/>
<pin id="181" dir="0" index="1" bw="3" slack="0"/>
<pin id="182" dir="1" index="2" bw="14" slack="0"/>
</pin_list>
<bind>
<opcode="shl(20) " fcode="shl"/>
<opset="tmp_data_1_V/1 "/>
</bind>
</comp>

<comp id="186" class="1004" name="tmp_data_2_V_fu_186">
<pin_list>
<pin id="187" dir="0" index="0" bw="14" slack="0"/>
<pin id="188" dir="0" index="1" bw="3" slack="0"/>
<pin id="189" dir="1" index="2" bw="14" slack="0"/>
</pin_list>
<bind>
<opcode="shl(20) " fcode="shl"/>
<opset="tmp_data_2_V/1 "/>
</bind>
</comp>

<comp id="193" class="1004" name="tmp_data_3_V_fu_193">
<pin_list>
<pin id="194" dir="0" index="0" bw="14" slack="0"/>
<pin id="195" dir="0" index="1" bw="3" slack="0"/>
<pin id="196" dir="1" index="2" bw="14" slack="0"/>
</pin_list>
<bind>
<opcode="shl(20) " fcode="shl"/>
<opset="tmp_data_3_V/1 "/>
</bind>
</comp>

<comp id="200" class="1004" name="tmp_data_4_V_fu_200">
<pin_list>
<pin id="201" dir="0" index="0" bw="14" slack="0"/>
<pin id="202" dir="0" index="1" bw="3" slack="0"/>
<pin id="203" dir="1" index="2" bw="14" slack="0"/>
</pin_list>
<bind>
<opcode="shl(20) " fcode="shl"/>
<opset="tmp_data_4_V/1 "/>
</bind>
</comp>

<comp id="207" class="1004" name="tmp_data_5_V_fu_207">
<pin_list>
<pin id="208" dir="0" index="0" bw="14" slack="0"/>
<pin id="209" dir="0" index="1" bw="3" slack="0"/>
<pin id="210" dir="1" index="2" bw="14" slack="0"/>
</pin_list>
<bind>
<opcode="shl(20) " fcode="shl"/>
<opset="tmp_data_5_V/1 "/>
</bind>
</comp>

<comp id="214" class="1004" name="tmp_data_6_V_fu_214">
<pin_list>
<pin id="215" dir="0" index="0" bw="14" slack="0"/>
<pin id="216" dir="0" index="1" bw="3" slack="0"/>
<pin id="217" dir="1" index="2" bw="14" slack="0"/>
</pin_list>
<bind>
<opcode="shl(20) " fcode="shl"/>
<opset="tmp_data_6_V/1 "/>
</bind>
</comp>

<comp id="221" class="1004" name="tmp_data_7_V_fu_221">
<pin_list>
<pin id="222" dir="0" index="0" bw="14" slack="0"/>
<pin id="223" dir="0" index="1" bw="3" slack="0"/>
<pin id="224" dir="1" index="2" bw="14" slack="0"/>
</pin_list>
<bind>
<opcode="shl(20) " fcode="shl"/>
<opset="tmp_data_7_V/1 "/>
</bind>
</comp>

<comp id="228" class="1004" name="tmp_data_8_V_fu_228">
<pin_list>
<pin id="229" dir="0" index="0" bw="14" slack="0"/>
<pin id="230" dir="0" index="1" bw="3" slack="0"/>
<pin id="231" dir="1" index="2" bw="14" slack="0"/>
</pin_list>
<bind>
<opcode="shl(20) " fcode="shl"/>
<opset="tmp_data_8_V/1 "/>
</bind>
</comp>

<comp id="235" class="1004" name="tmp_data_9_V_fu_235">
<pin_list>
<pin id="236" dir="0" index="0" bw="14" slack="0"/>
<pin id="237" dir="0" index="1" bw="3" slack="0"/>
<pin id="238" dir="1" index="2" bw="14" slack="0"/>
</pin_list>
<bind>
<opcode="shl(20) " fcode="shl"/>
<opset="tmp_data_9_V/1 "/>
</bind>
</comp>

</comp_list>

<net_list>
<net id="87"><net_src comp="66" pin="0"/><net_sink comp="74" pin=0"/></net>

<net id="88"><net_src comp="0" pin="0"/><net_sink comp="74" pin=1"/></net>

<net id="89"><net_src comp="2" pin="0"/><net_sink comp="74" pin=2"/></net>

<net id="90"><net_src comp="4" pin="0"/><net_sink comp="74" pin=3"/></net>

<net id="91"><net_src comp="6" pin="0"/><net_sink comp="74" pin=4"/></net>

<net id="92"><net_src comp="8" pin="0"/><net_sink comp="74" pin=5"/></net>

<net id="93"><net_src comp="10" pin="0"/><net_sink comp="74" pin=6"/></net>

<net id="94"><net_src comp="12" pin="0"/><net_sink comp="74" pin=7"/></net>

<net id="95"><net_src comp="14" pin="0"/><net_sink comp="74" pin=8"/></net>

<net id="96"><net_src comp="16" pin="0"/><net_sink comp="74" pin=9"/></net>

<net id="97"><net_src comp="18" pin="0"/><net_sink comp="74" pin=10"/></net>

<net id="121"><net_src comp="70" pin="0"/><net_sink comp="98" pin=0"/></net>

<net id="122"><net_src comp="20" pin="0"/><net_sink comp="98" pin=1"/></net>

<net id="123"><net_src comp="22" pin="0"/><net_sink comp="98" pin=2"/></net>

<net id="124"><net_src comp="24" pin="0"/><net_sink comp="98" pin=3"/></net>

<net id="125"><net_src comp="26" pin="0"/><net_sink comp="98" pin=4"/></net>

<net id="126"><net_src comp="28" pin="0"/><net_sink comp="98" pin=5"/></net>

<net id="127"><net_src comp="30" pin="0"/><net_sink comp="98" pin=6"/></net>

<net id="128"><net_src comp="32" pin="0"/><net_sink comp="98" pin=7"/></net>

<net id="129"><net_src comp="34" pin="0"/><net_sink comp="98" pin=8"/></net>

<net id="130"><net_src comp="36" pin="0"/><net_sink comp="98" pin=9"/></net>

<net id="131"><net_src comp="38" pin="0"/><net_sink comp="98" pin=10"/></net>

<net id="135"><net_src comp="74" pin="11"/><net_sink comp="132" pin=0"/></net>

<net id="139"><net_src comp="74" pin="11"/><net_sink comp="136" pin=0"/></net>

<net id="143"><net_src comp="74" pin="11"/><net_sink comp="140" pin=0"/></net>

<net id="147"><net_src comp="74" pin="11"/><net_sink comp="144" pin=0"/></net>

<net id="151"><net_src comp="74" pin="11"/><net_sink comp="148" pin=0"/></net>

<net id="155"><net_src comp="74" pin="11"/><net_sink comp="152" pin=0"/></net>

<net id="159"><net_src comp="74" pin="11"/><net_sink comp="156" pin=0"/></net>

<net id="163"><net_src comp="74" pin="11"/><net_sink comp="160" pin=0"/></net>

<net id="167"><net_src comp="74" pin="11"/><net_sink comp="164" pin=0"/></net>

<net id="171"><net_src comp="74" pin="11"/><net_sink comp="168" pin=0"/></net>

<net id="176"><net_src comp="132" pin="1"/><net_sink comp="172" pin=0"/></net>

<net id="177"><net_src comp="68" pin="0"/><net_sink comp="172" pin=1"/></net>

<net id="178"><net_src comp="172" pin="2"/><net_sink comp="98" pin=11"/></net>

<net id="183"><net_src comp="136" pin="1"/><net_sink comp="179" pin=0"/></net>

<net id="184"><net_src comp="68" pin="0"/><net_sink comp="179" pin=1"/></net>

<net id="185"><net_src comp="179" pin="2"/><net_sink comp="98" pin=12"/></net>

<net id="190"><net_src comp="140" pin="1"/><net_sink comp="186" pin=0"/></net>

<net id="191"><net_src comp="68" pin="0"/><net_sink comp="186" pin=1"/></net>

<net id="192"><net_src comp="186" pin="2"/><net_sink comp="98" pin=13"/></net>

<net id="197"><net_src comp="144" pin="1"/><net_sink comp="193" pin=0"/></net>

<net id="198"><net_src comp="68" pin="0"/><net_sink comp="193" pin=1"/></net>

<net id="199"><net_src comp="193" pin="2"/><net_sink comp="98" pin=14"/></net>

<net id="204"><net_src comp="148" pin="1"/><net_sink comp="200" pin=0"/></net>

<net id="205"><net_src comp="68" pin="0"/><net_sink comp="200" pin=1"/></net>

<net id="206"><net_src comp="200" pin="2"/><net_sink comp="98" pin=15"/></net>

<net id="211"><net_src comp="152" pin="1"/><net_sink comp="207" pin=0"/></net>

<net id="212"><net_src comp="68" pin="0"/><net_sink comp="207" pin=1"/></net>

<net id="213"><net_src comp="207" pin="2"/><net_sink comp="98" pin=16"/></net>

<net id="218"><net_src comp="156" pin="1"/><net_sink comp="214" pin=0"/></net>

<net id="219"><net_src comp="68" pin="0"/><net_sink comp="214" pin=1"/></net>

<net id="220"><net_src comp="214" pin="2"/><net_sink comp="98" pin=17"/></net>

<net id="225"><net_src comp="160" pin="1"/><net_sink comp="221" pin=0"/></net>

<net id="226"><net_src comp="68" pin="0"/><net_sink comp="221" pin=1"/></net>

<net id="227"><net_src comp="221" pin="2"/><net_sink comp="98" pin=18"/></net>

<net id="232"><net_src comp="164" pin="1"/><net_sink comp="228" pin=0"/></net>

<net id="233"><net_src comp="68" pin="0"/><net_sink comp="228" pin=1"/></net>

<net id="234"><net_src comp="228" pin="2"/><net_sink comp="98" pin=19"/></net>

<net id="239"><net_src comp="168" pin="1"/><net_sink comp="235" pin=0"/></net>

<net id="240"><net_src comp="68" pin="0"/><net_sink comp="235" pin=1"/></net>

<net id="241"><net_src comp="235" pin="2"/><net_sink comp="98" pin=20"/></net>

</net_list>

</model> 
---------------- Datapath Model END ------------------

* FSMD analyzer results:
  - Output states:
	Port: res_V_data_0_V | {1 }
	Port: res_V_data_1_V | {1 }
	Port: res_V_data_2_V | {1 }
	Port: res_V_data_3_V | {1 }
	Port: res_V_data_4_V | {1 }
	Port: res_V_data_5_V | {1 }
	Port: res_V_data_6_V | {1 }
	Port: res_V_data_7_V | {1 }
	Port: res_V_data_8_V | {1 }
	Port: res_V_data_9_V | {1 }
 - Input state : 
	Port: linear<array,array<ap_fixed<14,6,5,3,0>,10u>,linear_config13> : data_V_data_0_V | {1 }
	Port: linear<array,array<ap_fixed<14,6,5,3,0>,10u>,linear_config13> : data_V_data_1_V | {1 }
	Port: linear<array,array<ap_fixed<14,6,5,3,0>,10u>,linear_config13> : data_V_data_2_V | {1 }
	Port: linear<array,array<ap_fixed<14,6,5,3,0>,10u>,linear_config13> : data_V_data_3_V | {1 }
	Port: linear<array,array<ap_fixed<14,6,5,3,0>,10u>,linear_config13> : data_V_data_4_V | {1 }
	Port: linear<array,array<ap_fixed<14,6,5,3,0>,10u>,linear_config13> : data_V_data_5_V | {1 }
	Port: linear<array,array<ap_fixed<14,6,5,3,0>,10u>,linear_config13> : data_V_data_6_V | {1 }
	Port: linear<array,array<ap_fixed<14,6,5,3,0>,10u>,linear_config13> : data_V_data_7_V | {1 }
	Port: linear<array,array<ap_fixed<14,6,5,3,0>,10u>,linear_config13> : data_V_data_8_V | {1 }
	Port: linear<array,array<ap_fixed<14,6,5,3,0>,10u>,linear_config13> : data_V_data_9_V | {1 }
	Port: linear<array,array<ap_fixed<14,6,5,3,0>,10u>,linear_config13> : res_V_data_0_V | {}
	Port: linear<array,array<ap_fixed<14,6,5,3,0>,10u>,linear_config13> : res_V_data_1_V | {}
	Port: linear<array,array<ap_fixed<14,6,5,3,0>,10u>,linear_config13> : res_V_data_2_V | {}
	Port: linear<array,array<ap_fixed<14,6,5,3,0>,10u>,linear_config13> : res_V_data_3_V | {}
	Port: linear<array,array<ap_fixed<14,6,5,3,0>,10u>,linear_config13> : res_V_data_4_V | {}
	Port: linear<array,array<ap_fixed<14,6,5,3,0>,10u>,linear_config13> : res_V_data_5_V | {}
	Port: linear<array,array<ap_fixed<14,6,5,3,0>,10u>,linear_config13> : res_V_data_6_V | {}
	Port: linear<array,array<ap_fixed<14,6,5,3,0>,10u>,linear_config13> : res_V_data_7_V | {}
	Port: linear<array,array<ap_fixed<14,6,5,3,0>,10u>,linear_config13> : res_V_data_8_V | {}
	Port: linear<array,array<ap_fixed<14,6,5,3,0>,10u>,linear_config13> : res_V_data_9_V | {}
  - Chain level:
	State 1
		tmp_data_0_V : 1
		tmp_data_1_V : 1
		tmp_data_2_V : 1
		tmp_data_3_V : 1
		tmp_data_4_V : 1
		tmp_data_5_V : 1
		tmp_data_6_V : 1
		tmp_data_7_V : 1
		tmp_data_8_V : 1
		tmp_data_9_V : 1
		write_ln32 : 1
		empty_320 : 1


============================================================
+ Verbose Summary: Datapath Resource usage 
============================================================

* Functional unit list:
|----------|------------------------|
| Operation|     Functional Unit    |
|----------|------------------------|
|   read   |    empty_read_fu_74    |
|----------|------------------------|
|   write  | write_ln32_write_fu_98 |
|----------|------------------------|
|          |   tmp_data_V_0_fu_132  |
|          |   tmp_data_V_1_fu_136  |
|          |   tmp_data_V_2_fu_140  |
|          |   tmp_data_V_3_fu_144  |
|extractvalue|   tmp_data_V_4_fu_148  |
|          |   tmp_data_V_5_fu_152  |
|          |   tmp_data_V_6_fu_156  |
|          |   tmp_data_V_7_fu_160  |
|          |   tmp_data_V_8_fu_164  |
|          |   tmp_data_V_9_fu_168  |
|----------|------------------------|
|          |   tmp_data_0_V_fu_172  |
|          |   tmp_data_1_V_fu_179  |
|          |   tmp_data_2_V_fu_186  |
|          |   tmp_data_3_V_fu_193  |
|    shl   |   tmp_data_4_V_fu_200  |
|          |   tmp_data_5_V_fu_207  |
|          |   tmp_data_6_V_fu_214  |
|          |   tmp_data_7_V_fu_221  |
|          |   tmp_data_8_V_fu_228  |
|          |   tmp_data_9_V_fu_235  |
|----------|------------------------|
|   Total  |                        |
|----------|------------------------|

Memories:
N/A

* Register list:
N/A

* Multiplexer (MUX) list: 
|--------|------|------|------|--------|
|  Comp  |  Pin | Size |  BW  | S x BW |
|--------|------|------|------|--------|
|  Total |      |      |      |    0   |
|--------|------|------|------|--------|



* Summary:
+-----------+
|           |
+-----------+
|  Function |
|   Memory  |
|Multiplexer|
|  Register |
+-----------+
|   Total   |
+-----------+
