

================================================================
== Vivado HLS Report for 'Loop_2_proc'
================================================================
* Date:           Thu Jul 11 17:07:42 2024

* Version:        2020.1 (Build 2897737 on Wed May 27 20:21:37 MDT 2020)
* Project:        myproject_prj
* Solution:       solution1
* Product family: zynq
* Target device:  xc7z020-clg400-1


================================================================
== Performance Estimates
================================================================
+ Timing: 
    * Summary: 
    +--------+----------+----------+------------+
    |  Clock |  Target  | Estimated| Uncertainty|
    +--------+----------+----------+------------+
    |ap_clk  | 10.00 ns | 8.552 ns |   1.25 ns  |
    +--------+----------+----------+------------+

+ Latency: 
    * Summary: 
    +---------+---------+----------+----------+-----+-----+---------+
    |  Latency (cycles) |  Latency (absolute) |  Interval | Pipeline|
    |   min   |   max   |    min   |    max   | min | max |   Type  |
    +---------+---------+----------+----------+-----+-----+---------+
    |       51|       51| 0.510 us | 0.510 us |   51|   51|   none  |
    +---------+---------+----------+----------+-----+-----+---------+

    + Detail: 
        * Instance: 
        N/A

        * Loop: 
        +----------+---------+---------+----------+-----------+-----------+------+----------+
        |          |  Latency (cycles) | Iteration|  Initiation Interval  | Trip |          |
        | Loop Name|   min   |   max   |  Latency |  achieved |   target  | Count| Pipelined|
        +----------+---------+---------+----------+-----------+-----------+------+----------+
        |- Loop 1  |       50|       50|         5|          -|          -|    10|    no    |
        +----------+---------+---------+----------+-----------+-----------+------+----------+

============================================================
+ Verbose Summary: Synthesis Manager
============================================================
InlineROM: 1
ExposeGlobal: 0
============================================================
+ Verbose Summary: CDFG Model
============================================================
IsTopModel: 0
ResetActiveHigh: 1
IsCombinational: 2
IsDatapathOnly: 0
HasWiredReturn: 1
HasMFsm: 0
HasVarLatency: 1
IsPipeline: 0
IsRtlPipelined: 0
IsInstanceOverlapped: 0
IsDontTouch: 0
HasImplIP: 0
IsGatedGlobalClock: 0


============================================================
+ Verbose Summary: Schedule
============================================================
* Number of FSM states : 6
* Pipeline : 0
* Dataflow Pipeline: 0

* FSM state transitions: 
1 --> 2 
2 --> 3 
3 --> 4 
4 --> 5 
5 --> 6 
6 --> 2 

* FSM state operations: 

State 1 <SV = 0> <Delay = 1.76>
ST_1 : Operation 7 [1/1] (0.00ns)   --->   "call void (...)* @_ssdm_op_SpecInterface(i1* %out_last_V, float* %out_data, [5 x i8]* @p_str4, i32 1, i32 1, [5 x i8]* @p_str1, i32 0, i32 0, [1 x i8]* @p_str2, [1 x i8]* @p_str2, [1 x i8]* @p_str2, i32 0, i32 0, i32 0, i32 0, [1 x i8]* @p_str2, [1 x i8]* @p_str2)"   --->   Operation 7 'specinterface' <Predicate = true> <Delay = 0.00>
ST_1 : Operation 8 [1/1] (0.00ns)   --->   "%p_read_1 = call i1 @_ssdm_op_Read.ap_auto.i1(i1 %p_read)"   --->   Operation 8 'read' 'p_read_1' <Predicate = true> <Delay = 0.00>
ST_1 : Operation 9 [1/1] (1.76ns)   --->   "br label %0"   --->   Operation 9 'br' <Predicate = true> <Delay = 1.76>

State 2 <SV = 1> <Delay = 8.54>
ST_2 : Operation 10 [1/1] (0.00ns)   --->   "%j3_0_i = phi i4 [ 0, %entry ], [ %j, %._crit_edge.i_ifconv ]"   --->   Operation 10 'phi' 'j3_0_i' <Predicate = true> <Delay = 0.00>
ST_2 : Operation 11 [1/1] (1.30ns)   --->   "%icmp_ln31 = icmp eq i4 %j3_0_i, -6" [firmware/myproject_axi.cpp:31]   --->   Operation 11 'icmp' 'icmp_ln31' <Predicate = true> <Delay = 1.30> <Core = "Cmp">   --->   Core 25 'Cmp' <Latency = 0> <II = 1> <Delay = 2.47> <FuncUnit> <Opcode : 'icmp'> <InPorts = 2> <OutPorts = 1>
ST_2 : Operation 12 [1/1] (0.00ns)   --->   "%empty = call i32 (...)* @_ssdm_op_SpecLoopTripCount(i64 10, i64 10, i64 10)"   --->   Operation 12 'speclooptripcount' 'empty' <Predicate = true> <Delay = 0.00>
ST_2 : Operation 13 [1/1] (1.73ns)   --->   "%j = add i4 %j3_0_i, 1" [firmware/myproject_axi.cpp:31]   --->   Operation 13 'add' 'j' <Predicate = true> <Delay = 1.73> <Core = "AddSub">   --->   Core 14 'AddSub' <Latency = 0> <II = 1> <Delay = 3.52> <FuncUnit> <Opcode : 'add' 'sub'> <InPorts = 2> <OutPorts = 1>
ST_2 : Operation 14 [1/1] (0.00ns)   --->   "br i1 %icmp_ln31, label %Loop_2_proc.exit, label %._crit_edge.i_ifconv" [firmware/myproject_axi.cpp:31]   --->   Operation 14 'br' <Predicate = true> <Delay = 0.00>
ST_2 : Operation 15 [1/1] (1.30ns)   --->   "%icmp_ln32 = icmp eq i4 %j3_0_i, -7" [firmware/myproject_axi.cpp:32]   --->   Operation 15 'icmp' 'icmp_ln32' <Predicate = (!icmp_ln31)> <Delay = 1.30> <Core = "Cmp">   --->   Core 25 'Cmp' <Latency = 0> <II = 1> <Delay = 2.47> <FuncUnit> <Opcode : 'icmp'> <InPorts = 2> <OutPorts = 1>
ST_2 : Operation 16 [1/1] (0.97ns)   --->   "%last = and i1 %icmp_ln32, %p_read_1" [firmware/myproject_axi.cpp:32]   --->   Operation 16 'and' 'last' <Predicate = (!icmp_ln31)> <Delay = 0.97> <Core = "LogicGate">   --->   Core 27 'LogicGate' <Latency = 0> <II = 1> <Delay = 0.97> <FuncUnit> <Opcode : 'and' 'or' 'xor'> <InPorts = 2> <OutPorts = 1>
ST_2 : Operation 17 [1/1] (0.00ns)   --->   "%tmp_data_V_0_read = call i14 @_ssdm_op_Read.ap_auto.i14P(i14* %tmp_data_V_0)" [firmware/myproject_axi.cpp:33]   --->   Operation 17 'read' 'tmp_data_V_0_read' <Predicate = (!icmp_ln31)> <Delay = 0.00>
ST_2 : Operation 18 [1/1] (0.00ns)   --->   "%tmp_data_V_1_read = call i14 @_ssdm_op_Read.ap_auto.i14P(i14* %tmp_data_V_1)" [firmware/myproject_axi.cpp:33]   --->   Operation 18 'read' 'tmp_data_V_1_read' <Predicate = (!icmp_ln31)> <Delay = 0.00>
ST_2 : Operation 19 [1/1] (0.00ns)   --->   "%tmp_data_V_2_read = call i14 @_ssdm_op_Read.ap_auto.i14P(i14* %tmp_data_V_2)" [firmware/myproject_axi.cpp:33]   --->   Operation 19 'read' 'tmp_data_V_2_read' <Predicate = (!icmp_ln31)> <Delay = 0.00>
ST_2 : Operation 20 [1/1] (0.00ns)   --->   "%tmp_data_V_3_read = call i14 @_ssdm_op_Read.ap_auto.i14P(i14* %tmp_data_V_3)" [firmware/myproject_axi.cpp:33]   --->   Operation 20 'read' 'tmp_data_V_3_read' <Predicate = (!icmp_ln31)> <Delay = 0.00>
ST_2 : Operation 21 [1/1] (0.00ns)   --->   "%tmp_data_V_4_read = call i14 @_ssdm_op_Read.ap_auto.i14P(i14* %tmp_data_V_4)" [firmware/myproject_axi.cpp:33]   --->   Operation 21 'read' 'tmp_data_V_4_read' <Predicate = (!icmp_ln31)> <Delay = 0.00>
ST_2 : Operation 22 [1/1] (0.00ns)   --->   "%tmp_data_V_5_read = call i14 @_ssdm_op_Read.ap_auto.i14P(i14* %tmp_data_V_5)" [firmware/myproject_axi.cpp:33]   --->   Operation 22 'read' 'tmp_data_V_5_read' <Predicate = (!icmp_ln31)> <Delay = 0.00>
ST_2 : Operation 23 [1/1] (0.00ns)   --->   "%tmp_data_V_6_read = call i14 @_ssdm_op_Read.ap_auto.i14P(i14* %tmp_data_V_6)" [firmware/myproject_axi.cpp:33]   --->   Operation 23 'read' 'tmp_data_V_6_read' <Predicate = (!icmp_ln31)> <Delay = 0.00>
ST_2 : Operation 24 [1/1] (0.00ns)   --->   "%tmp_data_V_7_read = call i14 @_ssdm_op_Read.ap_auto.i14P(i14* %tmp_data_V_7)" [firmware/myproject_axi.cpp:33]   --->   Operation 24 'read' 'tmp_data_V_7_read' <Predicate = (!icmp_ln31)> <Delay = 0.00>
ST_2 : Operation 25 [1/1] (0.00ns)   --->   "%tmp_data_V_8_read = call i14 @_ssdm_op_Read.ap_auto.i14P(i14* %tmp_data_V_8)" [firmware/myproject_axi.cpp:33]   --->   Operation 25 'read' 'tmp_data_V_8_read' <Predicate = (!icmp_ln31)> <Delay = 0.00>
ST_2 : Operation 26 [1/1] (0.00ns)   --->   "%tmp_data_V_9_read = call i14 @_ssdm_op_Read.ap_auto.i14P(i14* %tmp_data_V_9)" [firmware/myproject_axi.cpp:33]   --->   Operation 26 'read' 'tmp_data_V_9_read' <Predicate = (!icmp_ln31)> <Delay = 0.00>
ST_2 : Operation 27 [1/1] (2.63ns)   --->   "%tmp_V_3 = call i14 @_ssdm_op_Mux.ap_auto.10i14.i4(i14 %tmp_data_V_0_read, i14 %tmp_data_V_1_read, i14 %tmp_data_V_2_read, i14 %tmp_data_V_3_read, i14 %tmp_data_V_4_read, i14 %tmp_data_V_5_read, i14 %tmp_data_V_6_read, i14 %tmp_data_V_7_read, i14 %tmp_data_V_8_read, i14 %tmp_data_V_9_read, i4 %j3_0_i)" [firmware/myproject_axi.cpp:33]   --->   Operation 27 'mux' 'tmp_V_3' <Predicate = (!icmp_ln31)> <Delay = 2.63> <Core = "MuxnS">   --->   Core 31 'MuxnS' <Latency = 0> <II = 1> <Delay = 2.63> <FuncUnit> <Opcode : 'mux'> <InPorts = 2> <OutPorts = 1>
ST_2 : Operation 28 [1/1] (2.20ns)   --->   "%icmp_ln935 = icmp eq i14 %tmp_V_3, 0" [firmware/myproject_axi.cpp:33]   --->   Operation 28 'icmp' 'icmp_ln935' <Predicate = (!icmp_ln31)> <Delay = 2.20> <Core = "Cmp">   --->   Core 25 'Cmp' <Latency = 0> <II = 1> <Delay = 2.47> <FuncUnit> <Opcode : 'icmp'> <InPorts = 2> <OutPorts = 1>
ST_2 : Operation 29 [1/1] (0.00ns)   --->   "%p_Result_6 = call i1 @_ssdm_op_BitSelect.i1.i14.i32(i14 %tmp_V_3, i32 13)" [firmware/myproject_axi.cpp:33]   --->   Operation 29 'bitselect' 'p_Result_6' <Predicate = (!icmp_ln31)> <Delay = 0.00>
ST_2 : Operation 30 [1/1] (1.81ns)   --->   "%tmp_V = sub i14 0, %tmp_V_3" [firmware/myproject_axi.cpp:33]   --->   Operation 30 'sub' 'tmp_V' <Predicate = (!icmp_ln31)> <Delay = 1.81> <Core = "AddSub">   --->   Core 14 'AddSub' <Latency = 0> <II = 1> <Delay = 3.52> <FuncUnit> <Opcode : 'add' 'sub'> <InPorts = 2> <OutPorts = 1>
ST_2 : Operation 31 [1/1] (0.70ns)   --->   "%tmp_V_4 = select i1 %p_Result_6, i14 %tmp_V, i14 %tmp_V_3" [firmware/myproject_axi.cpp:33]   --->   Operation 31 'select' 'tmp_V_4' <Predicate = (!icmp_ln31)> <Delay = 0.70> <Core = "Sel">   --->   Core 26 'Sel' <Latency = 0> <II = 1> <Delay = 0.69> <FuncUnit> <Opcode : 'select'> <InPorts = 3> <OutPorts = 1>
ST_2 : Operation 32 [1/1] (0.00ns)   --->   "%p_Result_s = call i14 @llvm.part.select.i14(i14 %tmp_V_4, i32 13, i32 0) nounwind" [firmware/myproject_axi.cpp:33]   --->   Operation 32 'partselect' 'p_Result_s' <Predicate = (!icmp_ln31)> <Delay = 0.00>
ST_2 : Operation 33 [1/1] (0.00ns)   --->   "%p_Result_7 = call i32 @_ssdm_op_BitConcatenate.i32.i18.i14(i18 -1, i14 %p_Result_s)" [firmware/myproject_axi.cpp:33]   --->   Operation 33 'bitconcatenate' 'p_Result_7' <Predicate = (!icmp_ln31)> <Delay = 0.00>
ST_2 : Operation 34 [1/1] (3.39ns)   --->   "%l = call i32 @llvm.cttz.i32(i32 %p_Result_7, i1 true) nounwind" [firmware/myproject_axi.cpp:33]   --->   Operation 34 'cttz' 'l' <Predicate = (!icmp_ln31)> <Delay = 3.39> <Core = "CTTZ">   --->   Core 64 'CTTZ' <Latency = 0> <II = 1> <Delay = 3.39> <FuncUnit> <Opcode : 'cttz'> <InPorts = 1> <OutPorts = 1>
ST_2 : Operation 35 [1/1] (0.00ns)   --->   "%trunc_ln943 = trunc i32 %l to i8" [firmware/myproject_axi.cpp:33]   --->   Operation 35 'trunc' 'trunc_ln943' <Predicate = (!icmp_ln31)> <Delay = 0.00>
ST_2 : Operation 36 [1/1] (0.00ns)   --->   "ret void"   --->   Operation 36 'ret' <Predicate = (icmp_ln31)> <Delay = 0.00>

State 3 <SV = 2> <Delay = 8.55>
ST_3 : Operation 37 [1/1] (2.55ns)   --->   "%sub_ln944 = sub nsw i32 14, %l" [firmware/myproject_axi.cpp:33]   --->   Operation 37 'sub' 'sub_ln944' <Predicate = (!icmp_ln935)> <Delay = 2.55> <Core = "AddSub">   --->   Core 14 'AddSub' <Latency = 0> <II = 1> <Delay = 3.52> <FuncUnit> <Opcode : 'add' 'sub'> <InPorts = 2> <OutPorts = 1>
ST_3 : Operation 38 [1/1] (0.00ns)   --->   "%trunc_ln944 = trunc i32 %sub_ln944 to i14" [firmware/myproject_axi.cpp:33]   --->   Operation 38 'trunc' 'trunc_ln944' <Predicate = (!icmp_ln935)> <Delay = 0.00>
ST_3 : Operation 39 [1/1] (2.55ns)   --->   "%lsb_index = add nsw i32 -24, %sub_ln944" [firmware/myproject_axi.cpp:33]   --->   Operation 39 'add' 'lsb_index' <Predicate = (!icmp_ln935)> <Delay = 2.55> <Core = "AddSub">   --->   Core 14 'AddSub' <Latency = 0> <II = 1> <Delay = 3.52> <FuncUnit> <Opcode : 'add' 'sub'> <InPorts = 2> <OutPorts = 1>
ST_3 : Operation 40 [1/1] (0.00ns)   --->   "%tmp = call i31 @_ssdm_op_PartSelect.i31.i32.i32.i32(i32 %lsb_index, i32 1, i32 31)" [firmware/myproject_axi.cpp:33]   --->   Operation 40 'partselect' 'tmp' <Predicate = (!icmp_ln935)> <Delay = 0.00>
ST_3 : Operation 41 [1/1] (2.47ns)   --->   "%icmp_ln947 = icmp sgt i31 %tmp, 0" [firmware/myproject_axi.cpp:33]   --->   Operation 41 'icmp' 'icmp_ln947' <Predicate = (!icmp_ln935)> <Delay = 2.47> <Core = "Cmp">   --->   Core 25 'Cmp' <Latency = 0> <II = 1> <Delay = 2.47> <FuncUnit> <Opcode : 'icmp'> <InPorts = 2> <OutPorts = 1>
ST_3 : Operation 42 [1/1] (0.00ns)   --->   "%trunc_ln947 = trunc i32 %sub_ln944 to i4" [firmware/myproject_axi.cpp:33]   --->   Operation 42 'trunc' 'trunc_ln947' <Predicate = (!icmp_ln935)> <Delay = 0.00>
ST_3 : Operation 43 [1/1] (1.73ns)   --->   "%sub_ln947 = sub i4 7, %trunc_ln947" [firmware/myproject_axi.cpp:33]   --->   Operation 43 'sub' 'sub_ln947' <Predicate = (!icmp_ln935)> <Delay = 1.73> <Core = "AddSub">   --->   Core 14 'AddSub' <Latency = 0> <II = 1> <Delay = 3.52> <FuncUnit> <Opcode : 'add' 'sub'> <InPorts = 2> <OutPorts = 1>
ST_3 : Operation 44 [1/1] (0.00ns) (grouped into LUT with out node icmp_ln947_1)   --->   "%zext_ln947 = zext i4 %sub_ln947 to i14" [firmware/myproject_axi.cpp:33]   --->   Operation 44 'zext' 'zext_ln947' <Predicate = (!icmp_ln935)> <Delay = 0.00>
ST_3 : Operation 45 [1/1] (0.00ns) (grouped into LUT with out node icmp_ln947_1)   --->   "%lshr_ln947 = lshr i14 -1, %zext_ln947" [firmware/myproject_axi.cpp:33]   --->   Operation 45 'lshr' 'lshr_ln947' <Predicate = (!icmp_ln935)> <Delay = 0.00> <Core = "Shift">   --->   Core 28 'Shift' <Latency = 0> <II = 1> <Delay = 4.42> <FuncUnit> <Opcode : 'shl' 'lshr' 'ashr'> <InPorts = 2> <OutPorts = 1>
ST_3 : Operation 46 [1/1] (0.00ns) (grouped into LUT with out node icmp_ln947_1)   --->   "%p_Result_4 = and i14 %tmp_V_4, %lshr_ln947" [firmware/myproject_axi.cpp:33]   --->   Operation 46 'and' 'p_Result_4' <Predicate = (!icmp_ln935)> <Delay = 0.00> <Core = "LogicGate">   --->   Core 27 'LogicGate' <Latency = 0> <II = 1> <Delay = 0.97> <FuncUnit> <Opcode : 'and' 'or' 'xor'> <InPorts = 2> <OutPorts = 1>
ST_3 : Operation 47 [1/1] (2.39ns) (out node of the LUT)   --->   "%icmp_ln947_1 = icmp ne i14 %p_Result_4, 0" [firmware/myproject_axi.cpp:33]   --->   Operation 47 'icmp' 'icmp_ln947_1' <Predicate = (!icmp_ln935)> <Delay = 2.39> <Core = "Cmp">   --->   Core 25 'Cmp' <Latency = 0> <II = 1> <Delay = 2.47> <FuncUnit> <Opcode : 'icmp'> <InPorts = 2> <OutPorts = 1>
ST_3 : Operation 48 [1/1] (0.00ns) (grouped into LUT with out node or_ln_i)   --->   "%a = and i1 %icmp_ln947, %icmp_ln947_1" [firmware/myproject_axi.cpp:33]   --->   Operation 48 'and' 'a' <Predicate = (!icmp_ln935)> <Delay = 0.00> <Core = "LogicGate">   --->   Core 27 'LogicGate' <Latency = 0> <II = 1> <Delay = 0.97> <FuncUnit> <Opcode : 'and' 'or' 'xor'> <InPorts = 2> <OutPorts = 1>
ST_3 : Operation 49 [1/1] (0.00ns) (grouped into LUT with out node or_ln_i)   --->   "%tmp_389 = call i1 @_ssdm_op_BitSelect.i1.i32.i32(i32 %lsb_index, i32 31)" [firmware/myproject_axi.cpp:33]   --->   Operation 49 'bitselect' 'tmp_389' <Predicate = (!icmp_ln935)> <Delay = 0.00>
ST_3 : Operation 50 [1/1] (0.00ns) (grouped into LUT with out node or_ln_i)   --->   "%xor_ln949 = xor i1 %tmp_389, true" [firmware/myproject_axi.cpp:33]   --->   Operation 50 'xor' 'xor_ln949' <Predicate = (!icmp_ln935)> <Delay = 0.00> <Core = "LogicGate">   --->   Core 27 'LogicGate' <Latency = 0> <II = 1> <Delay = 0.97> <FuncUnit> <Opcode : 'and' 'or' 'xor'> <InPorts = 2> <OutPorts = 1>
ST_3 : Operation 51 [1/1] (1.81ns)   --->   "%add_ln949 = add i14 -24, %trunc_ln944" [firmware/myproject_axi.cpp:33]   --->   Operation 51 'add' 'add_ln949' <Predicate = (!icmp_ln935)> <Delay = 1.81> <Core = "AddSub">   --->   Core 14 'AddSub' <Latency = 0> <II = 1> <Delay = 3.52> <FuncUnit> <Opcode : 'add' 'sub'> <InPorts = 2> <OutPorts = 1>
ST_3 : Operation 52 [1/1] (0.00ns) (grouped into LUT with out node or_ln_i)   --->   "%p_Result_3 = call i1 @_ssdm_op_BitSelect.i1.i14.i14(i14 %tmp_V_4, i14 %add_ln949)" [firmware/myproject_axi.cpp:33]   --->   Operation 52 'bitselect' 'p_Result_3' <Predicate = (!icmp_ln935)> <Delay = 0.00>
ST_3 : Operation 53 [1/1] (0.00ns) (grouped into LUT with out node or_ln_i)   --->   "%and_ln949 = and i1 %p_Result_3, %xor_ln949" [firmware/myproject_axi.cpp:33]   --->   Operation 53 'and' 'and_ln949' <Predicate = (!icmp_ln935)> <Delay = 0.00> <Core = "LogicGate">   --->   Core 27 'LogicGate' <Latency = 0> <II = 1> <Delay = 0.97> <FuncUnit> <Opcode : 'and' 'or' 'xor'> <InPorts = 2> <OutPorts = 1>
ST_3 : Operation 54 [1/1] (0.00ns) (grouped into LUT with out node or_ln_i)   --->   "%or_ln949 = or i1 %and_ln949, %a" [firmware/myproject_axi.cpp:33]   --->   Operation 54 'or' 'or_ln949' <Predicate = (!icmp_ln935)> <Delay = 0.00> <Core = "LogicGate">   --->   Core 27 'LogicGate' <Latency = 0> <II = 1> <Delay = 0.97> <FuncUnit> <Opcode : 'and' 'or' 'xor'> <InPorts = 2> <OutPorts = 1>
ST_3 : Operation 55 [1/1] (0.97ns) (out node of the LUT)   --->   "%or_ln_i = call i32 @_ssdm_op_BitConcatenate.i32.i31.i1(i31 0, i1 %or_ln949)" [firmware/myproject_axi.cpp:33]   --->   Operation 55 'bitconcatenate' 'or_ln_i' <Predicate = (!icmp_ln935)> <Delay = 0.97>
ST_3 : Operation 56 [1/1] (2.47ns)   --->   "%icmp_ln958 = icmp sgt i32 %lsb_index, 0" [firmware/myproject_axi.cpp:33]   --->   Operation 56 'icmp' 'icmp_ln958' <Predicate = (!icmp_ln935)> <Delay = 2.47> <Core = "Cmp">   --->   Core 25 'Cmp' <Latency = 0> <II = 1> <Delay = 2.47> <FuncUnit> <Opcode : 'icmp'> <InPorts = 2> <OutPorts = 1>

State 4 <SV = 3> <Delay = 6.97>
ST_4 : Operation 57 [1/1] (0.00ns) (grouped into LUT with out node m_2)   --->   "%m = zext i14 %tmp_V_4 to i64" [firmware/myproject_axi.cpp:33]   --->   Operation 57 'zext' 'm' <Predicate = (!icmp_ln958 & !icmp_ln935)> <Delay = 0.00>
ST_4 : Operation 58 [1/1] (0.00ns) (grouped into LUT with out node m_2)   --->   "%zext_ln957_1 = zext i14 %tmp_V_4 to i32" [firmware/myproject_axi.cpp:33]   --->   Operation 58 'zext' 'zext_ln957_1' <Predicate = (icmp_ln958 & !icmp_ln935)> <Delay = 0.00>
ST_4 : Operation 59 [1/1] (2.55ns)   --->   "%add_ln958 = add nsw i32 -25, %sub_ln944" [firmware/myproject_axi.cpp:33]   --->   Operation 59 'add' 'add_ln958' <Predicate = (icmp_ln958 & !icmp_ln935)> <Delay = 2.55> <Core = "AddSub">   --->   Core 14 'AddSub' <Latency = 0> <II = 1> <Delay = 3.52> <FuncUnit> <Opcode : 'add' 'sub'> <InPorts = 2> <OutPorts = 1>
ST_4 : Operation 60 [1/1] (0.00ns) (grouped into LUT with out node m_2)   --->   "%lshr_ln958 = lshr i32 %zext_ln957_1, %add_ln958" [firmware/myproject_axi.cpp:33]   --->   Operation 60 'lshr' 'lshr_ln958' <Predicate = (icmp_ln958 & !icmp_ln935)> <Delay = 0.00> <Core = "Shift">   --->   Core 28 'Shift' <Latency = 0> <II = 1> <Delay = 4.42> <FuncUnit> <Opcode : 'shl' 'lshr' 'ashr'> <InPorts = 2> <OutPorts = 1>
ST_4 : Operation 61 [1/1] (0.00ns) (grouped into LUT with out node m_2)   --->   "%zext_ln958 = zext i32 %lshr_ln958 to i64" [firmware/myproject_axi.cpp:33]   --->   Operation 61 'zext' 'zext_ln958' <Predicate = (icmp_ln958 & !icmp_ln935)> <Delay = 0.00>
ST_4 : Operation 62 [1/1] (2.55ns)   --->   "%sub_ln958 = sub i32 25, %sub_ln944" [firmware/myproject_axi.cpp:33]   --->   Operation 62 'sub' 'sub_ln958' <Predicate = (!icmp_ln958 & !icmp_ln935)> <Delay = 2.55> <Core = "AddSub">   --->   Core 14 'AddSub' <Latency = 0> <II = 1> <Delay = 3.52> <FuncUnit> <Opcode : 'add' 'sub'> <InPorts = 2> <OutPorts = 1>
ST_4 : Operation 63 [1/1] (0.00ns) (grouped into LUT with out node m_2)   --->   "%zext_ln958_1 = zext i32 %sub_ln958 to i64" [firmware/myproject_axi.cpp:33]   --->   Operation 63 'zext' 'zext_ln958_1' <Predicate = (!icmp_ln958 & !icmp_ln935)> <Delay = 0.00>
ST_4 : Operation 64 [1/1] (0.00ns) (grouped into LUT with out node m_2)   --->   "%shl_ln958 = shl i64 %m, %zext_ln958_1" [firmware/myproject_axi.cpp:33]   --->   Operation 64 'shl' 'shl_ln958' <Predicate = (!icmp_ln958 & !icmp_ln935)> <Delay = 0.00> <Core = "Shift">   --->   Core 28 'Shift' <Latency = 0> <II = 1> <Delay = 4.42> <FuncUnit> <Opcode : 'shl' 'lshr' 'ashr'> <InPorts = 2> <OutPorts = 1>
ST_4 : Operation 65 [1/1] (0.00ns) (grouped into LUT with out node m_2)   --->   "%m_1 = select i1 %icmp_ln958, i64 %zext_ln958, i64 %shl_ln958" [firmware/myproject_axi.cpp:33]   --->   Operation 65 'select' 'm_1' <Predicate = (!icmp_ln935)> <Delay = 0.00> <Core = "Sel">   --->   Core 26 'Sel' <Latency = 0> <II = 1> <Delay = 0.69> <FuncUnit> <Opcode : 'select'> <InPorts = 3> <OutPorts = 1>
ST_4 : Operation 66 [1/1] (0.00ns) (grouped into LUT with out node m_2)   --->   "%zext_ln961 = zext i32 %or_ln_i to i64" [firmware/myproject_axi.cpp:33]   --->   Operation 66 'zext' 'zext_ln961' <Predicate = (!icmp_ln935)> <Delay = 0.00>
ST_4 : Operation 67 [1/1] (4.42ns) (out node of the LUT)   --->   "%m_2 = add i64 %zext_ln961, %m_1" [firmware/myproject_axi.cpp:33]   --->   Operation 67 'add' 'm_2' <Predicate = (!icmp_ln935)> <Delay = 4.42> <Core = "AddSub">   --->   Core 14 'AddSub' <Latency = 0> <II = 1> <Delay = 3.52> <FuncUnit> <Opcode : 'add' 'sub'> <InPorts = 2> <OutPorts = 1>
ST_4 : Operation 68 [1/1] (0.00ns)   --->   "%m_5 = call i63 @_ssdm_op_PartSelect.i63.i64.i32.i32(i64 %m_2, i32 1, i32 63)" [firmware/myproject_axi.cpp:33]   --->   Operation 68 'partselect' 'm_5' <Predicate = (!icmp_ln935)> <Delay = 0.00>
ST_4 : Operation 69 [1/1] (0.00ns)   --->   "%tmp_390 = call i1 @_ssdm_op_BitSelect.i1.i64.i32(i64 %m_2, i32 25)" [firmware/myproject_axi.cpp:33]   --->   Operation 69 'bitselect' 'tmp_390' <Predicate = (!icmp_ln935)> <Delay = 0.00>

State 5 <SV = 4> <Delay = 5.61>
ST_5 : Operation 70 [1/1] (0.00ns)   --->   "%m_6 = zext i63 %m_5 to i64" [firmware/myproject_axi.cpp:33]   --->   Operation 70 'zext' 'm_6' <Predicate = (!icmp_ln935)> <Delay = 0.00>
ST_5 : Operation 71 [1/1] (1.24ns)   --->   "%select_ln964 = select i1 %tmp_390, i8 127, i8 126" [firmware/myproject_axi.cpp:33]   --->   Operation 71 'select' 'select_ln964' <Predicate = (!icmp_ln935)> <Delay = 1.24> <Core = "Sel">   --->   Core 26 'Sel' <Latency = 0> <II = 1> <Delay = 0.69> <FuncUnit> <Opcode : 'select'> <InPorts = 3> <OutPorts = 1>
ST_5 : Operation 72 [1/1] (0.00ns) (grouped into TernaryAdder)   --->   "%sub_ln964 = sub i8 6, %trunc_ln943" [firmware/myproject_axi.cpp:33]   --->   Operation 72 'sub' 'sub_ln964' <Predicate = (!icmp_ln935)> <Delay = 0.00> <Core = "TAddSub">   --->   Core 83 'TAddSub' <Latency = 0> <II = 1> <Delay = 1.83> <IPBlock> <Opcode : 'add' 'sub'> <InPorts = 3> <OutPorts = 1> <Sync> <CReg>
ST_5 : Operation 73 [1/1] (3.66ns) (root node of TernaryAdder)   --->   "%add_ln964 = add i8 %sub_ln964, %select_ln964" [firmware/myproject_axi.cpp:33]   --->   Operation 73 'add' 'add_ln964' <Predicate = (!icmp_ln935)> <Delay = 3.66> <Core = "TAddSub">   --->   Core 83 'TAddSub' <Latency = 0> <II = 1> <Delay = 1.83> <IPBlock> <Opcode : 'add' 'sub'> <InPorts = 3> <OutPorts = 1> <Sync> <CReg>
ST_5 : Operation 74 [1/1] (0.00ns)   --->   "%tmp_474_i = call i9 @_ssdm_op_BitConcatenate.i9.i1.i8(i1 %p_Result_6, i8 %add_ln964)" [firmware/myproject_axi.cpp:33]   --->   Operation 74 'bitconcatenate' 'tmp_474_i' <Predicate = (!icmp_ln935)> <Delay = 0.00>
ST_5 : Operation 75 [1/1] (0.00ns)   --->   "%p_Result_8 = call i64 @_ssdm_op_PartSet.i64.i64.i9.i32.i32(i64 %m_6, i9 %tmp_474_i, i32 23, i32 31)" [firmware/myproject_axi.cpp:33]   --->   Operation 75 'partset' 'p_Result_8' <Predicate = (!icmp_ln935)> <Delay = 0.00>
ST_5 : Operation 76 [1/1] (0.00ns)   --->   "%trunc_ln738 = trunc i64 %p_Result_8 to i32" [firmware/myproject_axi.cpp:33]   --->   Operation 76 'trunc' 'trunc_ln738' <Predicate = (!icmp_ln935)> <Delay = 0.00>
ST_5 : Operation 77 [1/1] (0.00ns)   --->   "%bitcast_ln739 = bitcast i32 %trunc_ln738 to float" [firmware/myproject_axi.cpp:33]   --->   Operation 77 'bitcast' 'bitcast_ln739' <Predicate = (!icmp_ln935)> <Delay = 0.00>
ST_5 : Operation 78 [1/1] (0.69ns)   --->   "%select_ln935 = select i1 %icmp_ln935, float 0.000000e+00, float %bitcast_ln739" [firmware/myproject_axi.cpp:33]   --->   Operation 78 'select' 'select_ln935' <Predicate = true> <Delay = 0.69> <Core = "Sel">   --->   Core 26 'Sel' <Latency = 0> <II = 1> <Delay = 0.69> <FuncUnit> <Opcode : 'select'> <InPorts = 3> <OutPorts = 1>
ST_5 : Operation 79 [2/2] (0.00ns)   --->   "call void @_ssdm_op_Write.axis.volatile.i1P.floatP(i1* %out_last_V, float* %out_data, i1 %last, float %select_ln935)" [firmware/myproject_axi.h:23->firmware/myproject_axi.cpp:33]   --->   Operation 79 'write' <Predicate = true> <Delay = 0.00> <Core = "AXI4Stream">   --->   Core 5 'AXI4Stream' <Latency = 0> <II = 1> <Delay = 1.00> <Adapter> <Opcode : >

State 6 <SV = 5> <Delay = 0.00>
ST_6 : Operation 80 [1/2] (0.00ns)   --->   "call void @_ssdm_op_Write.axis.volatile.i1P.floatP(i1* %out_last_V, float* %out_data, i1 %last, float %select_ln935)" [firmware/myproject_axi.h:23->firmware/myproject_axi.cpp:33]   --->   Operation 80 'write' <Predicate = true> <Delay = 0.00> <Core = "AXI4Stream">   --->   Core 5 'AXI4Stream' <Latency = 0> <II = 1> <Delay = 1.00> <Adapter> <Opcode : >
ST_6 : Operation 81 [1/1] (0.00ns)   --->   "br label %0" [firmware/myproject_axi.cpp:31]   --->   Operation 81 'br' <Predicate = true> <Delay = 0.00>


============================================================
+ Verbose Summary: Timing violations
============================================================
Target clock period: 10ns, clock uncertainty: 1.25ns.

 <State 1>: 1.77ns
The critical path consists of the following:
	multiplexor before 'phi' operation ('j') with incoming values : ('j', firmware/myproject_axi.cpp:31) [18]  (1.77 ns)

 <State 2>: 8.54ns
The critical path consists of the following:
	'phi' operation ('j') with incoming values : ('j', firmware/myproject_axi.cpp:31) [18]  (0 ns)
	'mux' operation ('tmp.V', firmware/myproject_axi.cpp:33) [36]  (2.63 ns)
	'sub' operation ('tmp.V', firmware/myproject_axi.cpp:33) [39]  (1.81 ns)
	'select' operation ('tmp.V', firmware/myproject_axi.cpp:33) [40]  (0.702 ns)
	'cttz' operation ('l', firmware/myproject_axi.cpp:33) [43]  (3.4 ns)

 <State 3>: 8.55ns
The critical path consists of the following:
	'sub' operation ('sub_ln944', firmware/myproject_axi.cpp:33) [44]  (2.55 ns)
	'add' operation ('lsb_index', firmware/myproject_axi.cpp:33) [46]  (2.55 ns)
	'icmp' operation ('icmp_ln947', firmware/myproject_axi.cpp:33) [48]  (2.47 ns)
	'and' operation ('a', firmware/myproject_axi.cpp:33) [55]  (0 ns)
	'or' operation ('or_ln949', firmware/myproject_axi.cpp:33) [61]  (0 ns)
	blocking operation 0.978 ns on control path)

 <State 4>: 6.97ns
The critical path consists of the following:
	'add' operation ('add_ln958', firmware/myproject_axi.cpp:33) [66]  (2.55 ns)
	'lshr' operation ('lshr_ln958', firmware/myproject_axi.cpp:33) [67]  (0 ns)
	'select' operation ('m', firmware/myproject_axi.cpp:33) [72]  (0 ns)
	'add' operation ('m', firmware/myproject_axi.cpp:33) [74]  (4.42 ns)

 <State 5>: 5.62ns
The critical path consists of the following:
	'select' operation ('select_ln964', firmware/myproject_axi.cpp:33) [78]  (1.25 ns)
	'add' operation ('add_ln964', firmware/myproject_axi.cpp:33) [81]  (3.67 ns)
	'select' operation ('select_ln935', firmware/myproject_axi.cpp:33) [86]  (0.698 ns)

 <State 6>: 0ns
The critical path consists of the following:


============================================================
+ Verbose Summary: Binding
============================================================
N/A
* FSMD analyzer results:
  - Output states:
 - Input state : 
  - Chain level:
	State 1
	State 2
	State 3
	State 4
	State 5
	State 6


============================================================
+ Verbose Summary: Datapath Resource usage 
============================================================
N/A
