

================================================================
== Vivado HLS Report for 'Loop_1_proc222'
================================================================
* Date:           Thu Jul 11 01:21:42 2024

* Version:        2020.1 (Build 2897737 on Wed May 27 20:21:37 MDT 2020)
* Project:        myproject_prj
* Solution:       solution1
* Product family: zynq
* Target device:  xc7z020-clg400-1


================================================================
== Performance Estimates
================================================================
+ Timing: 
    * Summary: 
    +--------+----------+----------+------------+
    |  Clock |  Target  | Estimated| Uncertainty|
    +--------+----------+----------+------------+
    |ap_clk  | 10.00 ns | 8.621 ns |   1.25 ns  |
    +--------+----------+----------+------------+

+ Latency: 
    * Summary: 
    +---------+---------+----------+----------+-------+-------+---------+
    |  Latency (cycles) |  Latency (absolute) |    Interval   | Pipeline|
    |   min   |   max   |    min   |    max   |  min  |  max  |   Type  |
    +---------+---------+----------+----------+-------+-------+---------+
    |    14337|    14337| 0.143 ms | 0.143 ms |  14337|  14337|   none  |
    +---------+---------+----------+----------+-------+-------+---------+

    + Detail: 
        * Instance: 
        N/A

        * Loop: 
        +-------------+---------+---------+----------+-----------+-----------+------+----------+
        |             |  Latency (cycles) | Iteration|  Initiation Interval  | Trip |          |
        |  Loop Name  |   min   |   max   |  Latency |  achieved |   target  | Count| Pipelined|
        +-------------+---------+---------+----------+-----------+-----------+------+----------+
        |- Loop 1     |    14336|    14336|        14|          -|          -|  1024|    no    |
        | + Loop 1.1  |       12|       12|         4|          -|          -|     3|    no    |
        +-------------+---------+---------+----------+-----------+-----------+------+----------+

============================================================
+ Verbose Summary: Synthesis Manager
============================================================
InlineROM: 1
ExposeGlobal: 0
============================================================
+ Verbose Summary: CDFG Model
============================================================
IsTopModel: 0
ResetActiveHigh: 1
IsCombinational: 2
IsDatapathOnly: 0
HasWiredReturn: 1
HasMFsm: 0
HasVarLatency: 1
IsPipeline: 0
IsRtlPipelined: 0
IsInstanceOverlapped: 0
IsDontTouch: 0
HasImplIP: 0
IsGatedGlobalClock: 0


============================================================
+ Verbose Summary: Schedule
============================================================
* Number of FSM states : 6
* Pipeline : 0
* Dataflow Pipeline: 0

* FSM state transitions: 
1 --> 2 
2 --> 3 
3 --> 4 2 
4 --> 5 
5 --> 6 
6 --> 3 

* FSM state operations: 

State 1 <SV = 0> <Delay = 1.76>
ST_1 : Operation 7 [1/1] (0.00ns)   --->   "%is_last_1 = alloca i1"   --->   Operation 7 'alloca' 'is_last_1' <Predicate = true> <Delay = 0.00>
ST_1 : Operation 8 [1/1] (0.00ns)   --->   "%ctype_data_V = alloca i24"   --->   Operation 8 'alloca' 'ctype_data_V' <Predicate = true> <Delay = 0.00>
ST_1 : Operation 9 [1/1] (0.00ns)   --->   "call void (...)* @_ssdm_op_SpecInterface(i1* %in_last_V, float* %in_data, [5 x i8]* @p_str4, i32 1, i32 1, [5 x i8]* @p_str1, i32 0, i32 0, [1 x i8]* @p_str2, [1 x i8]* @p_str2, [1 x i8]* @p_str2, i32 0, i32 0, i32 0, i32 0, [1 x i8]* @p_str2, [1 x i8]* @p_str2)"   --->   Operation 9 'specinterface' <Predicate = true> <Delay = 0.00>
ST_1 : Operation 10 [1/1] (0.00ns)   --->   "call void (...)* @_ssdm_op_SpecInterface(i8* %in_local_V_data_2_V, [8 x i8]* @ap_fifo_str, i32 0, i32 0, [1 x i8]* @p_str, i32 0, i32 0, [1 x i8]* @p_str, [1 x i8]* @p_str, [1 x i8]* @p_str, i32 2, i32 2, i32 16, i32 16, [1 x i8]* @p_str, [1 x i8]* @p_str)"   --->   Operation 10 'specinterface' <Predicate = true> <Delay = 0.00>
ST_1 : Operation 11 [1/1] (0.00ns)   --->   "call void (...)* @_ssdm_op_SpecInterface(i8* %in_local_V_data_1_V, [8 x i8]* @ap_fifo_str, i32 0, i32 0, [1 x i8]* @p_str, i32 0, i32 0, [1 x i8]* @p_str, [1 x i8]* @p_str, [1 x i8]* @p_str, i32 2, i32 2, i32 16, i32 16, [1 x i8]* @p_str, [1 x i8]* @p_str)"   --->   Operation 11 'specinterface' <Predicate = true> <Delay = 0.00>
ST_1 : Operation 12 [1/1] (0.00ns)   --->   "call void (...)* @_ssdm_op_SpecInterface(i8* %in_local_V_data_0_V, [8 x i8]* @ap_fifo_str, i32 0, i32 0, [1 x i8]* @p_str, i32 0, i32 0, [1 x i8]* @p_str, [1 x i8]* @p_str, [1 x i8]* @p_str, i32 2, i32 2, i32 16, i32 16, [1 x i8]* @p_str, [1 x i8]* @p_str)"   --->   Operation 12 'specinterface' <Predicate = true> <Delay = 0.00>
ST_1 : Operation 13 [1/1] (1.76ns)   --->   "store i1 false, i1* %is_last_1"   --->   Operation 13 'store' <Predicate = true> <Delay = 1.76>
ST_1 : Operation 14 [1/1] (1.76ns)   --->   "br label %0"   --->   Operation 14 'br' <Predicate = true> <Delay = 1.76>

State 2 <SV = 1> <Delay = 1.88>
ST_2 : Operation 15 [1/1] (0.00ns)   --->   "%i_0_i = phi i11 [ 0, %newFuncRoot ], [ %i, %hls_label_0_end ]"   --->   Operation 15 'phi' 'i_0_i' <Predicate = true> <Delay = 0.00>
ST_2 : Operation 16 [1/1] (1.88ns)   --->   "%icmp_ln17 = icmp eq i11 %i_0_i, -1024" [firmware/myproject_axi.cpp:17]   --->   Operation 16 'icmp' 'icmp_ln17' <Predicate = true> <Delay = 1.88> <Core = "Cmp">   --->   Core 25 'Cmp' <Latency = 0> <II = 1> <Delay = 1.36> <FuncUnit> <Opcode : 'icmp'> <InPorts = 2> <OutPorts = 1>
ST_2 : Operation 17 [1/1] (0.00ns)   --->   "%empty = call i32 (...)* @_ssdm_op_SpecLoopTripCount(i64 1024, i64 1024, i64 1024)"   --->   Operation 17 'speclooptripcount' 'empty' <Predicate = true> <Delay = 0.00>
ST_2 : Operation 18 [1/1] (1.63ns)   --->   "%i = add i11 %i_0_i, 1" [firmware/myproject_axi.cpp:17]   --->   Operation 18 'add' 'i' <Predicate = true> <Delay = 1.63> <Core = "AddSub">   --->   Core 14 'AddSub' <Latency = 0> <II = 1> <Delay = 1.78> <FuncUnit> <Opcode : 'add' 'sub'> <InPorts = 2> <OutPorts = 1>
ST_2 : Operation 19 [1/1] (0.00ns)   --->   "br i1 %icmp_ln17, label %myproject_axi_.exit.exitStub, label %hls_label_0_begin" [firmware/myproject_axi.cpp:17]   --->   Operation 19 'br' <Predicate = true> <Delay = 0.00>
ST_2 : Operation 20 [1/1] (0.00ns)   --->   "%tmp = call i32 (...)* @_ssdm_op_SpecRegionBegin([12 x i8]* @p_str6)" [firmware/myproject_axi.cpp:17]   --->   Operation 20 'specregionbegin' 'tmp' <Predicate = (!icmp_ln17)> <Delay = 0.00>
ST_2 : Operation 21 [1/1] (1.76ns)   --->   "br label %1" [firmware/myproject_axi.cpp:20]   --->   Operation 21 'br' <Predicate = (!icmp_ln17)> <Delay = 1.76>
ST_2 : Operation 22 [1/1] (0.00ns)   --->   "%is_last_1_load = load i1* %is_last_1"   --->   Operation 22 'load' 'is_last_1_load' <Predicate = (icmp_ln17)> <Delay = 0.00>
ST_2 : Operation 23 [1/1] (0.00ns)   --->   "ret i1 %is_last_1_load"   --->   Operation 23 'ret' <Predicate = (icmp_ln17)> <Delay = 0.00>

State 3 <SV = 2> <Delay = 4.43>
ST_3 : Operation 24 [1/1] (0.00ns)   --->   "%j_0_i = phi i2 [ 0, %hls_label_0_begin ], [ %j, %_ifconv ]"   --->   Operation 24 'phi' 'j_0_i' <Predicate = true> <Delay = 0.00>
ST_3 : Operation 25 [1/1] (0.95ns)   --->   "%icmp_ln20 = icmp eq i2 %j_0_i, -1" [firmware/myproject_axi.cpp:20]   --->   Operation 25 'icmp' 'icmp_ln20' <Predicate = true> <Delay = 0.95> <Core = "Cmp">   --->   Core 25 'Cmp' <Latency = 0> <II = 1> <Delay = 1.36> <FuncUnit> <Opcode : 'icmp'> <InPorts = 2> <OutPorts = 1>
ST_3 : Operation 26 [1/1] (0.00ns)   --->   "%empty_692 = call i32 (...)* @_ssdm_op_SpecLoopTripCount(i64 3, i64 3, i64 3)"   --->   Operation 26 'speclooptripcount' 'empty_692' <Predicate = true> <Delay = 0.00>
ST_3 : Operation 27 [1/1] (1.56ns)   --->   "%j = add i2 %j_0_i, 1" [firmware/myproject_axi.cpp:20]   --->   Operation 27 'add' 'j' <Predicate = true> <Delay = 1.56> <Core = "AddSub">   --->   Core 14 'AddSub' <Latency = 0> <II = 1> <Delay = 1.78> <FuncUnit> <Opcode : 'add' 'sub'> <InPorts = 2> <OutPorts = 1>
ST_3 : Operation 28 [1/1] (0.00ns)   --->   "br i1 %icmp_ln20, label %hls_label_0_end, label %_ifconv" [firmware/myproject_axi.cpp:20]   --->   Operation 28 'br' <Predicate = true> <Delay = 0.00>
ST_3 : Operation 29 [1/1] (0.00ns)   --->   "%is_last_1_load_1 = load i1* %is_last_1" [firmware/myproject_axi.cpp:22]   --->   Operation 29 'load' 'is_last_1_load_1' <Predicate = (!icmp_ln20)> <Delay = 0.00>
ST_3 : Operation 30 [1/1] (0.00ns)   --->   "%empty_693 = call { i1, float } @_ssdm_op_Read.axis.volatile.i1P.floatP(i1* %in_last_V, float* %in_data)" [firmware/myproject_axi.cpp:22]   --->   Operation 30 'read' 'empty_693' <Predicate = (!icmp_ln20)> <Delay = 0.00> <Core = "AXI4Stream">   --->   Core 5 'AXI4Stream' <Latency = 0> <II = 1> <Delay = 1.00> <Adapter> <Opcode : >
ST_3 : Operation 31 [1/1] (0.00ns) (grouped into LUT with out node is_last)   --->   "%in_last_V_tmp = extractvalue { i1, float } %empty_693, 0" [firmware/myproject_axi.cpp:22]   --->   Operation 31 'extractvalue' 'in_last_V_tmp' <Predicate = (!icmp_ln20)> <Delay = 0.00>
ST_3 : Operation 32 [1/1] (0.00ns)   --->   "%in_data_tmp = extractvalue { i1, float } %empty_693, 1" [firmware/myproject_axi.cpp:22]   --->   Operation 32 'extractvalue' 'in_data_tmp' <Predicate = (!icmp_ln20)> <Delay = 0.00>
ST_3 : Operation 33 [2/2] (4.43ns)   --->   "%d_assign = fpext float %in_data_tmp to double" [firmware/myproject_axi.cpp:21]   --->   Operation 33 'fpext' 'd_assign' <Predicate = (!icmp_ln20)> <Delay = 4.43> <Core = "Float2Double">   --->   Core 114 'Float2Double' <Latency = 1> <II = 1> <Delay = 4.43> <FuncUnit> <Opcode : 'fpext'> <InPorts = 1> <OutPorts = 1>
ST_3 : Operation 34 [1/1] (0.97ns) (out node of the LUT)   --->   "%is_last = or i1 %in_last_V_tmp, %is_last_1_load_1" [firmware/myproject_axi.cpp:22]   --->   Operation 34 'or' 'is_last' <Predicate = (!icmp_ln20)> <Delay = 0.97> <Core = "LogicGate">   --->   Core 27 'LogicGate' <Latency = 0> <II = 1> <Delay = 0.97> <FuncUnit> <Opcode : 'and' 'or' 'xor'> <InPorts = 2> <OutPorts = 1>
ST_3 : Operation 35 [1/1] (1.76ns)   --->   "store i1 %is_last, i1* %is_last_1" [firmware/myproject_axi.cpp:20]   --->   Operation 35 'store' <Predicate = (!icmp_ln20)> <Delay = 1.76>
ST_3 : Operation 36 [1/1] (0.00ns)   --->   "%ctype_data_V_load = load i24* %ctype_data_V" [firmware/myproject_axi.cpp:24]   --->   Operation 36 'load' 'ctype_data_V_load' <Predicate = (icmp_ln20)> <Delay = 0.00>
ST_3 : Operation 37 [1/1] (0.00ns)   --->   "%tmp_data_0_V = trunc i24 %ctype_data_V_load to i8" [firmware/myproject_axi.cpp:24]   --->   Operation 37 'trunc' 'tmp_data_0_V' <Predicate = (icmp_ln20)> <Delay = 0.00>
ST_3 : Operation 38 [1/1] (0.00ns)   --->   "%tmp_data_1_V = call i8 @_ssdm_op_PartSelect.i8.i24.i32.i32(i24 %ctype_data_V_load, i32 8, i32 15)" [firmware/myproject_axi.cpp:24]   --->   Operation 38 'partselect' 'tmp_data_1_V' <Predicate = (icmp_ln20)> <Delay = 0.00>
ST_3 : Operation 39 [1/1] (0.00ns)   --->   "%tmp_data_2_V = call i8 @_ssdm_op_PartSelect.i8.i24.i32.i32(i24 %ctype_data_V_load, i32 16, i32 23)" [firmware/myproject_axi.cpp:24]   --->   Operation 39 'partselect' 'tmp_data_2_V' <Predicate = (icmp_ln20)> <Delay = 0.00>
ST_3 : Operation 40 [1/1] (3.63ns)   --->   "call void @_ssdm_op_Write.ap_fifo.volatile.i8P.i8P.i8P(i8* %in_local_V_data_0_V, i8* %in_local_V_data_1_V, i8* %in_local_V_data_2_V, i8 %tmp_data_0_V, i8 %tmp_data_1_V, i8 %tmp_data_2_V)" [firmware/myproject_axi.cpp:24]   --->   Operation 40 'write' <Predicate = (icmp_ln20)> <Delay = 3.63> <Core = "FIFO">   --->   Core 32 'FIFO' <Latency = 0> <II = 1> <Delay = 3.63> <Storage> <Opcode : 'read' 'write' 'nbread' 'nbwrite'> <Ports = 0> <Width = 8> <Depth = 1> <FIFO>
ST_3 : Operation 41 [1/1] (0.00ns)   --->   "%empty_691 = call i32 (...)* @_ssdm_op_SpecRegionEnd([12 x i8]* @p_str6, i32 %tmp)" [firmware/myproject_axi.cpp:25]   --->   Operation 41 'specregionend' 'empty_691' <Predicate = (icmp_ln20)> <Delay = 0.00>
ST_3 : Operation 42 [1/1] (0.00ns)   --->   "br label %0" [firmware/myproject_axi.cpp:17]   --->   Operation 42 'br' <Predicate = (icmp_ln20)> <Delay = 0.00>

State 4 <SV = 3> <Delay = 8.62>
ST_4 : Operation 43 [1/2] (4.43ns)   --->   "%d_assign = fpext float %in_data_tmp to double" [firmware/myproject_axi.cpp:21]   --->   Operation 43 'fpext' 'd_assign' <Predicate = true> <Delay = 4.43> <Core = "Float2Double">   --->   Core 114 'Float2Double' <Latency = 1> <II = 1> <Delay = 4.43> <FuncUnit> <Opcode : 'fpext'> <InPorts = 1> <OutPorts = 1>
ST_4 : Operation 44 [1/1] (0.00ns)   --->   "%ireg_V = bitcast double %d_assign to i64" [firmware/myproject_axi.cpp:21]   --->   Operation 44 'bitcast' 'ireg_V' <Predicate = true> <Delay = 0.00>
ST_4 : Operation 45 [1/1] (0.00ns)   --->   "%trunc_ln556 = trunc i64 %ireg_V to i63" [firmware/myproject_axi.cpp:21]   --->   Operation 45 'trunc' 'trunc_ln556' <Predicate = true> <Delay = 0.00>
ST_4 : Operation 46 [1/1] (0.00ns)   --->   "%p_Result_s = call i1 @_ssdm_op_BitSelect.i1.i64.i32(i64 %ireg_V, i32 63)" [firmware/myproject_axi.cpp:21]   --->   Operation 46 'bitselect' 'p_Result_s' <Predicate = true> <Delay = 0.00>
ST_4 : Operation 47 [1/1] (0.00ns)   --->   "%exp_tmp_V = call i11 @_ssdm_op_PartSelect.i11.i64.i32.i32(i64 %ireg_V, i32 52, i32 62)" [firmware/myproject_axi.cpp:21]   --->   Operation 47 'partselect' 'exp_tmp_V' <Predicate = true> <Delay = 0.00>
ST_4 : Operation 48 [1/1] (0.00ns)   --->   "%zext_ln461 = zext i11 %exp_tmp_V to i12" [firmware/myproject_axi.cpp:21]   --->   Operation 48 'zext' 'zext_ln461' <Predicate = true> <Delay = 0.00>
ST_4 : Operation 49 [1/1] (0.00ns)   --->   "%trunc_ln565 = trunc i64 %ireg_V to i52" [firmware/myproject_axi.cpp:21]   --->   Operation 49 'trunc' 'trunc_ln565' <Predicate = true> <Delay = 0.00>
ST_4 : Operation 50 [1/1] (0.00ns)   --->   "%tmp_s = call i53 @_ssdm_op_BitConcatenate.i53.i1.i52(i1 true, i52 %trunc_ln565)" [firmware/myproject_axi.cpp:21]   --->   Operation 50 'bitconcatenate' 'tmp_s' <Predicate = true> <Delay = 0.00>
ST_4 : Operation 51 [1/1] (0.00ns)   --->   "%p_Result_9 = zext i53 %tmp_s to i54" [firmware/myproject_axi.cpp:21]   --->   Operation 51 'zext' 'p_Result_9' <Predicate = true> <Delay = 0.00>
ST_4 : Operation 52 [1/1] (3.23ns)   --->   "%man_V_1 = sub i54 0, %p_Result_9" [firmware/myproject_axi.cpp:21]   --->   Operation 52 'sub' 'man_V_1' <Predicate = true> <Delay = 3.23> <Core = "AddSub">   --->   Core 14 'AddSub' <Latency = 0> <II = 1> <Delay = 1.78> <FuncUnit> <Opcode : 'add' 'sub'> <InPorts = 2> <OutPorts = 1>
ST_4 : Operation 53 [1/1] (0.94ns)   --->   "%man_V_2 = select i1 %p_Result_s, i54 %man_V_1, i54 %p_Result_9" [firmware/myproject_axi.cpp:21]   --->   Operation 53 'select' 'man_V_2' <Predicate = true> <Delay = 0.94> <Core = "Sel">   --->   Core 26 'Sel' <Latency = 0> <II = 1> <Delay = 0.69> <FuncUnit> <Opcode : 'select'> <InPorts = 3> <OutPorts = 1>
ST_4 : Operation 54 [1/1] (2.78ns)   --->   "%icmp_ln571 = icmp eq i63 %trunc_ln556, 0" [firmware/myproject_axi.cpp:21]   --->   Operation 54 'icmp' 'icmp_ln571' <Predicate = true> <Delay = 2.78> <Core = "Cmp">   --->   Core 25 'Cmp' <Latency = 0> <II = 1> <Delay = 1.36> <FuncUnit> <Opcode : 'icmp'> <InPorts = 2> <OutPorts = 1>
ST_4 : Operation 55 [1/1] (1.54ns)   --->   "%F2 = sub i12 1075, %zext_ln461" [firmware/myproject_axi.cpp:21]   --->   Operation 55 'sub' 'F2' <Predicate = true> <Delay = 1.54> <Core = "AddSub">   --->   Core 14 'AddSub' <Latency = 0> <II = 1> <Delay = 1.78> <FuncUnit> <Opcode : 'add' 'sub'> <InPorts = 2> <OutPorts = 1>
ST_4 : Operation 56 [1/1] (1.99ns)   --->   "%icmp_ln581 = icmp sgt i12 %F2, 8" [firmware/myproject_axi.cpp:21]   --->   Operation 56 'icmp' 'icmp_ln581' <Predicate = true> <Delay = 1.99> <Core = "Cmp">   --->   Core 25 'Cmp' <Latency = 0> <II = 1> <Delay = 1.36> <FuncUnit> <Opcode : 'icmp'> <InPorts = 2> <OutPorts = 1>
ST_4 : Operation 57 [1/1] (1.54ns)   --->   "%add_ln581 = add i12 -8, %F2" [firmware/myproject_axi.cpp:21]   --->   Operation 57 'add' 'add_ln581' <Predicate = true> <Delay = 1.54> <Core = "AddSub">   --->   Core 14 'AddSub' <Latency = 0> <II = 1> <Delay = 1.78> <FuncUnit> <Opcode : 'add' 'sub'> <InPorts = 2> <OutPorts = 1>
ST_4 : Operation 58 [1/1] (1.54ns)   --->   "%sub_ln581 = sub i12 8, %F2" [firmware/myproject_axi.cpp:21]   --->   Operation 58 'sub' 'sub_ln581' <Predicate = true> <Delay = 1.54> <Core = "AddSub">   --->   Core 14 'AddSub' <Latency = 0> <II = 1> <Delay = 1.78> <FuncUnit> <Opcode : 'add' 'sub'> <InPorts = 2> <OutPorts = 1>
ST_4 : Operation 59 [1/1] (1.99ns)   --->   "%icmp_ln582 = icmp eq i12 %F2, 8" [firmware/myproject_axi.cpp:21]   --->   Operation 59 'icmp' 'icmp_ln582' <Predicate = true> <Delay = 1.99> <Core = "Cmp">   --->   Core 25 'Cmp' <Latency = 0> <II = 1> <Delay = 1.36> <FuncUnit> <Opcode : 'icmp'> <InPorts = 2> <OutPorts = 1>
ST_4 : Operation 60 [1/1] (0.00ns)   --->   "%trunc_ln583 = trunc i54 %man_V_2 to i8" [firmware/myproject_axi.cpp:21]   --->   Operation 60 'trunc' 'trunc_ln583' <Predicate = true> <Delay = 0.00>

State 5 <SV = 4> <Delay = 7.94>
ST_5 : Operation 61 [1/1] (0.69ns)   --->   "%sh_amt = select i1 %icmp_ln581, i12 %add_ln581, i12 %sub_ln581" [firmware/myproject_axi.cpp:21]   --->   Operation 61 'select' 'sh_amt' <Predicate = true> <Delay = 0.69> <Core = "Sel">   --->   Core 26 'Sel' <Latency = 0> <II = 1> <Delay = 0.69> <FuncUnit> <Opcode : 'select'> <InPorts = 3> <OutPorts = 1>
ST_5 : Operation 62 [1/1] (0.00ns) (grouped into LUT with out node select_ln603)   --->   "%sext_ln581 = sext i12 %sh_amt to i32" [firmware/myproject_axi.cpp:21]   --->   Operation 62 'sext' 'sext_ln581' <Predicate = true> <Delay = 0.00>
ST_5 : Operation 63 [1/1] (0.00ns) (grouped into LUT with out node select_ln603)   --->   "%trunc_ln581 = trunc i12 %sh_amt to i8" [firmware/myproject_axi.cpp:21]   --->   Operation 63 'trunc' 'trunc_ln581' <Predicate = true> <Delay = 0.00>
ST_5 : Operation 64 [1/1] (1.99ns)   --->   "%icmp_ln585 = icmp ult i12 %sh_amt, 54" [firmware/myproject_axi.cpp:21]   --->   Operation 64 'icmp' 'icmp_ln585' <Predicate = true> <Delay = 1.99> <Core = "Cmp">   --->   Core 25 'Cmp' <Latency = 0> <II = 1> <Delay = 1.36> <FuncUnit> <Opcode : 'icmp'> <InPorts = 2> <OutPorts = 1>
ST_5 : Operation 65 [1/1] (0.00ns)   --->   "%tmp_296 = call i9 @_ssdm_op_PartSelect.i9.i12.i32.i32(i12 %sh_amt, i32 3, i32 11)" [firmware/myproject_axi.cpp:21]   --->   Operation 65 'partselect' 'tmp_296' <Predicate = true> <Delay = 0.00>
ST_5 : Operation 66 [1/1] (1.66ns)   --->   "%icmp_ln603 = icmp eq i9 %tmp_296, 0" [firmware/myproject_axi.cpp:21]   --->   Operation 66 'icmp' 'icmp_ln603' <Predicate = true> <Delay = 1.66> <Core = "Cmp">   --->   Core 25 'Cmp' <Latency = 0> <II = 1> <Delay = 1.36> <FuncUnit> <Opcode : 'icmp'> <InPorts = 2> <OutPorts = 1>
ST_5 : Operation 67 [1/1] (0.00ns) (grouped into LUT with out node select_ln603)   --->   "%zext_ln586 = zext i32 %sext_ln581 to i54" [firmware/myproject_axi.cpp:21]   --->   Operation 67 'zext' 'zext_ln586' <Predicate = true> <Delay = 0.00>
ST_5 : Operation 68 [1/1] (0.00ns) (grouped into LUT with out node select_ln603)   --->   "%ashr_ln586 = ashr i54 %man_V_2, %zext_ln586" [firmware/myproject_axi.cpp:21]   --->   Operation 68 'ashr' 'ashr_ln586' <Predicate = true> <Delay = 0.00> <Core = "Shift">   --->   Core 28 'Shift' <Latency = 0> <II = 1> <Delay = 2.66> <FuncUnit> <Opcode : 'shl' 'lshr' 'ashr'> <InPorts = 2> <OutPorts = 1>
ST_5 : Operation 69 [1/1] (0.00ns) (grouped into LUT with out node select_ln603)   --->   "%trunc_ln586 = trunc i54 %ashr_ln586 to i8" [firmware/myproject_axi.cpp:21]   --->   Operation 69 'trunc' 'trunc_ln586' <Predicate = true> <Delay = 0.00>
ST_5 : Operation 70 [1/1] (0.00ns) (grouped into LUT with out node select_ln603_1)   --->   "%bitcast_ln696 = bitcast float %in_data_tmp to i32" [firmware/myproject_axi.cpp:21]   --->   Operation 70 'bitcast' 'bitcast_ln696' <Predicate = true> <Delay = 0.00>
ST_5 : Operation 71 [1/1] (0.00ns) (grouped into LUT with out node select_ln603_1)   --->   "%tmp_297 = call i1 @_ssdm_op_BitSelect.i1.i32.i32(i32 %bitcast_ln696, i32 31)" [firmware/myproject_axi.cpp:21]   --->   Operation 71 'bitselect' 'tmp_297' <Predicate = true> <Delay = 0.00>
ST_5 : Operation 72 [1/1] (0.00ns) (grouped into LUT with out node select_ln603_1)   --->   "%select_ln588 = select i1 %tmp_297, i8 -1, i8 0" [firmware/myproject_axi.cpp:21]   --->   Operation 72 'select' 'select_ln588' <Predicate = true> <Delay = 0.00> <Core = "Sel">   --->   Core 26 'Sel' <Latency = 0> <II = 1> <Delay = 0.69> <FuncUnit> <Opcode : 'select'> <InPorts = 3> <OutPorts = 1>
ST_5 : Operation 73 [1/1] (0.00ns) (grouped into LUT with out node select_ln603)   --->   "%shl_ln604 = shl i8 %trunc_ln583, %trunc_ln581" [firmware/myproject_axi.cpp:21]   --->   Operation 73 'shl' 'shl_ln604' <Predicate = true> <Delay = 0.00> <Core = "Shift">   --->   Core 28 'Shift' <Latency = 0> <II = 1> <Delay = 2.66> <FuncUnit> <Opcode : 'shl' 'lshr' 'ashr'> <InPorts = 2> <OutPorts = 1>
ST_5 : Operation 74 [1/1] (0.00ns) (grouped into LUT with out node or_ln603_2)   --->   "%xor_ln571 = xor i1 %icmp_ln571, true" [firmware/myproject_axi.cpp:21]   --->   Operation 74 'xor' 'xor_ln571' <Predicate = true> <Delay = 0.00> <Core = "LogicGate">   --->   Core 27 'LogicGate' <Latency = 0> <II = 1> <Delay = 0.97> <FuncUnit> <Opcode : 'and' 'or' 'xor'> <InPorts = 2> <OutPorts = 1>
ST_5 : Operation 75 [1/1] (0.00ns) (grouped into LUT with out node or_ln603_2)   --->   "%and_ln582 = and i1 %icmp_ln582, %xor_ln571" [firmware/myproject_axi.cpp:21]   --->   Operation 75 'and' 'and_ln582' <Predicate = true> <Delay = 0.00> <Core = "LogicGate">   --->   Core 27 'LogicGate' <Latency = 0> <II = 1> <Delay = 0.97> <FuncUnit> <Opcode : 'and' 'or' 'xor'> <InPorts = 2> <OutPorts = 1>
ST_5 : Operation 76 [1/1] (0.97ns)   --->   "%or_ln582 = or i1 %icmp_ln571, %icmp_ln582" [firmware/myproject_axi.cpp:21]   --->   Operation 76 'or' 'or_ln582' <Predicate = true> <Delay = 0.97> <Core = "LogicGate">   --->   Core 27 'LogicGate' <Latency = 0> <II = 1> <Delay = 0.97> <FuncUnit> <Opcode : 'and' 'or' 'xor'> <InPorts = 2> <OutPorts = 1>
ST_5 : Operation 77 [1/1] (0.00ns) (grouped into LUT with out node and_ln581)   --->   "%xor_ln582 = xor i1 %or_ln582, true" [firmware/myproject_axi.cpp:21]   --->   Operation 77 'xor' 'xor_ln582' <Predicate = true> <Delay = 0.00> <Core = "LogicGate">   --->   Core 27 'LogicGate' <Latency = 0> <II = 1> <Delay = 0.97> <FuncUnit> <Opcode : 'and' 'or' 'xor'> <InPorts = 2> <OutPorts = 1>
ST_5 : Operation 78 [1/1] (0.97ns) (out node of the LUT)   --->   "%and_ln581 = and i1 %icmp_ln581, %xor_ln582" [firmware/myproject_axi.cpp:21]   --->   Operation 78 'and' 'and_ln581' <Predicate = true> <Delay = 0.97> <Core = "LogicGate">   --->   Core 27 'LogicGate' <Latency = 0> <II = 1> <Delay = 0.97> <FuncUnit> <Opcode : 'and' 'or' 'xor'> <InPorts = 2> <OutPorts = 1>
ST_5 : Operation 79 [1/1] (0.00ns) (grouped into LUT with out node and_ln585)   --->   "%xor_ln585 = xor i1 %icmp_ln585, true" [firmware/myproject_axi.cpp:21]   --->   Operation 79 'xor' 'xor_ln585' <Predicate = true> <Delay = 0.00> <Core = "LogicGate">   --->   Core 27 'LogicGate' <Latency = 0> <II = 1> <Delay = 0.97> <FuncUnit> <Opcode : 'and' 'or' 'xor'> <InPorts = 2> <OutPorts = 1>
ST_5 : Operation 80 [1/1] (0.97ns) (out node of the LUT)   --->   "%and_ln585 = and i1 %and_ln581, %xor_ln585" [firmware/myproject_axi.cpp:21]   --->   Operation 80 'and' 'and_ln585' <Predicate = true> <Delay = 0.97> <Core = "LogicGate">   --->   Core 27 'LogicGate' <Latency = 0> <II = 1> <Delay = 0.97> <FuncUnit> <Opcode : 'and' 'or' 'xor'> <InPorts = 2> <OutPorts = 1>
ST_5 : Operation 81 [1/1] (0.00ns) (grouped into LUT with out node or_ln603)   --->   "%and_ln585_1 = and i1 %and_ln581, %icmp_ln585" [firmware/myproject_axi.cpp:21]   --->   Operation 81 'and' 'and_ln585_1' <Predicate = true> <Delay = 0.00> <Core = "LogicGate">   --->   Core 27 'LogicGate' <Latency = 0> <II = 1> <Delay = 0.97> <FuncUnit> <Opcode : 'and' 'or' 'xor'> <InPorts = 2> <OutPorts = 1>
ST_5 : Operation 82 [1/1] (0.00ns) (grouped into LUT with out node and_ln603)   --->   "%or_ln581 = or i1 %or_ln582, %icmp_ln581" [firmware/myproject_axi.cpp:21]   --->   Operation 82 'or' 'or_ln581' <Predicate = true> <Delay = 0.00> <Core = "LogicGate">   --->   Core 27 'LogicGate' <Latency = 0> <II = 1> <Delay = 0.97> <FuncUnit> <Opcode : 'and' 'or' 'xor'> <InPorts = 2> <OutPorts = 1>
ST_5 : Operation 83 [1/1] (0.00ns) (grouped into LUT with out node and_ln603)   --->   "%xor_ln581 = xor i1 %or_ln581, true" [firmware/myproject_axi.cpp:21]   --->   Operation 83 'xor' 'xor_ln581' <Predicate = true> <Delay = 0.00> <Core = "LogicGate">   --->   Core 27 'LogicGate' <Latency = 0> <II = 1> <Delay = 0.97> <FuncUnit> <Opcode : 'and' 'or' 'xor'> <InPorts = 2> <OutPorts = 1>
ST_5 : Operation 84 [1/1] (0.97ns) (out node of the LUT)   --->   "%and_ln603 = and i1 %icmp_ln603, %xor_ln581" [firmware/myproject_axi.cpp:21]   --->   Operation 84 'and' 'and_ln603' <Predicate = true> <Delay = 0.97> <Core = "LogicGate">   --->   Core 27 'LogicGate' <Latency = 0> <II = 1> <Delay = 0.97> <FuncUnit> <Opcode : 'and' 'or' 'xor'> <InPorts = 2> <OutPorts = 1>
ST_5 : Operation 85 [1/1] (4.61ns) (out node of the LUT)   --->   "%select_ln603 = select i1 %and_ln603, i8 %shl_ln604, i8 %trunc_ln586" [firmware/myproject_axi.cpp:21]   --->   Operation 85 'select' 'select_ln603' <Predicate = true> <Delay = 4.61> <Core = "Sel">   --->   Core 26 'Sel' <Latency = 0> <II = 1> <Delay = 0.69> <FuncUnit> <Opcode : 'select'> <InPorts = 3> <OutPorts = 1>
ST_5 : Operation 86 [1/1] (0.97ns) (out node of the LUT)   --->   "%or_ln603 = or i1 %and_ln603, %and_ln585_1" [firmware/myproject_axi.cpp:21]   --->   Operation 86 'or' 'or_ln603' <Predicate = true> <Delay = 0.97> <Core = "LogicGate">   --->   Core 27 'LogicGate' <Latency = 0> <II = 1> <Delay = 0.97> <FuncUnit> <Opcode : 'and' 'or' 'xor'> <InPorts = 2> <OutPorts = 1>
ST_5 : Operation 87 [1/1] (1.24ns) (out node of the LUT)   --->   "%select_ln603_1 = select i1 %and_ln585, i8 %select_ln588, i8 %trunc_ln583" [firmware/myproject_axi.cpp:21]   --->   Operation 87 'select' 'select_ln603_1' <Predicate = true> <Delay = 1.24> <Core = "Sel">   --->   Core 26 'Sel' <Latency = 0> <II = 1> <Delay = 0.69> <FuncUnit> <Opcode : 'select'> <InPorts = 3> <OutPorts = 1>
ST_5 : Operation 88 [1/1] (0.00ns) (grouped into LUT with out node or_ln603_2)   --->   "%or_ln603_1 = or i1 %and_ln585, %and_ln582" [firmware/myproject_axi.cpp:21]   --->   Operation 88 'or' 'or_ln603_1' <Predicate = true> <Delay = 0.00> <Core = "LogicGate">   --->   Core 27 'LogicGate' <Latency = 0> <II = 1> <Delay = 0.97> <FuncUnit> <Opcode : 'and' 'or' 'xor'> <InPorts = 2> <OutPorts = 1>
ST_5 : Operation 89 [1/1] (0.97ns) (out node of the LUT)   --->   "%or_ln603_2 = or i1 %or_ln603, %or_ln603_1" [firmware/myproject_axi.cpp:21]   --->   Operation 89 'or' 'or_ln603_2' <Predicate = true> <Delay = 0.97> <Core = "LogicGate">   --->   Core 27 'LogicGate' <Latency = 0> <II = 1> <Delay = 0.97> <FuncUnit> <Opcode : 'and' 'or' 'xor'> <InPorts = 2> <OutPorts = 1>

State 6 <SV = 5> <Delay = 6.84>
ST_6 : Operation 90 [1/1] (0.00ns)   --->   "%ctype_data_V_load_1 = load i24* %ctype_data_V" [firmware/myproject_axi.cpp:21]   --->   Operation 90 'load' 'ctype_data_V_load_1' <Predicate = true> <Delay = 0.00>
ST_6 : Operation 91 [1/1] (0.00ns) (grouped into LUT with out node select_ln603_3)   --->   "%select_ln603_2 = select i1 %or_ln603, i8 %select_ln603, i8 %select_ln603_1" [firmware/myproject_axi.cpp:21]   --->   Operation 91 'select' 'select_ln603_2' <Predicate = (or_ln603_2)> <Delay = 0.00> <Core = "Sel">   --->   Core 26 'Sel' <Latency = 0> <II = 1> <Delay = 0.69> <FuncUnit> <Opcode : 'select'> <InPorts = 3> <OutPorts = 1>
ST_6 : Operation 92 [1/1] (1.24ns) (out node of the LUT)   --->   "%select_ln603_3 = select i1 %or_ln603_2, i8 %select_ln603_2, i8 0" [firmware/myproject_axi.cpp:21]   --->   Operation 92 'select' 'select_ln603_3' <Predicate = true> <Delay = 1.24> <Core = "Sel">   --->   Core 26 'Sel' <Latency = 0> <II = 1> <Delay = 0.69> <FuncUnit> <Opcode : 'select'> <InPorts = 3> <OutPorts = 1>
ST_6 : Operation 93 [1/1] (0.00ns)   --->   "%shl_ln = call i5 @_ssdm_op_BitConcatenate.i5.i2.i3(i2 %j_0_i, i3 0)" [firmware/myproject_axi.cpp:21]   --->   Operation 93 'bitconcatenate' 'shl_ln' <Predicate = true> <Delay = 0.00>
ST_6 : Operation 94 [1/1] (0.00ns)   --->   "%empty_694 = or i5 %shl_ln, 7" [firmware/myproject_axi.cpp:21]   --->   Operation 94 'or' 'empty_694' <Predicate = true> <Delay = 0.00>
ST_6 : Operation 95 [1/1] (1.36ns)   --->   "%icmp_ln356 = icmp ugt i5 %shl_ln, %empty_694" [firmware/myproject_axi.cpp:21]   --->   Operation 95 'icmp' 'icmp_ln356' <Predicate = true> <Delay = 1.36> <Core = "Cmp">   --->   Core 25 'Cmp' <Latency = 0> <II = 1> <Delay = 1.36> <FuncUnit> <Opcode : 'icmp'> <InPorts = 2> <OutPorts = 1>
ST_6 : Operation 96 [1/1] (0.00ns) (grouped into LUT with out node shl_ln356)   --->   "%zext_ln356 = zext i8 %select_ln603_3 to i24" [firmware/myproject_axi.cpp:21]   --->   Operation 96 'zext' 'zext_ln356' <Predicate = true> <Delay = 0.00>
ST_6 : Operation 97 [1/1] (1.78ns)   --->   "%sub_ln356 = sub i5 -9, %shl_ln" [firmware/myproject_axi.cpp:21]   --->   Operation 97 'sub' 'sub_ln356' <Predicate = true> <Delay = 1.78> <Core = "AddSub">   --->   Core 14 'AddSub' <Latency = 0> <II = 1> <Delay = 1.78> <FuncUnit> <Opcode : 'add' 'sub'> <InPorts = 2> <OutPorts = 1>
ST_6 : Operation 98 [1/1] (0.00ns) (grouped into LUT with out node sub_ln356_1)   --->   "%select_ln356 = select i1 %icmp_ln356, i5 %shl_ln, i5 %empty_694" [firmware/myproject_axi.cpp:21]   --->   Operation 98 'select' 'select_ln356' <Predicate = true> <Delay = 0.00> <Core = "Sel">   --->   Core 26 'Sel' <Latency = 0> <II = 1> <Delay = 0.69> <FuncUnit> <Opcode : 'select'> <InPorts = 3> <OutPorts = 1>
ST_6 : Operation 99 [1/1] (0.00ns) (grouped into LUT with out node and_ln356)   --->   "%select_ln356_9 = select i1 %icmp_ln356, i5 %empty_694, i5 %shl_ln" [firmware/myproject_axi.cpp:21]   --->   Operation 99 'select' 'select_ln356_9' <Predicate = true> <Delay = 0.00> <Core = "Sel">   --->   Core 26 'Sel' <Latency = 0> <II = 1> <Delay = 0.69> <FuncUnit> <Opcode : 'select'> <InPorts = 3> <OutPorts = 1>
ST_6 : Operation 100 [1/1] (0.00ns) (grouped into LUT with out node shl_ln356)   --->   "%select_ln356_10 = select i1 %icmp_ln356, i5 %sub_ln356, i5 %shl_ln" [firmware/myproject_axi.cpp:21]   --->   Operation 100 'select' 'select_ln356_10' <Predicate = true> <Delay = 0.00> <Core = "Sel">   --->   Core 26 'Sel' <Latency = 0> <II = 1> <Delay = 0.69> <FuncUnit> <Opcode : 'select'> <InPorts = 3> <OutPorts = 1>
ST_6 : Operation 101 [1/1] (1.78ns) (out node of the LUT)   --->   "%sub_ln356_1 = sub i5 -9, %select_ln356" [firmware/myproject_axi.cpp:21]   --->   Operation 101 'sub' 'sub_ln356_1' <Predicate = true> <Delay = 1.78> <Core = "AddSub">   --->   Core 14 'AddSub' <Latency = 0> <II = 1> <Delay = 1.78> <FuncUnit> <Opcode : 'add' 'sub'> <InPorts = 2> <OutPorts = 1>
ST_6 : Operation 102 [1/1] (0.00ns) (grouped into LUT with out node shl_ln356)   --->   "%zext_ln356_1 = zext i5 %select_ln356_10 to i24" [firmware/myproject_axi.cpp:21]   --->   Operation 102 'zext' 'zext_ln356_1' <Predicate = true> <Delay = 0.00>
ST_6 : Operation 103 [1/1] (0.00ns) (grouped into LUT with out node and_ln356)   --->   "%zext_ln356_2 = zext i5 %select_ln356_9 to i24" [firmware/myproject_axi.cpp:21]   --->   Operation 103 'zext' 'zext_ln356_2' <Predicate = true> <Delay = 0.00>
ST_6 : Operation 104 [1/1] (0.00ns) (grouped into LUT with out node and_ln356)   --->   "%zext_ln356_3 = zext i5 %sub_ln356_1 to i24" [firmware/myproject_axi.cpp:21]   --->   Operation 104 'zext' 'zext_ln356_3' <Predicate = true> <Delay = 0.00>
ST_6 : Operation 105 [1/1] (3.14ns) (out node of the LUT)   --->   "%shl_ln356 = shl i24 %zext_ln356, %zext_ln356_1" [firmware/myproject_axi.cpp:21]   --->   Operation 105 'shl' 'shl_ln356' <Predicate = true> <Delay = 3.14> <Core = "Shift">   --->   Core 28 'Shift' <Latency = 0> <II = 1> <Delay = 2.66> <FuncUnit> <Opcode : 'shl' 'lshr' 'ashr'> <InPorts = 2> <OutPorts = 1>
ST_6 : Operation 106 [1/1] (0.00ns) (grouped into LUT with out node ctype_data_V_1)   --->   "%tmp_298 = call i24 @llvm.part.select.i24(i24 %shl_ln356, i32 23, i32 0)" [firmware/myproject_axi.cpp:21]   --->   Operation 106 'partselect' 'tmp_298' <Predicate = true> <Delay = 0.00>
ST_6 : Operation 107 [1/1] (0.00ns) (grouped into LUT with out node ctype_data_V_1)   --->   "%select_ln356_11 = select i1 %icmp_ln356, i24 %tmp_298, i24 %shl_ln356" [firmware/myproject_axi.cpp:21]   --->   Operation 107 'select' 'select_ln356_11' <Predicate = true> <Delay = 0.00> <Core = "Sel">   --->   Core 26 'Sel' <Latency = 0> <II = 1> <Delay = 0.69> <FuncUnit> <Opcode : 'select'> <InPorts = 3> <OutPorts = 1>
ST_6 : Operation 108 [1/1] (0.00ns) (grouped into LUT with out node and_ln356)   --->   "%shl_ln356_1 = shl i24 -1, %zext_ln356_2" [firmware/myproject_axi.cpp:21]   --->   Operation 108 'shl' 'shl_ln356_1' <Predicate = true> <Delay = 0.00> <Core = "Shift">   --->   Core 28 'Shift' <Latency = 0> <II = 1> <Delay = 2.66> <FuncUnit> <Opcode : 'shl' 'lshr' 'ashr'> <InPorts = 2> <OutPorts = 1>
ST_6 : Operation 109 [1/1] (0.00ns) (grouped into LUT with out node and_ln356)   --->   "%lshr_ln356 = lshr i24 -1, %zext_ln356_3" [firmware/myproject_axi.cpp:21]   --->   Operation 109 'lshr' 'lshr_ln356' <Predicate = true> <Delay = 0.00> <Core = "Shift">   --->   Core 28 'Shift' <Latency = 0> <II = 1> <Delay = 2.66> <FuncUnit> <Opcode : 'shl' 'lshr' 'ashr'> <InPorts = 2> <OutPorts = 1>
ST_6 : Operation 110 [1/1] (2.66ns) (out node of the LUT)   --->   "%and_ln356 = and i24 %shl_ln356_1, %lshr_ln356" [firmware/myproject_axi.cpp:21]   --->   Operation 110 'and' 'and_ln356' <Predicate = true> <Delay = 2.66> <Core = "LogicGate">   --->   Core 27 'LogicGate' <Latency = 0> <II = 1> <Delay = 0.97> <FuncUnit> <Opcode : 'and' 'or' 'xor'> <InPorts = 2> <OutPorts = 1>
ST_6 : Operation 111 [1/1] (0.00ns) (grouped into LUT with out node ctype_data_V_1)   --->   "%xor_ln356 = xor i24 %and_ln356, -1" [firmware/myproject_axi.cpp:21]   --->   Operation 111 'xor' 'xor_ln356' <Predicate = true> <Delay = 0.00> <Core = "LogicGate">   --->   Core 27 'LogicGate' <Latency = 0> <II = 1> <Delay = 0.97> <FuncUnit> <Opcode : 'and' 'or' 'xor'> <InPorts = 2> <OutPorts = 1>
ST_6 : Operation 112 [1/1] (0.00ns) (grouped into LUT with out node ctype_data_V_1)   --->   "%and_ln356_1 = and i24 %ctype_data_V_load_1, %xor_ln356" [firmware/myproject_axi.cpp:21]   --->   Operation 112 'and' 'and_ln356_1' <Predicate = true> <Delay = 0.00> <Core = "LogicGate">   --->   Core 27 'LogicGate' <Latency = 0> <II = 1> <Delay = 0.97> <FuncUnit> <Opcode : 'and' 'or' 'xor'> <InPorts = 2> <OutPorts = 1>
ST_6 : Operation 113 [1/1] (0.00ns) (grouped into LUT with out node ctype_data_V_1)   --->   "%and_ln356_2 = and i24 %select_ln356_11, %and_ln356" [firmware/myproject_axi.cpp:21]   --->   Operation 113 'and' 'and_ln356_2' <Predicate = true> <Delay = 0.00> <Core = "LogicGate">   --->   Core 27 'LogicGate' <Latency = 0> <II = 1> <Delay = 0.97> <FuncUnit> <Opcode : 'and' 'or' 'xor'> <InPorts = 2> <OutPorts = 1>
ST_6 : Operation 114 [1/1] (1.03ns) (out node of the LUT)   --->   "%ctype_data_V_1 = or i24 %and_ln356_1, %and_ln356_2" [firmware/myproject_axi.cpp:21]   --->   Operation 114 'or' 'ctype_data_V_1' <Predicate = true> <Delay = 1.03> <Core = "LogicGate">   --->   Core 27 'LogicGate' <Latency = 0> <II = 1> <Delay = 0.97> <FuncUnit> <Opcode : 'and' 'or' 'xor'> <InPorts = 2> <OutPorts = 1>
ST_6 : Operation 115 [1/1] (0.00ns)   --->   "store i24 %ctype_data_V_1, i24* %ctype_data_V" [firmware/myproject_axi.cpp:20]   --->   Operation 115 'store' <Predicate = true> <Delay = 0.00>
ST_6 : Operation 116 [1/1] (0.00ns)   --->   "br label %1" [firmware/myproject_axi.cpp:20]   --->   Operation 116 'br' <Predicate = true> <Delay = 0.00>


============================================================
+ Verbose Summary: Timing violations
============================================================
Target clock period: 10ns, clock uncertainty: 1.25ns.

 <State 1>: 1.77ns
The critical path consists of the following:
	'alloca' operation ('is_last') [6]  (0 ns)
	'store' operation ('store_ln0') of constant 0 on local variable 'is_last' [12]  (1.77 ns)

 <State 2>: 1.88ns
The critical path consists of the following:
	'phi' operation ('i') with incoming values : ('i', firmware/myproject_axi.cpp:17) [15]  (0 ns)
	'icmp' operation ('icmp_ln17', firmware/myproject_axi.cpp:17) [16]  (1.88 ns)

 <State 3>: 4.44ns
The critical path consists of the following:
	axis read on port 'in_last_V' (firmware/myproject_axi.cpp:22) [32]  (0 ns)
	'fpext' operation ('d', firmware/myproject_axi.cpp:21) [35]  (4.44 ns)

 <State 4>: 8.62ns
The critical path consists of the following:
	'fpext' operation ('d', firmware/myproject_axi.cpp:21) [35]  (4.44 ns)
	'sub' operation ('man.V', firmware/myproject_axi.cpp:21) [44]  (3.24 ns)
	'select' operation ('man.V', firmware/myproject_axi.cpp:21) [45]  (0.948 ns)

 <State 5>: 7.95ns
The critical path consists of the following:
	'select' operation ('sh_amt', firmware/myproject_axi.cpp:21) [51]  (0.697 ns)
	'icmp' operation ('icmp_ln603', firmware/myproject_axi.cpp:21) [58]  (1.66 ns)
	'and' operation ('and_ln603', firmware/myproject_axi.cpp:21) [76]  (0.978 ns)
	'select' operation ('select_ln603', firmware/myproject_axi.cpp:21) [77]  (4.61 ns)

 <State 6>: 6.85ns
The critical path consists of the following:
	'icmp' operation ('icmp_ln356', firmware/myproject_axi.cpp:21) [86]  (1.36 ns)
	'select' operation ('select_ln356', firmware/myproject_axi.cpp:21) [89]  (0 ns)
	'sub' operation ('sub_ln356_1', firmware/myproject_axi.cpp:21) [92]  (1.78 ns)
	'lshr' operation ('lshr_ln356', firmware/myproject_axi.cpp:21) [100]  (0 ns)
	'and' operation ('and_ln356', firmware/myproject_axi.cpp:21) [101]  (2.67 ns)
	'xor' operation ('xor_ln356', firmware/myproject_axi.cpp:21) [102]  (0 ns)
	'and' operation ('and_ln356_1', firmware/myproject_axi.cpp:21) [103]  (0 ns)
	'or' operation ('ctype.data.V', firmware/myproject_axi.cpp:21) [105]  (1.03 ns)


============================================================
+ Verbose Summary: Binding
============================================================
N/A
* FSMD analyzer results:
  - Output states:
 - Input state : 
  - Chain level:
	State 1
	State 2
	State 3
	State 4
	State 5
	State 6


============================================================
+ Verbose Summary: Datapath Resource usage 
============================================================
N/A
