

================================================================
== Vivado HLS Report for 'myproject_axi'
================================================================
* Date:           Thu Jul 11 17:07:43 2024

* Version:        2020.1 (Build 2897737 on Wed May 27 20:21:37 MDT 2020)
* Project:        myproject_prj
* Solution:       solution1
* Product family: zynq
* Target device:  xc7z020-clg400-1


================================================================
== Performance Estimates
================================================================
+ Timing: 
    * Summary: 
    +--------+----------+----------+------------+
    |  Clock |  Target  | Estimated| Uncertainty|
    +--------+----------+----------+------------+
    |ap_clk  | 10.00 ns | 8.621 ns |   1.25 ns  |
    +--------+----------+----------+------------+

+ Latency: 
    * Summary: 
    +---------+---------+----------+----------+-------+--------+----------+
    |  Latency (cycles) |  Latency (absolute) |    Interval    | Pipeline |
    |   min   |   max   |    min   |    max   |  min  |   max  |   Type   |
    +---------+---------+----------+----------+-------+--------+----------+
    |   979913|   979913| 9.799 ms | 9.799 ms |  41032|  958001| dataflow |
    +---------+---------+----------+----------+-------+--------+----------+

    + Detail: 
        * Instance: 
        N/A

        * Loop: 
        N/A

============================================================
+ Verbose Summary: Synthesis Manager
============================================================
InlineROM: 1
ExposeGlobal: 0
============================================================
+ Verbose Summary: CDFG Model
============================================================
IsTopModel: 1
ResetActiveHigh: 1
IsCombinational: 2
IsDatapathOnly: 0
HasWiredReturn: 1
HasMFsm: 0
HasVarLatency: 1
IsPipeline: 0
IsRtlPipelined: 0
IsInstanceOverlapped: 0
IsDontTouch: 0
HasImplIP: 0
IsGatedGlobalClock: 0


============================================================
+ Verbose Summary: Schedule
============================================================
* Number of FSM states : 9
* Pipeline : 0
* Dataflow Pipeline: 1
  DF-Pipeline-0: Size = 9, States = { 1 2 3 4 5 6 7 8 9 }

* FSM state transitions: 
1 --> 2 
2 --> 3 
3 --> 4 
4 --> 5 
5 --> 6 
6 --> 7 
7 --> 8 
8 --> 9 
9 --> 

* FSM state operations: 

State 1 <SV = 0> <Delay = 0.00>
ST_1 : Operation 10 [1/1] (0.00ns)   --->   "%in_local_V_data_0_V = alloca i8, align 1"   --->   Operation 10 'alloca' 'in_local_V_data_0_V' <Predicate = true> <Delay = 0.00> <Core = "FIFO">   --->   Core 32 'FIFO' <Latency = 0> <II = 1> <Delay = 3.63> <Storage> <Opcode : 'read' 'write' 'nbread' 'nbwrite'> <Ports = 0> <Width = 14> <Depth = 1> <FIFO>
ST_1 : Operation 11 [1/1] (0.00ns)   --->   "%in_local_V_data_1_V = alloca i8, align 1"   --->   Operation 11 'alloca' 'in_local_V_data_1_V' <Predicate = true> <Delay = 0.00> <Core = "FIFO">   --->   Core 32 'FIFO' <Latency = 0> <II = 1> <Delay = 3.63> <Storage> <Opcode : 'read' 'write' 'nbread' 'nbwrite'> <Ports = 0> <Width = 14> <Depth = 1> <FIFO>
ST_1 : Operation 12 [1/1] (0.00ns)   --->   "%in_local_V_data_2_V = alloca i8, align 1"   --->   Operation 12 'alloca' 'in_local_V_data_2_V' <Predicate = true> <Delay = 0.00> <Core = "FIFO">   --->   Core 32 'FIFO' <Latency = 0> <II = 1> <Delay = 3.63> <Storage> <Opcode : 'read' 'write' 'nbread' 'nbwrite'> <Ports = 0> <Width = 14> <Depth = 1> <FIFO>
ST_1 : Operation 13 [1/1] (0.00ns)   --->   "%out_local_V_data_0_V = alloca i14, align 2" [firmware/myproject_axi.cpp:12]   --->   Operation 13 'alloca' 'out_local_V_data_0_V' <Predicate = true> <Delay = 0.00> <Core = "FIFO">   --->   Core 32 'FIFO' <Latency = 0> <II = 1> <Delay = 3.63> <Storage> <Opcode : 'read' 'write' 'nbread' 'nbwrite'> <Ports = 0> <Width = 14> <Depth = 1> <FIFO>
ST_1 : Operation 14 [1/1] (0.00ns)   --->   "%out_local_V_data_1_V = alloca i14, align 2" [firmware/myproject_axi.cpp:12]   --->   Operation 14 'alloca' 'out_local_V_data_1_V' <Predicate = true> <Delay = 0.00> <Core = "FIFO">   --->   Core 32 'FIFO' <Latency = 0> <II = 1> <Delay = 3.63> <Storage> <Opcode : 'read' 'write' 'nbread' 'nbwrite'> <Ports = 0> <Width = 14> <Depth = 1> <FIFO>
ST_1 : Operation 15 [1/1] (0.00ns)   --->   "%out_local_V_data_2_V = alloca i14, align 2" [firmware/myproject_axi.cpp:12]   --->   Operation 15 'alloca' 'out_local_V_data_2_V' <Predicate = true> <Delay = 0.00> <Core = "FIFO">   --->   Core 32 'FIFO' <Latency = 0> <II = 1> <Delay = 3.63> <Storage> <Opcode : 'read' 'write' 'nbread' 'nbwrite'> <Ports = 0> <Width = 14> <Depth = 1> <FIFO>
ST_1 : Operation 16 [1/1] (0.00ns)   --->   "%out_local_V_data_3_V = alloca i14, align 2" [firmware/myproject_axi.cpp:12]   --->   Operation 16 'alloca' 'out_local_V_data_3_V' <Predicate = true> <Delay = 0.00> <Core = "FIFO">   --->   Core 32 'FIFO' <Latency = 0> <II = 1> <Delay = 3.63> <Storage> <Opcode : 'read' 'write' 'nbread' 'nbwrite'> <Ports = 0> <Width = 14> <Depth = 1> <FIFO>
ST_1 : Operation 17 [1/1] (0.00ns)   --->   "%out_local_V_data_4_V = alloca i14, align 2" [firmware/myproject_axi.cpp:12]   --->   Operation 17 'alloca' 'out_local_V_data_4_V' <Predicate = true> <Delay = 0.00> <Core = "FIFO">   --->   Core 32 'FIFO' <Latency = 0> <II = 1> <Delay = 3.63> <Storage> <Opcode : 'read' 'write' 'nbread' 'nbwrite'> <Ports = 0> <Width = 14> <Depth = 1> <FIFO>
ST_1 : Operation 18 [1/1] (0.00ns)   --->   "%out_local_V_data_5_V = alloca i14, align 2" [firmware/myproject_axi.cpp:12]   --->   Operation 18 'alloca' 'out_local_V_data_5_V' <Predicate = true> <Delay = 0.00> <Core = "FIFO">   --->   Core 32 'FIFO' <Latency = 0> <II = 1> <Delay = 3.63> <Storage> <Opcode : 'read' 'write' 'nbread' 'nbwrite'> <Ports = 0> <Width = 14> <Depth = 1> <FIFO>
ST_1 : Operation 19 [1/1] (0.00ns)   --->   "%out_local_V_data_6_V = alloca i14, align 2" [firmware/myproject_axi.cpp:12]   --->   Operation 19 'alloca' 'out_local_V_data_6_V' <Predicate = true> <Delay = 0.00> <Core = "FIFO">   --->   Core 32 'FIFO' <Latency = 0> <II = 1> <Delay = 3.63> <Storage> <Opcode : 'read' 'write' 'nbread' 'nbwrite'> <Ports = 0> <Width = 14> <Depth = 1> <FIFO>
ST_1 : Operation 20 [1/1] (0.00ns)   --->   "%out_local_V_data_7_V = alloca i14, align 2" [firmware/myproject_axi.cpp:12]   --->   Operation 20 'alloca' 'out_local_V_data_7_V' <Predicate = true> <Delay = 0.00> <Core = "FIFO">   --->   Core 32 'FIFO' <Latency = 0> <II = 1> <Delay = 3.63> <Storage> <Opcode : 'read' 'write' 'nbread' 'nbwrite'> <Ports = 0> <Width = 14> <Depth = 1> <FIFO>
ST_1 : Operation 21 [1/1] (0.00ns)   --->   "%out_local_V_data_8_V = alloca i14, align 2" [firmware/myproject_axi.cpp:12]   --->   Operation 21 'alloca' 'out_local_V_data_8_V' <Predicate = true> <Delay = 0.00> <Core = "FIFO">   --->   Core 32 'FIFO' <Latency = 0> <II = 1> <Delay = 3.63> <Storage> <Opcode : 'read' 'write' 'nbread' 'nbwrite'> <Ports = 0> <Width = 14> <Depth = 1> <FIFO>
ST_1 : Operation 22 [1/1] (0.00ns)   --->   "%out_local_V_data_9_V = alloca i14, align 2" [firmware/myproject_axi.cpp:12]   --->   Operation 22 'alloca' 'out_local_V_data_9_V' <Predicate = true> <Delay = 0.00> <Core = "FIFO">   --->   Core 32 'FIFO' <Latency = 0> <II = 1> <Delay = 3.63> <Storage> <Opcode : 'read' 'write' 'nbread' 'nbwrite'> <Ports = 0> <Width = 14> <Depth = 1> <FIFO>
ST_1 : Operation 23 [1/1] (0.00ns)   --->   "%tmp_data_V_0 = alloca i14, align 2"   --->   Operation 23 'alloca' 'tmp_data_V_0' <Predicate = true> <Delay = 0.00> <Core = "FIFO">   --->   Core 32 'FIFO' <Latency = 0> <II = 1> <Delay = 3.63> <Storage> <Opcode : 'read' 'write' 'nbread' 'nbwrite'> <Ports = 0> <Width = 14> <Depth = 1> <FIFO>
ST_1 : Operation 24 [1/1] (0.00ns)   --->   "%tmp_data_V_1 = alloca i14, align 2"   --->   Operation 24 'alloca' 'tmp_data_V_1' <Predicate = true> <Delay = 0.00> <Core = "FIFO">   --->   Core 32 'FIFO' <Latency = 0> <II = 1> <Delay = 3.63> <Storage> <Opcode : 'read' 'write' 'nbread' 'nbwrite'> <Ports = 0> <Width = 14> <Depth = 1> <FIFO>
ST_1 : Operation 25 [1/1] (0.00ns)   --->   "%tmp_data_V_2 = alloca i14, align 2"   --->   Operation 25 'alloca' 'tmp_data_V_2' <Predicate = true> <Delay = 0.00> <Core = "FIFO">   --->   Core 32 'FIFO' <Latency = 0> <II = 1> <Delay = 3.63> <Storage> <Opcode : 'read' 'write' 'nbread' 'nbwrite'> <Ports = 0> <Width = 14> <Depth = 1> <FIFO>
ST_1 : Operation 26 [1/1] (0.00ns)   --->   "%tmp_data_V_3 = alloca i14, align 2"   --->   Operation 26 'alloca' 'tmp_data_V_3' <Predicate = true> <Delay = 0.00> <Core = "FIFO">   --->   Core 32 'FIFO' <Latency = 0> <II = 1> <Delay = 3.63> <Storage> <Opcode : 'read' 'write' 'nbread' 'nbwrite'> <Ports = 0> <Width = 14> <Depth = 1> <FIFO>
ST_1 : Operation 27 [1/1] (0.00ns)   --->   "%tmp_data_V_4 = alloca i14, align 2"   --->   Operation 27 'alloca' 'tmp_data_V_4' <Predicate = true> <Delay = 0.00> <Core = "FIFO">   --->   Core 32 'FIFO' <Latency = 0> <II = 1> <Delay = 3.63> <Storage> <Opcode : 'read' 'write' 'nbread' 'nbwrite'> <Ports = 0> <Width = 14> <Depth = 1> <FIFO>
ST_1 : Operation 28 [1/1] (0.00ns)   --->   "%tmp_data_V_5 = alloca i14, align 2"   --->   Operation 28 'alloca' 'tmp_data_V_5' <Predicate = true> <Delay = 0.00> <Core = "FIFO">   --->   Core 32 'FIFO' <Latency = 0> <II = 1> <Delay = 3.63> <Storage> <Opcode : 'read' 'write' 'nbread' 'nbwrite'> <Ports = 0> <Width = 14> <Depth = 1> <FIFO>
ST_1 : Operation 29 [1/1] (0.00ns)   --->   "%tmp_data_V_6 = alloca i14, align 2"   --->   Operation 29 'alloca' 'tmp_data_V_6' <Predicate = true> <Delay = 0.00> <Core = "FIFO">   --->   Core 32 'FIFO' <Latency = 0> <II = 1> <Delay = 3.63> <Storage> <Opcode : 'read' 'write' 'nbread' 'nbwrite'> <Ports = 0> <Width = 14> <Depth = 1> <FIFO>
ST_1 : Operation 30 [1/1] (0.00ns)   --->   "%tmp_data_V_7 = alloca i14, align 2"   --->   Operation 30 'alloca' 'tmp_data_V_7' <Predicate = true> <Delay = 0.00> <Core = "FIFO">   --->   Core 32 'FIFO' <Latency = 0> <II = 1> <Delay = 3.63> <Storage> <Opcode : 'read' 'write' 'nbread' 'nbwrite'> <Ports = 0> <Width = 14> <Depth = 1> <FIFO>
ST_1 : Operation 31 [1/1] (0.00ns)   --->   "%tmp_data_V_8 = alloca i14, align 2"   --->   Operation 31 'alloca' 'tmp_data_V_8' <Predicate = true> <Delay = 0.00> <Core = "FIFO">   --->   Core 32 'FIFO' <Latency = 0> <II = 1> <Delay = 3.63> <Storage> <Opcode : 'read' 'write' 'nbread' 'nbwrite'> <Ports = 0> <Width = 14> <Depth = 1> <FIFO>
ST_1 : Operation 32 [1/1] (0.00ns)   --->   "%tmp_data_V_9 = alloca i14, align 2"   --->   Operation 32 'alloca' 'tmp_data_V_9' <Predicate = true> <Delay = 0.00> <Core = "FIFO">   --->   Core 32 'FIFO' <Latency = 0> <II = 1> <Delay = 3.63> <Storage> <Opcode : 'read' 'write' 'nbread' 'nbwrite'> <Ports = 0> <Width = 14> <Depth = 1> <FIFO>

State 2 <SV = 1> <Delay = 0.00>
ST_2 : Operation 33 [2/2] (0.00ns)   --->   "%is_last_0_i_loc_channel = call fastcc i1 @Loop_1_proc195(i8* %in_local_V_data_0_V, i8* %in_local_V_data_1_V, i8* %in_local_V_data_2_V, i1* %in_last_V, float* %in_data)"   --->   Operation 33 'call' 'is_last_0_i_loc_channel' <Predicate = true> <Delay = 0.00> <Core = "FIFO">   --->   Core 32 'FIFO' <Latency = 0> <II = 1> <Delay = 3.63> <Storage> <Opcode : 'read' 'write' 'nbread' 'nbwrite'> <Ports = 0> <Width = 14> <Depth = 1> <FIFO>

State 3 <SV = 2> <Delay = 0.00>
ST_3 : Operation 34 [1/2] (0.00ns)   --->   "%is_last_0_i_loc_channel = call fastcc i1 @Loop_1_proc195(i8* %in_local_V_data_0_V, i8* %in_local_V_data_1_V, i8* %in_local_V_data_2_V, i1* %in_last_V, float* %in_data)"   --->   Operation 34 'call' 'is_last_0_i_loc_channel' <Predicate = true> <Delay = 0.00> <Core = "FIFO">   --->   Core 32 'FIFO' <Latency = 0> <II = 1> <Delay = 3.63> <Storage> <Opcode : 'read' 'write' 'nbread' 'nbwrite'> <Ports = 0> <Width = 14> <Depth = 1> <FIFO>

State 4 <SV = 3> <Delay = 0.00>
ST_4 : Operation 35 [2/2] (0.00ns)   --->   "call fastcc void @myproject(i8* %in_local_V_data_0_V, i8* %in_local_V_data_1_V, i8* %in_local_V_data_2_V, i14* %out_local_V_data_0_V, i14* %out_local_V_data_1_V, i14* %out_local_V_data_2_V, i14* %out_local_V_data_3_V, i14* %out_local_V_data_4_V, i14* %out_local_V_data_5_V, i14* %out_local_V_data_6_V, i14* %out_local_V_data_7_V, i14* %out_local_V_data_8_V, i14* %out_local_V_data_9_V)" [firmware/myproject_axi.cpp:27]   --->   Operation 35 'call' <Predicate = true> <Delay = 0.00> <CoreType = "Generic">   --->   Core 0 '' <Latency = 0> <II = 1> <Delay = 1.00> <Generic> <Opcode : >

State 5 <SV = 4> <Delay = 0.00>
ST_5 : Operation 36 [1/2] (0.00ns)   --->   "call fastcc void @myproject(i8* %in_local_V_data_0_V, i8* %in_local_V_data_1_V, i8* %in_local_V_data_2_V, i14* %out_local_V_data_0_V, i14* %out_local_V_data_1_V, i14* %out_local_V_data_2_V, i14* %out_local_V_data_3_V, i14* %out_local_V_data_4_V, i14* %out_local_V_data_5_V, i14* %out_local_V_data_6_V, i14* %out_local_V_data_7_V, i14* %out_local_V_data_8_V, i14* %out_local_V_data_9_V)" [firmware/myproject_axi.cpp:27]   --->   Operation 36 'call' <Predicate = true> <Delay = 0.00> <CoreType = "Generic">   --->   Core 0 '' <Latency = 0> <II = 1> <Delay = 1.00> <Generic> <Opcode : >

State 6 <SV = 5> <Delay = 0.00>
ST_6 : Operation 37 [1/1] (0.00ns)   --->   "call fastcc void @Block_myproject_axi_.exit50_proc(i14* %out_local_V_data_0_V, i14* %out_local_V_data_1_V, i14* %out_local_V_data_2_V, i14* %out_local_V_data_3_V, i14* %out_local_V_data_4_V, i14* %out_local_V_data_5_V, i14* %out_local_V_data_6_V, i14* %out_local_V_data_7_V, i14* %out_local_V_data_8_V, i14* %out_local_V_data_9_V, i14* %tmp_data_V_0, i14* %tmp_data_V_1, i14* %tmp_data_V_2, i14* %tmp_data_V_3, i14* %tmp_data_V_4, i14* %tmp_data_V_5, i14* %tmp_data_V_6, i14* %tmp_data_V_7, i14* %tmp_data_V_8, i14* %tmp_data_V_9)"   --->   Operation 37 'call' <Predicate = true> <Delay = 0.00> <CoreType = "Generic">   --->   Core 0 '' <Latency = 0> <II = 1> <Delay = 1.00> <Generic> <Opcode : >

State 7 <SV = 6> <Delay = 8.54>
ST_7 : Operation 38 [2/2] (8.54ns)   --->   "call fastcc void @Loop_2_proc(float* %out_data, i1* %out_last_V, i1 %is_last_0_i_loc_channel, i14* %tmp_data_V_0, i14* %tmp_data_V_1, i14* %tmp_data_V_2, i14* %tmp_data_V_3, i14* %tmp_data_V_4, i14* %tmp_data_V_5, i14* %tmp_data_V_6, i14* %tmp_data_V_7, i14* %tmp_data_V_8, i14* %tmp_data_V_9)"   --->   Operation 38 'call' <Predicate = true> <Delay = 8.54> <CoreType = "Generic">   --->   Core 0 '' <Latency = 0> <II = 1> <Delay = 1.00> <Generic> <Opcode : >

State 8 <SV = 7> <Delay = 0.00>
ST_8 : Operation 39 [1/2] (0.00ns)   --->   "call fastcc void @Loop_2_proc(float* %out_data, i1* %out_last_V, i1 %is_last_0_i_loc_channel, i14* %tmp_data_V_0, i14* %tmp_data_V_1, i14* %tmp_data_V_2, i14* %tmp_data_V_3, i14* %tmp_data_V_4, i14* %tmp_data_V_5, i14* %tmp_data_V_6, i14* %tmp_data_V_7, i14* %tmp_data_V_8, i14* %tmp_data_V_9)"   --->   Operation 39 'call' <Predicate = true> <Delay = 0.00> <CoreType = "Generic">   --->   Core 0 '' <Latency = 0> <II = 1> <Delay = 1.00> <Generic> <Opcode : >

State 9 <SV = 8> <Delay = 0.00>
ST_9 : Operation 40 [1/1] (0.00ns)   --->   "call void (...)* @_ssdm_op_SpecDataflowPipeline(i32 -1, i32 0, [1 x i8]* @p_str2) nounwind" [firmware/myproject_axi.cpp:8]   --->   Operation 40 'specdataflowpipeline' <Predicate = true> <Delay = 0.00>
ST_9 : Operation 41 [1/1] (0.00ns)   --->   "call void (...)* @_ssdm_op_SpecBitsMap(float* %in_data), !map !225"   --->   Operation 41 'specbitsmap' <Predicate = true> <Delay = 0.00>
ST_9 : Operation 42 [1/1] (0.00ns)   --->   "call void (...)* @_ssdm_op_SpecBitsMap(i1* %in_last_V), !map !231"   --->   Operation 42 'specbitsmap' <Predicate = true> <Delay = 0.00>
ST_9 : Operation 43 [1/1] (0.00ns)   --->   "call void (...)* @_ssdm_op_SpecBitsMap(float* %out_data), !map !235"   --->   Operation 43 'specbitsmap' <Predicate = true> <Delay = 0.00>
ST_9 : Operation 44 [1/1] (0.00ns)   --->   "call void (...)* @_ssdm_op_SpecBitsMap(i1* %out_last_V), !map !241"   --->   Operation 44 'specbitsmap' <Predicate = true> <Delay = 0.00>
ST_9 : Operation 45 [1/1] (0.00ns)   --->   "call void (...)* @_ssdm_op_SpecTopModule([14 x i8]* @myproject_axi_str) nounwind"   --->   Operation 45 'spectopmodule' <Predicate = true> <Delay = 0.00>
ST_9 : Operation 46 [1/1] (0.00ns)   --->   "%empty = call i32 (...)* @_ssdm_op_SpecChannel([21 x i8]* @in_local_OC_V_OC_data_LF_0_NF_OC_V_str, i32 1, [1 x i8]* @p_str, [1 x i8]* @p_str, i32 1024, i32 1024, i8* %in_local_V_data_0_V, i8* %in_local_V_data_0_V)"   --->   Operation 46 'specchannel' 'empty' <Predicate = true> <Delay = 0.00>
ST_9 : Operation 47 [1/1] (0.00ns)   --->   "call void (...)* @_ssdm_op_SpecInterface(i8* %in_local_V_data_0_V, [8 x i8]* @ap_fifo_str, i32 0, i32 0, [1 x i8]* @p_str, i32 0, i32 0, [1 x i8]* @p_str, [1 x i8]* @p_str, [1 x i8]* @p_str, i32 2, i32 2, i32 16, i32 16, [1 x i8]* @p_str, [1 x i8]* @p_str)"   --->   Operation 47 'specinterface' <Predicate = true> <Delay = 0.00>
ST_9 : Operation 48 [1/1] (0.00ns)   --->   "%empty_43 = call i32 (...)* @_ssdm_op_SpecChannel([21 x i8]* @in_local_OC_V_OC_data_LF_1_NF_OC_V_str, i32 1, [1 x i8]* @p_str, [1 x i8]* @p_str, i32 1024, i32 1024, i8* %in_local_V_data_1_V, i8* %in_local_V_data_1_V)"   --->   Operation 48 'specchannel' 'empty_43' <Predicate = true> <Delay = 0.00>
ST_9 : Operation 49 [1/1] (0.00ns)   --->   "call void (...)* @_ssdm_op_SpecInterface(i8* %in_local_V_data_1_V, [8 x i8]* @ap_fifo_str, i32 0, i32 0, [1 x i8]* @p_str, i32 0, i32 0, [1 x i8]* @p_str, [1 x i8]* @p_str, [1 x i8]* @p_str, i32 2, i32 2, i32 16, i32 16, [1 x i8]* @p_str, [1 x i8]* @p_str)"   --->   Operation 49 'specinterface' <Predicate = true> <Delay = 0.00>
ST_9 : Operation 50 [1/1] (0.00ns)   --->   "%empty_44 = call i32 (...)* @_ssdm_op_SpecChannel([21 x i8]* @in_local_OC_V_OC_data_LF_2_NF_OC_V_str, i32 1, [1 x i8]* @p_str, [1 x i8]* @p_str, i32 1024, i32 1024, i8* %in_local_V_data_2_V, i8* %in_local_V_data_2_V)"   --->   Operation 50 'specchannel' 'empty_44' <Predicate = true> <Delay = 0.00>
ST_9 : Operation 51 [1/1] (0.00ns)   --->   "call void (...)* @_ssdm_op_SpecInterface(i8* %in_local_V_data_2_V, [8 x i8]* @ap_fifo_str, i32 0, i32 0, [1 x i8]* @p_str, i32 0, i32 0, [1 x i8]* @p_str, [1 x i8]* @p_str, [1 x i8]* @p_str, i32 2, i32 2, i32 16, i32 16, [1 x i8]* @p_str, [1 x i8]* @p_str)"   --->   Operation 51 'specinterface' <Predicate = true> <Delay = 0.00>
ST_9 : Operation 52 [1/1] (0.00ns)   --->   "%empty_45 = call i32 (...)* @_ssdm_op_SpecChannel([22 x i8]* @out_local_OC_V_OC_data_LF_0_NF_OC_V_str, i32 1, [1 x i8]* @p_str, [1 x i8]* @p_str, i32 1, i32 1, i14* %out_local_V_data_0_V, i14* %out_local_V_data_0_V)"   --->   Operation 52 'specchannel' 'empty_45' <Predicate = true> <Delay = 0.00>
ST_9 : Operation 53 [1/1] (0.00ns)   --->   "call void (...)* @_ssdm_op_SpecInterface(i14* %out_local_V_data_0_V, [8 x i8]* @ap_fifo_str, i32 0, i32 0, [1 x i8]* @p_str, i32 0, i32 0, [1 x i8]* @p_str, [1 x i8]* @p_str, [1 x i8]* @p_str, i32 2, i32 2, i32 16, i32 16, [1 x i8]* @p_str, [1 x i8]* @p_str)"   --->   Operation 53 'specinterface' <Predicate = true> <Delay = 0.00>
ST_9 : Operation 54 [1/1] (0.00ns)   --->   "%empty_46 = call i32 (...)* @_ssdm_op_SpecChannel([22 x i8]* @out_local_OC_V_OC_data_LF_1_NF_OC_V_str, i32 1, [1 x i8]* @p_str, [1 x i8]* @p_str, i32 1, i32 1, i14* %out_local_V_data_1_V, i14* %out_local_V_data_1_V)"   --->   Operation 54 'specchannel' 'empty_46' <Predicate = true> <Delay = 0.00>
ST_9 : Operation 55 [1/1] (0.00ns)   --->   "call void (...)* @_ssdm_op_SpecInterface(i14* %out_local_V_data_1_V, [8 x i8]* @ap_fifo_str, i32 0, i32 0, [1 x i8]* @p_str, i32 0, i32 0, [1 x i8]* @p_str, [1 x i8]* @p_str, [1 x i8]* @p_str, i32 2, i32 2, i32 16, i32 16, [1 x i8]* @p_str, [1 x i8]* @p_str)"   --->   Operation 55 'specinterface' <Predicate = true> <Delay = 0.00>
ST_9 : Operation 56 [1/1] (0.00ns)   --->   "%empty_47 = call i32 (...)* @_ssdm_op_SpecChannel([22 x i8]* @out_local_OC_V_OC_data_LF_2_NF_OC_V_str, i32 1, [1 x i8]* @p_str, [1 x i8]* @p_str, i32 1, i32 1, i14* %out_local_V_data_2_V, i14* %out_local_V_data_2_V)"   --->   Operation 56 'specchannel' 'empty_47' <Predicate = true> <Delay = 0.00>
ST_9 : Operation 57 [1/1] (0.00ns)   --->   "call void (...)* @_ssdm_op_SpecInterface(i14* %out_local_V_data_2_V, [8 x i8]* @ap_fifo_str, i32 0, i32 0, [1 x i8]* @p_str, i32 0, i32 0, [1 x i8]* @p_str, [1 x i8]* @p_str, [1 x i8]* @p_str, i32 2, i32 2, i32 16, i32 16, [1 x i8]* @p_str, [1 x i8]* @p_str)"   --->   Operation 57 'specinterface' <Predicate = true> <Delay = 0.00>
ST_9 : Operation 58 [1/1] (0.00ns)   --->   "%empty_48 = call i32 (...)* @_ssdm_op_SpecChannel([22 x i8]* @out_local_OC_V_OC_data_LF_3_NF_OC_V_str, i32 1, [1 x i8]* @p_str, [1 x i8]* @p_str, i32 1, i32 1, i14* %out_local_V_data_3_V, i14* %out_local_V_data_3_V)"   --->   Operation 58 'specchannel' 'empty_48' <Predicate = true> <Delay = 0.00>
ST_9 : Operation 59 [1/1] (0.00ns)   --->   "call void (...)* @_ssdm_op_SpecInterface(i14* %out_local_V_data_3_V, [8 x i8]* @ap_fifo_str, i32 0, i32 0, [1 x i8]* @p_str, i32 0, i32 0, [1 x i8]* @p_str, [1 x i8]* @p_str, [1 x i8]* @p_str, i32 2, i32 2, i32 16, i32 16, [1 x i8]* @p_str, [1 x i8]* @p_str)"   --->   Operation 59 'specinterface' <Predicate = true> <Delay = 0.00>
ST_9 : Operation 60 [1/1] (0.00ns)   --->   "%empty_49 = call i32 (...)* @_ssdm_op_SpecChannel([22 x i8]* @out_local_OC_V_OC_data_LF_4_NF_OC_V_str, i32 1, [1 x i8]* @p_str, [1 x i8]* @p_str, i32 1, i32 1, i14* %out_local_V_data_4_V, i14* %out_local_V_data_4_V)"   --->   Operation 60 'specchannel' 'empty_49' <Predicate = true> <Delay = 0.00>
ST_9 : Operation 61 [1/1] (0.00ns)   --->   "call void (...)* @_ssdm_op_SpecInterface(i14* %out_local_V_data_4_V, [8 x i8]* @ap_fifo_str, i32 0, i32 0, [1 x i8]* @p_str, i32 0, i32 0, [1 x i8]* @p_str, [1 x i8]* @p_str, [1 x i8]* @p_str, i32 2, i32 2, i32 16, i32 16, [1 x i8]* @p_str, [1 x i8]* @p_str)"   --->   Operation 61 'specinterface' <Predicate = true> <Delay = 0.00>
ST_9 : Operation 62 [1/1] (0.00ns)   --->   "%empty_50 = call i32 (...)* @_ssdm_op_SpecChannel([22 x i8]* @out_local_OC_V_OC_data_LF_5_NF_OC_V_str, i32 1, [1 x i8]* @p_str, [1 x i8]* @p_str, i32 1, i32 1, i14* %out_local_V_data_5_V, i14* %out_local_V_data_5_V)"   --->   Operation 62 'specchannel' 'empty_50' <Predicate = true> <Delay = 0.00>
ST_9 : Operation 63 [1/1] (0.00ns)   --->   "call void (...)* @_ssdm_op_SpecInterface(i14* %out_local_V_data_5_V, [8 x i8]* @ap_fifo_str, i32 0, i32 0, [1 x i8]* @p_str, i32 0, i32 0, [1 x i8]* @p_str, [1 x i8]* @p_str, [1 x i8]* @p_str, i32 2, i32 2, i32 16, i32 16, [1 x i8]* @p_str, [1 x i8]* @p_str)"   --->   Operation 63 'specinterface' <Predicate = true> <Delay = 0.00>
ST_9 : Operation 64 [1/1] (0.00ns)   --->   "%empty_51 = call i32 (...)* @_ssdm_op_SpecChannel([22 x i8]* @out_local_OC_V_OC_data_LF_6_NF_OC_V_str, i32 1, [1 x i8]* @p_str, [1 x i8]* @p_str, i32 1, i32 1, i14* %out_local_V_data_6_V, i14* %out_local_V_data_6_V)"   --->   Operation 64 'specchannel' 'empty_51' <Predicate = true> <Delay = 0.00>
ST_9 : Operation 65 [1/1] (0.00ns)   --->   "call void (...)* @_ssdm_op_SpecInterface(i14* %out_local_V_data_6_V, [8 x i8]* @ap_fifo_str, i32 0, i32 0, [1 x i8]* @p_str, i32 0, i32 0, [1 x i8]* @p_str, [1 x i8]* @p_str, [1 x i8]* @p_str, i32 2, i32 2, i32 16, i32 16, [1 x i8]* @p_str, [1 x i8]* @p_str)"   --->   Operation 65 'specinterface' <Predicate = true> <Delay = 0.00>
ST_9 : Operation 66 [1/1] (0.00ns)   --->   "%empty_52 = call i32 (...)* @_ssdm_op_SpecChannel([22 x i8]* @out_local_OC_V_OC_data_LF_7_NF_OC_V_str, i32 1, [1 x i8]* @p_str, [1 x i8]* @p_str, i32 1, i32 1, i14* %out_local_V_data_7_V, i14* %out_local_V_data_7_V)"   --->   Operation 66 'specchannel' 'empty_52' <Predicate = true> <Delay = 0.00>
ST_9 : Operation 67 [1/1] (0.00ns)   --->   "call void (...)* @_ssdm_op_SpecInterface(i14* %out_local_V_data_7_V, [8 x i8]* @ap_fifo_str, i32 0, i32 0, [1 x i8]* @p_str, i32 0, i32 0, [1 x i8]* @p_str, [1 x i8]* @p_str, [1 x i8]* @p_str, i32 2, i32 2, i32 16, i32 16, [1 x i8]* @p_str, [1 x i8]* @p_str)"   --->   Operation 67 'specinterface' <Predicate = true> <Delay = 0.00>
ST_9 : Operation 68 [1/1] (0.00ns)   --->   "%empty_53 = call i32 (...)* @_ssdm_op_SpecChannel([22 x i8]* @out_local_OC_V_OC_data_LF_8_NF_OC_V_str, i32 1, [1 x i8]* @p_str, [1 x i8]* @p_str, i32 1, i32 1, i14* %out_local_V_data_8_V, i14* %out_local_V_data_8_V)"   --->   Operation 68 'specchannel' 'empty_53' <Predicate = true> <Delay = 0.00>
ST_9 : Operation 69 [1/1] (0.00ns)   --->   "call void (...)* @_ssdm_op_SpecInterface(i14* %out_local_V_data_8_V, [8 x i8]* @ap_fifo_str, i32 0, i32 0, [1 x i8]* @p_str, i32 0, i32 0, [1 x i8]* @p_str, [1 x i8]* @p_str, [1 x i8]* @p_str, i32 2, i32 2, i32 16, i32 16, [1 x i8]* @p_str, [1 x i8]* @p_str)"   --->   Operation 69 'specinterface' <Predicate = true> <Delay = 0.00>
ST_9 : Operation 70 [1/1] (0.00ns)   --->   "%empty_54 = call i32 (...)* @_ssdm_op_SpecChannel([22 x i8]* @out_local_OC_V_OC_data_LF_9_NF_OC_V_str, i32 1, [1 x i8]* @p_str, [1 x i8]* @p_str, i32 1, i32 1, i14* %out_local_V_data_9_V, i14* %out_local_V_data_9_V)"   --->   Operation 70 'specchannel' 'empty_54' <Predicate = true> <Delay = 0.00>
ST_9 : Operation 71 [1/1] (0.00ns)   --->   "call void (...)* @_ssdm_op_SpecInterface(i14* %out_local_V_data_9_V, [8 x i8]* @ap_fifo_str, i32 0, i32 0, [1 x i8]* @p_str, i32 0, i32 0, [1 x i8]* @p_str, [1 x i8]* @p_str, [1 x i8]* @p_str, i32 2, i32 2, i32 16, i32 16, [1 x i8]* @p_str, [1 x i8]* @p_str)"   --->   Operation 71 'specinterface' <Predicate = true> <Delay = 0.00>
ST_9 : Operation 72 [1/1] (0.00ns)   --->   "call void (...)* @_ssdm_op_SpecInterface(float* %in_data, i1* %in_last_V, [5 x i8]* @p_str4, i32 1, i32 1, [5 x i8]* @p_str1, i32 0, i32 0, [1 x i8]* @p_str2, [1 x i8]* @p_str2, [1 x i8]* @p_str2, i32 0, i32 0, i32 0, i32 0, [1 x i8]* @p_str2, [1 x i8]* @p_str2)" [firmware/myproject_axi.cpp:5]   --->   Operation 72 'specinterface' <Predicate = true> <Delay = 0.00>
ST_9 : Operation 73 [1/1] (0.00ns)   --->   "call void (...)* @_ssdm_op_SpecInterface(float* %out_data, i1* %out_last_V, [5 x i8]* @p_str4, i32 1, i32 1, [5 x i8]* @p_str1, i32 0, i32 0, [1 x i8]* @p_str2, [1 x i8]* @p_str2, [1 x i8]* @p_str2, i32 0, i32 0, i32 0, i32 0, [1 x i8]* @p_str2, [1 x i8]* @p_str2)" [firmware/myproject_axi.cpp:6]   --->   Operation 73 'specinterface' <Predicate = true> <Delay = 0.00>
ST_9 : Operation 74 [1/1] (0.00ns)   --->   "call void (...)* @_ssdm_op_SpecInterface(i32 0, [13 x i8]* @p_str3, i32 0, i32 0, [1 x i8]* @p_str2, i32 0, i32 0, [1 x i8]* @p_str2, [1 x i8]* @p_str2, [1 x i8]* @p_str2, i32 0, i32 0, i32 0, i32 0, [1 x i8]* @p_str2, [1 x i8]* @p_str2) nounwind" [firmware/myproject_axi.cpp:7]   --->   Operation 74 'specinterface' <Predicate = true> <Delay = 0.00>
ST_9 : Operation 75 [1/1] (0.00ns)   --->   "ret void" [firmware/myproject_axi.cpp:36]   --->   Operation 75 'ret' <Predicate = true> <Delay = 0.00>


============================================================
+ Verbose Summary: Timing violations
============================================================
Target clock period: 10ns, clock uncertainty: 1.25ns.

 <State 1>: 0ns
The critical path consists of the following:

 <State 2>: 0ns
The critical path consists of the following:

 <State 3>: 0ns
The critical path consists of the following:

 <State 4>: 0ns
The critical path consists of the following:

 <State 5>: 0ns
The critical path consists of the following:

 <State 6>: 0ns
The critical path consists of the following:

 <State 7>: 8.54ns
The critical path consists of the following:
	'call' operation ('call_ln0') to 'Loop_2_proc' [832]  (8.54 ns)

 <State 8>: 0ns
The critical path consists of the following:

 <State 9>: 0ns
The critical path consists of the following:


============================================================
+ Verbose Summary: Binding
============================================================
N/A
* FSMD analyzer results:
  - Output states:
 - Input state : 
  - Chain level:
	State 1
	State 2
	State 3
	State 4
	State 5
	State 6
	State 7
	State 8
	State 9


============================================================
+ Verbose Summary: Datapath Resource usage 
============================================================
N/A
