{ data: -30.4062, last: 0 }
 { data: -27.7812, last: 0 }
 { data: 9.10938, last: 0 }
 { data: 23.75, last: 0 }
 { data: -25.0938, last: 0 }
 { data: 31.7656, last: 0 }
 { data: -31.1875, last: 0 }
 { data: -3.73438, last: 0 }
 { data: -5.1875, last: 0 }
 { data: 0.015625, last: 1 }
 
{ data: -25.0781, last: 0 }
 { data: 31.5312, last: 0 }
 { data: 7.65625, last: 0 }
 { data: 25.4844, last: 0 }
 { data: -23.8438, last: 0 }
 { data: 29.5156, last: 0 }
 { data: -28.375, last: 0 }
 { data: -1.125, last: 0 }
 { data: -5.73438, last: 0 }
 { data: -3.54688, last: 1 }
 
{ data: -19.2656, last: 0 }
 { data: -27.2031, last: 0 }
 { data: 7.17188, last: 0 }
 { data: 28.5, last: 0 }
 { data: -22.3594, last: 0 }
 { data: 29.3594, last: 0 }
 { data: -25.5938, last: 0 }
 { data: 5.39062, last: 0 }
 { data: 3.17188, last: 0 }
 { data: -1.03125, last: 1 }
 
{ data: -26.6562, last: 0 }
 { data: 31.6094, last: 0 }
 { data: 6.01562, last: 0 }
 { data: 24.7656, last: 0 }
 { data: -23.9688, last: 0 }
 { data: 30.0469, last: 0 }
 { data: -30.0781, last: 0 }
 { data: -3.26562, last: 0 }
 { data: -5.5625, last: 0 }
 { data: -5.92188, last: 1 }
 
{ data: -27.8438, last: 0 }
 { data: -30.6875, last: 0 }
 { data: 9.3125, last: 0 }
 { data: 25.2656, last: 0 }
 { data: -24.2031, last: 0 }
 { data: 30.625, last: 0 }
 { data: -28.6875, last: 0 }
 { data: -0.703125, last: 0 }
 { data: -4.96875, last: 0 }
 { data: -1.98438, last: 1 }
 
{ data: 31.9531, last: 0 }
 { data: 29.4844, last: 0 }
 { data: 9.39062, last: 0 }
 { data: 24.0781, last: 0 }
 { data: -25.7031, last: 0 }
 { data: -31.7188, last: 0 }
 { data: -31.9062, last: 0 }
 { data: -9, last: 0 }
 { data: -6.82812, last: 0 }
 { data: -5.71875, last: 1 }
 
{ data: -27.3281, last: 0 }
 { data: -31.1875, last: 0 }
 { data: 5.53125, last: 0 }
 { data: 22.3906, last: 0 }
 { data: -28.9375, last: 0 }
 { data: 29.125, last: 0 }
 { data: -29.1562, last: 0 }
 { data: 0.828125, last: 0 }
 { data: -7.4375, last: 0 }
 { data: -3.84375, last: 1 }
 
{ data: 4.8125, last: 0 }
 { data: -7.8125, last: 0 }
 { data: 3.07812, last: 0 }
 { data: -22.6094, last: 0 }
 { data: -19.9375, last: 0 }
 { data: -27.4688, last: 0 }
 { data: -10.8906, last: 0 }
 { data: -17.5, last: 0 }
 { data: 17.2031, last: 0 }
 { data: 13.6875, last: 1 }
 
{ data: -24.2188, last: 0 }
 { data: -22.7188, last: 0 }
 { data: 3.57812, last: 0 }
 { data: 22.125, last: 0 }
 { data: -30.6094, last: 0 }
 { data: 31.0781, last: 0 }
 { data: 28.2344, last: 0 }
 { data: -9.60938, last: 0 }
 { data: -5.42188, last: 0 }
 { data: -2.48438, last: 1 }
 
{ data: -24.1094, last: 0 }
 { data: -27.375, last: 0 }
 { data: 5.71875, last: 0 }
 { data: 24.3594, last: 0 }
 { data: -24.9531, last: 0 }
 { data: -31.4062, last: 0 }
 { data: 31.625, last: 0 }
 { data: -0.84375, last: 0 }
 { data: -1.5625, last: 0 }
 { data: -3.29688, last: 1 }
 
{ data: -11.2969, last: 0 }
 { data: -19.6094, last: 0 }
 { data: 0, last: 0 }
 { data: 25.5938, last: 0 }
 { data: -24.4531, last: 0 }
 { data: 26.7969, last: 0 }
 { data: -29, last: 0 }
 { data: 9.26562, last: 0 }
 { data: 0.578125, last: 0 }
 { data: 1.34375, last: 1 }
 
{ data: -11.375, last: 0 }
 { data: -22.3594, last: 0 }
 { data: 7.17188, last: 0 }
 { data: -29.75, last: 0 }
 { data: -19.5, last: 0 }
 { data: -30.6719, last: 0 }
 { data: -20.3281, last: 0 }
 { data: 18.5938, last: 0 }
 { data: 7.0625, last: 0 }
 { data: 2.98438, last: 1 }
 
{ data: -28.3906, last: 0 }
 { data: -31.3594, last: 0 }
 { data: 5.25, last: 0 }
 { data: 21.6562, last: 0 }
 { data: -29.3906, last: 0 }
 { data: 28.9375, last: 0 }
 { data: 31.2656, last: 0 }
 { data: -9.95312, last: 0 }
 { data: -7.48438, last: 0 }
 { data: -5.42188, last: 1 }
 
{ data: -29.3281, last: 0 }
 { data: -25.1406, last: 0 }
 { data: 6.67188, last: 0 }
 { data: 22.1406, last: 0 }
 { data: -30.5469, last: 0 }
 { data: 29.125, last: 0 }
 { data: 30.4219, last: 0 }
 { data: -6.09375, last: 0 }
 { data: -1.15625, last: 0 }
 { data: -2.65625, last: 1 }
 
{ data: -18.3125, last: 0 }
 { data: -27.3438, last: 0 }
 { data: 5.84375, last: 0 }
 { data: 25.4844, last: 0 }
 { data: -23.2969, last: 0 }
 { data: 29.0469, last: 0 }
 { data: -27.6094, last: 0 }
 { data: 1.34375, last: 0 }
 { data: 2.875, last: 0 }
 { data: -1.14062, last: 1 }
 
{ data: -28.7344, last: 0 }
 { data: 28.3281, last: 0 }
 { data: 8.0625, last: 0 }
 { data: 24.2031, last: 0 }
 { data: -26.5781, last: 0 }
 { data: 29.0938, last: 0 }
 { data: -29.6875, last: 0 }
 { data: -7.125, last: 0 }
 { data: -9.60938, last: 0 }
 { data: -5.3125, last: 1 }
 
{ data: -17.9375, last: 0 }
 { data: -29.7344, last: 0 }
 { data: 4.96875, last: 0 }
 { data: 25.6719, last: 0 }
 { data: -22.4688, last: 0 }
 { data: 29.9062, last: 0 }
 { data: -26.375, last: 0 }
 { data: 2.8125, last: 0 }
 { data: -0.5625, last: 0 }
 { data: -1.60938, last: 1 }
 
{ data: -18.3125, last: 0 }
 { data: -25.3281, last: 0 }
 { data: 6.92188, last: 0 }
 { data: 29.5938, last: 0 }
 { data: -23.9375, last: 0 }
 { data: -31.0312, last: 0 }
 { data: -24.4219, last: 0 }
 { data: 12.4219, last: 0 }
 { data: 2.60938, last: 0 }
 { data: 4, last: 1 }
 
{ data: -27.6719, last: 0 }
 { data: -28.2031, last: 0 }
 { data: 9.67188, last: 0 }
 { data: 22.4531, last: 0 }
 { data: -25.875, last: 0 }
 { data: -30.5, last: 0 }
 { data: 30.8125, last: 0 }
 { data: -3.01562, last: 0 }
 { data: -4.95312, last: 0 }
 { data: -0.25, last: 1 }
 
{ data: -18.2344, last: 0 }
 { data: -19.1094, last: 0 }
 { data: 3.95312, last: 0 }
 { data: 26.1562, last: 0 }
 { data: -25.9375, last: 0 }
 { data: 29.1719, last: 0 }
 { data: 30.5469, last: 0 }
 { data: -2.79688, last: 0 }
 { data: 5.35938, last: 0 }
 { data: 1.20312, last: 1 }
 
{ data: -16.25, last: 0 }
 { data: -27.9688, last: 0 }
 { data: 5.84375, last: 0 }
 { data: 27.0781, last: 0 }
 { data: -22.9688, last: 0 }
 { data: 28.9688, last: 0 }
 { data: -25.9219, last: 0 }
 { data: 5.48438, last: 0 }
 { data: 2.6875, last: 0 }
 { data: -3.03125, last: 1 }
 
{ data: -14.3594, last: 0 }
 { data: -26.9844, last: 0 }
 { data: 5.5625, last: 0 }
 { data: 27.9531, last: 0 }
 { data: -22.8906, last: 0 }
 { data: 30.6406, last: 0 }
 { data: -23.4375, last: 0 }
 { data: 7.65625, last: 0 }
 { data: 2.6875, last: 0 }
 { data: 0.5, last: 1 }
 
{ data: -17.6562, last: 0 }
 { data: -22.375, last: 0 }
 { data: 0.296875, last: 0 }
 { data: 26.6406, last: 0 }
 { data: -28.2188, last: 0 }
 { data: 27.8281, last: 0 }
 { data: -30.1406, last: 0 }
 { data: 3.17188, last: 0 }
 { data: -0.3125, last: 0 }
 { data: -0.59375, last: 1 }
 
{ data: -28.4844, last: 0 }
 { data: -30.2031, last: 0 }
 { data: 11, last: 0 }
 { data: 25.4375, last: 0 }
 { data: -25.5938, last: 0 }
 { data: -31.9062, last: 0 }
 { data: -30.8125, last: 0 }
 { data: -3.9375, last: 0 }
 { data: -4.03125, last: 0 }
 { data: -4.07812, last: 1 }
 
{ data: -20.7969, last: 0 }
 { data: -23.8125, last: 0 }
 { data: 4.98438, last: 0 }
 { data: 24.9844, last: 0 }
 { data: -24.3594, last: 0 }
 { data: 27.9375, last: 0 }
 { data: -29.9844, last: 0 }
 { data: 3.78125, last: 0 }
 { data: 1.5, last: 0 }
 { data: -0.734375, last: 1 }
 
{ data: -17.6406, last: 0 }
 { data: -25.125, last: 0 }
 { data: 4.35938, last: 0 }
 { data: 25.8594, last: 0 }
 { data: -24, last: 0 }
 { data: 30.7188, last: 0 }
 { data: -30.6406, last: 0 }
 { data: 3.875, last: 0 }
 { data: 2.48438, last: 0 }
 { data: 0.6875, last: 1 }
 
{ data: -20.4375, last: 0 }
 { data: -17.3438, last: 0 }
 { data: 3.8125, last: 0 }
 { data: 23.9844, last: 0 }
 { data: -28.6094, last: 0 }
 { data: -31.2656, last: 0 }
 { data: 29.5, last: 0 }
 { data: -4.45312, last: 0 }
 { data: -0.546875, last: 0 }
 { data: 1.09375, last: 1 }
 
{ data: -5.84375, last: 0 }
 { data: -19.9688, last: 0 }
 { data: 3.76562, last: 0 }
 { data: 31.1875, last: 0 }
 { data: -19.9219, last: 0 }
 { data: -31.5469, last: 0 }
 { data: -21.0156, last: 0 }
 { data: 23.3906, last: 0 }
 { data: 6.21875, last: 0 }
 { data: 4.79688, last: 1 }
 
{ data: -15.0781, last: 0 }
 { data: -27.6562, last: 0 }
 { data: 3.76562, last: 0 }
 { data: 26.9062, last: 0 }
 { data: -26.7031, last: 0 }
 { data: 30.6719, last: 0 }
 { data: -28.6406, last: 0 }
 { data: 2.35938, last: 0 }
 { data: -2.78125, last: 0 }
 { data: -2.45312, last: 1 }
 
{ data: -16.2812, last: 0 }
 { data: -23.4062, last: 0 }
 { data: 4.84375, last: 0 }
 { data: 26.4219, last: 0 }
 { data: -22.2344, last: 0 }
 { data: 30.7969, last: 0 }
 { data: -25.2031, last: 0 }
 { data: 12.7188, last: 0 }
 { data: 1.3125, last: 0 }
 { data: 0.875, last: 1 }
 
{ data: -25.0938, last: 0 }
 { data: -27.9062, last: 0 }
 { data: 7.0625, last: 0 }
 { data: 26.9062, last: 0 }
 { data: -24.0938, last: 0 }
 { data: 31.25, last: 0 }
 { data: -26.6406, last: 0 }
 { data: 2.67188, last: 0 }
 { data: -4.25, last: 0 }
 { data: -0.421875, last: 1 }
 
{ data: -0.765625, last: 0 }
 { data: -11.2656, last: 0 }
 { data: 1.82812, last: 0 }
 { data: -28.0781, last: 0 }
 { data: -21.8281, last: 0 }
 { data: -29.6094, last: 0 }
 { data: -15.8281, last: 0 }
 { data: -27.4375, last: 0 }
 { data: 12.5938, last: 0 }
 { data: 10.4844, last: 1 }
 
{ data: -25.5156, last: 0 }
 { data: -26.7188, last: 0 }
 { data: 4.92188, last: 0 }
 { data: 22.5469, last: 0 }
 { data: -28.7812, last: 0 }
 { data: 28.0312, last: 0 }
 { data: -31.8281, last: 0 }
 { data: -5.04688, last: 0 }
 { data: -6.1875, last: 0 }
 { data: -3.65625, last: 1 }
 
{ data: -20.9375, last: 0 }
 { data: -24.5625, last: 0 }
 { data: 4.14062, last: 0 }
 { data: 25.2812, last: 0 }
 { data: -27.0625, last: 0 }
 { data: 31.3594, last: 0 }
 { data: -27.6875, last: 0 }
 { data: 9.35938, last: 0 }
 { data: 1.45312, last: 0 }
 { data: -1.07812, last: 1 }
 
{ data: -13.4844, last: 0 }
 { data: -22.9375, last: 0 }
 { data: 2.8125, last: 0 }
 { data: 27.2188, last: 0 }
 { data: -23.75, last: 0 }
 { data: 28.3125, last: 0 }
 { data: -26.6406, last: 0 }
 { data: 7.73438, last: 0 }
 { data: 0.015625, last: 0 }
 { data: -1.07812, last: 1 }
 
{ data: -28.5, last: 0 }
 { data: -29.7188, last: 0 }
 { data: 10.2188, last: 0 }
 { data: 26.9062, last: 0 }
 { data: -25.7031, last: 0 }
 { data: 31.7656, last: 0 }
 { data: -28.6562, last: 0 }
 { data: 1.20312, last: 0 }
 { data: -3.28125, last: 0 }
 { data: -3.70312, last: 1 }
 
{ data: -21.2812, last: 0 }
 { data: -22.2031, last: 0 }
 { data: 3.875, last: 0 }
 { data: 25.0625, last: 0 }
 { data: -25.0469, last: 0 }
 { data: 30.7188, last: 0 }
 { data: -31.3594, last: 0 }
 { data: 0.359375, last: 0 }
 { data: -4.125, last: 0 }
 { data: 0.40625, last: 1 }
 
{ data: -26.9219, last: 0 }
 { data: -29.625, last: 0 }
 { data: 3.73438, last: 0 }
 { data: 25.5781, last: 0 }
 { data: -28.1406, last: 0 }
 { data: 27.0781, last: 0 }
 { data: -29.1562, last: 0 }
 { data: -0.359375, last: 0 }
 { data: -2.92188, last: 0 }
 { data: -3.92188, last: 1 }
 
{ data: -17.1094, last: 0 }
 { data: -25.8125, last: 0 }
 { data: 0.890625, last: 0 }
 { data: 25.8438, last: 0 }
 { data: -27.2969, last: 0 }
 { data: 28.9688, last: 0 }
 { data: -28.375, last: 0 }
 { data: 4.32812, last: 0 }
 { data: -2.46875, last: 0 }
 { data: -2.46875, last: 1 }
 
{ data: 31.9062, last: 0 }
 { data: -31, last: 0 }
 { data: 8.04688, last: 0 }
 { data: 23.8594, last: 0 }
 { data: -26.5, last: 0 }
 { data: 29.6562, last: 0 }
 { data: -31.8906, last: 0 }
 { data: -5.64062, last: 0 }
 { data: -5, last: 0 }
 { data: -4.125, last: 1 }
 
{ data: -26.0312, last: 0 }
 { data: -19.75, last: 0 }
 { data: 5.98438, last: 0 }
 { data: 22.1875, last: 0 }
 { data: -28.4844, last: 0 }
 { data: -31.0469, last: 0 }
 { data: 27.2188, last: 0 }
 { data: -7.89062, last: 0 }
 { data: -2.78125, last: 0 }
 { data: 1.23438, last: 1 }
 
{ data: -29.7656, last: 0 }
 { data: 31.7812, last: 0 }
 { data: 9.29688, last: 0 }
 { data: 24.5156, last: 0 }
 { data: -24.8125, last: 0 }
 { data: 31.1562, last: 0 }
 { data: -28.9062, last: 0 }
 { data: -0.046875, last: 0 }
 { data: -2.5, last: 0 }
 { data: -2.26562, last: 1 }
 
{ data: -22.1562, last: 0 }
 { data: -26.7188, last: 0 }
 { data: 6.21875, last: 0 }
 { data: 25.25, last: 0 }
 { data: -23.2969, last: 0 }
 { data: 30.4375, last: 0 }
 { data: -29.8438, last: 0 }
 { data: -0.1875, last: 0 }
 { data: -4.5625, last: 0 }
 { data: 0.21875, last: 1 }
 
{ data: -29.2031, last: 0 }
 { data: -28.6875, last: 0 }
 { data: 5.23438, last: 0 }
 { data: 23.7344, last: 0 }
 { data: -27.4688, last: 0 }
 { data: 28.2344, last: 0 }
 { data: -31.4688, last: 0 }
 { data: 1.01562, last: 0 }
 { data: -2.84375, last: 0 }
 { data: -4.04688, last: 1 }
 
{ data: -26.1562, last: 0 }
 { data: -25.2344, last: 0 }
 { data: 5.90625, last: 0 }
 { data: 22.7188, last: 0 }
 { data: -26.2344, last: 0 }
 { data: 29.9375, last: 0 }
 { data: -31.0469, last: 0 }
 { data: -2.28125, last: 0 }
 { data: -6.07812, last: 0 }
 { data: -1.40625, last: 1 }
 
{ data: -30.2969, last: 0 }
 { data: -30.0156, last: 0 }
 { data: 7.67188, last: 0 }
 { data: 21.5781, last: 0 }
 { data: -28.2969, last: 0 }
 { data: 30.0938, last: 0 }
 { data: -31.875, last: 0 }
 { data: -1.98438, last: 0 }
 { data: -2.4375, last: 0 }
 { data: -2.98438, last: 1 }
 
{ data: -14.4688, last: 0 }
 { data: -23.25, last: 0 }
 { data: 2.67188, last: 0 }
 { data: 27.9375, last: 0 }
 { data: -23.1094, last: 0 }
 { data: 29.0312, last: 0 }
 { data: -26.6094, last: 0 }
 { data: 7.32812, last: 0 }
 { data: 2.45312, last: 0 }
 { data: 1.8125, last: 1 }
 
{ data: -21.6719, last: 0 }
 { data: -24.0312, last: 0 }
 { data: 3.26562, last: 0 }
 { data: 25.1719, last: 0 }
 { data: -25.4688, last: 0 }
 { data: 26.3906, last: 0 }
 { data: -30.9844, last: 0 }
 { data: -2.5625, last: 0 }
 { data: 1.28125, last: 0 }
 { data: 0.25, last: 1 }
 
{ data: -30.2812, last: 0 }
 { data: -28.7812, last: 0 }
 { data: 6.35938, last: 0 }
 { data: 21.8906, last: 0 }
 { data: -29.9688, last: 0 }
 { data: 30.9688, last: 0 }
 { data: 30.1406, last: 0 }
 { data: -8.95312, last: 0 }
 { data: -6.46875, last: 0 }
 { data: -5.6875, last: 1 }
 
{ data: -21.7812, last: 0 }
 { data: -29.6094, last: 0 }
 { data: 8.03125, last: 0 }
 { data: 29.9531, last: 0 }
 { data: -21.1875, last: 0 }
 { data: 30.4375, last: 0 }
 { data: -25.0938, last: 0 }
 { data: 8.40625, last: 0 }
 { data: 2.92188, last: 0 }
 { data: -1.54688, last: 1 }
 
{ data: -22.125, last: 0 }
 { data: -25.625, last: 0 }
 { data: 2.78125, last: 0 }
 { data: 26.8438, last: 0 }
 { data: -25.2188, last: 0 }
 { data: 28.5312, last: 0 }
 { data: -27.8125, last: 0 }
 { data: 1.6875, last: 0 }
 { data: -2.70312, last: 0 }
 { data: -1.125, last: 1 }
 
{ data: -25.2656, last: 0 }
 { data: -26.6094, last: 0 }
 { data: 4.70312, last: 0 }
 { data: 23.5, last: 0 }
 { data: -27.5781, last: 0 }
 { data: 29.7031, last: 0 }
 { data: 31.7031, last: 0 }
 { data: -2.35938, last: 0 }
 { data: -0.125, last: 0 }
 { data: -2.17188, last: 1 }
 
{ data: -23.3281, last: 0 }
 { data: -27.1875, last: 0 }
 { data: 5.5, last: 0 }
 { data: 23.9844, last: 0 }
 { data: -26.75, last: 0 }
 { data: 30.4844, last: 0 }
 { data: -30.5, last: 0 }
 { data: -3.45312, last: 0 }
 { data: -5.15625, last: 0 }
 { data: -1.4375, last: 1 }
 
{ data: -5.21875, last: 0 }
 { data: -19.7188, last: 0 }
 { data: 2.98438, last: 0 }
 { data: -30.1406, last: 0 }
 { data: -19.8125, last: 0 }
 { data: -30.625, last: 0 }
 { data: -19.5938, last: 0 }
 { data: 27.2344, last: 0 }
 { data: 6.10938, last: 0 }
 { data: 5.03125, last: 1 }
 
{ data: -25.3594, last: 0 }
 { data: -21.4062, last: 0 }
 { data: 7.9375, last: 0 }
 { data: 24.5, last: 0 }
 { data: -22.4688, last: 0 }
 { data: -29.7188, last: 0 }
 { data: -31.5312, last: 0 }
 { data: -0.421875, last: 0 }
 { data: -4.15625, last: 0 }
 { data: 1.4375, last: 1 }
 
{ data: -23.25, last: 0 }
 { data: -28.2656, last: 0 }
 { data: 5.73438, last: 0 }
 { data: 25.8906, last: 0 }
 { data: -25.4844, last: 0 }
 { data: 30.2188, last: 0 }
 { data: -30.3281, last: 0 }
 { data: -0.6875, last: 0 }
 { data: -5.90625, last: 0 }
 { data: -0.28125, last: 1 }
 
{ data: -18.8438, last: 0 }
 { data: -23.875, last: 0 }
 { data: 3.5625, last: 0 }
 { data: 25.3125, last: 0 }
 { data: -26.3906, last: 0 }
 { data: 27.875, last: 0 }
 { data: -30.1875, last: 0 }
 { data: 3.71875, last: 0 }
 { data: 3.67188, last: 0 }
 { data: -1.57812, last: 1 }
 
{ data: -20.8281, last: 0 }
 { data: -17.6094, last: 0 }
 { data: 3, last: 0 }
 { data: 23.3125, last: 0 }
 { data: -29.1094, last: 0 }
 { data: -31.9844, last: 0 }
 { data: 29.1562, last: 0 }
 { data: -4.84375, last: 0 }
 { data: -2.9375, last: 0 }
 { data: 1.42188, last: 1 }
 
{ data: -20.75, last: 0 }
 { data: -23.9375, last: 0 }
 { data: 3.79688, last: 0 }
 { data: 25.5938, last: 0 }
 { data: -27.6094, last: 0 }
 { data: 27.5312, last: 0 }
 { data: 31.0469, last: 0 }
 { data: -3.73438, last: 0 }
 { data: 3.78125, last: 0 }
 { data: -3.17188, last: 1 }
 
{ data: -28.0938, last: 0 }
 { data: -29.0312, last: 0 }
 { data: 6.59375, last: 0 }
 { data: 22.3594, last: 0 }
 { data: -26.7188, last: 0 }
 { data: 30.5, last: 0 }
 { data: 31.5156, last: 0 }
 { data: -5.42188, last: 0 }
 { data: -5.23438, last: 0 }
 { data: -2.59375, last: 1 }
 
{ data: -30.2031, last: 0 }
 { data: -28.7031, last: 0 }
 { data: 4.14062, last: 0 }
 { data: 25.9375, last: 0 }
 { data: -29.4844, last: 0 }
 { data: 29.0625, last: 0 }
 { data: -29.8438, last: 0 }
 { data: -0.6875, last: 0 }
 { data: -4, last: 0 }
 { data: -2.21875, last: 1 }
 
{ data: -20.2812, last: 0 }
 { data: -23.375, last: 0 }
 { data: 4.23438, last: 0 }
 { data: 24.2344, last: 0 }
 { data: -24.1719, last: 0 }
 { data: 28.9531, last: 0 }
 { data: -30.6875, last: 0 }
 { data: 0.28125, last: 0 }
 { data: -1.67188, last: 0 }
 { data: -1.75, last: 1 }
 
{ data: -27.3438, last: 0 }
 { data: -27.1406, last: 0 }
 { data: 10.25, last: 0 }
 { data: 25.5938, last: 0 }
 { data: -19.9375, last: 0 }
 { data: -31.1094, last: 0 }
 { data: -30.375, last: 0 }
 { data: -1, last: 0 }
 { data: -6.42188, last: 0 }
 { data: -1.20312, last: 1 }
 
{ data: -18.1719, last: 0 }
 { data: -22.2969, last: 0 }
 { data: -1, last: 0 }
 { data: 24.2812, last: 0 }
 { data: -30.25, last: 0 }
 { data: 28.4219, last: 0 }
 { data: 31.8125, last: 0 }
 { data: 1.29688, last: 0 }
 { data: -2.375, last: 0 }
 { data: -1.14062, last: 1 }
 
{ data: -20.9062, last: 0 }
 { data: -26.7969, last: 0 }
 { data: 9.4375, last: 0 }
 { data: 31.125, last: 0 }
 { data: -20.6562, last: 0 }
 { data: 31.75, last: 0 }
 { data: -22.8281, last: 0 }
 { data: 12.2344, last: 0 }
 { data: 1.0625, last: 0 }
 { data: 0.921875, last: 1 }
 
{ data: -2.65625, last: 0 }
 { data: -14.3281, last: 0 }
 { data: 3.78125, last: 0 }
 { data: -28.3594, last: 0 }
 { data: -20.2812, last: 0 }
 { data: -29.3281, last: 0 }
 { data: -15.2656, last: 0 }
 { data: -27.6094, last: 0 }
 { data: 9.10938, last: 0 }
 { data: 9.29688, last: 1 }
 
{ data: -22.9531, last: 0 }
 { data: -25.7656, last: 0 }
 { data: 8.98438, last: 0 }
 { data: 27.4844, last: 0 }
 { data: -21.6875, last: 0 }
 { data: -31.8125, last: 0 }
 { data: -25.6875, last: 0 }
 { data: 9.79688, last: 0 }
 { data: -5.29688, last: 0 }
 { data: -0.3125, last: 1 }
 
{ data: -17.5312, last: 0 }
 { data: -26.3594, last: 0 }
 { data: 5.35938, last: 0 }
 { data: 30.75, last: 0 }
 { data: -26.5781, last: 0 }
 { data: 31.4844, last: 0 }
 { data: -21.0156, last: 0 }
 { data: 14.9062, last: 0 }
 { data: 1.625, last: 0 }
 { data: -1.10938, last: 1 }
 
{ data: -16.7031, last: 0 }
 { data: -24.8125, last: 0 }
 { data: 1.76562, last: 0 }
 { data: 27.7969, last: 0 }
 { data: -26.6875, last: 0 }
 { data: 28.9375, last: 0 }
 { data: -27.7031, last: 0 }
 { data: 2.5625, last: 0 }
 { data: 3.75, last: 0 }
 { data: -0.4375, last: 1 }
 
{ data: -25.2812, last: 0 }
 { data: -20.4062, last: 0 }
 { data: 4.54688, last: 0 }
 { data: 21.7969, last: 0 }
 { data: -28.4219, last: 0 }
 { data: -31.375, last: 0 }
 { data: 27.6562, last: 0 }
 { data: -9.20312, last: 0 }
 { data: -4.25, last: 0 }
 { data: -1.03125, last: 1 }
 
{ data: -23.7812, last: 0 }
 { data: -26.125, last: 0 }
 { data: 4.9375, last: 0 }
 { data: 25.4062, last: 0 }
 { data: -24.5781, last: 0 }
 { data: 28.7812, last: 0 }
 { data: -30.8281, last: 0 }
 { data: 0.046875, last: 0 }
 { data: -2.90625, last: 0 }
 { data: -0.90625, last: 1 }
 
{ data: -25.2188, last: 0 }
 { data: -24.3906, last: 0 }
 { data: 4.65625, last: 0 }
 { data: 21.7812, last: 0 }
 { data: -30.1719, last: 0 }
 { data: 30.0312, last: 0 }
 { data: 28.9219, last: 0 }
 { data: -9.85938, last: 0 }
 { data: -5.15625, last: 0 }
 { data: -4.125, last: 1 }
 
{ data: -24.1094, last: 0 }
 { data: -28.625, last: 0 }
 { data: 6.76562, last: 0 }
 { data: 23.5781, last: 0 }
 { data: -23.0938, last: 0 }
 { data: 28.7188, last: 0 }
 { data: -30.6094, last: 0 }
 { data: 1.53125, last: 0 }
 { data: -2.03125, last: 0 }
 { data: -3.23438, last: 1 }
 
{ data: -21.2969, last: 0 }
 { data: -28.3281, last: 0 }
 { data: 1.45312, last: 0 }
 { data: 22.9531, last: 0 }
 { data: -25.6562, last: 0 }
 { data: 27.6406, last: 0 }
 { data: -31.1562, last: 0 }
 { data: -0.625, last: 0 }
 { data: -4.65625, last: 0 }
 { data: -3.76562, last: 1 }
 
{ data: -31.5156, last: 0 }
 { data: -31.2812, last: 0 }
 { data: 7.73438, last: 0 }
 { data: 23.9219, last: 0 }
 { data: -26.7031, last: 0 }
 { data: 29.2812, last: 0 }
 { data: 29.4062, last: 0 }
 { data: -6.76562, last: 0 }
 { data: -5.46875, last: 0 }
 { data: -4.1875, last: 1 }
 
{ data: -21.9844, last: 0 }
 { data: -28.7344, last: 0 }
 { data: 2.51562, last: 0 }
 { data: 24.1406, last: 0 }
 { data: -25.2812, last: 0 }
 { data: 27.2656, last: 0 }
 { data: -30.5781, last: 0 }
 { data: -0.546875, last: 0 }
 { data: -6.0625, last: 0 }
 { data: -2.28125, last: 1 }
 
{ data: -26.875, last: 0 }
 { data: 31.5781, last: 0 }
 { data: 5.875, last: 0 }
 { data: 25.4844, last: 0 }
 { data: -25.5156, last: 0 }
 { data: 30.8906, last: 0 }
 { data: -29.2812, last: 0 }
 { data: 1.25, last: 0 }
 { data: -1.76562, last: 0 }
 { data: -4.09375, last: 1 }
 
{ data: -25.6562, last: 0 }
 { data: 30.6406, last: 0 }
 { data: 6.46875, last: 0 }
 { data: 24.5625, last: 0 }
 { data: -26.5312, last: 0 }
 { data: 29.3906, last: 0 }
 { data: -30.9062, last: 0 }
 { data: -4.25, last: 0 }
 { data: -7.9375, last: 0 }
 { data: -3.35938, last: 1 }
 
{ data: -28.6406, last: 0 }
 { data: -29.8906, last: 0 }
 { data: 8.39062, last: 0 }
 { data: 24.9219, last: 0 }
 { data: -24.5625, last: 0 }
 { data: 30.3438, last: 0 }
 { data: -31.4375, last: 0 }
 { data: -0.796875, last: 0 }
 { data: -1.79688, last: 0 }
 { data: -1.0625, last: 1 }
 
{ data: -28.0781, last: 0 }
 { data: -30.2344, last: 0 }
 { data: 6.73438, last: 0 }
 { data: 22.8281, last: 0 }
 { data: -22.875, last: 0 }
 { data: 30.1406, last: 0 }
 { data: 31.9219, last: 0 }
 { data: -5.75, last: 0 }
 { data: -9.625, last: 0 }
 { data: -3.76562, last: 1 }
 
{ data: -17.4688, last: 0 }
 { data: -26.0469, last: 0 }
 { data: 4.3125, last: 0 }
 { data: 27.8125, last: 0 }
 { data: -23.2188, last: 0 }
 { data: 29.3438, last: 0 }
 { data: -27.3281, last: 0 }
 { data: 5.53125, last: 0 }
 { data: -0.296875, last: 0 }
 { data: -0.4375, last: 1 }
 
{ data: -23.7656, last: 0 }
 { data: -31.4375, last: 0 }
 { data: 5.04688, last: 0 }
 { data: 25.0156, last: 0 }
 { data: -24.5938, last: 0 }
 { data: 30.0156, last: 0 }
 { data: -28.2188, last: 0 }
 { data: -0.375, last: 0 }
 { data: -5.34375, last: 0 }
 { data: -2.875, last: 1 }
 
{ data: -19.3125, last: 0 }
 { data: -21.9375, last: 0 }
 { data: 4.71875, last: 0 }
 { data: 23.8906, last: 0 }
 { data: -28.4062, last: 0 }
 { data: 29.7188, last: 0 }
 { data: 30.7656, last: 0 }
 { data: -3.67188, last: 0 }
 { data: 3.48438, last: 0 }
 { data: -1.625, last: 1 }
 
{ data: -31.375, last: 0 }
 { data: -29.9375, last: 0 }
 { data: 5.8125, last: 0 }
 { data: 20.5312, last: 0 }
 { data: -26.6719, last: 0 }
 { data: 30.3125, last: 0 }
 { data: 28.8125, last: 0 }
 { data: -10.3906, last: 0 }
 { data: -11.7188, last: 0 }
 { data: -3.64062, last: 1 }
 
{ data: -31.0469, last: 0 }
 { data: -27.1719, last: 0 }
 { data: 8.5, last: 0 }
 { data: 24.1875, last: 0 }
 { data: -25.1562, last: 0 }
 { data: 31.7969, last: 0 }
 { data: 31.6562, last: 0 }
 { data: -4.89062, last: 0 }
 { data: -5.29688, last: 0 }
 { data: -0.9375, last: 1 }
 
{ data: -16.8281, last: 0 }
 { data: -27.6875, last: 0 }
 { data: 7.35938, last: 0 }
 { data: 30.125, last: 0 }
 { data: -19.3125, last: 0 }
 { data: 31.8906, last: 0 }
 { data: -24.6875, last: 0 }
 { data: 11.0312, last: 0 }
 { data: -0.4375, last: 0 }
 { data: 0.640625, last: 1 }
 
{ data: -25.375, last: 0 }
 { data: -28.25, last: 0 }
 { data: 9.53125, last: 0 }
 { data: 26.8125, last: 0 }
 { data: -20.3125, last: 0 }
 { data: -31.2656, last: 0 }
 { data: -27.3906, last: 0 }
 { data: 5.0625, last: 0 }
 { data: -4.73438, last: 0 }
 { data: 0.171875, last: 1 }
 
{ data: -23.7188, last: 0 }
 { data: -18.4844, last: 0 }
 { data: 4.85938, last: 0 }
 { data: 22.625, last: 0 }
 { data: -28.7812, last: 0 }
 { data: -30.9375, last: 0 }
 { data: 28.4219, last: 0 }
 { data: -8.0625, last: 0 }
 { data: -0.609375, last: 0 }
 { data: -0.3125, last: 1 }
 
{ data: -19.7188, last: 0 }
 { data: -24.2812, last: 0 }
 { data: 4.26562, last: 0 }
 { data: 24.0938, last: 0 }
 { data: -23.6562, last: 0 }
 { data: 31.1094, last: 0 }
 { data: -28.4844, last: 0 }
 { data: 3.92188, last: 0 }
 { data: -0.0625, last: 0 }
 { data: -2.04688, last: 1 }
 
{ data: -30.9375, last: 0 }
 { data: -28.9219, last: 0 }
 { data: 6.89062, last: 0 }
 { data: 21.2812, last: 0 }
 { data: -28.3125, last: 0 }
 { data: 29.4844, last: 0 }
 { data: -31.7969, last: 0 }
 { data: -3.59375, last: 0 }
 { data: -6.57812, last: 0 }
 { data: -3.54688, last: 1 }
 
{ data: 29.3906, last: 0 }
 { data: -31.1719, last: 0 }
 { data: 8.0625, last: 0 }
 { data: 22.375, last: 0 }
 { data: -27.875, last: 0 }
 { data: 28.5312, last: 0 }
 { data: -31.6094, last: 0 }
 { data: -4.65625, last: 0 }
 { data: -3.375, last: 0 }
 { data: -5.03125, last: 1 }
 
{ data: -29.1094, last: 0 }
 { data: -26.5781, last: 0 }
 { data: 6.51562, last: 0 }
 { data: 22.0312, last: 0 }
 { data: -28.4062, last: 0 }
 { data: -31.9375, last: 0 }
 { data: -31.7188, last: 0 }
 { data: -0.265625, last: 0 }
 { data: -4.96875, last: 0 }
 { data: -1.01562, last: 1 }
 
{ data: 31.8906, last: 0 }
 { data: -31.8594, last: 0 }
 { data: 7.1875, last: 0 }
 { data: 22.7344, last: 0 }
 { data: -24.4375, last: 0 }
 { data: 28.4531, last: 0 }
 { data: -31.5156, last: 0 }
 { data: -2.09375, last: 0 }
 { data: -5.67188, last: 0 }
 { data: -5.375, last: 1 }
 
{ data: -26.3438, last: 0 }
 { data: -24.1562, last: 0 }
 { data: 4.42188, last: 0 }
 { data: 21.8281, last: 0 }
 { data: -28.5625, last: 0 }
 { data: 29.2344, last: 0 }
 { data: 29.9375, last: 0 }
 { data: -9.01562, last: 0 }
 { data: -5.78125, last: 0 }
 { data: -2.67188, last: 1 }
 
{ data: -19.2344, last: 0 }
 { data: -25.0312, last: 0 }
 { data: 9.15625, last: 0 }
 { data: 31.375, last: 0 }
 { data: -19.6562, last: 0 }
 { data: -28.5938, last: 0 }
 { data: -24.0312, last: 0 }
 { data: 13.5938, last: 0 }
 { data: 0.609375, last: 0 }
 { data: 0.359375, last: 1 }
 
{ data: -24.7656, last: 0 }
 { data: -24.5625, last: 0 }
 { data: 4.34375, last: 0 }
 { data: 23.5938, last: 0 }
 { data: -26.8438, last: 0 }
 { data: 29.5625, last: 0 }
 { data: 31.1875, last: 0 }
 { data: -5.67188, last: 0 }
 { data: -4.60938, last: 0 }
 { data: -1.84375, last: 1 }
 
{ data: -14.7188, last: 0 }
 { data: -21.8906, last: 0 }
 { data: 0.8125, last: 0 }
 { data: 26.4844, last: 0 }
 { data: -26.4062, last: 0 }
 { data: 28.75, last: 0 }
 { data: -29.25, last: 0 }
 { data: 4.95312, last: 0 }
 { data: 3.76562, last: 0 }
 { data: 1.67188, last: 1 }
 
{ data: -16.7188, last: 0 }
 { data: -25.4531, last: 0 }
 { data: 4.26562, last: 0 }
 { data: 26.2344, last: 0 }
 { data: -23.0469, last: 0 }
 { data: 30.5156, last: 0 }
 { data: -27.875, last: 0 }
 { data: 3.25, last: 0 }
 { data: 2.51562, last: 0 }
 { data: 0.4375, last: 1 }
 
{ data: -25.6094, last: 0 }
 { data: -26.8438, last: 0 }
 { data: 4.8125, last: 0 }
 { data: 23.9375, last: 0 }
 { data: -26.125, last: 0 }
 { data: 29.9844, last: 0 }
 { data: -30.9531, last: 0 }
 { data: -4.96875, last: 0 }
 { data: -4.6875, last: 0 }
 { data: -2.64062, last: 1 }
 
{ data: -9.48438, last: 0 }
 { data: -18.2188, last: 0 }
 { data: 2.76562, last: 0 }
 { data: 30.8906, last: 0 }
 { data: -25.2656, last: 0 }
 { data: -30.5156, last: 0 }
 { data: -21.1719, last: 0 }
 { data: 25.4531, last: 0 }
 { data: 6.39062, last: 0 }
 { data: 4.8125, last: 1 }
 
{ data: -19.1094, last: 0 }
 { data: -26.0156, last: 0 }
 { data: 3.34375, last: 0 }
 { data: 25.8906, last: 0 }
 { data: -26.375, last: 0 }
 { data: -31.9688, last: 0 }
 { data: -30.9531, last: 0 }
 { data: -0.828125, last: 0 }
 { data: -5.1875, last: 0 }
 { data: -3.07812, last: 1 }
 
{ data: -24.8906, last: 0 }
 { data: -25.2031, last: 0 }
 { data: 5.4375, last: 0 }
 { data: 22.625, last: 0 }
 { data: -25, last: 0 }
 { data: 29.3594, last: 0 }
 { data: 30.8594, last: 0 }
 { data: -1.76562, last: 0 }
 { data: -2.78125, last: 0 }
 { data: -2.46875, last: 1 }
 
{ data: -17.1562, last: 0 }
 { data: -23.5625, last: 0 }
 { data: 4.0625, last: 0 }
 { data: 26.7031, last: 0 }
 { data: -24.0625, last: 0 }
 { data: 31.2188, last: 0 }
 { data: -28.625, last: 0 }
 { data: 1.70312, last: 0 }
 { data: 2.78125, last: 0 }
 { data: 0.25, last: 1 }
 
{ data: -20.5156, last: 0 }
 { data: -17.2812, last: 0 }
 { data: 1.4375, last: 0 }
 { data: 24.5781, last: 0 }
 { data: -29.5938, last: 0 }
 { data: 26.7031, last: 0 }
 { data: 31.3906, last: 0 }
 { data: -3.95312, last: 0 }
 { data: 0.171875, last: 0 }
 { data: 1.28125, last: 1 }
 
{ data: -27.75, last: 0 }
 { data: -25.8906, last: 0 }
 { data: 7.25, last: 0 }
 { data: 23.375, last: 0 }
 { data: -29, last: 0 }
 { data: 30.9375, last: 0 }
 { data: -30.5625, last: 0 }
 { data: -2.95312, last: 0 }
 { data: -0.21875, last: 0 }
 { data: -1.98438, last: 1 }
 
{ data: -19.6406, last: 0 }
 { data: -26.7031, last: 0 }
 { data: 6.21875, last: 0 }
 { data: 26.2656, last: 0 }
 { data: -21.9219, last: 0 }
 { data: -31.8438, last: 0 }
 { data: -27.9062, last: 0 }
 { data: 4.73438, last: 0 }
 { data: -5.8125, last: 0 }
 { data: 2.42188, last: 1 }
 
{ data: 10.5, last: 0 }
 { data: -8.98438, last: 0 }
 { data: 1.39062, last: 0 }
 { data: -23.2188, last: 0 }
 { data: -16.7656, last: 0 }
 { data: -28.1406, last: 0 }
 { data: -8.32812, last: 0 }
 { data: -11.4375, last: 0 }
 { data: 16.125, last: 0 }
 { data: 14.2969, last: 1 }
 
