#-----------------------------------------------------------
# Vivado v2020.1 (64-bit)
# SW Build 2902540 on Wed May 27 19:54:35 MDT 2020
# IP Build 2902112 on Wed May 27 22:43:36 MDT 2020
# Start of session at: Thu Jul 11 17:09:55 2024
# Process ID: 24525
# Current directory: /data/jcampos/projects/pokemon/inference/2020.1/pynqz2_resnet_m_axi_8_serial_05302024_aug_LBW_prj/myproject_prj/solution1/impl/ip
# Command line: vivado -notrace -mode batch -source run_ippack.tcl
# Log file: /data/jcampos/projects/pokemon/inference/2020.1/pynqz2_resnet_m_axi_8_serial_05302024_aug_LBW_prj/myproject_prj/solution1/impl/ip/vivado.log
# Journal file: /data/jcampos/projects/pokemon/inference/2020.1/pynqz2_resnet_m_axi_8_serial_05302024_aug_LBW_prj/myproject_prj/solution1/impl/ip/vivado.jou
#-----------------------------------------------------------
source run_ippack.tcl -notrace
INFO: [IP_Flow 19-234] Refreshing IP repositories
INFO: [IP_Flow 19-1704] No user IP repositories specified
INFO: [IP_Flow 19-2313] Loaded Vivado IP repository '/data/Xilinx/Vivado/2020.1/data/ip'.
WARNING: [IP_Flow 19-4832] The IP name 'myproject_axi_ap_fpext_0_no_dsp_32' you have specified is long. The Windows operating system has path length limitations. It is recommended you use shorter names to reduce the likelihood of issues.
INFO: [IP_Flow 19-1686] Generating 'Synthesis' target for IP 'myproject_axi_ap_fpext_0_no_dsp_32'...
INFO: [IP_Flow 19-1686] Generating 'Simulation' target for IP 'myproject_axi_ap_fpext_0_no_dsp_32'...
INFO: [IP_Flow 19-234] Refreshing IP repositories
INFO: [IP_Flow 19-1704] No user IP repositories specified
INFO: [IP_Flow 19-2313] Loaded Vivado IP repository '/data/Xilinx/Vivado/2020.1/data/ip'.
INFO: [Common 17-206] Exiting Vivado at Thu Jul 11 17:10:08 2024...
