INFO: [SIM 2] *************** CSIM start ***************
INFO: [SIM 4] CSIM will launch GCC as the compiler.
   Compiling ../../../../myproject_test.cpp in debug mode
   Compiling ../../../../firmware/myproject.cpp in debug mode
   Compiling ../../../../firmware/myproject_axi.cpp in debug mode
   Generating csim.exe
Processing input 0
Predictions
1 0 0 0 0 0 0 0 0 0 
Quantized predictions
{ data: -30.4062, last: 0 }
 { data: -27.7812, last: 0 }
 { data: 9.10938, last: 0 }
 { data: 23.75, last: 0 }
 { data: -25.0938, last: 0 }
 { data: 31.7656, last: 0 }
 { data: -31.1875, last: 0 }
 { data: -3.73438, last: 0 }
 { data: -5.1875, last: 0 }
 { data: 0.015625, last: 1 }
 
INFO: Saved inference results to file: tb_data/csim_results.log
INFO: [SIM 1] CSim done with 0 errors.
INFO: [SIM 3] *************** CSIM finish ***************
